
> spaceface@0.1.0 probe:smooth-flight:crucible
> node scripts/probe-smooth-flight.mjs --crucible --seed=4242

  fat event payloads:
    bufferFullUpload@148.sourceData 7 KB
    bufferFullUpload@148.sourceData 7 KB
    bufferFullUpload@148.sourceData 5 KB
    bufferFullUpload@149.sourceData 252 KB
    bufferFullUpload@149.sourceData 84 KB
    bufferFullUpload@149.sourceData 84 KB
    bufferFullUpload@149.sourceData 84 KB
    bufferFullUpload@149.sourceData 252 KB
    bufferFullUpload@149.sourceData 84 KB
    bufferFullUpload@149.sourceData 84 KB
    bufferFullUpload@149.sourceData 84 KB
    bufferFullUpload@149.sourceData 252 KB
    bufferFullUpload@149.sourceData 84 KB
    bufferFullUpload@149.sourceData 84 KB
    bufferFullUpload@149.sourceData 84 KB
    bufferFullUpload@149.sourceData 252 KB
    bufferFullUpload@149.sourceData 84 KB
    bufferFullUpload@149.sourceData 84 KB
    bufferFullUpload@149.sourceData 84 KB
    bufferFullUpload@149.sourceData 431 KB

SMOOTH-FLIGHT WITNESS
  GPU                         ANGLE (Google, Vulkan 1.3.0 (SwiftShader Device (Subzero) (0x0000C0DE)), SwiftShader driver)
  whole-machine CPU busy      67 % of 8 logical cores during the sample (the game alone is ~10-15 %)
  route                       CRUCIBLE swarm, seed 4242, default kit; at end: 10 other ships, 1 projectiles, 105 entities, 0 draw calls, 0k triangles
  launch to flight            11.7 s
  sample                      after 0 s of flight: 30 s, 287 frames, 10.6 fps mean
  frame time p50/p95/p99      83.4 / 133.3 / 283.3 ms; worst 317 ms
  frames over 33 / 50 / 100   287 (100.0 %) / 287 (100.0 %) / 50
  typical frame costs (ms)    callback 20.1  sim 9.1  present 10.9  render 6.8  vfx 1.3  ui 2.6  feel 0.1  admission 0.5
  before a LONG frame (ms)    callback 20.1  sim 9.1  present 10.9  render 6.8  vfx 1.3  ui 2.6  feel 0.1  admission 0.5
  long frames paid in JS      233 of 286 (the rest: GPU, compositor or GC outside the game's callback)
  worst freezes (ms): interval <- callback = sim + present(render, vfx, ui) ...
    #   1   317 <- callback   21  sim   10  present   12  (render 7, vfx 2, ui 3)  admission 0  — no wave event within 2s
    #   4   300 <- callback   24  sim   11  present   13  (render 8, vfx 2, ui 4)  admission 0  — no wave event within 2s
    #   5   283 <- callback   18  sim    7  present   11  (render 6, vfx 1, ui 4)  admission 0  — no wave event within 2s
    #  80   233 <- callback   25  sim    7  present   18  (render 12, vfx 2, ui 4)  admission 0  — 1.4s after run:waveMaterialized w1
    # 205   183 <- callback   21  sim   11  present   11  (render 6, vfx 1, ui 4)  admission 0  — no wave event within 2s
    # 109   167 <- callback   12  sim    0  present   12  (render 10, vfx 2, ui 1)  admission 0  — no wave event within 2s
    #   6   150 <- callback   18  sim    5  present   13  (render 7, vfx 1, ui 5)  admission 0  — no wave event within 2s
    #  20   150 <- callback   27  sim   18  present    9  (render 6, vfx 2, ui 1)  admission 0  — no wave event within 2s
    #  35   150 <- callback   18  sim    7  present   11  (render 6, vfx 1, ui 3)  admission 14  — no wave event within 2s
    #  66   150 <- callback   21  sim    9  present   12  (render 7, vfx 1, ui 3)  admission 0  — 0.3s before run:waveMaterialized w1
  wave events (s into sample)   -11.4s run:wavePlanned w1   -11.4s run:waveMaterialized w1 [wasp_swarmer×5]   -11.3s run:waveStarted w1   -6.0s run:waveMaterialized w1 [wasp_swarmer×5]   +12.7s run:waveMaterialized w1 [wasp_swarmer×1]
  wave arrival in window      COVERED — a wave materialized inside the sample; the link count below is about a real spawn
  program links / buffer uploads shaderLinks +15, bufferFullUploads +427, bufferPartialUploads +30972
  link placement                1 frame(s) paid a draw-time link; 14 link(s) landed off-frame (async compile); novelty: 9 NOVEL, 0 RELINK, 0 unkeyed
  admissions queued at flight   pipelines 27, residency 0
  roster prewarm at flight      no exemplar roots mounted
  roster catalog at flight    n/a; queues pipelines 0, residency 21
  cook ledger                 opening.rockSurfaceLibrary 56ms resolved | opening.firstPresentAdmission 14ms resolved | opening.planWait 0ms skipped (budgetMs=0,reason=soft-gpu-self-build) | opening.residency 1254ms resolved (subjects=57,textureRefs=68,textures=68) | opening.postResources 1ms resolved (route=bloom) | opening.capturedPipelineDrain 0ms skipped (captured=0,stillPending=0) | opening.drainWait 0ms skipped (budgetMs=0,reason=soft-gpu-no-await) | opening.receipt 1ms resolved | wait.prepareOpeningGpuResources 1390ms resolved
    +1.0s  [NOVEL] ?  (basic,highp,srgb-linear,false,,false,false,false,false,false,false,false,false,false,false,false,false,false,false,false,false,false,false,false,false,false,false,false,0,true,false,0,,3,9,0,0,0,0,0,0,0,0,0,1,0,0,0,0,1024,3,srgb,onBeforeCompile( /* shaderobject, renderer */ ) {})  via PlaceProp_AuthoredAssetBoundary  drew slipstream-ribbon  [at getProgram () <- at setProgram () <- at WebGLRenderer.renderBufferDirect () <- at WebGLRenderer.renderBufferDirect ()]
        Δ custom:sf-beam-structure-sheath→onBeforeCompile( /* shaderobject
        owners: MeshBasicMaterial@slipstream-ribbon
    +7.6s  [NOVEL] SF_Shared_mechanical_none_native  (physical,STANDARD,,PHYSICAL,,highp,srgb-linear,306,1024,uv,false,false,uv,false,uv,false,false,uv,uv,false,false,false,false,false,false,false,false,false,false,false,false,false,,true,false,0,,3,9,0,0,0,0,0,0,0,0,0,1,0,0,0,0,8421456,147459,srgb,spaceface-surface-breakup-v4-file-scope|spaceface-illustrated-surface-v8)  via GLTFKit_SF_PLACE_STATION_TRADE_HUB
        owners: SF_Shared_mechanical_none_native@LOD2_HeliosGolden02_Batch_Mesh_4  SF_Shared_mechanical_none_native@LOD2_HeliosGolden02_Batch_Mesh_6  SF_Shared_none_textured_none_native@LOD2_HeliosGolden02_Batch_Mesh_9  SF_Shared_none_textured_none_native@LOD2_HeliosGolden02_Batch_Mesh_10
    +7.6s  [NOVEL] SF_Shared_canopy_none_native  (physical,STANDARD,,PHYSICAL,,highp,srgb-linear,306,1024,uv,false,false,uv,false,uv,false,false,uv,uv,false,false,false,false,false,false,false,false,false,false,false,false,false,,true,false,0,,3,9,0,0,0,0,0,0,0,0,0,1,0,0,0,0,8421584,16387,srgb,)  via GLTFKit_SF_PLACE_STATION_TRADE_HUB
        Δ doubleSided:on→off
        owners: SF_Shared_canopy_none_native@LOD2_HeliosGolden02_Batch_Mesh_8  SF_Shared_canopy_none_native@HeliosGolden02_CommonBatch_Mesh_5  SF_Shared_canopy_none_native@rendersfrenderhelios-trade-hubflight-static-lane1_9  SF_Shared_canopy_none_native@rendersfrenderhelios-trade-hubflight-static-lane2_9
    +7.7s  [NOVEL] SF_Shared_none_textured_none_native  (physical,STANDARD,,PHYSICAL,,highp,srgb-linear,306,1024,uv,false,false,uv,false,uv,false,false,uv,uv,false,false,false,false,false,false,false,false,false,false,false,false,false,,true,false,0,,3,9,0,0,0,0,0,0,0,0,0,1,0,0,0,0,8421584,147459,srgb,spaceface-illustrated-surface-v8)  via GLTFKit_ship_wasp
        Δ doubleSided:on→off
        owners: SF_Shared_none_textured_none_native@rendersfrenderhelios-trade-hubflight-static-lane1  SF_Shared_none_textured_none_native@rendersfrenderhelios-trade-hubflight-static-lane2
    +11.4s  [NOVEL] ?  (physical,STANDARD,,highp,srgb-linear,306,1024,false,false,false,false,false,false,false,false,false,false,false,false,false,false,false,false,false,false,false,false,false,false,false,,true,false,0,,3,9,0,0,0,0,0,0,0,0,0,1,0,0,0,0,8388624,131075,srgb,onBeforeCompile( /* shaderobject, renderer */ ) {})  via GLTFKit_ship_wasp  [at getProgram () <- at prepareMaterial () <- at  <- at Mesh.traverse ()]
        Δ custom:spaceface-illustrated-surface-v8→onBeforeCompile( /* shaderobject
        owners: MeshStandardMaterial@GLTFKit_Nav_Lights_port  MeshStandardMaterial@GLTFKit_Nav_Lights_starboard
    +26.8s  [NOVEL] SF_Shared_none_textured_none_native  (physical,STANDARD,,highp,srgb-linear,306,1024,uv,false,false,uv,false,uv,false,false,uv,uv,false,false,false,false,false,false,false,false,false,false,false,false,false,,true,false,0,,3,9,0,0,0,0,0,0,0,0,0,1,0,0,0,0,8421456,149507,srgb,spaceface-illustrated-surface-v8)  via GLTFKit_SF_PLACE_STATION_MILITARY
        Δ aoMapUv:false→uv
        owners: SF_Shared_none_textured_none_native@LOD0_Station_Material_Warning  SF_Shared_none_textured_none_native@LOD1_Station_Material_Warning  SF_Shared_none_textured_none_native@LOD2_Station_Material_Warning  SF_Shared_none_textured_none_native@GLTFKit_StaticGroup_14_12
    +27.6s  [NOVEL] SF_Shared_none_textured_none_native  (physical,STANDARD,,PHYSICAL,,highp,srgb-linear,306,1024,uv,false,false,uv,false,uv,false,false,uv,uv,false,false,false,false,false,false,false,false,false,false,false,false,false,,true,false,0,,3,9,0,0,0,0,0,0,0,0,0,1,0,0,0,0,8421456,149507,srgb,spaceface-illustrated-surface-v8)  via Asteroid_368,GLTFKit_place_asteroid_seamed
        Δ aoMapUv:false→uv
        owners: SF_Shared_none_textured_none_native@LOD0_Seamed_Material_Fracture  SF_Shared_none_textured_none_native@LOD1_Seamed_Material_Fracture  SF_Shared_none_textured_none_native@LOD2_Seamed_Material_Fracture  SF_Shared_none_textured_none_native@GLTFKit_StaticGroup_5_5
    +27.6s  [NOVEL] SF_Shared_none_textured_none_native  (physical,STANDARD,,highp,srgb-linear,306,1024,uv,false,false,uv,false,uv,false,false,uv,uv,false,false,false,false,false,false,false,false,false,false,false,false,false,,true,false,0,,3,9,0,0,0,0,0,0,0,0,0,1,0,0,0,0,8422480,149507,srgb,spaceface-illustrated-surface-v8)  via Asteroid_368,GLTFKit_place_asteroid_seamed
        Δ aoMapUv:false→uv | vertexColors:off→on
        owners: SF_Shared_none_textured_none_native@LOD0_Seamed_Material_Mineral  SF_Shared_none_textured_none_native@LOD1_Seamed_Material_Mineral  SF_Shared_none_textured_none_native@LOD2_Seamed_Material_Mineral  SF_Shared_none_textured_none_native@GLTFKit_StaticGroup_5_5
    +27.6s  [NOVEL] SF_Shared_none_textured_none_native  (physical,STANDARD,,PHYSICAL,,highp,srgb-linear,306,1024,uv,false,false,uv,false,uv,false,false,uv,uv,false,false,false,false,false,false,false,false,false,false,false,false,false,,true,false,0,,3,9,0,0,0,0,0,0,0,0,0,1,0,0,0,0,8422480,149507,srgb,spaceface-illustrated-surface-v8)  via Asteroid_368,GLTFKit_place_asteroid_seamed
        Δ aoMapUv:false→uv | vertexColors:off→on
        owners: SF_Shared_none_textured_none_native@LOD0_Seamed_Material_Regolith  SF_Shared_none_textured_none_native@LOD1_Seamed_Material_Regolith  SF_Shared_none_textured_none_native@LOD2_Seamed_Material_Regolith  SF_Shared_none_textured_none_native@GLTFKit_StaticGroup_5_5
  boundary census at flight   authored×11 loading×49 awaiting-authored-admission×5
  non-terminal at start       ship_wasp(ship,loading->authored) ship_wasp(ship,loading->authored) ship_wasp(ship,loading->authored) station_helios(station,loading,never-req->authored) station_coalition(station,loading,never-req->authored) place_asteroid_seamed(asteroid,loading,never-req->authored) place_asteroid_rock_a(asteroid,loading,never-req->authored) 74(station,loading,never-req->loading) 75(station,loading,never-req->loading) 76(station,loading,never-req->loading) place_memorial_array(fx,loading,never-req->loading) place_debris_chunk(fx,loading,never-req->loading) place_cold_locker(fx,loading,never-req->loading) station_ceres(station,loading,never-req->loading) station_beltout(station,loading,never-req->loading) place_asteroid_rock_a(asteroid,loading,never-req->loading) place_asteroid_seamed(asteroid,loading,never-req->loading) place_asteroid_rock_a(asteroid,loading,never-req->loading)
  program-key drift (old -> new):
    ship_wasp
      - (no program at start)
      + physical,STANDARD,,highp,srgb-linear,306,1024,false,false,false,false,false,false,false,false,false,false,false,false,false,false,false,false,false,false,false, [NOT warmed — nearest Δ specularColorMapUv:false→ | specularIntensityMapUv:false→∅ | transmissionMapUv:false→∅ | thicknessMapUv:false→∅]
    ship_wasp
      - (no program at start)
      + basic,highp,srgb-linear,false,,false,false,false,false,false,false,false,false,false,false,false,false,false,false,false,false,false,false,false,false,false,fal [NOT warmed — nearest Δ transmissionMapUv:false→fal | thicknessMapUv:false→∅ | combine:0→∅ | fogExp2:true→∅]
    ship_wasp
      - (no program at start)
      + physical,STANDARD,,highp,srgb-linear,306,1024,uv,false,false,false,false,uv,false,false,uv,uv,false,false,false,false,false,false,false,false,false,false,false, [NOT warmed — nearest Δ normalMapUv:false→uv | transmissionMapUv:false→ | thicknessMapUv:false→∅ | fogExp2:true→∅]
    ship_wasp
      - (no program at start)
      + physical,STANDARD,,highp,srgb-linear,306,1024,uv,false,false,false,false,uv,false,false,uv,uv,false,false,false,false,false,false,false,false,false,false,false, [NOT warmed — nearest Δ normalMapUv:false→uv | transmissionMapUv:false→ | thicknessMapUv:false→∅ | fogExp2:true→∅]
    ship_wasp
      - (no program at start)
      + physical,STANDARD,,highp,srgb-linear,306,1024,uv,false,false,false,false,uv,false,false,uv,uv,false,false,false,false,false,false,false,false,false,false,false, [NOT warmed — nearest Δ normalMapUv:false→uv | transmissionMapUv:false→ | thicknessMapUv:false→∅ | fogExp2:true→∅]
    ship_wasp
      - (no program at start)
      + physical,STANDARD,,highp,srgb-linear,306,1024,uv,false,false,false,false,uv,false,false,uv,uv,false,false,false,false,false,false,false,false,false,false,false, [NOT warmed — nearest Δ normalMapUv:false→uv | transmissionMapUv:false→ | thicknessMapUv:false→∅ | fogExp2:true→∅]
    ship_wasp
      - (no program at start)
      + physical,STANDARD,,highp,srgb-linear,306,1024,uv,false,false,uv,false,uv,false,false,uv,uv,false,false,false,false,false,false,false,false,false,false,false,fal [NOT warmed — nearest Δ aoMapUv:false→uv | normalMapUv:false→uv | transmissionMapUv:false→fal | thicknessMapUv:false→∅]
    ship_wasp
      - (no program at start)
      + physical,STANDARD,,highp,srgb-linear,306,1024,uv,false,false,uv,false,uv,false,false,uv,uv,false,false,false,false,false,false,false,false,false,false,false,fal [NOT warmed — nearest Δ aoMapUv:false→uv | normalMapUv:false→uv | transmissionMapUv:false→fal | thicknessMapUv:false→∅]
    ship_wasp
      - (no program at start)
      + physical,STANDARD,,PHYSICAL,,highp,srgb-linear,306,1024,uv,false,false,uv,false,uv,false,false,uv,uv,false,false,false,false,false,false,false,false,false,false [NOT warmed — nearest Δ aoMapUv:false→uv | normalMapUv:false→uv | specularIntensityMapUv:false→∅ | transmissionMapUv:false→∅]
    ship_wasp
      - (no program at start)
      + physical,STANDARD,,highp,srgb-linear,306,1024,uv,false,false,uv,false,uv,false,false,uv,uv,false,false,false,false,false,false,false,false,false,false,false,fal [NOT warmed — nearest Δ aoMapUv:false→uv | normalMapUv:false→uv | transmissionMapUv:false→fal | thicknessMapUv:false→∅]
    ship_wasp
      - (no program at start)
      + physical,STANDARD,,highp,srgb-linear,306,1024,uv,false,false,uv,false,uv,false,false,uv,uv,false,false,false,false,false,false,false,false,false,false,false,fal [NOT warmed — nearest Δ aoMapUv:false→uv | normalMapUv:false→uv | transmissionMapUv:false→fal | thicknessMapUv:false→∅]
    ship_wasp
      - (no program at start)
      + physical,STANDARD,,highp,srgb-linear,306,1024,uv,false,false,false,false,uv,false,false,uv,uv,false,false,false,false,false,false,false,false,false,false,false, [NOT warmed — nearest Δ normalMapUv:false→uv | transmissionMapUv:false→ | thicknessMapUv:false→∅ | fogExp2:true→∅]
    ship_wasp
      - (no program at start)
      + physical,STANDARD,,highp,srgb-linear,306,1024,uv,false,false,uv,false,uv,false,false,uv,uv,false,false,false,false,false,false,false,false,false,false,false,fal [NOT warmed — nearest Δ aoMapUv:false→uv | normalMapUv:false→uv | transmissionMapUv:false→fal | thicknessMapUv:false→∅]
    ship_wasp
      - (no program at start)
      + physical,STANDARD,,PHYSICAL,,highp,srgb-linear,306,1024,uv,false,false,uv,false,uv,false,false,uv,uv,false,false,false,false,false,false,false,false,false,false [NOT warmed — nearest Δ aoMapUv:false→uv | normalMapUv:false→uv | specularIntensityMapUv:false→∅ | transmissionMapUv:false→∅]
  mesh builds in sample:
    +1.7s  build asteroid:ast_common_rock
    +11.7s  build asteroid:ast_common_rock
    +11.7s  build asteroid:ast_common_rock
    +11.7s  build asteroid:ast_common_rock
    +11.7s  build asteroid:ast_common_rock
    +11.7s  build asteroid:ast_common_rock
    +11.7s  build asteroid:ast_common_rock
    +13.1s  build wreck:350
    +13.1s  build pickup:349
    +13.1s  build ship:ship_wasp
    +20.1s  build asteroid:ast_common_rock
    +20.1s  build asteroid:ast_common_rock
    +20.1s  build asteroid:ast_common_rock
    +20.1s  build asteroid:ast_common_rock
    +20.1s  build asteroid:ast_common_rock
    +20.1s  build asteroid:ast_common_rock
    +20.1s  build asteroid:ast_common_rock
    +20.1s  build asteroid:ast_common_rock
    +20.7s  build asteroid:ast_common_rock
    +20.7s  build asteroid:ast_common_rock
    +20.7s  build asteroid:ast_common_rock
    +26.7s  build asteroid:ast_common_rock
    +26.7s  build asteroid:ast_common_rock
    +26.7s  build asteroid:ast_common_rock
    +26.7s  build asteroid:ast_common_rock
    +26.7s  build asteroid:ast_common_rock
    +26.7s  build asteroid:ast_common_rock
    +26.7s  build asteroid:ast_common_rock
    +26.7s  build asteroid:ast_common_rock
    +27.3s  build asteroid:ast_common_rock
  buffer uploads in sample:
    +0s  ×1    bufferData 7560B  via res:Mesh,sf-static-merge  <- sf-static-merge.normal
    +0s  ×1    bufferData 7560B  via res:Mesh,sf-static-merge  <- sf-static-merge.position
    +0s  ×1    bufferData 5040B  via res:Mesh,sf-static-merge  <- sf-static-merge.uv
    +1s  ×4    bufferData 258048B  via res:Mesh,Mesh,Mesh,Mesh  <- Mesh.position
    +1s  ×4    bufferData 86016B  via res:Mesh,Mesh,Mesh,Mesh  <- Mesh.aSample
    +1s  ×4    bufferData 86016B  via res:Mesh,Mesh,Mesh,Mesh  <- Mesh.aSide
    +1s  ×4    bufferData 86016B  via res:Mesh,Mesh,Mesh,Mesh  <- Mesh.aStrand
    +1s  ×4    bufferData 441216B  via res:Mesh,Mesh,Mesh,Mesh  <- Mesh.index
    +1s  ×1    bufferData 72B  via PlaceProp_AuthoredAssetBoundary  <- rcs-layer:core.position
    +1s  ×1    bufferData 72B  via PlaceProp_AuthoredAssetBoundary  <- rcs-layer:core.normal
    +1s  ×1    bufferData 48B  via PlaceProp_AuthoredAssetBoundary  <- rcs-layer:core.uv
    +1s  ×1    bufferData 144B  via PlaceProp_AuthoredAssetBoundary  <- rcs-layer:core.instanceOffset
    +1s  ×1    bufferData 192B  via PlaceProp_AuthoredAssetBoundary  <- rcs-layer:core.instanceAxisScale
    +1s  ×1    bufferData 192B  via PlaceProp_AuthoredAssetBoundary  <- rcs-layer:core.instanceParams
    +1s  ×1    bufferData 192B  via PlaceProp_AuthoredAssetBoundary  <- rcs-layer:core.instanceDynamics
    +1s  ×1    bufferData 144B  via PlaceProp_AuthoredAssetBoundary  <- rcs-layer:core.instanceColor
    +1s  ×1    bufferData 768B  via PlaceProp_AuthoredAssetBoundary  <- rcs-layer:core.instanceMatrix
    +1s  ×1    bufferData 72B  via PlaceProp_AuthoredAssetBoundary  <- rcs-layer:inner.position
    +1s  ×1    bufferData 72B  via PlaceProp_AuthoredAssetBoundary  <- rcs-layer:inner.normal
    +1s  ×1    bufferData 48B  via PlaceProp_AuthoredAssetBoundary  <- rcs-layer:inner.uv
    +1s  ×1    bufferData 144B  via PlaceProp_AuthoredAssetBoundary  <- rcs-layer:inner.instanceOffset
    +1s  ×1    bufferData 192B  via PlaceProp_AuthoredAssetBoundary  <- rcs-layer:inner.instanceAxisScale
    +1s  ×1    bufferData 192B  via PlaceProp_AuthoredAssetBoundary  <- rcs-layer:inner.instanceParams
    +1s  ×1    bufferData 192B  via PlaceProp_AuthoredAssetBoundary  <- rcs-layer:inner.instanceDynamics
  SHIP LOST ITS PLACE         0 presents redrew an already-drawn moment (must be 0)
  hitch callbacks             64 of 317 (world resumed two ticks on)
  frames that shed sim time   196
  game speed vs real time     47.8 % (hit-stop and hitches are the only things allowed to lower it)
  OS says reduce motion       false
  game motion setting         full -> effects FULL
  rock batches                0/7  2/13  1/10  1/10  0/6
  player speed at end         114 WU/s
  console errors              4
    [log] [render] GPU: %s | tier: %s | pixelRatio: %s | buffer: %dx%d ANGLE (Google, Vulkan 1.3.0 (SwiftShader Device (Subzero) (0x0000C0DE)), SwiftShader driver) software 1.00 1600 900
    [error] Failed to load resource: the server responded with a status of 404 (Not Found) (http://127.0.0.1:43345/__spaceface_player_store)
    [warning] THREE.WebGLRenderer: KHR_parallel_shader_compile extension not supported.
    [warning] [GPU brick] bloomScene 462.7ms {"owners":[{"object":"Parallax_FarDust_Instances","material":"MeshStandardMaterial","root":"Parallax_FarDust","key":"physical,STANDARD,,highp,srgb-linear,306,1024,uv,false,false,uv,false,uv,false,false,uv,uv,false,false,false,false,false,false,false,false,false,false,f

EXIT:0
