
> spaceface@0.1.0 probe:smooth-flight:crucible
> node scripts/probe-smooth-flight.mjs --crucible --seed=4242

  fat event payloads:
    bufferFullUpload@196.sourceData 111 KB
    bufferFullUpload@196.sourceData 37 KB
    bufferFullUpload@196.sourceData 37 KB
    bufferFullUpload@196.sourceData 37 KB
    bufferFullUpload@196.sourceData 388 KB
    bufferFullUpload@196.sourceData 582 KB
    bufferFullUpload@196.sourceData 194 KB
    bufferFullUpload@196.sourceData 194 KB
    bufferFullUpload@196.sourceData 42 KB
    bufferFullUpload@196.sourceData 14 KB
    bufferFullUpload@196.sourceData 14 KB
    bufferFullUpload@196.sourceData 14 KB
    bufferFullUpload@196.sourceData 29 KB
    bufferFullUpload@196.sourceData 43 KB
    bufferFullUpload@196.sourceData 14 KB
    bufferFullUpload@196.sourceData 14 KB
    bufferFullUpload@196.sourceData 19 KB
    bufferFullUpload@196.sourceData 103 KB
    bufferFullUpload@196.sourceData 7 KB
    bufferFullUpload@196.sourceData 7 KB

SMOOTH-FLIGHT WITNESS
  GPU                         ANGLE (Google, Vulkan 1.3.0 (SwiftShader Device (Subzero) (0x0000C0DE)), SwiftShader driver)
  whole-machine CPU busy      66 % of 8 logical cores during the sample (the game alone is ~10-15 %)
  route                       CRUCIBLE swarm, seed 4242, default kit; at end: 10 other ships, 2 projectiles, 106 entities, 0 draw calls, 0k triangles
  launch to flight            11.7 s
  sample                      after 0 s of flight: 30 s, 332 frames, 11.9 fps mean
  frame time p50/p95/p99      66.7 / 116.7 / 200.0 ms; worst 800 ms
  frames over 33 / 50 / 100   332 (100.0 %) / 315 (94.9 %) / 39
  typical frame costs (ms)    callback 18.4  sim 9.1  present 9.2  render 5.6  vfx 1.2  ui 2.3  feel 0.1  admission 0.5
  before a LONG frame (ms)    callback 18.4  sim 9.1  present 9.2  render 5.6  vfx 1.2  ui 2.3  feel 0.1  admission 0.5
  long frames paid in JS      233 of 331 (the rest: GPU, compositor or GC outside the game's callback)
  worst freezes (ms): interval <- callback = sim + present(render, vfx, ui) ...
    # 321   800 <- callback   24  sim   10  present   14  (render 9, vfx 1, ui 4)  admission 0  — no wave event within 2s
    # 129   700 <- callback   32  sim   11  present   21  (render 19, vfx 1, ui 1)  admission 0  — no wave event within 2s
    # 330   333 <- callback   23  sim   11  present   13  (render 9, vfx 1, ui 3)  admission 0  — no wave event within 2s
    # 210   200 <- callback   20  sim   12  present    8  (render 6, vfx 1, ui 1)  admission 0  — no wave event within 2s
    #  17   150 <- callback   29  sim   17  present   12  (render 6, vfx 2, ui 3)  admission 0  — no wave event within 2s
    # 291   150 <- callback   22  sim   11  present   10  (render 6, vfx 1, ui 3)  admission 0  — no wave event within 2s
    #  49   133 <- callback   22  sim   12  present    9  (render 7, vfx 2, ui 1)  admission 9  — no wave event within 2s
    #  12   133 <- callback   17  sim   10  present    7  (render 5, vfx 1, ui 1)  admission 0  — no wave event within 2s
    #   4   133 <- callback   19  sim   11  present    9  (render 5, vfx 2, ui 1)  admission 0  — no wave event within 2s
    #  36   133 <- callback   21  sim    8  present   13  (render 7, vfx 2, ui 4)  admission 3  — no wave event within 2s
  wave events (s into sample)   -12.2s run:wavePlanned w1   -12.2s run:waveMaterialized w1 [wasp_swarmer×5]   -12.2s run:waveStarted w1   -1.4s run:waveMaterialized w1 [wasp_swarmer×5]
  wave arrival in window      COVERED (edge) — the wave materialized on the first flight ticks just before the sample clock started; its spawn cost lands inside the window via deferred mesh builds.
  program links / buffer uploads shaderLinks +16, bufferFullUploads +401, bufferPartialUploads +28977
  link placement                1 frame(s) paid a draw-time link; 15 link(s) landed off-frame (async compile); novelty: 15 NOVEL, 0 RELINK, 0 unkeyed
  admissions queued at flight   pipelines 0, residency 0
  roster prewarm at flight      no exemplar roots mounted
  cook ledger                 opening.rockSurfaceLibrary 23ms resolved | opening.firstPresentAdmission 4ms resolved | opening.planWait 0ms skipped (budgetMs=0,reason=soft-gpu-self-build) | opening.plan 0ms skipped (reason=opening-plan-incomplete) | wait.prepareOpeningGpuResources 67ms resolved
    +6.7s  [NOVEL] SF_Shared_mechanical_none_native  (physical,STANDARD,,PHYSICAL,,highp,srgb-linear,306,1024,uv,false,false,uv,false,uv,false,false,uv,uv,false,false,false,false,false,false,false,false,false,false,false,false,false,,true,false,0,,3,9,0,0,0,0,0,0,0,0,0,1,0,0,0,0,8421456,147459,srgb,spaceface-surface-breakup-v4-file-scope|spaceface-illustrated-surface-v8)  via GLTFKit_SF_PLACE_STATION_TRADE_HUB
        owners: SF_Shared_mechanical_none_native@LOD2_HeliosGolden02_Batch_Mesh_4  SF_Shared_mechanical_none_native@LOD2_HeliosGolden02_Batch_Mesh_6  SF_Shared_none_textured_none_native@LOD2_HeliosGolden02_Batch_Mesh_9  SF_Shared_none_textured_none_native@LOD2_HeliosGolden02_Batch_Mesh_10
    +6.8s  [NOVEL] SF_Shared_canopy_none_native  (physical,STANDARD,,PHYSICAL,,highp,srgb-linear,306,1024,uv,false,false,uv,false,uv,false,false,uv,uv,false,false,false,false,false,false,false,false,false,false,false,false,false,,true,false,0,,3,9,0,0,0,0,0,0,0,0,0,1,0,0,0,0,8421584,16387,srgb,)  via sf-energy-massline
        Δ doubleSided:on→off
        owners: SF_Shared_canopy_none_native@LOD2_HeliosGolden02_Batch_Mesh_8  SF_Shared_canopy_none_native@HeliosGolden02_CommonBatch_Mesh_5  SF_Shared_canopy_none_native@rendersfrenderhelios-trade-hubflight-static-lane1_9  SF_Shared_canopy_none_native@rendersfrenderhelios-trade-hubflight-static-lane2_9
    +6.8s  [NOVEL] SF_Shared_none_textured_none_native  (physical,STANDARD,,PHYSICAL,,highp,srgb-linear,306,1024,uv,false,false,uv,false,uv,false,false,uv,uv,false,false,false,false,false,false,false,false,false,false,false,false,false,,true,false,0,,3,9,0,0,0,0,0,0,0,0,0,1,0,0,0,0,8421584,147459,srgb,spaceface-illustrated-surface-v8)  via sf-energy-massline
        Δ doubleSided:on→off
        owners: SF_Shared_none_textured_none_native@rendersfrenderhelios-trade-hubflight-static-lane1  SF_Shared_none_textured_none_native@rendersfrenderhelios-trade-hubflight-static-lane2
    +9.4s  [NOVEL] ?  (physical,STANDARD,,highp,srgb-linear,306,1024,false,false,false,false,false,false,false,false,false,false,false,false,false,false,false,false,false,false,false,false,false,false,false,,true,false,0,,3,9,0,0,0,0,0,0,0,0,0,1,0,0,0,0,8388624,131075,srgb,onBeforeCompile( /* shaderobject, renderer */ ) {})  via Asteroid_311,GLTFKit_ship_wasp,GLTFKit_InstancePool_SF_WHOLE  [at getProgram () <- at prepareMaterial () <- at  <- at Mesh.traverse ()]
        Δ custom:spaceface-illustrated-surface-v8→onBeforeCompile( /* shaderobject
        owners: MeshStandardMaterial@GLTFKit_Nav_Lights_port  MeshStandardMaterial@GLTFKit_Nav_Lights_starboard
    +9.6s  [NOVEL] SF_Shared_mechanical_dark  (physical,STANDARD,,highp,srgb-linear,306,1024,uv,false,false,false,false,uv,false,false,uv,uv,false,false,false,false,false,false,false,false,false,false,false,false,false,,true,false,0,,3,9,0,0,0,0,0,0,0,0,0,1,0,0,0,0,8421457,149507,srgb,spaceface-surface-breakup-v4-file-scope|spaceface-illustrated-surface-v8)  via Asteroid_311,GLTFKit_ship_wasp,GLTFKit_InstancePool_SF_WHOLE
        Δ instancing:off→on
    +9.6s  [NOVEL] SF_Shared_hull_textured_hull  (physical,STANDARD,,highp,srgb-linear,306,1024,uv,false,false,uv,false,uv,false,false,uv,uv,false,false,false,false,false,false,false,false,false,false,false,false,false,,true,false,0,,3,9,0,0,0,0,0,0,0,0,0,1,0,0,0,0,8421457,149507,srgb,spaceface-surface-breakup-v4-file-scope|spaceface-illustrated-surface-v8)  via Asteroid_311,GLTFKit_ship_wasp,GLTFKit_InstancePool_SF_WHOLE
        Δ instancing:off→on
        owners: SF_Shared_hull_textured_hull@LOD0_Merged_Material_Hull  SF_Shared_hull_textured_hull@LOD1_Merged_Material_Hull  SF_Shared_hull_textured_hull@LOD2_Merged_Material_Hull  SF_Shared_hull_textured_hull@GLTFKit_InstancePool_SF_WHOLESHIP_ASHLINE_DART_LOD0_Merged_Material_Hull_0
    +9.6s  [NOVEL] SF_Shared_accent_accent  (physical,STANDARD,,highp,srgb-linear,306,1024,uv,false,false,false,false,uv,false,false,uv,uv,false,false,false,false,false,false,false,false,false,false,false,false,false,,true,false,0,,3,9,0,0,0,0,0,0,0,0,0,1,0,0,0,0,8421457,147459,srgb,spaceface-surface-breakup-v4-file-scope|spaceface-illustrated-surface-v8)  via Asteroid_311,GLTFKit_ship_wasp,GLTFKit_InstancePool_SF_WHOLE
        Δ instancing:off→on
        owners: SF_Shared_accent_accent@Pulse_Muzzle_Glow  SF_Shared_mechanical_dark@weapon_pulse_cannon_Material_Mechanical_Merged  SF_Shared_accent_accent@GLTFKit_InstancePool_SF_WEAPON_PULSE_CANNON_Pulse_Muzzle_Glow_0  SF_Shared_mechanical_dark@GLTFKit_InstancePool_SF_WEAPON_PULSE_CANNON_weapon_pulse_cannon_Material_Mechanical_Merged_0
    +9.6s  [NOVEL] SF_Shared_hull_textured_hull  (physical,STANDARD,,highp,srgb-linear,306,1024,uv,false,false,uv,false,uv,false,false,uv,uv,false,false,false,false,false,false,false,false,false,false,false,false,false,,true,false,0,,3,9,0,0,0,0,0,0,0,0,0,1,0,0,0,0,8421457,147459,srgb,spaceface-surface-breakup-v4-file-scope|spaceface-illustrated-surface-v8)  via Asteroid_311,GLTFKit_ship_wasp,GLTFKit_InstancePool_SF_WHOLE
        Δ instancing:off→on
        owners: SF_Shared_hull_textured_hull@weapon_pulse_cannon_Material_Hull_Merged001  SF_Shared_hull_textured_hull@GLTFKit_InstancePool_SF_WEAPON_PULSE_CANNON_weapon_pulse_cannon_Material_Hull_Merged001_0
    +9.7s  [NOVEL] SF_Shared_none_textured_none_native  (physical,STANDARD,,PHYSICAL,,highp,srgb-linear,306,1024,uv,false,false,uv,false,uv,false,false,uv,uv,false,false,false,false,false,false,false,false,false,false,false,false,false,,true,false,0,,3,9,0,0,0,0,0,0,0,0,0,1,0,0,0,0,8421585,149507,srgb,spaceface-surface-breakup-v4-file-scope|spaceface-illustrated-surface-v8)  via Asteroid_311,GLTFKit_ship_wasp,GLTFKit_InstancePool_SF_WHOLE
        Δ instancing:off→on
        owners: SF_Shared_none_textured_none_native@weapon_pulse_cannon_Material_Hull_Merged001_1  SF_Shared_mechanical_dark@Remaster_Material_Mechanical_BrushedNickel  SF_Shared_none_textured_none_native@Remaster_Material_Hull_VitreousCeramic  SF_Shared_mechanical_dark@Remaster_Material_Mechanical_ShadowEnamel
    +9.9s  [NOVEL] ?  (physical,STANDARD,,highp,srgb-linear,306,1024,false,false,false,false,false,false,false,false,false,uv,false,false,false,false,false,false,false,false,false,false,false,false,false,,true,false,0,,3,9,0,0,0,0,0,0,0,0,0,1,0,0,0,0,8388624,131079,srgb,spaceface-illustrated-surface-v8)  via Asteroid_311,GLTFKit_ship_wasp,GLTFKit_InstancePool_SF_WHOLE  [at getProgram () <- at prepareMaterial () <- at  <- at Mesh.traverse ()]
        Δ roughnessMapUv:false→uv | flatShading:off→on
        owners: MeshStandardMaterial@Mesh
    +10.2s  [NOVEL] sf-energy-massline:halo  (74,75,highp,srgb-linear,false,,false,false,false,false,false,false,false,false,false,false,false,false,false,false,false,false,false,false,false,false,false,false,false,,true,false,0,,3,9,0,0,0,0,0,0,0,0,0,1,0,0,0,0,8388608,2049,srgb,onBeforeCompile( /* shaderobject, renderer */ ) {})  via Asteroid_311,GLTFKit_ship_wasp,GLTFKit_InstancePool_SF_WHOLE
        owners: sf-energy-massline:halo@Mesh  sf-energy-massline:core@Mesh
    +22.3s  [NOVEL] SF_Shared_none_textured_none_native  (physical,STANDARD,,highp,srgb-linear,306,1024,uv,false,false,uv,false,uv,false,false,uv,uv,false,false,false,false,false,false,false,false,false,false,false,false,false,,true,false,0,,3,9,0,0,0,0,0,0,0,0,0,1,0,0,0,0,8421456,149507,srgb,spaceface-illustrated-surface-v8)  via GLTFKit_SF_PLACE_STATION_MILITARY
        Δ clearcoat:on→off
        owners: SF_Shared_none_textured_none_native@LOD0_Station_Material_Warning  SF_Shared_none_textured_none_native@LOD1_Station_Material_Warning  SF_Shared_none_textured_none_native@LOD2_Station_Material_Warning  SF_Shared_none_textured_none_native@GLTFKit_StaticGroup_14_12
    +24.0s  [NOVEL] SF_Shared_none_textured_none_native  (physical,STANDARD,,PHYSICAL,,highp,srgb-linear,306,1024,uv,false,false,uv,false,uv,false,false,uv,uv,false,false,false,false,false,false,false,false,false,false,false,false,false,,true,false,0,,3,9,0,0,0,0,0,0,0,0,0,1,0,0,0,0,8421456,149507,srgb,spaceface-illustrated-surface-v8)  via GLTFKit_place_asteroid_seamed
        Δ clearcoat:on→off
        owners: SF_Shared_none_textured_none_native@LOD0_Seamed_Material_Fracture  SF_Shared_none_textured_none_native@LOD1_Seamed_Material_Fracture  SF_Shared_none_textured_none_native@LOD2_Seamed_Material_Fracture  SF_Shared_none_textured_none_native@GLTFKit_StaticGroup_5_5
    +24.0s  [NOVEL] SF_Shared_none_textured_none_native  (physical,STANDARD,,highp,srgb-linear,306,1024,uv,false,false,uv,false,uv,false,false,uv,uv,false,false,false,false,false,false,false,false,false,false,false,false,false,,true,false,0,,3,9,0,0,0,0,0,0,0,0,0,1,0,0,0,0,8422480,149507,srgb,spaceface-illustrated-surface-v8)  via GLTFKit_place_asteroid_seamed
        Δ clearcoat:on→off | vertexColors:off→on
        owners: SF_Shared_none_textured_none_native@LOD0_Seamed_Material_Mineral  SF_Shared_none_textured_none_native@LOD1_Seamed_Material_Mineral  SF_Shared_none_textured_none_native@LOD2_Seamed_Material_Mineral  SF_Shared_none_textured_none_native@GLTFKit_StaticGroup_5_5
    +24.0s  [NOVEL] SF_Shared_none_textured_none_native  (physical,STANDARD,,PHYSICAL,,highp,srgb-linear,306,1024,uv,false,false,uv,false,uv,false,false,uv,uv,false,false,false,false,false,false,false,false,false,false,false,false,false,,true,false,0,,3,9,0,0,0,0,0,0,0,0,0,1,0,0,0,0,8422480,149507,srgb,spaceface-illustrated-surface-v8)  via GLTFKit_place_asteroid_seamed
        Δ clearcoat:on→off | vertexColors:off→on
        owners: SF_Shared_none_textured_none_native@LOD0_Seamed_Material_Regolith  SF_Shared_none_textured_none_native@LOD1_Seamed_Material_Regolith  SF_Shared_none_textured_none_native@LOD2_Seamed_Material_Regolith  SF_Shared_none_textured_none_native@GLTFKit_StaticGroup_5_5
  boundary census at flight   authored×10 loading×50 awaiting-authored-admission×5
  non-terminal at start       ship_wasp(ship,loading->authored) ship_wasp(ship,loading->authored) ship_wasp(ship,loading->authored) ship_wasp(ship,loading->authored) station_helios(station,loading,never-req->authored) station_coalition(station,loading,never-req->authored) place_asteroid_seamed(asteroid,loading,never-req->authored) place_asteroid_rock_a(asteroid,loading,never-req->authored) 74(station,loading,never-req->authored) 75(station,loading,never-req->authored) 76(station,loading,never-req->authored) place_memorial_array(fx,loading,never-req->loading) place_debris_chunk(fx,loading,never-req->loading) place_cold_locker(fx,loading,never-req->loading) station_ceres(station,loading,never-req->loading) station_beltout(station,loading,never-req->loading) place_asteroid_rock_a(asteroid,loading,never-req->loading) place_asteroid_seamed(asteroid,loading,never-req->loading)
  program-key drift (old -> new):
    ship_wasp
      - (no program at start)
      + physical,STANDARD,,highp,srgb-linear,306,1024,false,false,false,false,false,false,false,false,false,false,false,false,false,false,false,false,false,false,false, [NOT warmed — nearest Δ specularColorMapUv:false→ | specularIntensityMapUv:false→∅ | transmissionMapUv:false→∅ | thicknessMapUv:false→∅]
    ship_wasp
      - (no program at start)
      + basic,highp,srgb-linear,false,,false,false,false,false,false,false,false,false,false,false,false,false,false,false,false,false,false,false,false,false,false,fal [NOT warmed — nearest Δ transmissionMapUv:false→fal | thicknessMapUv:false→∅ | combine:0→∅ | fogExp2:true→∅]
    ship_wasp
      - (no program at start)
      + physical,STANDARD,,highp,srgb-linear,306,1024,uv,false,false,false,false,uv,false,false,uv,uv,false,false,false,false,false,false,false,false,false,false,false, [NOT warmed — nearest Δ normalMapUv:false→uv | transmissionMapUv:false→ | thicknessMapUv:false→∅ | fogExp2:true→∅]
    ship_wasp
      - (no program at start)
      + physical,STANDARD,,highp,srgb-linear,306,1024,uv,false,false,false,false,uv,false,false,uv,uv,false,false,false,false,false,false,false,false,false,false,false, [NOT warmed — nearest Δ normalMapUv:false→uv | transmissionMapUv:false→ | thicknessMapUv:false→∅ | fogExp2:true→∅]
    ship_wasp
      - (no program at start)
      + physical,STANDARD,,highp,srgb-linear,306,1024,uv,false,false,false,false,uv,false,false,uv,uv,false,false,false,false,false,false,false,false,false,false,false, [NOT warmed — nearest Δ normalMapUv:false→uv | transmissionMapUv:false→ | thicknessMapUv:false→∅ | fogExp2:true→∅]
    ship_wasp
      - (no program at start)
      + physical,STANDARD,,highp,srgb-linear,306,1024,uv,false,false,false,false,uv,false,false,uv,uv,false,false,false,false,false,false,false,false,false,false,false, [NOT warmed — nearest Δ normalMapUv:false→uv | transmissionMapUv:false→ | thicknessMapUv:false→∅ | fogExp2:true→∅]
    ship_wasp
      - (no program at start)
      + physical,STANDARD,,highp,srgb-linear,306,1024,uv,false,false,uv,false,uv,false,false,uv,uv,false,false,false,false,false,false,false,false,false,false,false,fal [NOT warmed — nearest Δ aoMapUv:false→uv | normalMapUv:false→uv | transmissionMapUv:false→fal | thicknessMapUv:false→∅]
    ship_wasp
      - (no program at start)
      + physical,STANDARD,,highp,srgb-linear,306,1024,uv,false,false,uv,false,uv,false,false,uv,uv,false,false,false,false,false,false,false,false,false,false,false,fal [NOT warmed — nearest Δ aoMapUv:false→uv | normalMapUv:false→uv | transmissionMapUv:false→fal | thicknessMapUv:false→∅]
    ship_wasp
      - (no program at start)
      + physical,STANDARD,,PHYSICAL,,highp,srgb-linear,306,1024,uv,false,false,uv,false,uv,false,false,uv,uv,false,false,false,false,false,false,false,false,false,false [NOT warmed — nearest Δ aoMapUv:false→uv | normalMapUv:false→uv | specularIntensityMapUv:false→∅ | transmissionMapUv:false→∅]
    ship_wasp
      - (no program at start)
      + physical,STANDARD,,highp,srgb-linear,306,1024,uv,false,false,uv,false,uv,false,false,uv,uv,false,false,false,false,false,false,false,false,false,false,false,fal [NOT warmed — nearest Δ aoMapUv:false→uv | normalMapUv:false→uv | transmissionMapUv:false→fal | thicknessMapUv:false→∅]
    ship_wasp
      - (no program at start)
      + physical,STANDARD,,highp,srgb-linear,306,1024,uv,false,false,uv,false,uv,false,false,uv,uv,false,false,false,false,false,false,false,false,false,false,false,fal [NOT warmed — nearest Δ aoMapUv:false→uv | normalMapUv:false→uv | transmissionMapUv:false→fal | thicknessMapUv:false→∅]
    ship_wasp
      - (no program at start)
      + physical,STANDARD,,highp,srgb-linear,306,1024,uv,false,false,false,false,uv,false,false,uv,uv,false,false,false,false,false,false,false,false,false,false,false, [NOT warmed — nearest Δ normalMapUv:false→uv | transmissionMapUv:false→ | thicknessMapUv:false→∅ | fogExp2:true→∅]
    ship_wasp
      - (no program at start)
      + physical,STANDARD,,highp,srgb-linear,306,1024,uv,false,false,uv,false,uv,false,false,uv,uv,false,false,false,false,false,false,false,false,false,false,false,fal [NOT warmed — nearest Δ aoMapUv:false→uv | normalMapUv:false→uv | transmissionMapUv:false→fal | thicknessMapUv:false→∅]
    ship_wasp
      - (no program at start)
      + physical,STANDARD,,PHYSICAL,,highp,srgb-linear,306,1024,uv,false,false,uv,false,uv,false,false,uv,uv,false,false,false,false,false,false,false,false,false,false [NOT warmed — nearest Δ aoMapUv:false→uv | normalMapUv:false→uv | specularIntensityMapUv:false→∅ | transmissionMapUv:false→∅]
  mesh builds in sample:
    +9.2s  build asteroid:ast_common_rock
    +9.2s  build asteroid:ast_common_rock
    +9.2s  build asteroid:ast_common_rock
    +9.2s  build asteroid:ast_common_rock
    +9.2s  build asteroid:ast_common_rock
    +9.2s  build asteroid:ast_common_rock
    +9.2s  build asteroid:ast_common_rock
    +9.2s  build asteroid:ast_common_rock
    +15.0s  build asteroid:ast_common_rock
    +15.0s  build asteroid:ast_common_rock
    +15.0s  build asteroid:ast_common_rock
    +15.0s  build asteroid:ast_common_rock
    +15.0s  build asteroid:ast_common_rock
    +15.0s  build asteroid:ast_common_rock
    +15.0s  build asteroid:ast_common_rock
    +15.0s  build asteroid:ast_common_rock
    +16.2s  build asteroid:ast_common_rock
    +16.2s  build asteroid:ast_common_rock
    +16.2s  build asteroid:ast_common_rock
    +16.2s  build asteroid:ast_common_rock
    +20.9s  build asteroid:ast_common_rock
    +20.9s  build asteroid:ast_common_rock
    +20.9s  build asteroid:ast_common_rock
    +20.9s  build asteroid:ast_common_rock
    +20.9s  build asteroid:ast_common_rock
    +20.9s  build asteroid:ast_common_rock
  buffer uploads in sample:
    +7s  ×1    bufferData 113436B  via res:LOD2_HeliosGolden02_Batch_Mesh,LOD2_HeliosGolden02_Batch  <- LOD2_HeliosGolden02_Batch_Mesh.position LOD2_HeliosGolden02_Batch_Mesh.sfHullPos
    +7s  ×1    bufferData 37812B  via res:LOD2_HeliosGolden02_Batch_Mesh,LOD2_HeliosGolden02_Batch  <- LOD2_HeliosGolden02_Batch_Mesh.uv
    +7s  ×1    bufferData 37812B  via res:LOD2_HeliosGolden02_Batch_Mesh,LOD2_HeliosGolden02_Batch  <- LOD2_HeliosGolden02_Batch_Mesh.normal
    +7s  ×1    bufferData 37812B  via res:LOD2_HeliosGolden02_Batch_Mesh,LOD2_HeliosGolden02_Batch  <- LOD2_HeliosGolden02_Batch_Mesh.tangent
    +7s  ×1    bufferData 397480B  via res:LOD2_HeliosGolden02_Batch_Mesh,LOD2_HeliosGolden02_Batch  <- LOD2_HeliosGolden02_Batch_Mesh_1.uv
    +7s  ×1    bufferData 596220B  via res:LOD2_HeliosGolden02_Batch_Mesh,LOD2_HeliosGolden02_Batch  <- LOD2_HeliosGolden02_Batch_Mesh_1.position LOD2_HeliosGolden02_Batch_Mesh_1.sfHul
    +7s  ×1    bufferData 198740B  via res:LOD2_HeliosGolden02_Batch_Mesh,LOD2_HeliosGolden02_Batch  <- LOD2_HeliosGolden02_Batch_Mesh_1.normal
    +7s  ×1    bufferData 198740B  via res:LOD2_HeliosGolden02_Batch_Mesh,LOD2_HeliosGolden02_Batch  <- LOD2_HeliosGolden02_Batch_Mesh_1.tangent
    +7s  ×1    bufferData 43140B  via res:LOD2_HeliosGolden02_Batch_Mesh,LOD2_HeliosGolden02_Batch  <- LOD2_HeliosGolden02_Batch_Mesh_2.position LOD2_HeliosGolden02_Batch_Mesh_2.sfHul
    +7s  ×1    bufferData 14380B  via res:LOD2_HeliosGolden02_Batch_Mesh,LOD2_HeliosGolden02_Batch  <- LOD2_HeliosGolden02_Batch_Mesh_2.uv
    +7s  ×1    bufferData 14380B  via res:LOD2_HeliosGolden02_Batch_Mesh,LOD2_HeliosGolden02_Batch  <- LOD2_HeliosGolden02_Batch_Mesh_2.normal
    +7s  ×1    bufferData 14380B  via res:LOD2_HeliosGolden02_Batch_Mesh,LOD2_HeliosGolden02_Batch  <- LOD2_HeliosGolden02_Batch_Mesh_2.tangent
    +7s  ×1    bufferData 29344B  via res:LOD2_HeliosGolden02_Batch_Mesh,LOD2_HeliosGolden02_Batch  <- LOD2_HeliosGolden02_Batch_Mesh_3.uv
    +7s  ×1    bufferData 44016B  via res:LOD2_HeliosGolden02_Batch_Mesh,LOD2_HeliosGolden02_Batch  <- LOD2_HeliosGolden02_Batch_Mesh_3.position LOD2_HeliosGolden02_Batch_Mesh_3.sfHul
    +7s  ×1    bufferData 14672B  via res:LOD2_HeliosGolden02_Batch_Mesh,LOD2_HeliosGolden02_Batch  <- LOD2_HeliosGolden02_Batch_Mesh_3.normal
    +7s  ×1    bufferData 14672B  via res:LOD2_HeliosGolden02_Batch_Mesh,LOD2_HeliosGolden02_Batch  <- LOD2_HeliosGolden02_Batch_Mesh_3.tangent
    +7s  ×1    bufferData 18972B  via res:LOD2_HeliosGolden02_Batch_Mesh,LOD2_HeliosGolden02_Batch  <- LOD2_HeliosGolden02_Batch_Mesh.index
    +7s  ×1    bufferData 105366B  via res:LOD2_HeliosGolden02_Batch_Mesh,LOD2_HeliosGolden02_Batch  <- LOD2_HeliosGolden02_Batch_Mesh_1.index
    +7s  ×1    bufferData 7224B  via res:LOD2_HeliosGolden02_Batch_Mesh,LOD2_HeliosGolden02_Batch  <- LOD2_HeliosGolden02_Batch_Mesh_2.index
    +7s  ×1    bufferData 7344B  via res:LOD2_HeliosGolden02_Batch_Mesh,LOD2_HeliosGolden02_Batch  <- LOD2_HeliosGolden02_Batch_Mesh_3.index
    +7s  ×1    bufferData 1783016B  via res:LOD2_HeliosGolden02_Batch_Mesh_4  <- LOD2_HeliosGolden02_Batch_Mesh_4.uv
    +7s  ×1    bufferData 2674524B  via res:LOD2_HeliosGolden02_Batch_Mesh_4  <- LOD2_HeliosGolden02_Batch_Mesh_4.position LOD2_HeliosGolden02_Batch_Mesh_4.sfHul
    +7s  ×1    bufferData 891508B  via res:LOD2_HeliosGolden02_Batch_Mesh_4  <- LOD2_HeliosGolden02_Batch_Mesh_4.normal
    +7s  ×1    bufferData 891508B  via res:LOD2_HeliosGolden02_Batch_Mesh_4  <- LOD2_HeliosGolden02_Batch_Mesh_4.tangent
  SHIP LOST ITS PLACE         0 presents redrew an already-drawn moment (must be 0)
  hitch callbacks             45 of 362 (world resumed two ticks on)
  frames that shed sim time   160
  game speed vs real time     62.2 % (hit-stop and hitches are the only things allowed to lower it)
  OS says reduce motion       false
  game motion setting         full -> effects FULL
  rock batches                0/6  0/12  0/10  0/10  0/8
  player speed at end         128 WU/s
  console errors              4
    [log] [render] GPU: %s | tier: %s | pixelRatio: %s | buffer: %dx%d ANGLE (Google, Vulkan 1.3.0 (SwiftShader Device (Subzero) (0x0000C0DE)), SwiftShader driver) software 1.00 1600 900
    [error] Failed to load resource: the server responded with a status of 404 (Not Found) (http://127.0.0.1:42199/__spaceface_player_store)
    [warning] THREE.WebGLRenderer: KHR_parallel_shader_compile extension not supported.
    [warning] [GPU brick] bloomScene 446.7ms {"owners":[{"object":"Parallax_FarDust_Instances","material":"MeshStandardMaterial","root":"Parallax_FarDust","key":"physical,STANDARD,,highp,srgb-linear,306,1024,uv,false,false,uv,false,uv,false,false,uv,uv,false,false,false,false,false,false,false,false,false,false,f

