
> spaceface@0.1.0 probe:smooth-flight:crucible
> node scripts/probe-smooth-flight.mjs --crucible

  fat event payloads:
    bufferFullUpload@126.sourceData 0 KB
    bufferFullUpload@126.sourceData 0 KB
    bufferFullUpload@126.sourceData 0 KB
    bufferFullUpload@126.sourceData 0 KB
    bufferFullUpload@126.sourceData 0 KB
    bufferFullUpload@126.sourceData 0 KB
    bufferFullUpload@126.sourceData 1 KB
    bufferFullUpload@126.sourceData 0 KB
    bufferFullUpload@126.sourceData 0 KB
    bufferFullUpload@126.sourceData 0 KB
    bufferFullUpload@195.sourceData 111 KB
    bufferFullUpload@195.sourceData 37 KB
    bufferFullUpload@195.sourceData 37 KB
    bufferFullUpload@195.sourceData 37 KB
    bufferFullUpload@195.sourceData 388 KB
    bufferFullUpload@195.sourceData 582 KB
    bufferFullUpload@195.sourceData 194 KB
    bufferFullUpload@195.sourceData 194 KB
    bufferFullUpload@195.sourceData 42 KB
    bufferFullUpload@195.sourceData 14 KB

SMOOTH-FLIGHT WITNESS
  GPU                         ANGLE (Google, Vulkan 1.3.0 (SwiftShader Device (Subzero) (0x0000C0DE)), SwiftShader driver)
  whole-machine CPU busy      69 % of 8 logical cores during the sample (the game alone is ~10-15 %)
  route                       CRUCIBLE swarm, seed 4242, default kit; at end: 10 other ships, 3 projectiles, 97 entities, 0 draw calls, 0k triangles
  launch to flight            12.8 s
  sample                      after 0 s of flight: 20 s, 170 frames, 9.8 fps mean
  frame time p50/p95/p99      99.9 / 133.4 / 266.8 ms; worst 733 ms
  frames over 33 / 50 / 100   170 (100.0 %) / 170 (100.0 %) / 48
  typical frame costs (ms)    callback 21.7  sim 9.9  present 11.7  render 7.1  vfx 1.5  ui 2.9  feel 0.1  admission 0.9
  before a LONG frame (ms)    callback 21.7  sim 9.9  present 11.7  render 7.1  vfx 1.5  ui 2.9  feel 0.1  admission 0.9
  long frames paid in JS      146 of 169 (the rest: GPU, compositor or GC outside the game's callback)
  worst freezes (ms): interval <- callback = sim + present(render, vfx, ui) ...
    # 128   733 <- callback   39  sim   10  present   29  (render 23, vfx 1, ui 4)  admission 2  — 1.6s before run:waveMaterialized w1
    #  80   267 <- callback   24  sim    7  present   18  (render 13, vfx 1, ui 3)  admission 3  — no wave event within 2s
    #  73   217 <- callback   18  sim    8  present   11  (render 6, vfx 1, ui 3)  admission 0  — 1.5s after run:waveMaterialized w1
    #  17   183 <- callback   31  sim   18  present   13  (render 9, vfx 3, ui 1)  admission 0  — no wave event within 2s
    #  10   150 <- callback   24  sim   13  present   11  (render 6, vfx 2, ui 4)  admission 0  — no wave event within 2s
    #  52   150 <- callback   37  sim   11  present   25  (render 14, vfx 3, ui 8)  admission 4  — 1.0s before run:waveMaterialized w1
    #  37   133 <- callback    9  sim    0  present    8  (render 6, vfx 2, ui 1)  admission 3  — no wave event within 2s
    #  39   133 <- callback   22  sim    8  present   14  (render 7, vfx 4, ui 3)  admission 0  — no wave event within 2s
    #  49   133 <- callback   17  sim    5  present   11  (render 6, vfx 1, ui 4)  admission 4  — 1.4s before run:waveMaterialized w1
    # 152   133 <- callback   25  sim   14  present   10  (render 7, vfx 2, ui 1)  admission 0  — 0.5s after run:waveMaterialized w1
  wave events (s into sample)   -12.9s run:wavePlanned w1   -12.9s run:waveMaterialized w1 [wasp_swarmer×5]   -12.9s run:waveStarted w1   -0.9s run:waveMaterialized w1 [wasp_swarmer×5]   +10.0s run:waveMaterialized w1 [wasp_swarmer×1]   +19.2s run:waveMaterialized w1 [wasp_swarmer×1]
  wave arrival in window      COVERED — a wave materialized inside the sample; the link count below is about a real spawn
  program links / buffer uploads shaderLinks +12, bufferFullUploads +397, bufferPartialUploads +19292
  link placement                0 frame(s) paid a draw-time link; 12 link(s) landed off-frame (async compile); novelty: 12 NOVEL, 0 RELINK, 0 unkeyed
  admissions queued at flight   pipelines 0, residency 0
  roster prewarm at flight      no exemplar roots mounted
  cook ledger                 opening.rockSurfaceLibrary 43ms resolved | opening.firstPresentAdmission 4ms resolved | opening.planWait 950ms resolved | opening.plan 0ms skipped (reason=opening-plan-incomplete) | wait.prepareOpeningGpuResources 998ms resolved
    +7.1s  [NOVEL] SF_Shared_mechanical_none_native  (physical,STANDARD,,PHYSICAL,,highp,srgb-linear,306,1024,uv,false,false,uv,false,uv,false,false,uv,uv,false,false,false,false,false,false,false,false,false,false,false,false,false,,true,false,0,,3,9,0,0,0,0,0,0,0,0,0,1,0,0,0,0,8421456,147459,srgb,spaceface-surface-breakup-v4-file-scope|spaceface-illustrated-surface-v8)  via GLTFKit_SF_PLACE_STATION_TRADE_HUB
        owners: SF_Shared_mechanical_none_native@LOD2_HeliosGolden02_Batch_Mesh_4  SF_Shared_mechanical_none_native@LOD2_HeliosGolden02_Batch_Mesh_6  SF_Shared_none_textured_none_native@LOD2_HeliosGolden02_Batch_Mesh_9  SF_Shared_none_textured_none_native@LOD2_HeliosGolden02_Batch_Mesh_10
    +7.1s  [NOVEL] SF_Shared_canopy_none_native  (physical,STANDARD,,PHYSICAL,,highp,srgb-linear,306,1024,uv,false,false,uv,false,uv,false,false,uv,uv,false,false,false,false,false,false,false,false,false,false,false,false,false,,true,false,0,,3,9,0,0,0,0,0,0,0,0,0,1,0,0,0,0,8421584,16387,srgb,)  via GLTFKit_SF_PLACE_STATION_TRADE_HUB
        Δ doubleSided:on→off
        owners: SF_Shared_canopy_none_native@LOD2_HeliosGolden02_Batch_Mesh_8  SF_Shared_canopy_none_native@HeliosGolden02_CommonBatch_Mesh_5  SF_Shared_canopy_none_native@rendersfrenderhelios-trade-hubflight-static-lane1_9  SF_Shared_canopy_none_native@rendersfrenderhelios-trade-hubflight-static-lane2_9
    +7.5s  [NOVEL] SF_Shared_none_textured_none_native  (physical,STANDARD,,PHYSICAL,,highp,srgb-linear,306,1024,uv,false,false,uv,false,uv,false,false,uv,uv,false,false,false,false,false,false,false,false,false,false,false,false,false,,true,false,0,,3,9,0,0,0,0,0,0,0,0,0,1,0,0,0,0,8421584,147459,srgb,spaceface-illustrated-surface-v8)  via sf-energy-massline
        Δ doubleSided:on→off
        owners: SF_Shared_none_textured_none_native@rendersfrenderhelios-trade-hubflight-static-lane1  SF_Shared_none_textured_none_native@rendersfrenderhelios-trade-hubflight-static-lane2
    +8.0s  [NOVEL] ?  (physical,STANDARD,,highp,srgb-linear,306,1024,false,false,false,false,false,false,false,false,false,false,false,false,false,false,false,false,false,false,false,false,false,false,false,,true,false,0,,3,9,0,0,0,0,0,0,0,0,0,1,0,0,0,0,8388624,131075,srgb,onBeforeCompile( /* shaderobject, renderer */ ) {})  via GLTFKit_ship_wasp  [at getProgram () <- at prepareMaterial () <- at  <- at Mesh.traverse ()]
        Δ custom:spaceface-illustrated-surface-v8→onBeforeCompile( /* shaderobject
        owners: MeshStandardMaterial@GLTFKit_Nav_Lights_port  MeshStandardMaterial@GLTFKit_Nav_Lights_starboard
    +9.4s  [NOVEL] SF_Shared_mechanical_dark  (physical,STANDARD,,highp,srgb-linear,306,1024,uv,false,false,false,false,uv,false,false,uv,uv,false,false,false,false,false,false,false,false,false,false,false,false,false,,true,false,0,,3,9,0,0,0,0,0,0,0,0,0,1,0,0,0,0,8421457,149507,srgb,spaceface-surface-breakup-v4-file-scope|spaceface-illustrated-surface-v8)  via GLTFKit_InstancePool_SF_WHOLESHIP_ASHLINE_DART_LOD0_Remaster
        Δ instancing:off→on
    +10.7s  [NOVEL] SF_Shared_hull_textured_hull  (physical,STANDARD,,highp,srgb-linear,306,1024,uv,false,false,uv,false,uv,false,false,uv,uv,false,false,false,false,false,false,false,false,false,false,false,false,false,,true,false,0,,3,9,0,0,0,0,0,0,0,0,0,1,0,0,0,0,8421457,149507,srgb,spaceface-surface-breakup-v4-file-scope|spaceface-illustrated-surface-v8)  via Asteroid_311,GLTFKit_InstancePool_SF_WHOLESHIP_ASHLINE_DART_
        Δ instancing:off→on
        owners: SF_Shared_hull_textured_hull@LOD0_Merged_Material_Hull  SF_Shared_hull_textured_hull@LOD1_Merged_Material_Hull  SF_Shared_hull_textured_hull@LOD2_Merged_Material_Hull  SF_Shared_hull_textured_hull@GLTFKit_InstancePool_SF_WHOLESHIP_ASHLINE_DART_LOD0_Merged_Material_Hull_0
    +10.8s  [NOVEL] SF_Shared_accent_accent  (physical,STANDARD,,highp,srgb-linear,306,1024,uv,false,false,false,false,uv,false,false,uv,uv,false,false,false,false,false,false,false,false,false,false,false,false,false,,true,false,0,,3,9,0,0,0,0,0,0,0,0,0,1,0,0,0,0,8421457,147459,srgb,spaceface-surface-breakup-v4-file-scope|spaceface-illustrated-surface-v8)  via Asteroid_311,GLTFKit_InstancePool_SF_WHOLESHIP_ASHLINE_DART_
        Δ instancing:off→on
        owners: SF_Shared_accent_accent@Pulse_Muzzle_Glow  SF_Shared_mechanical_dark@weapon_pulse_cannon_Material_Mechanical_Merged  SF_Shared_accent_accent@GLTFKit_InstancePool_SF_WEAPON_PULSE_CANNON_Pulse_Muzzle_Glow_0  SF_Shared_mechanical_dark@GLTFKit_InstancePool_SF_WEAPON_PULSE_CANNON_weapon_pulse_cannon_Material_Mechanical_Merged_0
    +10.8s  [NOVEL] SF_Shared_hull_textured_hull  (physical,STANDARD,,highp,srgb-linear,306,1024,uv,false,false,uv,false,uv,false,false,uv,uv,false,false,false,false,false,false,false,false,false,false,false,false,false,,true,false,0,,3,9,0,0,0,0,0,0,0,0,0,1,0,0,0,0,8421457,147459,srgb,spaceface-surface-breakup-v4-file-scope|spaceface-illustrated-surface-v8)  via Asteroid_311,GLTFKit_InstancePool_SF_WHOLESHIP_ASHLINE_DART_
        Δ instancing:off→on
        owners: SF_Shared_hull_textured_hull@weapon_pulse_cannon_Material_Hull_Merged001  SF_Shared_hull_textured_hull@GLTFKit_InstancePool_SF_WEAPON_PULSE_CANNON_weapon_pulse_cannon_Material_Hull_Merged001_0
    +11.2s  [NOVEL] SF_Shared_none_textured_none_native  (physical,STANDARD,,PHYSICAL,,highp,srgb-linear,306,1024,uv,false,false,uv,false,uv,false,false,uv,uv,false,false,false,false,false,false,false,false,false,false,false,false,false,,true,false,0,,3,9,0,0,0,0,0,0,0,0,0,1,0,0,0,0,8421585,149507,srgb,spaceface-surface-breakup-v4-file-scope|spaceface-illustrated-surface-v8)  via GLTFKit_SF_PLACE_STATION_MILITARY
        Δ instancing:off→on
        owners: SF_Shared_none_textured_none_native@weapon_pulse_cannon_Material_Hull_Merged001_1  SF_Shared_mechanical_dark@Remaster_Material_Mechanical_BrushedNickel  SF_Shared_none_textured_none_native@Remaster_Material_Hull_VitreousCeramic  SF_Shared_mechanical_dark@Remaster_Material_Mechanical_ShadowEnamel
    +11.5s  [NOVEL] ?  (physical,STANDARD,,highp,srgb-linear,306,1024,false,false,false,false,false,false,false,false,false,uv,false,false,false,false,false,false,false,false,false,false,false,false,false,,true,false,0,,3,9,0,0,0,0,0,0,0,0,0,1,0,0,0,0,8388624,131079,srgb,spaceface-illustrated-surface-v8)  via GLTFKit_SF_PLACE_STATION_MILITARY  [at getProgram () <- at prepareMaterial () <- at  <- at Mesh.traverse ()]
        Δ roughnessMapUv:false→uv | flatShading:off→on
        owners: MeshStandardMaterial@Mesh
    +11.5s  [NOVEL] sf-energy-massline:halo  (74,75,highp,srgb-linear,false,,false,false,false,false,false,false,false,false,false,false,false,false,false,false,false,false,false,false,false,false,false,false,false,,true,false,0,,3,9,0,0,0,0,0,0,0,0,0,1,0,0,0,0,8388608,2049,srgb,onBeforeCompile( /* shaderobject, renderer */ ) {})  via GLTFKit_SF_PLACE_STATION_MILITARY
        owners: sf-energy-massline:halo@Mesh  sf-energy-massline:core@Mesh
    +11.8s  [NOVEL] SF_Shared_none_textured_none_native  (physical,STANDARD,,highp,srgb-linear,306,1024,uv,false,false,uv,false,uv,false,false,uv,uv,false,false,false,false,false,false,false,false,false,false,false,false,false,,true,false,0,,3,9,0,0,0,0,0,0,0,0,0,1,0,0,0,0,8421456,149507,srgb,spaceface-illustrated-surface-v8)  via Group:pickup,GLTFKit_SF_PLACE_STATION_MILITARY,Group:pickup
        Δ aoMapUv:false→uv
        owners: SF_Shared_none_textured_none_native@LOD0_Station_Material_Warning  SF_Shared_none_textured_none_native@LOD1_Station_Material_Warning  SF_Shared_none_textured_none_native@LOD2_Station_Material_Warning  SF_Shared_none_textured_none_native@GLTFKit_StaticGroup_14_12
  boundary census at flight   authored×10 loading×50 awaiting-authored-admission×1
  non-terminal at start       ship_wasp(ship,loading->authored) ship_wasp(ship,loading->authored) ship_wasp(ship,loading->authored) ship_wasp(ship,loading->loading) station_helios(station,loading,never-req->authored) station_coalition(station,loading,never-req->authored) place_asteroid_seamed(asteroid,loading,never-req->loading) place_asteroid_rock_a(asteroid,loading,never-req->loading) 74(station,loading,never-req->loading) 75(station,loading,never-req->loading) 76(station,loading,never-req->loading) place_memorial_array(fx,loading,never-req->loading) place_debris_chunk(fx,loading,never-req->loading) place_cold_locker(fx,loading,never-req->loading) station_ceres(station,loading,never-req->loading) station_beltout(station,loading,never-req->loading) place_asteroid_rock_a(asteroid,loading,never-req->loading) place_asteroid_seamed(asteroid,loading,never-req->loading)
  program-key drift (old -> new):
    ship_wasp
      - (no program at start)
      + physical,STANDARD,,highp,srgb-linear,306,1024,false,false,false,false,false,false,false,false,false,false,false,false,false,false,false,false,false,false,false, [NOT warmed — nearest Δ specularColorMapUv:false→ | specularIntensityMapUv:false→∅ | transmissionMapUv:false→∅ | thicknessMapUv:false→∅]
    ship_wasp
      - (no program at start)
      + basic,highp,srgb-linear,false,,false,false,false,false,false,false,false,false,false,false,false,false,false,false,false,false,false,false,false,false,false,fal [NOT warmed — nearest Δ transmissionMapUv:false→fal | thicknessMapUv:false→∅ | combine:0→∅ | fogExp2:true→∅]
    ship_wasp
      - (no program at start)
      + physical,STANDARD,,highp,srgb-linear,306,1024,uv,false,false,false,false,uv,false,false,uv,uv,false,false,false,false,false,false,false,false,false,false,false, [NOT warmed — nearest Δ normalMapUv:false→uv | transmissionMapUv:false→ | thicknessMapUv:false→∅ | fogExp2:true→∅]
    ship_wasp
      - (no program at start)
      + physical,STANDARD,,highp,srgb-linear,306,1024,uv,false,false,false,false,uv,false,false,uv,uv,false,false,false,false,false,false,false,false,false,false,false, [NOT warmed — nearest Δ normalMapUv:false→uv | transmissionMapUv:false→ | thicknessMapUv:false→∅ | fogExp2:true→∅]
    ship_wasp
      - (no program at start)
      + physical,STANDARD,,highp,srgb-linear,306,1024,uv,false,false,false,false,uv,false,false,uv,uv,false,false,false,false,false,false,false,false,false,false,false, [NOT warmed — nearest Δ normalMapUv:false→uv | transmissionMapUv:false→ | thicknessMapUv:false→∅ | fogExp2:true→∅]
    ship_wasp
      - (no program at start)
      + physical,STANDARD,,highp,srgb-linear,306,1024,uv,false,false,false,false,uv,false,false,uv,uv,false,false,false,false,false,false,false,false,false,false,false, [NOT warmed — nearest Δ normalMapUv:false→uv | transmissionMapUv:false→ | thicknessMapUv:false→∅ | fogExp2:true→∅]
    ship_wasp
      - (no program at start)
      + physical,STANDARD,,highp,srgb-linear,306,1024,uv,false,false,uv,false,uv,false,false,uv,uv,false,false,false,false,false,false,false,false,false,false,false,fal [NOT warmed — nearest Δ aoMapUv:false→uv | normalMapUv:false→uv | transmissionMapUv:false→fal | thicknessMapUv:false→∅]
    ship_wasp
      - (no program at start)
      + physical,STANDARD,,highp,srgb-linear,306,1024,uv,false,false,uv,false,uv,false,false,uv,uv,false,false,false,false,false,false,false,false,false,false,false,fal [NOT warmed — nearest Δ aoMapUv:false→uv | normalMapUv:false→uv | transmissionMapUv:false→fal | thicknessMapUv:false→∅]
    ship_wasp
      - (no program at start)
      + physical,STANDARD,,PHYSICAL,,highp,srgb-linear,306,1024,uv,false,false,uv,false,uv,false,false,uv,uv,false,false,false,false,false,false,false,false,false,false [NOT warmed — nearest Δ aoMapUv:false→uv | normalMapUv:false→uv | specularIntensityMapUv:false→∅ | transmissionMapUv:false→∅]
    ship_wasp
      - (no program at start)
      + physical,STANDARD,,highp,srgb-linear,306,1024,uv,false,false,uv,false,uv,false,false,uv,uv,false,false,false,false,false,false,false,false,false,false,false,fal [NOT warmed — nearest Δ aoMapUv:false→uv | normalMapUv:false→uv | transmissionMapUv:false→fal | thicknessMapUv:false→∅]
    ship_wasp
      - (no program at start)
      + physical,STANDARD,,highp,srgb-linear,306,1024,uv,false,false,uv,false,uv,false,false,uv,uv,false,false,false,false,false,false,false,false,false,false,false,fal [NOT warmed — nearest Δ aoMapUv:false→uv | normalMapUv:false→uv | transmissionMapUv:false→fal | thicknessMapUv:false→∅]
    ship_wasp
      - (no program at start)
      + physical,STANDARD,,highp,srgb-linear,306,1024,uv,false,false,false,false,uv,false,false,uv,uv,false,false,false,false,false,false,false,false,false,false,false, [NOT warmed — nearest Δ normalMapUv:false→uv | transmissionMapUv:false→ | thicknessMapUv:false→∅ | fogExp2:true→∅]
    ship_wasp
      - (no program at start)
      + physical,STANDARD,,highp,srgb-linear,306,1024,uv,false,false,uv,false,uv,false,false,uv,uv,false,false,false,false,false,false,false,false,false,false,false,fal [NOT warmed — nearest Δ aoMapUv:false→uv | normalMapUv:false→uv | transmissionMapUv:false→fal | thicknessMapUv:false→∅]
    ship_wasp
      - (no program at start)
      + physical,STANDARD,,PHYSICAL,,highp,srgb-linear,306,1024,uv,false,false,uv,false,uv,false,false,uv,uv,false,false,false,false,false,false,false,false,false,false [NOT warmed — nearest Δ aoMapUv:false→uv | normalMapUv:false→uv | specularIntensityMapUv:false→∅ | transmissionMapUv:false→∅]
  mesh builds in sample:
    +1.2s  build ship:ship_wasp
    +1.2s  build ship:ship_wasp
    +1.2s  build ship:ship_wasp
    +1.2s  build ship:ship_wasp
    +10.5s  build asteroid:ast_common_rock
    +10.5s  build asteroid:ast_common_rock
    +10.5s  build asteroid:ast_common_rock
    +10.5s  build asteroid:ast_common_rock
    +10.5s  build asteroid:ast_common_rock
    +10.5s  build asteroid:ast_common_rock
    +10.5s  build asteroid:ast_common_rock
    +10.5s  build ship:ship_wasp
    +11.5s  build wreck:349
    +11.5s  build pickup:348
    +14.6s  build asteroid:ast_common_rock
    +14.6s  build asteroid:ast_common_rock
    +14.6s  build asteroid:ast_common_rock
    +14.6s  build asteroid:ast_common_rock
    +14.6s  build asteroid:ast_common_rock
    +14.6s  build asteroid:ast_common_rock
    +14.6s  build asteroid:ast_common_rock
    +19.7s  build ship:ship_wasp
  buffer uploads in sample:
    +0s  ×1    bufferData 48B  via Asteroid_308  <- rcs-layer:sheath.uv
    +0s  ×1    bufferData 144B  via Asteroid_308  <- rcs-layer:sheath.instanceOffset
    +0s  ×1    bufferData 192B  via Asteroid_308  <- rcs-layer:sheath.instanceAxisScale
    +0s  ×1    bufferData 192B  via Asteroid_308  <- rcs-layer:sheath.instanceParams
    +0s  ×1    bufferData 192B  via Asteroid_308  <- rcs-layer:sheath.instanceDynamics
    +0s  ×1    bufferData 144B  via Asteroid_308  <- rcs-layer:sheath.instanceColor
    +0s  ×1    bufferData 768B  via Asteroid_308  <- rcs-layer:sheath.instanceMatrix
    +0s  ×1    bufferData 24B  via Asteroid_308  <- rcs-layer:core.index
    +0s  ×1    bufferData 24B  via Asteroid_308  <- rcs-layer:inner.index
    +0s  ×1    bufferData 24B  via Asteroid_308  <- rcs-layer:sheath.index
    +8s  ×1    bufferData 113436B  via res:LOD2_HeliosGolden02_Batch_Mesh,LOD2_HeliosGolden02_Batch  <- LOD2_HeliosGolden02_Batch_Mesh.position LOD2_HeliosGolden02_Batch_Mesh.sfHullPos
    +8s  ×1    bufferData 37812B  via res:LOD2_HeliosGolden02_Batch_Mesh,LOD2_HeliosGolden02_Batch  <- LOD2_HeliosGolden02_Batch_Mesh.uv
    +8s  ×1    bufferData 37812B  via res:LOD2_HeliosGolden02_Batch_Mesh,LOD2_HeliosGolden02_Batch  <- LOD2_HeliosGolden02_Batch_Mesh.normal
    +8s  ×1    bufferData 37812B  via res:LOD2_HeliosGolden02_Batch_Mesh,LOD2_HeliosGolden02_Batch  <- LOD2_HeliosGolden02_Batch_Mesh.tangent
    +8s  ×1    bufferData 397480B  via res:LOD2_HeliosGolden02_Batch_Mesh,LOD2_HeliosGolden02_Batch  <- LOD2_HeliosGolden02_Batch_Mesh_1.uv
    +8s  ×1    bufferData 596220B  via res:LOD2_HeliosGolden02_Batch_Mesh,LOD2_HeliosGolden02_Batch  <- LOD2_HeliosGolden02_Batch_Mesh_1.position LOD2_HeliosGolden02_Batch_Mesh_1.sfHul
    +8s  ×1    bufferData 198740B  via res:LOD2_HeliosGolden02_Batch_Mesh,LOD2_HeliosGolden02_Batch  <- LOD2_HeliosGolden02_Batch_Mesh_1.normal
    +8s  ×1    bufferData 198740B  via res:LOD2_HeliosGolden02_Batch_Mesh,LOD2_HeliosGolden02_Batch  <- LOD2_HeliosGolden02_Batch_Mesh_1.tangent
    +8s  ×1    bufferData 43140B  via res:LOD2_HeliosGolden02_Batch_Mesh,LOD2_HeliosGolden02_Batch  <- LOD2_HeliosGolden02_Batch_Mesh_2.position LOD2_HeliosGolden02_Batch_Mesh_2.sfHul
    +8s  ×1    bufferData 14380B  via res:LOD2_HeliosGolden02_Batch_Mesh,LOD2_HeliosGolden02_Batch  <- LOD2_HeliosGolden02_Batch_Mesh_2.uv
    +8s  ×1    bufferData 14380B  via res:LOD2_HeliosGolden02_Batch_Mesh,LOD2_HeliosGolden02_Batch  <- LOD2_HeliosGolden02_Batch_Mesh_2.normal
    +8s  ×1    bufferData 14380B  via res:LOD2_HeliosGolden02_Batch_Mesh,LOD2_HeliosGolden02_Batch  <- LOD2_HeliosGolden02_Batch_Mesh_2.tangent
    +8s  ×1    bufferData 29344B  via res:LOD2_HeliosGolden02_Batch_Mesh,LOD2_HeliosGolden02_Batch  <- LOD2_HeliosGolden02_Batch_Mesh_3.uv
    +8s  ×1    bufferData 44016B  via res:LOD2_HeliosGolden02_Batch_Mesh,LOD2_HeliosGolden02_Batch  <- LOD2_HeliosGolden02_Batch_Mesh_3.position LOD2_HeliosGolden02_Batch_Mesh_3.sfHul
  SHIP LOST ITS PLACE         0 presents redrew an already-drawn moment (must be 0)
  hitch callbacks             49 of 200 (world resumed two ticks on)
  frames that shed sim time   144
  game speed vs real time     46.0 % (hit-stop and hitches are the only things allowed to lower it)
  OS says reduce motion       false
  game motion setting         full -> effects FULL
  rock batches                0/6  1/10  0/6  2/7  1/5
  player speed at end         114 WU/s
  console errors              4
    [log] [render] GPU: %s | tier: %s | pixelRatio: %s | buffer: %dx%d ANGLE (Google, Vulkan 1.3.0 (SwiftShader Device (Subzero) (0x0000C0DE)), SwiftShader driver) software 1.00 1600 900
    [warning] THREE.WebGLRenderer: KHR_parallel_shader_compile extension not supported.
    [error] Failed to load resource: the server responded with a status of 404 (Not Found) (http://127.0.0.1:39413/__spaceface_player_store)
    [warning] [GPU brick] bloomScene 526.6ms {"owners":[{"object":"Parallax_FarDust_Instances","material":"MeshStandardMaterial","root":"Parallax_FarDust","key":"physical,STANDARD,,highp,srgb-linear,306,1024,uv,false,false,uv,false,uv,false,false,uv,uv,false,false,false,false,false,false,false,false,false,false,f

