Extensions: writing cache failed ([Errno 30] Read-only file system: '/home/agent/.config/blender').
Info: Packed 6 file(s)
Info: Saved "LatchNine.blend"
Warning: No mesh data to join
Warning: No mesh data to join
Warning: No mesh data to join
Warning: No mesh data to join
Warning: No mesh data to join
Warning: No mesh data to join
Warning: No mesh data to join
Warning: No mesh data to join
Warning: No mesh data to join
Warning: No mesh data to join
Warning: No mesh data to join
Warning: No mesh data to join
Warning: No mesh data to join
Warning: No mesh data to join
Warning: No mesh data to join
Warning: No mesh data to join
Warning: No mesh data to join
Warning: No mesh data to join
Warning: No mesh data to join
Warning: No mesh data to join
Warning: No mesh data to join
Warning: No mesh data to join
Warning: No mesh data to join
Warning: No mesh data to join
ERROR Draco mesh compression is not available because library could not be found at /usr/bin/4.3/python/lib/python3.13/site-packages/libextern_draco.so
15:33:37 | INFO: Starting glTF 2.0 export
15:33:37 | INFO: Extracting primitive: LOD0_Armor
15:33:37 | WARNING: More than one shader node tex image used for a texture. The resulting glTF sampler will behave like the first shader node tex image.
15:33:37 | INFO: Primitives created: 1
15:33:37 | INFO: Extracting primitive: LOD0_Beacon_Amber
15:33:37 | INFO: Primitives created: 1
15:33:37 | INFO: Extracting primitive: LOD0_BrushedMetal
15:33:37 | WARNING: More than one shader node tex image used for a texture. The resulting glTF sampler will behave like the first shader node tex image.
15:33:37 | INFO: Primitives created: 1
15:33:37 | INFO: Extracting primitive: LOD0_HOOK_LATCH_THRUSTER_MAIN_PORT_glow_drive
15:33:37 | INFO: Primitives created: 1
15:33:37 | INFO: Extracting primitive: LOD0_HOOK_LATCH_THRUSTER_MAIN_STBD_glow_drive
15:33:37 | INFO: Primitives created: 1
15:33:37 | INFO: Extracting primitive: LOD0_HOOK_LATCH_THRUSTER_PORT_AFT_glow_drive
15:33:37 | INFO: Primitives created: 1
15:33:37 | INFO: Extracting primitive: LOD0_HOOK_LATCH_THRUSTER_PORT_FORE_glow_drive
15:33:37 | INFO: Primitives created: 1
15:33:37 | INFO: Extracting primitive: LOD0_HOOK_LATCH_THRUSTER_REVERSE_PORT_glow_drive
15:33:37 | INFO: Primitives created: 1
15:33:37 | INFO: Extracting primitive: LOD0_HOOK_LATCH_THRUSTER_REVERSE_STBD_glow_drive
15:33:37 | INFO: Primitives created: 1
15:33:37 | INFO: Extracting primitive: LOD0_HOOK_LATCH_THRUSTER_STBD_AFT_glow_drive
15:33:37 | INFO: Primitives created: 1
15:33:37 | INFO: Extracting primitive: LOD0_HOOK_LATCH_THRUSTER_STBD_FORE_glow_drive
15:33:37 | INFO: Primitives created: 1
15:33:37 | INFO: Extracting primitive: LOD0_HOOK_NAV_PORT
15:33:37 | INFO: Primitives created: 1
15:33:37 | INFO: Extracting primitive: LOD0_HOOK_NAV_STARBOARD
15:33:37 | INFO: Primitives created: 1
15:33:37 | INFO: Extracting primitive: LOD0_Hull
15:33:37 | WARNING: More than one shader node tex image used for a texture. The resulting glTF sampler will behave like the first shader node tex image.
15:33:37 | INFO: Primitives created: 1
15:33:37 | INFO: Extracting primitive: LOD0_Mechanical
15:33:37 | WARNING: More than one shader node tex image used for a texture. The resulting glTF sampler will behave like the first shader node tex image.
15:33:37 | INFO: Primitives created: 1
15:33:37 | INFO: Extracting primitive: LOD0_MechanicalDark
15:33:37 | WARNING: More than one shader node tex image used for a texture. The resulting glTF sampler will behave like the first shader node tex image.
15:33:37 | INFO: Primitives created: 1
15:33:37 | INFO: Extracting primitive: LOD0_Warning
15:33:37 | WARNING: More than one shader node tex image used for a texture. The resulting glTF sampler will behave like the first shader node tex image.
15:33:37 | INFO: Primitives created: 1
15:33:37 | INFO: Extracting primitive: LOD1_Armor
15:33:37 | INFO: Primitives created: 1
15:33:37 | INFO: Extracting primitive: LOD1_Beacon_Amber
15:33:37 | INFO: Primitives created: 1
15:33:37 | INFO: Extracting primitive: LOD1_BrushedMetal
15:33:37 | INFO: Primitives created: 1
15:33:37 | INFO: Extracting primitive: LOD1_HOOK_LATCH_THRUSTER_MAIN_PORT_glow_drive
15:33:37 | INFO: Primitives created: 1
15:33:37 | INFO: Extracting primitive: LOD1_HOOK_LATCH_THRUSTER_MAIN_STBD_glow_drive
15:33:37 | INFO: Primitives created: 1
15:33:37 | INFO: Extracting primitive: LOD1_HOOK_LATCH_THRUSTER_PORT_AFT_glow_drive
15:33:37 | INFO: Primitives created: 1
15:33:37 | INFO: Extracting primitive: LOD1_HOOK_LATCH_THRUSTER_PORT_FORE_glow_drive
15:33:37 | INFO: Primitives created: 1
15:33:37 | INFO: Extracting primitive: LOD1_HOOK_LATCH_THRUSTER_REVERSE_PORT_glow_drive
15:33:37 | INFO: Primitives created: 1
15:33:37 | INFO: Extracting primitive: LOD1_HOOK_LATCH_THRUSTER_REVERSE_STBD_glow_drive
15:33:37 | INFO: Primitives created: 1
15:33:37 | INFO: Extracting primitive: LOD1_HOOK_LATCH_THRUSTER_STBD_AFT_glow_drive
15:33:37 | INFO: Primitives created: 1
15:33:37 | INFO: Extracting primitive: LOD1_HOOK_LATCH_THRUSTER_STBD_FORE_glow_drive
15:33:37 | INFO: Primitives created: 1
15:33:37 | INFO: Extracting primitive: LOD1_HOOK_NAV_PORT
15:33:37 | INFO: Primitives created: 1
15:33:37 | INFO: Extracting primitive: LOD1_HOOK_NAV_STARBOARD
15:33:37 | INFO: Primitives created: 1
15:33:37 | INFO: Extracting primitive: LOD1_Hull
15:33:37 | INFO: Primitives created: 1
15:33:37 | INFO: Extracting primitive: LOD1_Mechanical
15:33:37 | INFO: Primitives created: 1
15:33:37 | INFO: Extracting primitive: LOD1_MechanicalDark
15:33:37 | INFO: Primitives created: 1
15:33:37 | INFO: Extracting primitive: LOD1_Warning
15:33:37 | INFO: Primitives created: 1
15:33:37 | INFO: Extracting primitive: LOD2_Armor
15:33:37 | INFO: Primitives created: 1
15:33:37 | INFO: Extracting primitive: LOD2_Beacon_Amber
15:33:37 | INFO: Primitives created: 1
15:33:37 | INFO: Extracting primitive: LOD2_BrushedMetal
15:33:37 | INFO: Primitives created: 1
15:33:37 | INFO: Extracting primitive: LOD2_HOOK_LATCH_THRUSTER_MAIN_PORT_glow_drive
15:33:37 | INFO: Primitives created: 1
15:33:37 | INFO: Extracting primitive: LOD2_HOOK_LATCH_THRUSTER_MAIN_STBD_glow_drive
15:33:37 | INFO: Primitives created: 1
15:33:37 | INFO: Extracting primitive: LOD2_HOOK_LATCH_THRUSTER_PORT_AFT_glow_drive
15:33:37 | INFO: Primitives created: 1
15:33:37 | INFO: Extracting primitive: LOD2_HOOK_LATCH_THRUSTER_PORT_FORE_glow_drive
15:33:37 | INFO: Primitives created: 1
15:33:37 | INFO: Extracting primitive: LOD2_HOOK_LATCH_THRUSTER_REVERSE_PORT_glow_drive
15:33:37 | INFO: Primitives created: 1
15:33:37 | INFO: Extracting primitive: LOD2_HOOK_LATCH_THRUSTER_REVERSE_STBD_glow_drive
15:33:37 | INFO: Primitives created: 1
15:33:37 | INFO: Extracting primitive: LOD2_HOOK_LATCH_THRUSTER_STBD_AFT_glow_drive
15:33:37 | INFO: Primitives created: 1
15:33:37 | INFO: Extracting primitive: LOD2_HOOK_LATCH_THRUSTER_STBD_FORE_glow_drive
15:33:37 | INFO: Primitives created: 1
15:33:37 | INFO: Extracting primitive: LOD2_HOOK_NAV_PORT
15:33:37 | INFO: Primitives created: 1
15:33:37 | INFO: Extracting primitive: LOD2_HOOK_NAV_STARBOARD
15:33:37 | INFO: Primitives created: 1
15:33:37 | INFO: Extracting primitive: LOD2_Hull
15:33:37 | INFO: Primitives created: 1
15:33:37 | INFO: Extracting primitive: LOD2_Mechanical
15:33:37 | INFO: Primitives created: 1
15:33:37 | INFO: Extracting primitive: LOD2_MechanicalDark
15:33:37 | INFO: Primitives created: 1
15:33:37 | INFO: Extracting primitive: LOD2_Warning
15:33:37 | INFO: Primitives created: 1
15:33:37 | INFO: Extracting primitive: LOD0_MOTION_LATCH_PADDLE_A_BrushedMetal
15:33:37 | INFO: Primitives created: 1
15:33:37 | INFO: Extracting primitive: LOD0_MOTION_LATCH_PADDLE_A_Lights_Warm
15:33:37 | INFO: Primitives created: 1
15:33:37 | INFO: Extracting primitive: LOD0_MOTION_LATCH_PADDLE_A_Mechanical
15:33:37 | INFO: Primitives created: 1
15:33:37 | INFO: Extracting primitive: LOD0_MOTION_LATCH_PADDLE_A_Warning
15:33:37 | INFO: Primitives created: 1
15:33:37 | INFO: Extracting primitive: LOD1_MOTION_LATCH_PADDLE_A_BrushedMetal
15:33:37 | INFO: Primitives created: 1
15:33:37 | INFO: Extracting primitive: LOD1_MOTION_LATCH_PADDLE_A_Lights_Warm
15:33:37 | INFO: Primitives created: 1
15:33:37 | INFO: Extracting primitive: LOD1_MOTION_LATCH_PADDLE_A_Mechanical
15:33:37 | INFO: Primitives created: 1
15:33:37 | INFO: Extracting primitive: LOD1_MOTION_LATCH_PADDLE_A_Warning
15:33:37 | INFO: Primitives created: 1
15:33:37 | INFO: Extracting primitive: LOD2_MOTION_LATCH_PADDLE_A_BrushedMetal
15:33:37 | INFO: Primitives created: 1
15:33:37 | INFO: Extracting primitive: LOD2_MOTION_LATCH_PADDLE_A_Lights_Warm
15:33:37 | INFO: Primitives created: 1
15:33:37 | INFO: Extracting primitive: LOD2_MOTION_LATCH_PADDLE_A_Mechanical
15:33:37 | INFO: Primitives created: 1
15:33:37 | INFO: Extracting primitive: LOD2_MOTION_LATCH_PADDLE_A_Warning
15:33:37 | INFO: Primitives created: 1
15:33:37 | INFO: Extracting primitive: LOD0_MOTION_LATCH_PADDLE_B_BrushedMetal
15:33:37 | INFO: Primitives created: 1
15:33:37 | INFO: Extracting primitive: LOD0_MOTION_LATCH_PADDLE_B_Lights_Warm
15:33:37 | INFO: Primitives created: 1
15:33:37 | INFO: Extracting primitive: LOD0_MOTION_LATCH_PADDLE_B_Mechanical
15:33:37 | INFO: Primitives created: 1
15:33:37 | INFO: Extracting primitive: LOD0_MOTION_LATCH_PADDLE_B_Warning
15:33:37 | INFO: Primitives created: 1
15:33:37 | INFO: Extracting primitive: LOD1_MOTION_LATCH_PADDLE_B_BrushedMetal
15:33:37 | INFO: Primitives created: 1
15:33:37 | INFO: Extracting primitive: LOD1_MOTION_LATCH_PADDLE_B_Lights_Warm
15:33:37 | INFO: Primitives created: 1
15:33:37 | INFO: Extracting primitive: LOD1_MOTION_LATCH_PADDLE_B_Mechanical
15:33:37 | INFO: Primitives created: 1
15:33:37 | INFO: Extracting primitive: LOD1_MOTION_LATCH_PADDLE_B_Warning
15:33:37 | INFO: Primitives created: 1
15:33:37 | INFO: Extracting primitive: LOD2_MOTION_LATCH_PADDLE_B_BrushedMetal
15:33:37 | INFO: Primitives created: 1
15:33:37 | INFO: Extracting primitive: LOD2_MOTION_LATCH_PADDLE_B_Lights_Warm
15:33:37 | INFO: Primitives created: 1
15:33:37 | INFO: Extracting primitive: LOD2_MOTION_LATCH_PADDLE_B_Mechanical
15:33:37 | INFO: Primitives created: 1
15:33:37 | INFO: Extracting primitive: LOD2_MOTION_LATCH_PADDLE_B_Warning
15:33:37 | INFO: Primitives created: 1
15:33:37 | INFO: Extracting primitive: LOD0_MOTION_LATCH_PADDLE_C_BrushedMetal
15:33:37 | INFO: Primitives created: 1
15:33:37 | INFO: Extracting primitive: LOD0_MOTION_LATCH_PADDLE_C_Lights_Warm
15:33:37 | INFO: Primitives created: 1
15:33:37 | INFO: Extracting primitive: LOD0_MOTION_LATCH_PADDLE_C_Mechanical
15:33:37 | INFO: Primitives created: 1
15:33:37 | INFO: Extracting primitive: LOD0_MOTION_LATCH_PADDLE_C_Warning
15:33:37 | INFO: Primitives created: 1
15:33:37 | INFO: Extracting primitive: LOD1_MOTION_LATCH_PADDLE_C_BrushedMetal
15:33:37 | INFO: Primitives created: 1
15:33:37 | INFO: Extracting primitive: LOD1_MOTION_LATCH_PADDLE_C_Lights_Warm
15:33:37 | INFO: Primitives created: 1
15:33:37 | INFO: Extracting primitive: LOD1_MOTION_LATCH_PADDLE_C_Mechanical
15:33:37 | INFO: Primitives created: 1
15:33:37 | INFO: Extracting primitive: LOD1_MOTION_LATCH_PADDLE_C_Warning
15:33:37 | INFO: Primitives created: 1
15:33:37 | INFO: Extracting primitive: LOD2_MOTION_LATCH_PADDLE_C_BrushedMetal
15:33:37 | INFO: Primitives created: 1
15:33:37 | INFO: Extracting primitive: LOD2_MOTION_LATCH_PADDLE_C_Lights_Warm
15:33:37 | INFO: Primitives created: 1
15:33:37 | INFO: Extracting primitive: LOD2_MOTION_LATCH_PADDLE_C_Mechanical
15:33:37 | INFO: Primitives created: 1
15:33:37 | INFO: Extracting primitive: LOD2_MOTION_LATCH_PADDLE_C_Warning
15:33:37 | INFO: Primitives created: 1
15:33:37 | INFO: Extracting primitive: LOD0_MOTION_LATCH_SHUTTER_Armor
15:33:37 | INFO: Primitives created: 1
15:33:37 | INFO: Extracting primitive: LOD0_MOTION_LATCH_SHUTTER_Beacon_Amber
15:33:37 | INFO: Primitives created: 1
15:33:37 | INFO: Extracting primitive: LOD1_MOTION_LATCH_SHUTTER_Armor
15:33:37 | INFO: Primitives created: 1
15:33:37 | INFO: Extracting primitive: LOD1_MOTION_LATCH_SHUTTER_Beacon_Amber
15:33:37 | INFO: Primitives created: 1
15:33:37 | INFO: Extracting primitive: LOD2_MOTION_LATCH_SHUTTER_Armor
15:33:37 | INFO: Primitives created: 1
15:33:37 | INFO: Extracting primitive: LOD2_MOTION_LATCH_SHUTTER_Beacon_Amber
15:33:37 | INFO: Primitives created: 1
15:33:37 | INFO: Finished glTF 2.0 export in 0.27364253997802734 s

[forge] /workspace/scratch/d2415e46e35b/recovery-latch-20261004/normal-route-v2/assets/ships/parts/places/place_latch_nine.glb place lod0 tris=24040 sockets=own
LATCH_RECONSTRUCTION_EXPORTED /workspace/scratch/d2415e46e35b/recovery-latch-20261004/normal-route-v2/assets/ships/parts/places/place_latch_nine.glb
Blender 4.3.2

Blender quit
