✔ existing shared caption/voice consumer tells approach apart from permission (1.321686ms)
✔ off-duty, foreign ship, lost station and uncommitted acknowledgement stay silent (0.321943ms)
✔ normal materializer creates one source-origin physical actor and binds one exact spawn-budget slot (79.317524ms)
✔ ordinary approach guidance does not manufacture clearance; actual berth commit acknowledges once and return can acknowledge again (7.165157ms)
✔ sector exit releases the exact actor and slot; return rematerializes a fresh native life (6.755511ms)
✔ cold semantic restore removes the old runtime body, restores only four fields and does not replay acknowledgement (6.770763ms)
✔ destroyed/disabled Latch leaves ordinary docking authority usable and does not respawn a destroyed body (3.915894ms)
✔ native-observed clean docking recognizes once; stale or replayed commits cannot add arrivals (11.537496ms)
✔ only same-life law-owner player incidents enter the bounded idempotent memory (4.176937ms)
✔ browser source admission and scene detach fail physical colliders closed without borrowing ready strings (5.183059ms)
✔ canonical compiled Latch package presents only exact consumed native actuation and withdraws on scene loss (224.987977ms)
LATCH_COMPOSED_CPU_COUNTS {"lod0":{"visibleMeshCandidates":25,"triangles":24040},"lod1":{"visibleMeshCandidates":25,"triangles":9606},"lod2":{"visibleMeshCandidates":25,"triangles":3414}}
✔ real place publication records the compiled Latch source independently of Ceres metadata (176.463859ms)
✔ source certificate, current native compound and every rendered LOD agree without relaxing coverage (9.15747ms)
✔ real native compound has source slabs and three solid paddles; never an enclosing convex hull (70.639175ms)
✔ paddles move actual native colliders and stale generations cannot command or render (8.358379ms)
✔ a real native blocker stops a swept blade before endpoint penetration (14.352787ms)
✔ continuous rotational bounds include intermediate arc extrema, not only endpoints (0.214052ms)
✔ propulsion requires a later native force witness; stale physics and scene lives stay dark (16.928087ms)
✔ same life with replaced manifest/spec/body cannot inherit accepted motion or plume (2.619847ms)
✔ forged same-id geometry never obtains a Latch physical binding (2.00984ms)
✔ disabled, dead and disposed native owners immediately invalidate render and command leases (2.030992ms)
✔ full rotational motor remains bounded; accepted native orientation matches its centre arc (25.270011ms)
✔ cold semantic Continue creates fresh bindings and never revives prior motor angles or native receipt (19.784859ms)
✔ opaque non-rest native snapshot is rejected rather than misbinding physical paddles on Continue (18.39444ms)
✔ signed force allocations select opposite real mouths; idle and sector-detached actuation stay dark (5.29058ms)
✔ leaving the service sector cancels its queued force without deleting foreign impulses (2.552906ms)
✔ signed socket moment matches native game-yaw torque and turns a misaligned tender toward rest (2.095739ms)
✔ missing real authored model keeps production service unpromoted without a fallback (2.135759ms)
✔ admission rejects red/foreign art, static or sensor bodies, stale identity and duplicate tenders (1.466764ms)
✔ post-commit event observes both UI fields, even when service initialized before uiRoot (1.372963ms)
✔ paused keepalive finishes one ACK without advancing sim time or moving a body (0.740964ms)
✔ raw or wrong-identity post-commit messages cannot manufacture an ACK (0.440883ms)
✔ denial during docked pause cancels acknowledgement immediately (0.501703ms)
✔ new tender or player lifetime cannot inherit an armed arrival even when the object is reused (0.708084ms)
✔ physical service-box displacement exposes recovery while leaving bodies untouched (0.388353ms)
✔ canonical killed body persists destroyed, but a stale/unrelated kill does not (0.455474ms)
✔ real Save capture plan and sync/async section generator save only semantic fields (1.492452ms)
✔ real restore prefix calls the owner before sector entry and completed arrival never replays (1.2042ms)
✔ fresh-run owner list resets destroyed/met without rediscovering a stale old-world body (0.349135ms)
✔ sector lifecycle and teardown discard active/stale observers without duplicate listeners (0.487523ms)
✔ production order, reset, browser and Node lookup and docked keepalive seams are wired (1.416609ms)
✔ old-player dock:docked through the real commit helper cannot dock or acknowledge the new player (0.375234ms)
✔ legacy untagged docking remains usable but cannot gain Latch ACK on a later keepalive (0.386952ms)
✔ same ID and generation on a fresh restored object cannot authenticate an old dock intent (0.313041ms)
✔ cloning/serializing a receipt preserves ordinary compatibility but cannot forge recognition (0.191158ms)
✔ same actor cannot reuse a dock receipt across sector entry or target object replacement (0.289885ms)
✔ range extraction drives the real physics owner with unchanged enter/leave events (3.203523ms)
✔ manifest berth and large-hull standoff keep the actual range/speed gate (2.108929ms)
✔ nearest station and jump gate selection are preserved (0.261893ms)
✔ denial banner and command route keep the exact same pure refusal selector (0.622075ms)
✔ requests, UI prompt repaints and corridor geometry never manufacture GUIDE (0.275434ms)
✔ revocation interrupts GUIDE next tick, inside the 10 Hz readout interval (0.325038ms)
✔ fresh exact entity identity defeats stale station indexes and stale denial indexes (0.245288ms)
✔ transition, jump, dead player and nonflight fences close guidance (0.250947ms)
✔ only a confirmed docked-state edge after an eligible approach acknowledges, once (0.42557ms)
✔ Save/Continue during GUIDE recomputes permission and after arrival never replays ACK (0.434393ms)
✔ save restore and replaced ship cannot inherit an armed arrival (0.197136ms)
✔ recovery reports the physical owner state without moving or freezing either vessel (0.342685ms)
✔ disabled, dismissed and destroyed character never changes ordinary docking (0.258048ms)
✔ bounded save normalization rejects transient fields and returns independent data (0.23314ms)
✔ manual approach gives mouth/alignment cues before permission, then READY only at the actual berth (0.819111ms)
✔ approach target reads do not engage autopilot or write player input, and revocation clears them (0.455374ms)
✔ off-duty service stays quiet instead of republishing every tick in another sector (0.148093ms)
✔ a menu or administrative transition cannot manufacture the first voluntary encounter (0.151958ms)
✔ CLI parser requires an explicit, unique list of place ids (1.820456ms)
✔ selected assets resolve only canonical, unblocked place rows (0.435244ms)
✔ selected build and manifest patch preserve membership, order, and untouched rows (1.693224ms)
✔ publication bindings pin current release and manifest hashes exactly (0.434082ms)
✔ release metadata replaces source-pending state on asset, scene, and canonical root (0.533252ms)
✔ release metadata preserves a source-declared single-LOD preview topology (0.249635ms)
✔ source and parts-manifest guards roll back outputs on post-validation drift (26.639469ms)
✔ parts-manifest guard also rolls back outputs on post-validation drift (35.507044ms)
✔ source drift and incomplete release payloads fail closed (0.931039ms)
✔ release texture profiles keep normals UASTC and color plus ORM ETC1S (0.20631ms)
✔ first registration appends only a fully validated selected place without changing prior rows (0.890228ms)
ℹ tests 75
ℹ suites 0
ℹ pass 75
ℹ fail 0
ℹ cancelled 0
ℹ skipped 0
ℹ todo 0
ℹ duration_ms 974.881866
