Extensions: writing cache failed ([Errno 30] Read-only file system: '/home/agent/.config/blender').
{'candidate': 'study-c1', 'lod': 0, 'triangles': 3016, 'meshCount': 14, 'boundsBlender': {'min': [-9.699999809265137, -8.279999732971191, -1.2799999713897705], 'max': [11.0, 8.279999732971191, 3.0311999320983887]}, 'decimation': False, 'actualGameLookVerified': False, 'physicsTuningChanged': False}
Info: Saved "charger-LOD0-source.blend"
ERROR Draco mesh compression is not available because library could not be found at /usr/bin/4.3/python/lib/python3.13/site-packages/libextern_draco.so
19:01:37 | INFO: Starting glTF 2.0 export
19:01:37 | INFO: Extracting primitive: CHARGER_fixed_keel
19:01:37 | INFO: Primitives created: 1
19:01:37 | INFO: Extracting primitive: CHARGER_cephalic_shield
19:01:37 | WARNING: More than one shader node tex image used for a texture. The resulting glTF sampler will behave like the first shader node tex image.
19:01:37 | INFO: Primitives created: 2
19:01:37 | INFO: Extracting primitive: CHARGER_ramming_buttress_PORT
19:01:37 | INFO: Primitives created: 2
19:01:37 | INFO: Extracting primitive: CHARGER_impact_chisel_PORT
19:01:37 | WARNING: More than one shader node tex image used for a texture. The resulting glTF sampler will behave like the first shader node tex image.
19:01:37 | INFO: Primitives created: 1
19:01:37 | INFO: Extracting primitive: CHARGER_stabilizer_support_PORT
19:01:37 | INFO: Primitives created: 2
19:01:37 | INFO: Extracting primitive: CHARGER_ramming_buttress_STARBOARD
19:01:37 | INFO: Primitives created: 2
19:01:37 | INFO: Extracting primitive: CHARGER_impact_chisel_STARBOARD
19:01:37 | INFO: Primitives created: 1
19:01:37 | INFO: Extracting primitive: CHARGER_stabilizer_support_STARBOARD
19:01:37 | INFO: Primitives created: 2
19:01:37 | INFO: Extracting primitive: CHARGER_labrum
19:01:37 | INFO: Primitives created: 1
19:01:37 | INFO: Extracting primitive: CHARGER_folding_paddle_PORT
19:01:37 | INFO: Primitives created: 1
19:01:37 | INFO: Extracting primitive: CHARGER_folding_paddle_STARBOARD
19:01:37 | INFO: Primitives created: 1
19:01:37 | INFO: Extracting primitive: CHARGER_telescoping_anterior
19:01:37 | INFO: Primitives created: 1
19:01:37 | INFO: Extracting primitive: CHARGER_telescoping_middle
19:01:37 | INFO: Primitives created: 1
19:01:37 | INFO: Extracting primitive: CHARGER_telescoping_posterior
19:01:37 | INFO: Primitives created: 1
19:01:37 | INFO: Finished glTF 2.0 export in 0.04338479042053223 s
Blender 4.3.2
Fra:1 Mem:12.91M (Peak 12.91M) | Time:00:00.00 | Mem:0.00M, Peak:0.00M | Scene, ViewLayer | Synchronizing object | CHARGER_fixed_keel
Fra:1 Mem:12.91M (Peak 12.91M) | Time:00:00.00 | Mem:0.00M, Peak:0.00M | Scene, ViewLayer | Synchronizing object | CHARGER_cephalic_shield
Fra:1 Mem:12.94M (Peak 12.94M) | Time:00:00.00 | Mem:0.00M, Peak:0.00M | Scene, ViewLayer | Synchronizing object | CHARGER_labrum
Fra:1 Mem:13.00M (Peak 13.00M) | Time:00:00.00 | Mem:0.00M, Peak:0.00M | Scene, ViewLayer | Synchronizing object | CHARGER_telescoping_anterior
Fra:1 Mem:13.02M (Peak 13.02M) | Time:00:00.00 | Mem:0.00M, Peak:0.00M | Scene, ViewLayer | Synchronizing object | CHARGER_telescoping_middle
Fra:1 Mem:13.04M (Peak 13.04M) | Time:00:00.00 | Mem:0.00M, Peak:0.00M | Scene, ViewLayer | Synchronizing object | CHARGER_impact_chisel_PORT
Fra:1 Mem:13.07M (Peak 13.07M) | Time:00:00.00 | Mem:0.00M, Peak:0.00M | Scene, ViewLayer | Synchronizing object | CHARGER_telescoping_posterior
Fra:1 Mem:13.07M (Peak 13.07M) | Time:00:00.00 | Mem:0.00M, Peak:0.00M | Scene, ViewLayer | Synchronizing object | CHARGER_stabilizer_support_PORT
Fra:1 Mem:13.11M (Peak 13.11M) | Time:00:00.00 | Mem:0.00M, Peak:0.00M | Scene, ViewLayer | Synchronizing object | CHARGER_folding_paddle_STARBOARD
Fra:1 Mem:13.14M (Peak 13.14M) | Time:00:00.00 | Mem:0.00M, Peak:0.00M | Scene, ViewLayer | Synchronizing object | CHARGER_folding_paddle_PORT
Fra:1 Mem:13.16M (Peak 13.16M) | Time:00:00.00 | Mem:0.00M, Peak:0.00M | Scene, ViewLayer | Synchronizing object | CHARGER_ramming_buttress_STARBOARD
Fra:1 Mem:13.17M (Peak 13.17M) | Time:00:00.00 | Mem:0.00M, Peak:0.00M | Scene, ViewLayer | Synchronizing object | CHARGER_stabilizer_support_STARBOARD
Fra:1 Mem:13.21M (Peak 13.21M) | Time:00:00.00 | Mem:0.00M, Peak:0.00M | Scene, ViewLayer | Synchronizing object | CHARGER_impact_chisel_STARBOARD
Fra:1 Mem:13.27M (Peak 13.27M) | Time:00:00.00 | Mem:0.00M, Peak:0.00M | Scene, ViewLayer | Initializing
Fra:1 Mem:13.21M (Peak 13.27M) | Time:00:00.00 | Mem:0.00M, Peak:0.00M | Scene, ViewLayer | Updating Images | Loading BroodChitin_ORM_v1
Fra:1 Mem:13.21M (Peak 13.27M) | Time:00:00.00 | Mem:0.00M, Peak:0.00M | Scene, ViewLayer | Updating Images | Loading BroodChitin_Normal_v1
Fra:1 Mem:12.92M (Peak 13.27M) | Time:00:00.00 | Mem:0.50M, Peak:0.50M | Scene, ViewLayer | Waiting for render to start
Fra:1 Mem:12.92M (Peak 13.27M) | Time:00:00.00 | Mem:0.50M, Peak:0.50M | Scene, ViewLayer | Loading render kernels (may take a few minutes the first time)
Fra:1 Mem:12.92M (Peak 13.27M) | Time:00:00.00 | Mem:0.50M, Peak:0.50M | Scene, ViewLayer | Updating Scene
Fra:1 Mem:12.92M (Peak 13.27M) | Time:00:00.00 | Mem:0.50M, Peak:0.50M | Scene, ViewLayer | Updating Shaders
Fra:1 Mem:13.00M (Peak 13.27M) | Time:00:00.00 | Mem:0.50M, Peak:0.50M | Scene, ViewLayer | Updating Procedurals
Fra:1 Mem:13.00M (Peak 13.27M) | Time:00:00.00 | Mem:0.50M, Peak:0.50M | Scene, ViewLayer | Updating Background
Fra:1 Mem:13.00M (Peak 13.27M) | Time:00:00.00 | Mem:0.50M, Peak:0.50M | Scene, ViewLayer | Updating Camera
Fra:1 Mem:13.00M (Peak 13.27M) | Time:00:00.00 | Mem:0.50M, Peak:0.50M | Scene, ViewLayer | Updating Meshes Flags
Fra:1 Mem:13.00M (Peak 13.27M) | Time:00:00.00 | Mem:0.50M, Peak:0.50M | Scene, ViewLayer | Updating Objects
Fra:1 Mem:13.00M (Peak 13.27M) | Time:00:00.00 | Mem:0.50M, Peak:0.50M | Scene, ViewLayer | Updating Objects | Copying Transformations to device
Fra:1 Mem:13.01M (Peak 13.27M) | Time:00:00.00 | Mem:0.51M, Peak:0.51M | Scene, ViewLayer | Updating Objects | Applying Static Transformations
Fra:1 Mem:13.01M (Peak 13.27M) | Time:00:00.00 | Mem:0.51M, Peak:0.51M | Scene, ViewLayer | Updating Particle Systems
Fra:1 Mem:13.01M (Peak 13.27M) | Time:00:00.00 | Mem:0.51M, Peak:0.51M | Scene, ViewLayer | Updating Particle Systems | Copying Particles to device
Fra:1 Mem:13.01M (Peak 13.27M) | Time:00:00.00 | Mem:0.51M, Peak:0.51M | Scene, ViewLayer | Updating Meshes
Fra:1 Mem:13.05M (Peak 13.27M) | Time:00:00.00 | Mem:0.51M, Peak:0.51M | Scene, ViewLayer | Updating Mesh | Computing attributes
Fra:1 Mem:13.28M (Peak 13.28M) | Time:00:00.00 | Mem:0.51M, Peak:0.51M | Scene, ViewLayer | Updating Mesh | Copying Attributes to device
Fra:1 Mem:13.28M (Peak 13.28M) | Time:00:00.00 | Mem:0.73M, Peak:0.73M | Scene, ViewLayer | Updating Scene BVH | Building
Fra:1 Mem:13.28M (Peak 13.28M) | Time:00:00.00 | Mem:0.73M, Peak:0.73M | Scene, ViewLayer | Updating Scene BVH | Building BVH
Fra:1 Mem:13.28M (Peak 13.28M) | Time:00:00.00 | Mem:0.83M, Peak:0.83M | Scene, ViewLayer | Updating Scene BVH | Building BVH 0%
Fra:1 Mem:13.28M (Peak 13.28M) | Time:00:00.00 | Mem:0.93M, Peak:1.02M | Scene, ViewLayer | Updating Scene BVH | Copying BVH to device
Fra:1 Mem:13.28M (Peak 13.28M) | Time:00:00.00 | Mem:0.93M, Peak:1.02M | Scene, ViewLayer | Updating Mesh | Computing normals
Fra:1 Mem:13.38M (Peak 13.38M) | Time:00:00.00 | Mem:0.93M, Peak:1.02M | Scene, ViewLayer | Updating Mesh | Copying Mesh to device
Fra:1 Mem:13.38M (Peak 13.38M) | Time:00:00.00 | Mem:1.03M, Peak:1.03M | Scene, ViewLayer | Updating Objects Flags
Fra:1 Mem:13.38M (Peak 13.38M) | Time:00:00.00 | Mem:1.03M, Peak:1.03M | Scene, ViewLayer | Updating Primitive Offsets
Fra:1 Mem:13.38M (Peak 13.38M) | Time:00:00.00 | Mem:1.03M, Peak:1.03M | Scene, ViewLayer | Updating Images
Fra:1 Mem:13.38M (Peak 13.38M) | Time:00:00.00 | Mem:1.03M, Peak:1.03M | Scene, ViewLayer | Updating Camera Volume
Fra:1 Mem:13.38M (Peak 13.38M) | Time:00:00.00 | Mem:1.03M, Peak:1.03M | Scene, ViewLayer | Updating Lookup Tables
Fra:1 Mem:13.38M (Peak 13.38M) | Time:00:00.00 | Mem:1.11M, Peak:1.11M | Scene, ViewLayer | Updating Lights
Fra:1 Mem:13.38M (Peak 13.38M) | Time:00:00.00 | Mem:1.12M, Peak:1.12M | Scene, ViewLayer | Updating Lights | Computing tree
Fra:1 Mem:13.38M (Peak 13.38M) | Time:00:00.00 | Mem:1.12M, Peak:1.12M | Scene, ViewLayer | Updating Integrator
Fra:1 Mem:13.38M (Peak 13.38M) | Time:00:00.00 | Mem:1.12M, Peak:1.12M | Scene, ViewLayer | Updating Film
Fra:1 Mem:13.39M (Peak 13.39M) | Time:00:00.00 | Mem:1.04M, Peak:1.12M | Scene, ViewLayer | Updating Lookup Tables
Fra:1 Mem:13.39M (Peak 13.39M) | Time:00:00.00 | Mem:1.12M, Peak:1.12M | Scene, ViewLayer | Updating Baking
Fra:1 Mem:13.39M (Peak 13.39M) | Time:00:00.00 | Mem:1.12M, Peak:1.12M | Scene, ViewLayer | Updating Device | Writing constant memory
Fra:1 Mem:13.39M (Peak 13.39M) | Time:00:00.00 | Mem:1.12M, Peak:1.12M | Scene, ViewLayer | Sample 0/24
Fra:1 Mem:32.44M (Peak 32.44M) | Time:00:00.14 | Remaining:00:03.17 | Mem:20.17M, Peak:20.17M | Scene, ViewLayer | Sample 1/24
Fra:1 Mem:40.90M (Peak 57.82M) | Time:00:02.73 | Mem:20.17M, Peak:20.17M | Scene, ViewLayer | Sample 24/24
Fra:1 Mem:40.90M (Peak 57.82M) | Time:00:02.73 | Mem:20.17M, Peak:20.17M | Scene, ViewLayer | Finished
Saved: '/workspace/scratch/d2415e46e35b/brood-charger-redesign/study-c1/c1-lod0-top.png'
Time: 00:02.89 (Saving: 00:00.15)

Fra:1 Mem:12.91M (Peak 12.91M) | Time:00:00.00 | Mem:0.00M, Peak:0.00M | Scene, ViewLayer | Synchronizing object | CHARGER_labrum
Fra:1 Mem:12.92M (Peak 12.92M) | Time:00:00.00 | Mem:0.00M, Peak:0.00M | Scene, ViewLayer | Synchronizing object | CHARGER_fixed_keel
Fra:1 Mem:12.93M (Peak 12.93M) | Time:00:00.00 | Mem:0.00M, Peak:0.00M | Scene, ViewLayer | Synchronizing object | CHARGER_telescoping_anterior
Fra:1 Mem:13.05M (Peak 13.05M) | Time:00:00.00 | Mem:0.00M, Peak:0.00M | Scene, ViewLayer | Synchronizing object | CHARGER_telescoping_middle
Fra:1 Mem:13.07M (Peak 13.07M) | Time:00:00.00 | Mem:0.00M, Peak:0.00M | Scene, ViewLayer | Synchronizing object | CHARGER_impact_chisel_PORT
Fra:1 Mem:13.10M (Peak 13.10M) | Time:00:00.00 | Mem:0.00M, Peak:0.00M | Scene, ViewLayer | Synchronizing object | CHARGER_stabilizer_support_PORT
Fra:1 Mem:13.11M (Peak 13.11M) | Time:00:00.00 | Mem:0.00M, Peak:0.00M | Scene, ViewLayer | Synchronizing object | CHARGER_telescoping_posterior
Fra:1 Mem:13.14M (Peak 13.14M) | Time:00:00.00 | Mem:0.00M, Peak:0.00M | Scene, ViewLayer | Synchronizing object | CHARGER_folding_paddle_PORT
Fra:1 Mem:13.15M (Peak 13.15M) | Time:00:00.00 | Mem:0.00M, Peak:0.00M | Scene, ViewLayer | Synchronizing object | CHARGER_folding_paddle_STARBOARD
Fra:1 Mem:13.19M (Peak 13.19M) | Time:00:00.00 | Mem:0.00M, Peak:0.00M | Scene, ViewLayer | Synchronizing object | CHARGER_ramming_buttress_STARBOARD
Fra:1 Mem:13.20M (Peak 13.20M) | Time:00:00.00 | Mem:0.00M, Peak:0.00M | Scene, ViewLayer | Synchronizing object | CHARGER_impact_chisel_STARBOARD
Fra:1 Mem:13.25M (Peak 13.25M) | Time:00:00.00 | Mem:0.00M, Peak:0.00M | Scene, ViewLayer | Synchronizing object | CHARGER_stabilizer_support_STARBOARD
Fra:1 Mem:13.27M (Peak 13.27M) | Time:00:00.00 | Mem:0.00M, Peak:0.00M | Scene, ViewLayer | Initializing
Fra:1 Mem:13.21M (Peak 13.27M) | Time:00:00.00 | Mem:0.00M, Peak:0.00M | Scene, ViewLayer | Updating Images | Loading BroodChitin_ORM_v1
Fra:1 Mem:13.21M (Peak 13.27M) | Time:00:00.00 | Mem:0.00M, Peak:0.00M | Scene, ViewLayer | Updating Images | Loading BroodChitin_Normal_v1
Fra:1 Mem:12.92M (Peak 13.27M) | Time:00:00.00 | Mem:0.50M, Peak:0.50M | Scene, ViewLayer | Waiting for render to start
Fra:1 Mem:12.92M (Peak 13.27M) | Time:00:00.00 | Mem:0.50M, Peak:0.50M | Scene, ViewLayer | Loading render kernels (may take a few minutes the first time)
Fra:1 Mem:12.92M (Peak 13.27M) | Time:00:00.00 | Mem:0.50M, Peak:0.50M | Scene, ViewLayer | Updating Scene
Fra:1 Mem:12.92M (Peak 13.27M) | Time:00:00.00 | Mem:0.50M, Peak:0.50M | Scene, ViewLayer | Updating Shaders
Fra:1 Mem:13.00M (Peak 13.27M) | Time:00:00.00 | Mem:0.50M, Peak:0.50M | Scene, ViewLayer | Updating Procedurals
Fra:1 Mem:13.00M (Peak 13.27M) | Time:00:00.00 | Mem:0.50M, Peak:0.50M | Scene, ViewLayer | Updating Background
Fra:1 Mem:13.00M (Peak 13.27M) | Time:00:00.00 | Mem:0.50M, Peak:0.50M | Scene, ViewLayer | Updating Camera
Fra:1 Mem:13.00M (Peak 13.27M) | Time:00:00.00 | Mem:0.50M, Peak:0.50M | Scene, ViewLayer | Updating Meshes Flags
Fra:1 Mem:13.00M (Peak 13.27M) | Time:00:00.00 | Mem:0.50M, Peak:0.50M | Scene, ViewLayer | Updating Objects
Fra:1 Mem:13.00M (Peak 13.27M) | Time:00:00.00 | Mem:0.50M, Peak:0.50M | Scene, ViewLayer | Updating Objects | Copying Transformations to device
Fra:1 Mem:13.01M (Peak 13.27M) | Time:00:00.00 | Mem:0.51M, Peak:0.51M | Scene, ViewLayer | Updating Objects | Applying Static Transformations
Fra:1 Mem:13.01M (Peak 13.27M) | Time:00:00.00 | Mem:0.51M, Peak:0.51M | Scene, ViewLayer | Updating Particle Systems
Fra:1 Mem:13.01M (Peak 13.27M) | Time:00:00.00 | Mem:0.51M, Peak:0.51M | Scene, ViewLayer | Updating Particle Systems | Copying Particles to device
Fra:1 Mem:13.01M (Peak 13.27M) | Time:00:00.00 | Mem:0.51M, Peak:0.51M | Scene, ViewLayer | Updating Meshes
Fra:1 Mem:13.05M (Peak 13.27M) | Time:00:00.00 | Mem:0.51M, Peak:0.51M | Scene, ViewLayer | Updating Mesh | Computing attributes
Fra:1 Mem:13.28M (Peak 13.28M) | Time:00:00.00 | Mem:0.51M, Peak:0.51M | Scene, ViewLayer | Updating Mesh | Copying Attributes to device
Fra:1 Mem:13.28M (Peak 13.28M) | Time:00:00.00 | Mem:0.73M, Peak:0.73M | Scene, ViewLayer | Updating Scene BVH | Building
Fra:1 Mem:13.28M (Peak 13.28M) | Time:00:00.00 | Mem:0.73M, Peak:0.73M | Scene, ViewLayer | Updating Scene BVH | Building BVH
Fra:1 Mem:13.28M (Peak 13.28M) | Time:00:00.00 | Mem:0.83M, Peak:0.83M | Scene, ViewLayer | Updating Scene BVH | Building BVH 0%
Fra:1 Mem:13.28M (Peak 13.28M) | Time:00:00.00 | Mem:0.93M, Peak:1.02M | Scene, ViewLayer | Updating Scene BVH | Copying BVH to device
Fra:1 Mem:13.28M (Peak 13.28M) | Time:00:00.00 | Mem:0.93M, Peak:1.02M | Scene, ViewLayer | Updating Mesh | Computing normals
Fra:1 Mem:13.38M (Peak 13.38M) | Time:00:00.00 | Mem:0.93M, Peak:1.02M | Scene, ViewLayer | Updating Mesh | Copying Mesh to device
Fra:1 Mem:13.38M (Peak 13.38M) | Time:00:00.00 | Mem:1.03M, Peak:1.03M | Scene, ViewLayer | Updating Objects Flags
Fra:1 Mem:13.38M (Peak 13.38M) | Time:00:00.00 | Mem:1.03M, Peak:1.03M | Scene, ViewLayer | Updating Primitive Offsets
Fra:1 Mem:13.38M (Peak 13.38M) | Time:00:00.00 | Mem:1.03M, Peak:1.03M | Scene, ViewLayer | Updating Images
Fra:1 Mem:13.38M (Peak 13.38M) | Time:00:00.00 | Mem:1.03M, Peak:1.03M | Scene, ViewLayer | Updating Camera Volume
Fra:1 Mem:13.38M (Peak 13.38M) | Time:00:00.00 | Mem:1.03M, Peak:1.03M | Scene, ViewLayer | Updating Lookup Tables
Fra:1 Mem:13.38M (Peak 13.38M) | Time:00:00.00 | Mem:1.11M, Peak:1.11M | Scene, ViewLayer | Updating Lights
Fra:1 Mem:13.38M (Peak 13.38M) | Time:00:00.00 | Mem:1.12M, Peak:1.12M | Scene, ViewLayer | Updating Lights | Computing tree
Fra:1 Mem:13.38M (Peak 13.38M) | Time:00:00.00 | Mem:1.12M, Peak:1.12M | Scene, ViewLayer | Updating Integrator
Fra:1 Mem:13.38M (Peak 13.38M) | Time:00:00.00 | Mem:1.12M, Peak:1.12M | Scene, ViewLayer | Updating Film
Fra:1 Mem:13.39M (Peak 13.39M) | Time:00:00.00 | Mem:1.04M, Peak:1.12M | Scene, ViewLayer | Updating Lookup Tables
Fra:1 Mem:13.39M (Peak 13.39M) | Time:00:00.00 | Mem:1.12M, Peak:1.12M | Scene, ViewLayer | Updating Baking
Fra:1 Mem:13.39M (Peak 13.39M) | Time:00:00.00 | Mem:1.12M, Peak:1.12M | Scene, ViewLayer | Updating Device | Writing constant memory
Fra:1 Mem:13.39M (Peak 13.39M) | Time:00:00.00 | Mem:1.12M, Peak:1.12M | Scene, ViewLayer | Sample 0/24
Fra:1 Mem:32.44M (Peak 32.44M) | Time:00:00.13 | Remaining:00:02.88 | Mem:20.17M, Peak:20.17M | Scene, ViewLayer | Sample 1/24
Fra:1 Mem:40.90M (Peak 57.82M) | Time:00:02.54 | Mem:20.17M, Peak:20.17M | Scene, ViewLayer | Sample 24/24
Fra:1 Mem:40.90M (Peak 57.82M) | Time:00:02.54 | Mem:20.17M, Peak:20.17M | Scene, ViewLayer | Finished
Saved: '/workspace/scratch/d2415e46e35b/brood-charger-redesign/study-c1/c1-lod0-chase60.png'
Time: 00:02.59 (Saving: 00:00.04)

Fra:1 Mem:12.91M (Peak 12.91M) | Time:00:00.00 | Mem:0.00M, Peak:0.00M | Scene, ViewLayer | Synchronizing object | CHARGER_cephalic_shield
Fra:1 Mem:12.91M (Peak 12.91M) | Time:00:00.00 | Mem:0.00M, Peak:0.00M | Scene, ViewLayer | Synchronizing object | CHARGER_labrum
Fra:1 Mem:12.98M (Peak 12.98M) | Time:00:00.00 | Mem:0.00M, Peak:0.00M | Scene, ViewLayer | Synchronizing object | CHARGER_telescoping_anterior
Fra:1 Mem:13.06M (Peak 13.06M) | Time:00:00.00 | Mem:0.00M, Peak:0.00M | Scene, ViewLayer | Synchronizing object | CHARGER_telescoping_middle
Fra:1 Mem:13.07M (Peak 13.07M) | Time:00:00.00 | Mem:0.00M, Peak:0.00M | Scene, ViewLayer | Synchronizing object | CHARGER_impact_chisel_PORT
Fra:1 Mem:13.11M (Peak 13.11M) | Time:00:00.00 | Mem:0.00M, Peak:0.00M | Scene, ViewLayer | Synchronizing object | CHARGER_telescoping_posterior
Fra:1 Mem:13.12M (Peak 13.12M) | Time:00:00.00 | Mem:0.00M, Peak:0.00M | Scene, ViewLayer | Synchronizing object | CHARGER_stabilizer_support_PORT
Fra:1 Mem:13.15M (Peak 13.15M) | Time:00:00.00 | Mem:0.00M, Peak:0.00M | Scene, ViewLayer | Synchronizing object | CHARGER_folding_paddle_PORT
Fra:1 Mem:13.17M (Peak 13.17M) | Time:00:00.00 | Mem:0.00M, Peak:0.00M | Scene, ViewLayer | Synchronizing object | CHARGER_ramming_buttress_STARBOARD
Fra:1 Mem:13.17M (Peak 13.17M) | Time:00:00.00 | Mem:0.00M, Peak:0.00M | Scene, ViewLayer | Synchronizing object | CHARGER_folding_paddle_STARBOARD
Fra:1 Mem:13.22M (Peak 13.22M) | Time:00:00.00 | Mem:0.00M, Peak:0.00M | Scene, ViewLayer | Synchronizing object | CHARGER_impact_chisel_STARBOARD
Fra:1 Mem:13.24M (Peak 13.24M) | Time:00:00.00 | Mem:0.00M, Peak:0.00M | Scene, ViewLayer | Synchronizing object | CHARGER_stabilizer_support_STARBOARD
Fra:1 Mem:13.27M (Peak 13.27M) | Time:00:00.00 | Mem:0.00M, Peak:0.00M | Scene, ViewLayer | Initializing
Fra:1 Mem:13.21M (Peak 13.27M) | Time:00:00.00 | Mem:0.00M, Peak:0.00M | Scene, ViewLayer | Updating Images | Loading BroodChitin_ORM_v1
Fra:1 Mem:13.21M (Peak 13.27M) | Time:00:00.00 | Mem:0.00M, Peak:0.00M | Scene, ViewLayer | Updating Images | Loading BroodChitin_Normal_v1
Fra:1 Mem:12.92M (Peak 13.27M) | Time:00:00.00 | Mem:0.50M, Peak:0.50M | Scene, ViewLayer | Waiting for render to start
Fra:1 Mem:12.92M (Peak 13.27M) | Time:00:00.00 | Mem:0.50M, Peak:0.50M | Scene, ViewLayer | Loading render kernels (may take a few minutes the first time)
Fra:1 Mem:12.92M (Peak 13.27M) | Time:00:00.00 | Mem:0.50M, Peak:0.50M | Scene, ViewLayer | Updating Scene
Fra:1 Mem:12.92M (Peak 13.27M) | Time:00:00.00 | Mem:0.50M, Peak:0.50M | Scene, ViewLayer | Updating Shaders
Fra:1 Mem:13.00M (Peak 13.27M) | Time:00:00.00 | Mem:0.50M, Peak:0.50M | Scene, ViewLayer | Updating Procedurals
Fra:1 Mem:13.00M (Peak 13.27M) | Time:00:00.00 | Mem:0.50M, Peak:0.50M | Scene, ViewLayer | Updating Background
Fra:1 Mem:13.00M (Peak 13.27M) | Time:00:00.00 | Mem:0.50M, Peak:0.50M | Scene, ViewLayer | Updating Camera
Fra:1 Mem:13.00M (Peak 13.27M) | Time:00:00.00 | Mem:0.50M, Peak:0.50M | Scene, ViewLayer | Updating Meshes Flags
Fra:1 Mem:13.00M (Peak 13.27M) | Time:00:00.00 | Mem:0.50M, Peak:0.50M | Scene, ViewLayer | Updating Objects
Fra:1 Mem:13.00M (Peak 13.27M) | Time:00:00.00 | Mem:0.50M, Peak:0.50M | Scene, ViewLayer | Updating Objects | Copying Transformations to device
Fra:1 Mem:13.01M (Peak 13.27M) | Time:00:00.00 | Mem:0.51M, Peak:0.51M | Scene, ViewLayer | Updating Objects | Applying Static Transformations
Fra:1 Mem:13.01M (Peak 13.27M) | Time:00:00.00 | Mem:0.51M, Peak:0.51M | Scene, ViewLayer | Updating Particle Systems
Fra:1 Mem:13.01M (Peak 13.27M) | Time:00:00.00 | Mem:0.51M, Peak:0.51M | Scene, ViewLayer | Updating Particle Systems | Copying Particles to device
Fra:1 Mem:13.01M (Peak 13.27M) | Time:00:00.00 | Mem:0.51M, Peak:0.51M | Scene, ViewLayer | Updating Meshes
Fra:1 Mem:13.05M (Peak 13.27M) | Time:00:00.00 | Mem:0.51M, Peak:0.51M | Scene, ViewLayer | Updating Mesh | Computing attributes
Fra:1 Mem:13.28M (Peak 13.28M) | Time:00:00.00 | Mem:0.51M, Peak:0.51M | Scene, ViewLayer | Updating Mesh | Copying Attributes to device
Fra:1 Mem:13.28M (Peak 13.28M) | Time:00:00.00 | Mem:0.73M, Peak:0.73M | Scene, ViewLayer | Updating Scene BVH | Building
Fra:1 Mem:13.28M (Peak 13.28M) | Time:00:00.00 | Mem:0.73M, Peak:0.73M | Scene, ViewLayer | Updating Scene BVH | Building BVH
Fra:1 Mem:13.28M (Peak 13.28M) | Time:00:00.00 | Mem:0.83M, Peak:0.83M | Scene, ViewLayer | Updating Scene BVH | Building BVH 0%
Fra:1 Mem:13.28M (Peak 13.28M) | Time:00:00.00 | Mem:0.93M, Peak:1.02M | Scene, ViewLayer | Updating Scene BVH | Copying BVH to device
Fra:1 Mem:13.28M (Peak 13.28M) | Time:00:00.00 | Mem:0.93M, Peak:1.02M | Scene, ViewLayer | Updating Mesh | Computing normals
Fra:1 Mem:13.38M (Peak 13.38M) | Time:00:00.00 | Mem:0.93M, Peak:1.02M | Scene, ViewLayer | Updating Mesh | Copying Mesh to device
Fra:1 Mem:13.38M (Peak 13.38M) | Time:00:00.00 | Mem:1.03M, Peak:1.03M | Scene, ViewLayer | Updating Objects Flags
Fra:1 Mem:13.38M (Peak 13.38M) | Time:00:00.00 | Mem:1.03M, Peak:1.03M | Scene, ViewLayer | Updating Primitive Offsets
Fra:1 Mem:13.38M (Peak 13.38M) | Time:00:00.00 | Mem:1.03M, Peak:1.03M | Scene, ViewLayer | Updating Images
Fra:1 Mem:13.38M (Peak 13.38M) | Time:00:00.00 | Mem:1.03M, Peak:1.03M | Scene, ViewLayer | Updating Camera Volume
Fra:1 Mem:13.38M (Peak 13.38M) | Time:00:00.00 | Mem:1.03M, Peak:1.03M | Scene, ViewLayer | Updating Lookup Tables
Fra:1 Mem:13.38M (Peak 13.38M) | Time:00:00.00 | Mem:1.11M, Peak:1.11M | Scene, ViewLayer | Updating Lights
Fra:1 Mem:13.38M (Peak 13.38M) | Time:00:00.00 | Mem:1.12M, Peak:1.12M | Scene, ViewLayer | Updating Lights | Computing tree
Fra:1 Mem:13.38M (Peak 13.38M) | Time:00:00.00 | Mem:1.12M, Peak:1.12M | Scene, ViewLayer | Updating Integrator
Fra:1 Mem:13.38M (Peak 13.38M) | Time:00:00.00 | Mem:1.12M, Peak:1.12M | Scene, ViewLayer | Updating Film
Fra:1 Mem:13.39M (Peak 13.39M) | Time:00:00.00 | Mem:1.04M, Peak:1.12M | Scene, ViewLayer | Updating Lookup Tables
Fra:1 Mem:13.39M (Peak 13.39M) | Time:00:00.00 | Mem:1.12M, Peak:1.12M | Scene, ViewLayer | Updating Baking
Fra:1 Mem:13.39M (Peak 13.39M) | Time:00:00.00 | Mem:1.12M, Peak:1.12M | Scene, ViewLayer | Updating Device | Writing constant memory
Fra:1 Mem:13.39M (Peak 13.39M) | Time:00:00.00 | Mem:1.12M, Peak:1.12M | Scene, ViewLayer | Sample 0/24
Fra:1 Mem:32.44M (Peak 32.44M) | Time:00:00.11 | Remaining:00:02.48 | Mem:20.17M, Peak:20.17M | Scene, ViewLayer | Sample 1/24
Fra:1 Mem:40.90M (Peak 57.82M) | Time:00:02.05 | Mem:20.17M, Peak:20.17M | Scene, ViewLayer | Sample 24/24
Fra:1 Mem:40.90M (Peak 57.82M) | Time:00:02.05 | Mem:20.17M, Peak:20.17M | Scene, ViewLayer | Finished
Saved: '/workspace/scratch/d2415e46e35b/brood-charger-redesign/study-c1/c1-lod0-threequarter.png'
Time: 00:02.10 (Saving: 00:00.04)

Fra:1 Mem:12.91M (Peak 12.91M) | Time:00:00.00 | Mem:0.00M, Peak:0.00M | Scene, ViewLayer | Synchronizing object | CHARGER_labrum
Fra:1 Mem:12.92M (Peak 12.92M) | Time:00:00.00 | Mem:0.00M, Peak:0.00M | Scene, ViewLayer | Synchronizing object | CHARGER_telescoping_anterior
Fra:1 Mem:12.94M (Peak 12.94M) | Time:00:00.00 | Mem:0.00M, Peak:0.00M | Scene, ViewLayer | Synchronizing object | CHARGER_telescoping_middle
Fra:1 Mem:12.96M (Peak 12.96M) | Time:00:00.00 | Mem:0.00M, Peak:0.00M | Scene, ViewLayer | Synchronizing object | CHARGER_telescoping_posterior
Fra:1 Mem:12.98M (Peak 12.98M) | Time:00:00.00 | Mem:0.00M, Peak:0.00M | Scene, ViewLayer | Synchronizing object | CHARGER_folding_paddle_STARBOARD
Fra:1 Mem:13.00M (Peak 13.00M) | Time:00:00.00 | Mem:0.00M, Peak:0.00M | Scene, ViewLayer | Synchronizing object | CHARGER_stabilizer_support_STARBOARD
Fra:1 Mem:13.03M (Peak 13.03M) | Time:00:00.00 | Mem:0.00M, Peak:0.00M | Scene, ViewLayer | Synchronizing object | CHARGER_impact_chisel_STARBOARD
Fra:1 Mem:13.05M (Peak 13.05M) | Time:00:00.00 | Mem:0.00M, Peak:0.00M | Scene, ViewLayer | Synchronizing object | CHARGER_cephalic_shield
Fra:1 Mem:13.05M (Peak 13.05M) | Time:00:00.00 | Mem:0.00M, Peak:0.00M | Scene, ViewLayer | Synchronizing object | CHARGER_ramming_buttress_PORT
Fra:1 Mem:13.11M (Peak 13.11M) | Time:00:00.00 | Mem:0.00M, Peak:0.00M | Scene, ViewLayer | Synchronizing object | CHARGER_ramming_buttress_STARBOARD
Fra:1 Mem:13.20M (Peak 13.20M) | Time:00:00.00 | Mem:0.00M, Peak:0.00M | Scene, ViewLayer | Synchronizing object | CHARGER_folding_paddle_PORT
Fra:1 Mem:13.22M (Peak 13.22M) | Time:00:00.00 | Mem:0.00M, Peak:0.00M | Scene, ViewLayer | Synchronizing object | CHARGER_impact_chisel_PORT
Fra:1 Mem:13.25M (Peak 13.25M) | Time:00:00.00 | Mem:0.00M, Peak:0.00M | Scene, ViewLayer | Synchronizing object | CHARGER_stabilizer_support_PORT
Fra:1 Mem:13.27M (Peak 13.27M) | Time:00:00.00 | Mem:0.00M, Peak:0.00M | Scene, ViewLayer | Initializing
Fra:1 Mem:13.21M (Peak 13.27M) | Time:00:00.00 | Mem:0.00M, Peak:0.00M | Scene, ViewLayer | Updating Images | Loading BroodChitin_ORM_v1
Fra:1 Mem:13.46M (Peak 13.46M) | Time:00:00.00 | Mem:0.00M, Peak:0.00M | Scene, ViewLayer | Updating Images | Loading BroodChitin_Normal_v1
Fra:1 Mem:12.92M (Peak 13.46M) | Time:00:00.00 | Mem:0.50M, Peak:0.50M | Scene, ViewLayer | Waiting for render to start
Fra:1 Mem:12.92M (Peak 13.46M) | Time:00:00.00 | Mem:0.50M, Peak:0.50M | Scene, ViewLayer | Loading render kernels (may take a few minutes the first time)
Fra:1 Mem:12.92M (Peak 13.46M) | Time:00:00.00 | Mem:0.50M, Peak:0.50M | Scene, ViewLayer | Updating Scene
Fra:1 Mem:12.92M (Peak 13.46M) | Time:00:00.00 | Mem:0.50M, Peak:0.50M | Scene, ViewLayer | Updating Shaders
Fra:1 Mem:13.00M (Peak 13.46M) | Time:00:00.00 | Mem:0.50M, Peak:0.50M | Scene, ViewLayer | Updating Procedurals
Fra:1 Mem:13.00M (Peak 13.46M) | Time:00:00.00 | Mem:0.50M, Peak:0.50M | Scene, ViewLayer | Updating Background
Fra:1 Mem:13.00M (Peak 13.46M) | Time:00:00.00 | Mem:0.50M, Peak:0.50M | Scene, ViewLayer | Updating Camera
Fra:1 Mem:13.00M (Peak 13.46M) | Time:00:00.00 | Mem:0.50M, Peak:0.50M | Scene, ViewLayer | Updating Meshes Flags
Fra:1 Mem:13.00M (Peak 13.46M) | Time:00:00.00 | Mem:0.50M, Peak:0.50M | Scene, ViewLayer | Updating Objects
Fra:1 Mem:13.00M (Peak 13.46M) | Time:00:00.00 | Mem:0.50M, Peak:0.50M | Scene, ViewLayer | Updating Objects | Copying Transformations to device
Fra:1 Mem:13.01M (Peak 13.46M) | Time:00:00.00 | Mem:0.51M, Peak:0.51M | Scene, ViewLayer | Updating Objects | Applying Static Transformations
Fra:1 Mem:13.01M (Peak 13.46M) | Time:00:00.00 | Mem:0.51M, Peak:0.51M | Scene, ViewLayer | Updating Particle Systems
Fra:1 Mem:13.01M (Peak 13.46M) | Time:00:00.00 | Mem:0.51M, Peak:0.51M | Scene, ViewLayer | Updating Particle Systems | Copying Particles to device
Fra:1 Mem:13.01M (Peak 13.46M) | Time:00:00.00 | Mem:0.51M, Peak:0.51M | Scene, ViewLayer | Updating Meshes
Fra:1 Mem:13.05M (Peak 13.46M) | Time:00:00.00 | Mem:0.51M, Peak:0.51M | Scene, ViewLayer | Updating Mesh | Computing attributes
Fra:1 Mem:13.28M (Peak 13.46M) | Time:00:00.00 | Mem:0.51M, Peak:0.51M | Scene, ViewLayer | Updating Mesh | Copying Attributes to device
Fra:1 Mem:13.28M (Peak 13.46M) | Time:00:00.00 | Mem:0.73M, Peak:0.73M | Scene, ViewLayer | Updating Scene BVH | Building
Fra:1 Mem:13.28M (Peak 13.46M) | Time:00:00.00 | Mem:0.73M, Peak:0.73M | Scene, ViewLayer | Updating Scene BVH | Building BVH
Fra:1 Mem:13.28M (Peak 13.46M) | Time:00:00.00 | Mem:0.83M, Peak:0.83M | Scene, ViewLayer | Updating Scene BVH | Building BVH 0%
Fra:1 Mem:13.28M (Peak 13.46M) | Time:00:00.00 | Mem:0.93M, Peak:1.02M | Scene, ViewLayer | Updating Scene BVH | Copying BVH to device
Fra:1 Mem:13.28M (Peak 13.46M) | Time:00:00.00 | Mem:0.93M, Peak:1.02M | Scene, ViewLayer | Updating Mesh | Computing normals
Fra:1 Mem:13.38M (Peak 13.46M) | Time:00:00.00 | Mem:0.93M, Peak:1.02M | Scene, ViewLayer | Updating Mesh | Copying Mesh to device
Fra:1 Mem:13.38M (Peak 13.46M) | Time:00:00.00 | Mem:1.03M, Peak:1.03M | Scene, ViewLayer | Updating Objects Flags
Fra:1 Mem:13.38M (Peak 13.46M) | Time:00:00.00 | Mem:1.03M, Peak:1.03M | Scene, ViewLayer | Updating Primitive Offsets
Fra:1 Mem:13.38M (Peak 13.46M) | Time:00:00.00 | Mem:1.03M, Peak:1.03M | Scene, ViewLayer | Updating Images
Fra:1 Mem:13.38M (Peak 13.46M) | Time:00:00.00 | Mem:1.03M, Peak:1.03M | Scene, ViewLayer | Updating Camera Volume
Fra:1 Mem:13.38M (Peak 13.46M) | Time:00:00.00 | Mem:1.03M, Peak:1.03M | Scene, ViewLayer | Updating Lookup Tables
Fra:1 Mem:13.38M (Peak 13.46M) | Time:00:00.00 | Mem:1.11M, Peak:1.11M | Scene, ViewLayer | Updating Lights
Fra:1 Mem:13.38M (Peak 13.46M) | Time:00:00.00 | Mem:1.12M, Peak:1.12M | Scene, ViewLayer | Updating Lights | Computing tree
Fra:1 Mem:13.38M (Peak 13.46M) | Time:00:00.00 | Mem:1.12M, Peak:1.12M | Scene, ViewLayer | Updating Integrator
Fra:1 Mem:13.38M (Peak 13.46M) | Time:00:00.00 | Mem:1.12M, Peak:1.12M | Scene, ViewLayer | Updating Film
Fra:1 Mem:13.39M (Peak 13.46M) | Time:00:00.00 | Mem:1.04M, Peak:1.12M | Scene, ViewLayer | Updating Lookup Tables
Fra:1 Mem:13.39M (Peak 13.46M) | Time:00:00.00 | Mem:1.12M, Peak:1.12M | Scene, ViewLayer | Updating Baking
Fra:1 Mem:13.39M (Peak 13.46M) | Time:00:00.00 | Mem:1.12M, Peak:1.12M | Scene, ViewLayer | Updating Device | Writing constant memory
Fra:1 Mem:13.39M (Peak 13.46M) | Time:00:00.00 | Mem:1.12M, Peak:1.12M | Scene, ViewLayer | Sample 0/24
Fra:1 Mem:32.44M (Peak 32.44M) | Time:00:00.17 | Remaining:00:03.80 | Mem:20.17M, Peak:20.17M | Scene, ViewLayer | Sample 1/24
Fra:1 Mem:40.90M (Peak 57.82M) | Time:00:03.11 | Mem:20.17M, Peak:20.17M | Scene, ViewLayer | Sample 24/24
Fra:1 Mem:40.90M (Peak 57.82M) | Time:00:03.11 | Mem:20.17M, Peak:20.17M | Scene, ViewLayer | Finished
Saved: '/workspace/scratch/d2415e46e35b/brood-charger-redesign/study-c1/c1-lod0-fork.png'
Time: 00:03.16 (Saving: 00:00.04)

Fra:1 Mem:12.91M (Peak 12.91M) | Time:00:00.00 | Mem:0.00M, Peak:0.00M | Scene, ViewLayer | Synchronizing object | CHARGER_labrum
Fra:1 Mem:12.92M (Peak 12.92M) | Time:00:00.00 | Mem:0.00M, Peak:0.00M | Scene, ViewLayer | Synchronizing object | CHARGER_telescoping_anterior
Fra:1 Mem:12.94M (Peak 12.94M) | Time:00:00.00 | Mem:0.00M, Peak:0.00M | Scene, ViewLayer | Synchronizing object | CHARGER_telescoping_middle
Fra:1 Mem:12.96M (Peak 12.96M) | Time:00:00.00 | Mem:0.00M, Peak:0.00M | Scene, ViewLayer | Synchronizing object | CHARGER_telescoping_posterior
Fra:1 Mem:12.98M (Peak 12.98M) | Time:00:00.00 | Mem:0.00M, Peak:0.00M | Scene, ViewLayer | Synchronizing object | CHARGER_folding_paddle_STARBOARD
Fra:1 Mem:13.00M (Peak 13.00M) | Time:00:00.00 | Mem:0.00M, Peak:0.00M | Scene, ViewLayer | Synchronizing object | CHARGER_stabilizer_support_STARBOARD
Fra:1 Mem:13.03M (Peak 13.03M) | Time:00:00.00 | Mem:0.00M, Peak:0.00M | Scene, ViewLayer | Synchronizing object | CHARGER_fixed_keel
Fra:1 Mem:13.04M (Peak 13.04M) | Time:00:00.00 | Mem:0.00M, Peak:0.00M | Scene, ViewLayer | Synchronizing object | CHARGER_cephalic_shield
Fra:1 Mem:13.11M (Peak 13.11M) | Time:00:00.00 | Mem:0.00M, Peak:0.00M | Scene, ViewLayer | Synchronizing object | CHARGER_impact_chisel_STARBOARD
Fra:1 Mem:13.14M (Peak 13.14M) | Time:00:00.00 | Mem:0.00M, Peak:0.00M | Scene, ViewLayer | Synchronizing object | CHARGER_ramming_buttress_PORT
Fra:1 Mem:13.16M (Peak 13.16M) | Time:00:00.00 | Mem:0.00M, Peak:0.00M | Scene, ViewLayer | Synchronizing object | CHARGER_ramming_buttress_STARBOARD
Fra:1 Mem:13.19M (Peak 13.19M) | Time:00:00.00 | Mem:0.00M, Peak:0.00M | Scene, ViewLayer | Synchronizing object | CHARGER_impact_chisel_PORT
Fra:1 Mem:13.22M (Peak 13.22M) | Time:00:00.00 | Mem:0.00M, Peak:0.00M | Scene, ViewLayer | Synchronizing object | CHARGER_stabilizer_support_PORT
Fra:1 Mem:13.22M (Peak 13.22M) | Time:00:00.00 | Mem:0.00M, Peak:0.00M | Scene, ViewLayer | Synchronizing object | CHARGER_folding_paddle_PORT
Fra:1 Mem:13.27M (Peak 13.27M) | Time:00:00.00 | Mem:0.00M, Peak:0.00M | Scene, ViewLayer | Initializing
Fra:1 Mem:13.21M (Peak 13.27M) | Time:00:00.00 | Mem:0.00M, Peak:0.00M | Scene, ViewLayer | Updating Images | Loading BroodChitin_ORM_v1
Fra:1 Mem:13.21M (Peak 13.27M) | Time:00:00.00 | Mem:0.00M, Peak:0.00M | Scene, ViewLayer | Updating Images | Loading BroodChitin_Normal_v1
Fra:1 Mem:12.92M (Peak 13.27M) | Time:00:00.00 | Mem:0.50M, Peak:0.50M | Scene, ViewLayer | Waiting for render to start
Fra:1 Mem:12.92M (Peak 13.27M) | Time:00:00.00 | Mem:0.50M, Peak:0.50M | Scene, ViewLayer | Loading render kernels (may take a few minutes the first time)
Fra:1 Mem:12.92M (Peak 13.27M) | Time:00:00.00 | Mem:0.50M, Peak:0.50M | Scene, ViewLayer | Updating Scene
Fra:1 Mem:12.92M (Peak 13.27M) | Time:00:00.00 | Mem:0.50M, Peak:0.50M | Scene, ViewLayer | Updating Shaders
Fra:1 Mem:13.00M (Peak 13.27M) | Time:00:00.00 | Mem:0.50M, Peak:0.50M | Scene, ViewLayer | Updating Procedurals
Fra:1 Mem:13.00M (Peak 13.27M) | Time:00:00.00 | Mem:0.50M, Peak:0.50M | Scene, ViewLayer | Updating Background
Fra:1 Mem:13.00M (Peak 13.27M) | Time:00:00.00 | Mem:0.50M, Peak:0.50M | Scene, ViewLayer | Updating Camera
Fra:1 Mem:13.00M (Peak 13.27M) | Time:00:00.00 | Mem:0.50M, Peak:0.50M | Scene, ViewLayer | Updating Meshes Flags
Fra:1 Mem:13.00M (Peak 13.27M) | Time:00:00.00 | Mem:0.50M, Peak:0.50M | Scene, ViewLayer | Updating Objects
Fra:1 Mem:13.00M (Peak 13.27M) | Time:00:00.00 | Mem:0.50M, Peak:0.50M | Scene, ViewLayer | Updating Objects | Copying Transformations to device
Fra:1 Mem:13.01M (Peak 13.27M) | Time:00:00.00 | Mem:0.51M, Peak:0.51M | Scene, ViewLayer | Updating Objects | Applying Static Transformations
Fra:1 Mem:13.01M (Peak 13.27M) | Time:00:00.00 | Mem:0.51M, Peak:0.51M | Scene, ViewLayer | Updating Particle Systems
Fra:1 Mem:13.01M (Peak 13.27M) | Time:00:00.00 | Mem:0.51M, Peak:0.51M | Scene, ViewLayer | Updating Particle Systems | Copying Particles to device
Fra:1 Mem:13.01M (Peak 13.27M) | Time:00:00.00 | Mem:0.51M, Peak:0.51M | Scene, ViewLayer | Updating Meshes
Fra:1 Mem:13.05M (Peak 13.27M) | Time:00:00.00 | Mem:0.51M, Peak:0.51M | Scene, ViewLayer | Updating Mesh | Computing attributes
Fra:1 Mem:13.28M (Peak 13.28M) | Time:00:00.00 | Mem:0.51M, Peak:0.51M | Scene, ViewLayer | Updating Mesh | Copying Attributes to device
Fra:1 Mem:13.28M (Peak 13.28M) | Time:00:00.00 | Mem:0.73M, Peak:0.73M | Scene, ViewLayer | Updating Scene BVH | Building
Fra:1 Mem:13.28M (Peak 13.28M) | Time:00:00.00 | Mem:0.73M, Peak:0.73M | Scene, ViewLayer | Updating Scene BVH | Building BVH
Fra:1 Mem:13.28M (Peak 13.28M) | Time:00:00.00 | Mem:0.83M, Peak:0.83M | Scene, ViewLayer | Updating Scene BVH | Building BVH 0%
Fra:1 Mem:13.28M (Peak 13.28M) | Time:00:00.00 | Mem:0.93M, Peak:1.02M | Scene, ViewLayer | Updating Scene BVH | Copying BVH to device
Fra:1 Mem:13.28M (Peak 13.28M) | Time:00:00.00 | Mem:0.93M, Peak:1.02M | Scene, ViewLayer | Updating Mesh | Computing normals
Fra:1 Mem:13.38M (Peak 13.38M) | Time:00:00.00 | Mem:0.93M, Peak:1.02M | Scene, ViewLayer | Updating Mesh | Copying Mesh to device
Fra:1 Mem:13.38M (Peak 13.38M) | Time:00:00.00 | Mem:1.03M, Peak:1.03M | Scene, ViewLayer | Updating Objects Flags
Fra:1 Mem:13.38M (Peak 13.38M) | Time:00:00.00 | Mem:1.03M, Peak:1.03M | Scene, ViewLayer | Updating Primitive Offsets
Fra:1 Mem:13.38M (Peak 13.38M) | Time:00:00.00 | Mem:1.03M, Peak:1.03M | Scene, ViewLayer | Updating Images
Fra:1 Mem:13.38M (Peak 13.38M) | Time:00:00.00 | Mem:1.03M, Peak:1.03M | Scene, ViewLayer | Updating Camera Volume
Fra:1 Mem:13.38M (Peak 13.38M) | Time:00:00.00 | Mem:1.03M, Peak:1.03M | Scene, ViewLayer | Updating Lookup Tables
Fra:1 Mem:13.38M (Peak 13.38M) | Time:00:00.00 | Mem:1.11M, Peak:1.11M | Scene, ViewLayer | Updating Lights
Fra:1 Mem:13.38M (Peak 13.38M) | Time:00:00.00 | Mem:1.12M, Peak:1.12M | Scene, ViewLayer | Updating Lights | Computing tree
Fra:1 Mem:13.38M (Peak 13.38M) | Time:00:00.00 | Mem:1.12M, Peak:1.12M | Scene, ViewLayer | Updating Integrator
Fra:1 Mem:13.38M (Peak 13.38M) | Time:00:00.00 | Mem:1.12M, Peak:1.12M | Scene, ViewLayer | Updating Film
Fra:1 Mem:13.39M (Peak 13.39M) | Time:00:00.00 | Mem:1.04M, Peak:1.12M | Scene, ViewLayer | Updating Lookup Tables
Fra:1 Mem:13.39M (Peak 13.39M) | Time:00:00.00 | Mem:1.12M, Peak:1.12M | Scene, ViewLayer | Updating Baking
Fra:1 Mem:13.39M (Peak 13.39M) | Time:00:00.00 | Mem:1.12M, Peak:1.12M | Scene, ViewLayer | Updating Device | Writing constant memory
Fra:1 Mem:13.39M (Peak 13.39M) | Time:00:00.00 | Mem:1.12M, Peak:1.12M | Scene, ViewLayer | Sample 0/24
Fra:1 Mem:32.44M (Peak 32.44M) | Time:00:00.09 | Remaining:00:02.13 | Mem:20.17M, Peak:20.17M | Scene, ViewLayer | Sample 1/24
Fra:1 Mem:40.90M (Peak 57.82M) | Time:00:01.77 | Mem:20.17M, Peak:20.17M | Scene, ViewLayer | Sample 24/24
Fra:1 Mem:40.90M (Peak 57.82M) | Time:00:01.77 | Mem:20.17M, Peak:20.17M | Scene, ViewLayer | Finished
Saved: '/workspace/scratch/d2415e46e35b/brood-charger-redesign/study-c1/c1-lod0-underside.png'
Time: 00:01.81 (Saving: 00:00.04)

Fra:1 Mem:12.91M (Peak 12.91M) | Time:00:00.00 | Mem:0.00M, Peak:0.00M | Scene, ViewLayer | Synchronizing object | CHARGER_fixed_keel
Fra:1 Mem:12.95M (Peak 12.95M) | Time:00:00.00 | Mem:0.00M, Peak:0.00M | Scene, ViewLayer | Synchronizing object | CHARGER_labrum
Fra:1 Mem:12.97M (Peak 12.97M) | Time:00:00.00 | Mem:0.00M, Peak:0.00M | Scene, ViewLayer | Synchronizing object | CHARGER_cephalic_shield
Fra:1 Mem:12.97M (Peak 12.97M) | Time:00:00.00 | Mem:0.00M, Peak:0.00M | Scene, ViewLayer | Synchronizing object | CHARGER_telescoping_anterior
Fra:1 Mem:12.99M (Peak 12.99M) | Time:00:00.00 | Mem:0.00M, Peak:0.00M | Scene, ViewLayer | Synchronizing object | CHARGER_ramming_buttress_PORT
Fra:1 Mem:13.00M (Peak 13.00M) | Time:00:00.00 | Mem:0.00M, Peak:0.00M | Scene, ViewLayer | Synchronizing object | CHARGER_impact_chisel_PORT
Fra:1 Mem:13.08M (Peak 13.08M) | Time:00:00.00 | Mem:0.00M, Peak:0.00M | Scene, ViewLayer | Synchronizing object | CHARGER_telescoping_middle
Fra:1 Mem:13.11M (Peak 13.11M) | Time:00:00.00 | Mem:0.00M, Peak:0.00M | Scene, ViewLayer | Synchronizing object | CHARGER_telescoping_posterior
Fra:1 Mem:13.12M (Peak 13.12M) | Time:00:00.00 | Mem:0.00M, Peak:0.00M | Scene, ViewLayer | Synchronizing object | CHARGER_stabilizer_support_PORT
Fra:1 Mem:13.12M (Peak 13.12M) | Time:00:00.00 | Mem:0.00M, Peak:0.00M | Scene, ViewLayer | Synchronizing object | CHARGER_folding_paddle_STARBOARD
Fra:1 Mem:13.17M (Peak 13.17M) | Time:00:00.00 | Mem:0.00M, Peak:0.00M | Scene, ViewLayer | Synchronizing object | CHARGER_folding_paddle_PORT
Fra:1 Mem:13.17M (Peak 13.17M) | Time:00:00.00 | Mem:0.00M, Peak:0.00M | Scene, ViewLayer | Synchronizing object | CHARGER_ramming_buttress_STARBOARD
Fra:1 Mem:13.22M (Peak 13.22M) | Time:00:00.00 | Mem:0.00M, Peak:0.00M | Scene, ViewLayer | Synchronizing object | CHARGER_stabilizer_support_STARBOARD
Fra:1 Mem:13.24M (Peak 13.24M) | Time:00:00.00 | Mem:0.00M, Peak:0.00M | Scene, ViewLayer | Synchronizing object | CHARGER_impact_chisel_STARBOARD
Fra:1 Mem:13.27M (Peak 13.27M) | Time:00:00.00 | Mem:0.00M, Peak:0.00M | Scene, ViewLayer | Initializing
Fra:1 Mem:13.21M (Peak 13.27M) | Time:00:00.00 | Mem:0.00M, Peak:0.00M | Scene, ViewLayer | Updating Images | Loading BroodChitin_ORM_v1
Fra:1 Mem:13.21M (Peak 13.27M) | Time:00:00.00 | Mem:0.00M, Peak:0.00M | Scene, ViewLayer | Updating Images | Loading BroodChitin_Normal_v1
Fra:1 Mem:12.92M (Peak 13.27M) | Time:00:00.00 | Mem:0.50M, Peak:0.50M | Scene, ViewLayer | Waiting for render to start
Fra:1 Mem:12.92M (Peak 13.27M) | Time:00:00.00 | Mem:0.50M, Peak:0.50M | Scene, ViewLayer | Loading render kernels (may take a few minutes the first time)
Fra:1 Mem:12.92M (Peak 13.27M) | Time:00:00.00 | Mem:0.50M, Peak:0.50M | Scene, ViewLayer | Updating Scene
Fra:1 Mem:12.92M (Peak 13.27M) | Time:00:00.00 | Mem:0.50M, Peak:0.50M | Scene, ViewLayer | Updating Shaders
Fra:1 Mem:13.00M (Peak 13.27M) | Time:00:00.00 | Mem:0.50M, Peak:0.50M | Scene, ViewLayer | Updating Procedurals
Fra:1 Mem:13.00M (Peak 13.27M) | Time:00:00.00 | Mem:0.50M, Peak:0.50M | Scene, ViewLayer | Updating Background
Fra:1 Mem:13.00M (Peak 13.27M) | Time:00:00.00 | Mem:0.50M, Peak:0.50M | Scene, ViewLayer | Updating Camera
Fra:1 Mem:13.00M (Peak 13.27M) | Time:00:00.00 | Mem:0.50M, Peak:0.50M | Scene, ViewLayer | Updating Meshes Flags
Fra:1 Mem:13.00M (Peak 13.27M) | Time:00:00.00 | Mem:0.50M, Peak:0.50M | Scene, ViewLayer | Updating Objects
Fra:1 Mem:13.00M (Peak 13.27M) | Time:00:00.00 | Mem:0.50M, Peak:0.50M | Scene, ViewLayer | Updating Objects | Copying Transformations to device
Fra:1 Mem:13.01M (Peak 13.27M) | Time:00:00.00 | Mem:0.51M, Peak:0.51M | Scene, ViewLayer | Updating Objects | Applying Static Transformations
Fra:1 Mem:13.01M (Peak 13.27M) | Time:00:00.00 | Mem:0.51M, Peak:0.51M | Scene, ViewLayer | Updating Particle Systems
Fra:1 Mem:13.01M (Peak 13.27M) | Time:00:00.00 | Mem:0.51M, Peak:0.51M | Scene, ViewLayer | Updating Particle Systems | Copying Particles to device
Fra:1 Mem:13.01M (Peak 13.27M) | Time:00:00.00 | Mem:0.51M, Peak:0.51M | Scene, ViewLayer | Updating Meshes
Fra:1 Mem:13.05M (Peak 13.27M) | Time:00:00.00 | Mem:0.51M, Peak:0.51M | Scene, ViewLayer | Updating Mesh | Computing attributes
Fra:1 Mem:13.28M (Peak 13.28M) | Time:00:00.00 | Mem:0.51M, Peak:0.51M | Scene, ViewLayer | Updating Mesh | Copying Attributes to device
Fra:1 Mem:13.28M (Peak 13.28M) | Time:00:00.00 | Mem:0.73M, Peak:0.73M | Scene, ViewLayer | Updating Scene BVH | Building
Fra:1 Mem:13.28M (Peak 13.28M) | Time:00:00.00 | Mem:0.73M, Peak:0.73M | Scene, ViewLayer | Updating Scene BVH | Building BVH
Fra:1 Mem:13.28M (Peak 13.28M) | Time:00:00.00 | Mem:0.83M, Peak:0.83M | Scene, ViewLayer | Updating Scene BVH | Building BVH 0%
Fra:1 Mem:13.28M (Peak 13.28M) | Time:00:00.00 | Mem:0.93M, Peak:1.02M | Scene, ViewLayer | Updating Scene BVH | Copying BVH to device
Fra:1 Mem:13.28M (Peak 13.28M) | Time:00:00.00 | Mem:0.93M, Peak:1.02M | Scene, ViewLayer | Updating Mesh | Computing normals
Fra:1 Mem:13.38M (Peak 13.38M) | Time:00:00.00 | Mem:0.93M, Peak:1.02M | Scene, ViewLayer | Updating Mesh | Copying Mesh to device
Fra:1 Mem:13.38M (Peak 13.38M) | Time:00:00.00 | Mem:1.03M, Peak:1.03M | Scene, ViewLayer | Updating Objects Flags
Fra:1 Mem:13.38M (Peak 13.38M) | Time:00:00.00 | Mem:1.03M, Peak:1.03M | Scene, ViewLayer | Updating Primitive Offsets
Fra:1 Mem:13.38M (Peak 13.38M) | Time:00:00.00 | Mem:1.03M, Peak:1.03M | Scene, ViewLayer | Updating Images
Fra:1 Mem:13.38M (Peak 13.38M) | Time:00:00.00 | Mem:1.03M, Peak:1.03M | Scene, ViewLayer | Updating Camera Volume
Fra:1 Mem:13.38M (Peak 13.38M) | Time:00:00.00 | Mem:1.03M, Peak:1.03M | Scene, ViewLayer | Updating Lookup Tables
Fra:1 Mem:13.38M (Peak 13.38M) | Time:00:00.00 | Mem:1.11M, Peak:1.11M | Scene, ViewLayer | Updating Lights
Fra:1 Mem:13.38M (Peak 13.38M) | Time:00:00.00 | Mem:1.12M, Peak:1.12M | Scene, ViewLayer | Updating Lights | Computing tree
Fra:1 Mem:13.38M (Peak 13.38M) | Time:00:00.00 | Mem:1.12M, Peak:1.12M | Scene, ViewLayer | Updating Integrator
Fra:1 Mem:13.38M (Peak 13.38M) | Time:00:00.00 | Mem:1.12M, Peak:1.12M | Scene, ViewLayer | Updating Film
Fra:1 Mem:13.39M (Peak 13.39M) | Time:00:00.00 | Mem:1.04M, Peak:1.12M | Scene, ViewLayer | Updating Lookup Tables
Fra:1 Mem:13.39M (Peak 13.39M) | Time:00:00.00 | Mem:1.12M, Peak:1.12M | Scene, ViewLayer | Updating Baking
Fra:1 Mem:13.39M (Peak 13.39M) | Time:00:00.00 | Mem:1.12M, Peak:1.12M | Scene, ViewLayer | Updating Device | Writing constant memory
Fra:1 Mem:13.39M (Peak 13.39M) | Time:00:00.00 | Mem:1.12M, Peak:1.12M | Scene, ViewLayer | Sample 0/24
Fra:1 Mem:32.44M (Peak 32.44M) | Time:00:00.09 | Remaining:00:01.96 | Mem:20.17M, Peak:20.17M | Scene, ViewLayer | Sample 1/24
Fra:1 Mem:40.90M (Peak 57.82M) | Time:00:01.22 | Mem:20.17M, Peak:20.17M | Scene, ViewLayer | Sample 24/24
Fra:1 Mem:40.90M (Peak 57.82M) | Time:00:01.22 | Mem:20.17M, Peak:20.17M | Scene, ViewLayer | Finished
Saved: '/workspace/scratch/d2415e46e35b/brood-charger-redesign/study-c1/c1-lod0-side.png'
Time: 00:01.27 (Saving: 00:00.04)

Fra:1 Mem:12.91M (Peak 12.91M) | Time:00:00.00 | Mem:0.00M, Peak:0.00M | Scene, ViewLayer | Synchronizing object | CHARGER_labrum
Fra:1 Mem:12.92M (Peak 12.92M) | Time:00:00.00 | Mem:0.00M, Peak:0.00M | Scene, ViewLayer | Synchronizing object | CHARGER_telescoping_anterior
Fra:1 Mem:12.94M (Peak 12.94M) | Time:00:00.00 | Mem:0.00M, Peak:0.00M | Scene, ViewLayer | Synchronizing object | CHARGER_telescoping_middle
Fra:1 Mem:12.96M (Peak 12.96M) | Time:00:00.00 | Mem:0.00M, Peak:0.00M | Scene, ViewLayer | Synchronizing object | CHARGER_telescoping_posterior
Fra:1 Mem:12.98M (Peak 12.98M) | Time:00:00.00 | Mem:0.00M, Peak:0.00M | Scene, ViewLayer | Synchronizing object | CHARGER_folding_paddle_STARBOARD
Fra:1 Mem:13.00M (Peak 13.00M) | Time:00:00.00 | Mem:0.00M, Peak:0.00M | Scene, ViewLayer | Synchronizing object | CHARGER_stabilizer_support_STARBOARD
Fra:1 Mem:13.03M (Peak 13.03M) | Time:00:00.00 | Mem:0.00M, Peak:0.00M | Scene, ViewLayer | Synchronizing object | CHARGER_impact_chisel_STARBOARD
Fra:1 Mem:13.05M (Peak 13.05M) | Time:00:00.00 | Mem:0.00M, Peak:0.00M | Scene, ViewLayer | Synchronizing object | CHARGER_ramming_buttress_STARBOARD
Fra:1 Mem:13.08M (Peak 13.08M) | Time:00:00.00 | Mem:0.00M, Peak:0.00M | Scene, ViewLayer | Synchronizing object | CHARGER_folding_paddle_PORT
Fra:1 Mem:13.10M (Peak 13.10M) | Time:00:00.00 | Mem:0.00M, Peak:0.00M | Scene, ViewLayer | Synchronizing object | CHARGER_stabilizer_support_PORT
Fra:1 Mem:13.13M (Peak 13.13M) | Time:00:00.00 | Mem:0.00M, Peak:0.00M | Scene, ViewLayer | Synchronizing object | CHARGER_impact_chisel_PORT
Fra:1 Mem:13.16M (Peak 13.16M) | Time:00:00.00 | Mem:0.00M, Peak:0.00M | Scene, ViewLayer | Synchronizing object | CHARGER_ramming_buttress_PORT
Fra:1 Mem:13.19M (Peak 13.19M) | Time:00:00.00 | Mem:0.00M, Peak:0.00M | Scene, ViewLayer | Synchronizing object | CHARGER_cephalic_shield
Fra:1 Mem:13.23M (Peak 13.23M) | Time:00:00.00 | Mem:0.00M, Peak:0.00M | Scene, ViewLayer | Synchronizing object | CHARGER_fixed_keel
Fra:1 Mem:13.27M (Peak 13.27M) | Time:00:00.00 | Mem:0.00M, Peak:0.00M | Scene, ViewLayer | Initializing
Fra:1 Mem:13.21M (Peak 13.27M) | Time:00:00.00 | Mem:0.00M, Peak:0.00M | Scene, ViewLayer | Updating Images | Loading BroodChitin_ORM_v1
Fra:1 Mem:13.47M (Peak 13.47M) | Time:00:00.00 | Mem:0.25M, Peak:0.25M | Scene, ViewLayer | Updating Images | Loading BroodChitin_Normal_v1
Fra:1 Mem:12.92M (Peak 13.47M) | Time:00:00.00 | Mem:0.50M, Peak:0.50M | Scene, ViewLayer | Waiting for render to start
Fra:1 Mem:12.92M (Peak 13.47M) | Time:00:00.00 | Mem:0.50M, Peak:0.50M | Scene, ViewLayer | Loading render kernels (may take a few minutes the first time)
Fra:1 Mem:12.92M (Peak 13.47M) | Time:00:00.00 | Mem:0.50M, Peak:0.50M | Scene, ViewLayer | Updating Scene
Fra:1 Mem:12.92M (Peak 13.47M) | Time:00:00.00 | Mem:0.50M, Peak:0.50M | Scene, ViewLayer | Updating Shaders
Fra:1 Mem:13.00M (Peak 13.47M) | Time:00:00.00 | Mem:0.50M, Peak:0.50M | Scene, ViewLayer | Updating Procedurals
Fra:1 Mem:13.00M (Peak 13.47M) | Time:00:00.00 | Mem:0.50M, Peak:0.50M | Scene, ViewLayer | Updating Background
Fra:1 Mem:13.00M (Peak 13.47M) | Time:00:00.00 | Mem:0.50M, Peak:0.50M | Scene, ViewLayer | Updating Camera
Fra:1 Mem:13.00M (Peak 13.47M) | Time:00:00.00 | Mem:0.50M, Peak:0.50M | Scene, ViewLayer | Updating Meshes Flags
Fra:1 Mem:13.00M (Peak 13.47M) | Time:00:00.00 | Mem:0.50M, Peak:0.50M | Scene, ViewLayer | Updating Objects
Fra:1 Mem:13.00M (Peak 13.47M) | Time:00:00.00 | Mem:0.50M, Peak:0.50M | Scene, ViewLayer | Updating Objects | Copying Transformations to device
Fra:1 Mem:13.01M (Peak 13.47M) | Time:00:00.00 | Mem:0.51M, Peak:0.51M | Scene, ViewLayer | Updating Objects | Applying Static Transformations
Fra:1 Mem:13.01M (Peak 13.47M) | Time:00:00.00 | Mem:0.51M, Peak:0.51M | Scene, ViewLayer | Updating Particle Systems
Fra:1 Mem:13.01M (Peak 13.47M) | Time:00:00.00 | Mem:0.51M, Peak:0.51M | Scene, ViewLayer | Updating Particle Systems | Copying Particles to device
Fra:1 Mem:13.01M (Peak 13.47M) | Time:00:00.00 | Mem:0.51M, Peak:0.51M | Scene, ViewLayer | Updating Meshes
Fra:1 Mem:13.05M (Peak 13.47M) | Time:00:00.00 | Mem:0.51M, Peak:0.51M | Scene, ViewLayer | Updating Mesh | Computing attributes
Fra:1 Mem:13.28M (Peak 13.47M) | Time:00:00.00 | Mem:0.51M, Peak:0.51M | Scene, ViewLayer | Updating Mesh | Copying Attributes to device
Fra:1 Mem:13.28M (Peak 13.47M) | Time:00:00.00 | Mem:0.73M, Peak:0.73M | Scene, ViewLayer | Updating Scene BVH | Building
Fra:1 Mem:13.28M (Peak 13.47M) | Time:00:00.00 | Mem:0.73M, Peak:0.73M | Scene, ViewLayer | Updating Scene BVH | Building BVH
Fra:1 Mem:13.28M (Peak 13.47M) | Time:00:00.00 | Mem:0.83M, Peak:0.83M | Scene, ViewLayer | Updating Scene BVH | Building BVH 0%
Fra:1 Mem:13.28M (Peak 13.47M) | Time:00:00.00 | Mem:0.93M, Peak:1.02M | Scene, ViewLayer | Updating Scene BVH | Copying BVH to device
Fra:1 Mem:13.28M (Peak 13.47M) | Time:00:00.00 | Mem:0.93M, Peak:1.02M | Scene, ViewLayer | Updating Mesh | Computing normals
Fra:1 Mem:13.38M (Peak 13.47M) | Time:00:00.00 | Mem:0.93M, Peak:1.02M | Scene, ViewLayer | Updating Mesh | Copying Mesh to device
Fra:1 Mem:13.38M (Peak 13.47M) | Time:00:00.00 | Mem:1.03M, Peak:1.03M | Scene, ViewLayer | Updating Objects Flags
Fra:1 Mem:13.38M (Peak 13.47M) | Time:00:00.00 | Mem:1.03M, Peak:1.03M | Scene, ViewLayer | Updating Primitive Offsets
Fra:1 Mem:13.38M (Peak 13.47M) | Time:00:00.00 | Mem:1.03M, Peak:1.03M | Scene, ViewLayer | Updating Images
Fra:1 Mem:13.38M (Peak 13.47M) | Time:00:00.00 | Mem:1.03M, Peak:1.03M | Scene, ViewLayer | Updating Camera Volume
Fra:1 Mem:13.38M (Peak 13.47M) | Time:00:00.00 | Mem:1.03M, Peak:1.03M | Scene, ViewLayer | Updating Lookup Tables
Fra:1 Mem:13.38M (Peak 13.47M) | Time:00:00.00 | Mem:1.11M, Peak:1.11M | Scene, ViewLayer | Updating Lights
Fra:1 Mem:13.38M (Peak 13.47M) | Time:00:00.00 | Mem:1.12M, Peak:1.12M | Scene, ViewLayer | Updating Lights | Computing tree
Fra:1 Mem:13.38M (Peak 13.47M) | Time:00:00.00 | Mem:1.12M, Peak:1.12M | Scene, ViewLayer | Updating Integrator
Fra:1 Mem:13.38M (Peak 13.47M) | Time:00:00.00 | Mem:1.12M, Peak:1.12M | Scene, ViewLayer | Updating Film
Fra:1 Mem:13.39M (Peak 13.47M) | Time:00:00.00 | Mem:1.04M, Peak:1.12M | Scene, ViewLayer | Updating Lookup Tables
Fra:1 Mem:13.39M (Peak 13.47M) | Time:00:00.00 | Mem:1.12M, Peak:1.12M | Scene, ViewLayer | Updating Baking
Fra:1 Mem:13.39M (Peak 13.47M) | Time:00:00.00 | Mem:1.12M, Peak:1.12M | Scene, ViewLayer | Updating Device | Writing constant memory
Fra:1 Mem:13.39M (Peak 13.47M) | Time:00:00.00 | Mem:1.12M, Peak:1.12M | Scene, ViewLayer | Sample 0/24
Fra:1 Mem:32.44M (Peak 32.44M) | Time:00:00.12 | Remaining:00:02.67 | Mem:20.17M, Peak:20.17M | Scene, ViewLayer | Sample 1/24
Fra:1 Mem:40.90M (Peak 57.82M) | Time:00:02.22 | Mem:20.17M, Peak:20.17M | Scene, ViewLayer | Sample 24/24
Fra:1 Mem:40.90M (Peak 57.82M) | Time:00:02.22 | Mem:20.17M, Peak:20.17M | Scene, ViewLayer | Finished
Saved: '/workspace/scratch/d2415e46e35b/brood-charger-redesign/study-c1/c1-lod0-pose-approach.png'
Time: 00:02.26 (Saving: 00:00.04)

Fra:1 Mem:12.91M (Peak 12.91M) | Time:00:00.00 | Mem:0.00M, Peak:0.00M | Scene, ViewLayer | Synchronizing object | CHARGER_ramming_buttress_PORT
Fra:1 Mem:12.91M (Peak 12.91M) | Time:00:00.00 | Mem:0.00M, Peak:0.00M | Scene, ViewLayer | Synchronizing object | CHARGER_labrum
Fra:1 Mem:12.98M (Peak 12.98M) | Time:00:00.00 | Mem:0.00M, Peak:0.00M | Scene, ViewLayer | Synchronizing object | CHARGER_telescoping_anterior
Fra:1 Mem:13.05M (Peak 13.05M) | Time:00:00.00 | Mem:0.00M, Peak:0.00M | Scene, ViewLayer | Synchronizing object | CHARGER_impact_chisel_PORT
Fra:1 Mem:13.08M (Peak 13.08M) | Time:00:00.00 | Mem:0.00M, Peak:0.00M | Scene, ViewLayer | Synchronizing object | CHARGER_telescoping_middle
Fra:1 Mem:13.10M (Peak 13.10M) | Time:00:00.00 | Mem:0.00M, Peak:0.00M | Scene, ViewLayer | Synchronizing object | CHARGER_stabilizer_support_PORT
Fra:1 Mem:13.10M (Peak 13.10M) | Time:00:00.00 | Mem:0.00M, Peak:0.00M | Scene, ViewLayer | Synchronizing object | CHARGER_folding_paddle_PORT
Fra:1 Mem:13.11M (Peak 13.12M) | Time:00:00.00 | Mem:0.00M, Peak:0.00M | Scene, ViewLayer | Synchronizing object | CHARGER_ramming_buttress_STARBOARD
Fra:1 Mem:13.20M (Peak 13.20M) | Time:00:00.00 | Mem:0.00M, Peak:0.00M | Scene, ViewLayer | Synchronizing object | CHARGER_folding_paddle_STARBOARD
Fra:1 Mem:13.20M (Peak 13.20M) | Time:00:00.00 | Mem:0.00M, Peak:0.00M | Scene, ViewLayer | Synchronizing object | CHARGER_stabilizer_support_STARBOARD
Fra:1 Mem:13.27M (Peak 13.27M) | Time:00:00.00 | Mem:0.00M, Peak:0.00M | Scene, ViewLayer | Initializing
Fra:1 Mem:13.21M (Peak 13.27M) | Time:00:00.00 | Mem:0.00M, Peak:0.00M | Scene, ViewLayer | Updating Images | Loading BroodChitin_ORM_v1
Fra:1 Mem:13.21M (Peak 13.27M) | Time:00:00.00 | Mem:0.00M, Peak:0.00M | Scene, ViewLayer | Updating Images | Loading BroodChitin_Normal_v1
Fra:1 Mem:12.92M (Peak 13.27M) | Time:00:00.00 | Mem:0.50M, Peak:0.50M | Scene, ViewLayer | Waiting for render to start
Fra:1 Mem:12.92M (Peak 13.27M) | Time:00:00.00 | Mem:0.50M, Peak:0.50M | Scene, ViewLayer | Loading render kernels (may take a few minutes the first time)
Fra:1 Mem:12.92M (Peak 13.27M) | Time:00:00.00 | Mem:0.50M, Peak:0.50M | Scene, ViewLayer | Updating Scene
Fra:1 Mem:12.92M (Peak 13.27M) | Time:00:00.00 | Mem:0.50M, Peak:0.50M | Scene, ViewLayer | Updating Shaders
Fra:1 Mem:13.00M (Peak 13.27M) | Time:00:00.00 | Mem:0.50M, Peak:0.50M | Scene, ViewLayer | Updating Procedurals
Fra:1 Mem:13.00M (Peak 13.27M) | Time:00:00.00 | Mem:0.50M, Peak:0.50M | Scene, ViewLayer | Updating Background
Fra:1 Mem:13.00M (Peak 13.27M) | Time:00:00.00 | Mem:0.50M, Peak:0.50M | Scene, ViewLayer | Updating Camera
Fra:1 Mem:13.00M (Peak 13.27M) | Time:00:00.00 | Mem:0.50M, Peak:0.50M | Scene, ViewLayer | Updating Meshes Flags
Fra:1 Mem:13.00M (Peak 13.27M) | Time:00:00.00 | Mem:0.50M, Peak:0.50M | Scene, ViewLayer | Updating Objects
Fra:1 Mem:13.00M (Peak 13.27M) | Time:00:00.00 | Mem:0.50M, Peak:0.50M | Scene, ViewLayer | Updating Objects | Copying Transformations to device
Fra:1 Mem:13.01M (Peak 13.27M) | Time:00:00.00 | Mem:0.51M, Peak:0.51M | Scene, ViewLayer | Updating Objects | Applying Static Transformations
Fra:1 Mem:13.01M (Peak 13.27M) | Time:00:00.00 | Mem:0.51M, Peak:0.51M | Scene, ViewLayer | Updating Particle Systems
Fra:1 Mem:13.01M (Peak 13.27M) | Time:00:00.00 | Mem:0.51M, Peak:0.51M | Scene, ViewLayer | Updating Particle Systems | Copying Particles to device
Fra:1 Mem:13.01M (Peak 13.27M) | Time:00:00.00 | Mem:0.51M, Peak:0.51M | Scene, ViewLayer | Updating Meshes
Fra:1 Mem:13.05M (Peak 13.27M) | Time:00:00.00 | Mem:0.51M, Peak:0.51M | Scene, ViewLayer | Updating Mesh | Computing attributes
Fra:1 Mem:13.28M (Peak 13.28M) | Time:00:00.00 | Mem:0.51M, Peak:0.51M | Scene, ViewLayer | Updating Mesh | Copying Attributes to device
Fra:1 Mem:13.28M (Peak 13.28M) | Time:00:00.00 | Mem:0.73M, Peak:0.73M | Scene, ViewLayer | Updating Scene BVH | Building
Fra:1 Mem:13.28M (Peak 13.28M) | Time:00:00.00 | Mem:0.73M, Peak:0.73M | Scene, ViewLayer | Updating Scene BVH | Building BVH
Fra:1 Mem:13.28M (Peak 13.28M) | Time:00:00.00 | Mem:0.83M, Peak:0.83M | Scene, ViewLayer | Updating Scene BVH | Building BVH 0%
Fra:1 Mem:13.28M (Peak 13.28M) | Time:00:00.00 | Mem:0.93M, Peak:1.02M | Scene, ViewLayer | Updating Scene BVH | Copying BVH to device
Fra:1 Mem:13.28M (Peak 13.28M) | Time:00:00.00 | Mem:0.93M, Peak:1.02M | Scene, ViewLayer | Updating Mesh | Computing normals
Fra:1 Mem:13.38M (Peak 13.38M) | Time:00:00.00 | Mem:0.93M, Peak:1.02M | Scene, ViewLayer | Updating Mesh | Copying Mesh to device
Fra:1 Mem:13.38M (Peak 13.38M) | Time:00:00.00 | Mem:1.03M, Peak:1.03M | Scene, ViewLayer | Updating Objects Flags
Fra:1 Mem:13.38M (Peak 13.38M) | Time:00:00.00 | Mem:1.03M, Peak:1.03M | Scene, ViewLayer | Updating Primitive Offsets
Fra:1 Mem:13.38M (Peak 13.38M) | Time:00:00.00 | Mem:1.03M, Peak:1.03M | Scene, ViewLayer | Updating Images
Fra:1 Mem:13.38M (Peak 13.38M) | Time:00:00.00 | Mem:1.03M, Peak:1.03M | Scene, ViewLayer | Updating Camera Volume
Fra:1 Mem:13.38M (Peak 13.38M) | Time:00:00.00 | Mem:1.03M, Peak:1.03M | Scene, ViewLayer | Updating Lookup Tables
Fra:1 Mem:13.38M (Peak 13.38M) | Time:00:00.00 | Mem:1.11M, Peak:1.11M | Scene, ViewLayer | Updating Lights
Fra:1 Mem:13.38M (Peak 13.38M) | Time:00:00.00 | Mem:1.12M, Peak:1.12M | Scene, ViewLayer | Updating Lights | Computing tree
Fra:1 Mem:13.38M (Peak 13.38M) | Time:00:00.00 | Mem:1.12M, Peak:1.12M | Scene, ViewLayer | Updating Integrator
Fra:1 Mem:13.38M (Peak 13.38M) | Time:00:00.00 | Mem:1.12M, Peak:1.12M | Scene, ViewLayer | Updating Film
Fra:1 Mem:13.39M (Peak 13.39M) | Time:00:00.00 | Mem:1.04M, Peak:1.12M | Scene, ViewLayer | Updating Lookup Tables
Fra:1 Mem:13.39M (Peak 13.39M) | Time:00:00.00 | Mem:1.12M, Peak:1.12M | Scene, ViewLayer | Updating Baking
Fra:1 Mem:13.39M (Peak 13.39M) | Time:00:00.00 | Mem:1.12M, Peak:1.12M | Scene, ViewLayer | Updating Device | Writing constant memory
Fra:1 Mem:13.39M (Peak 13.39M) | Time:00:00.00 | Mem:1.12M, Peak:1.12M | Scene, ViewLayer | Sample 0/24
Fra:1 Mem:32.44M (Peak 32.44M) | Time:00:00.12 | Remaining:00:02.64 | Mem:20.17M, Peak:20.17M | Scene, ViewLayer | Sample 1/24
Fra:1 Mem:40.90M (Peak 57.82M) | Time:00:02.22 | Mem:20.17M, Peak:20.17M | Scene, ViewLayer | Sample 24/24
Fra:1 Mem:40.90M (Peak 57.82M) | Time:00:02.22 | Mem:20.17M, Peak:20.17M | Scene, ViewLayer | Finished
Saved: '/workspace/scratch/d2415e46e35b/brood-charger-redesign/study-c1/c1-lod0-pose-windup.png'
Time: 00:02.27 (Saving: 00:00.05)

Fra:1 Mem:12.91M (Peak 12.91M) | Time:00:00.00 | Mem:0.00M, Peak:0.00M | Scene, ViewLayer | Synchronizing object | CHARGER_labrum
Fra:1 Mem:12.92M (Peak 12.92M) | Time:00:00.00 | Mem:0.00M, Peak:0.00M | Scene, ViewLayer | Synchronizing object | CHARGER_ramming_buttress_PORT
Fra:1 Mem:13.05M (Peak 13.05M) | Time:00:00.00 | Mem:0.00M, Peak:0.00M | Scene, ViewLayer | Synchronizing object | CHARGER_telescoping_middle
Fra:1 Mem:13.07M (Peak 13.07M) | Time:00:00.00 | Mem:0.00M, Peak:0.00M | Scene, ViewLayer | Synchronizing object | CHARGER_impact_chisel_PORT
Fra:1 Mem:13.07M (Peak 13.07M) | Time:00:00.00 | Mem:0.00M, Peak:0.00M | Scene, ViewLayer | Synchronizing object | CHARGER_telescoping_posterior
Fra:1 Mem:13.14M (Peak 13.14M) | Time:00:00.00 | Mem:0.00M, Peak:0.00M | Scene, ViewLayer | Synchronizing object | CHARGER_folding_paddle_PORT
Fra:1 Mem:13.17M (Peak 13.17M) | Time:00:00.00 | Mem:0.00M, Peak:0.00M | Scene, ViewLayer | Synchronizing object | CHARGER_folding_paddle_STARBOARD
Fra:1 Mem:13.19M (Peak 13.19M) | Time:00:00.00 | Mem:0.00M, Peak:0.00M | Scene, ViewLayer | Synchronizing object | CHARGER_ramming_buttress_STARBOARD
Fra:1 Mem:13.19M (Peak 13.19M) | Time:00:00.00 | Mem:0.00M, Peak:0.00M | Scene, ViewLayer | Synchronizing object | CHARGER_stabilizer_support_STARBOARD
Fra:1 Mem:13.27M (Peak 13.27M) | Time:00:00.00 | Mem:0.00M, Peak:0.00M | Scene, ViewLayer | Initializing
Fra:1 Mem:13.21M (Peak 13.27M) | Time:00:00.00 | Mem:0.00M, Peak:0.00M | Scene, ViewLayer | Updating Images | Loading BroodChitin_Normal_v1
Fra:1 Mem:12.92M (Peak 13.27M) | Time:00:00.00 | Mem:0.50M, Peak:0.50M | Scene, ViewLayer | Waiting for render to start
Fra:1 Mem:12.92M (Peak 13.27M) | Time:00:00.00 | Mem:0.50M, Peak:0.50M | Scene, ViewLayer | Loading render kernels (may take a few minutes the first time)
Fra:1 Mem:12.92M (Peak 13.27M) | Time:00:00.00 | Mem:0.50M, Peak:0.50M | Scene, ViewLayer | Updating Scene
Fra:1 Mem:12.92M (Peak 13.27M) | Time:00:00.00 | Mem:0.50M, Peak:0.50M | Scene, ViewLayer | Updating Shaders
Fra:1 Mem:13.00M (Peak 13.27M) | Time:00:00.00 | Mem:0.50M, Peak:0.50M | Scene, ViewLayer | Updating Procedurals
Fra:1 Mem:13.00M (Peak 13.27M) | Time:00:00.00 | Mem:0.50M, Peak:0.50M | Scene, ViewLayer | Updating Background
Fra:1 Mem:13.00M (Peak 13.27M) | Time:00:00.00 | Mem:0.50M, Peak:0.50M | Scene, ViewLayer | Updating Camera
Fra:1 Mem:13.00M (Peak 13.27M) | Time:00:00.00 | Mem:0.50M, Peak:0.50M | Scene, ViewLayer | Updating Meshes Flags
Fra:1 Mem:13.00M (Peak 13.27M) | Time:00:00.00 | Mem:0.50M, Peak:0.50M | Scene, ViewLayer | Updating Objects
Fra:1 Mem:13.00M (Peak 13.27M) | Time:00:00.00 | Mem:0.50M, Peak:0.50M | Scene, ViewLayer | Updating Objects | Copying Transformations to device
Fra:1 Mem:13.01M (Peak 13.27M) | Time:00:00.00 | Mem:0.51M, Peak:0.51M | Scene, ViewLayer | Updating Objects | Applying Static Transformations
Fra:1 Mem:13.01M (Peak 13.27M) | Time:00:00.00 | Mem:0.51M, Peak:0.51M | Scene, ViewLayer | Updating Particle Systems
Fra:1 Mem:13.01M (Peak 13.27M) | Time:00:00.00 | Mem:0.51M, Peak:0.51M | Scene, ViewLayer | Updating Particle Systems | Copying Particles to device
Fra:1 Mem:13.01M (Peak 13.27M) | Time:00:00.00 | Mem:0.51M, Peak:0.51M | Scene, ViewLayer | Updating Meshes
Fra:1 Mem:13.05M (Peak 13.27M) | Time:00:00.00 | Mem:0.51M, Peak:0.51M | Scene, ViewLayer | Updating Mesh | Computing attributes
Fra:1 Mem:13.28M (Peak 13.28M) | Time:00:00.00 | Mem:0.51M, Peak:0.51M | Scene, ViewLayer | Updating Mesh | Copying Attributes to device
Fra:1 Mem:13.28M (Peak 13.28M) | Time:00:00.00 | Mem:0.73M, Peak:0.73M | Scene, ViewLayer | Updating Scene BVH | Building
Fra:1 Mem:13.28M (Peak 13.28M) | Time:00:00.00 | Mem:0.73M, Peak:0.73M | Scene, ViewLayer | Updating Scene BVH | Building BVH
Fra:1 Mem:13.28M (Peak 13.28M) | Time:00:00.00 | Mem:0.83M, Peak:0.83M | Scene, ViewLayer | Updating Scene BVH | Building BVH 0%
Fra:1 Mem:13.28M (Peak 13.28M) | Time:00:00.00 | Mem:0.93M, Peak:1.02M | Scene, ViewLayer | Updating Scene BVH | Copying BVH to device
Fra:1 Mem:13.28M (Peak 13.28M) | Time:00:00.00 | Mem:0.93M, Peak:1.02M | Scene, ViewLayer | Updating Mesh | Computing normals
Fra:1 Mem:13.38M (Peak 13.38M) | Time:00:00.00 | Mem:0.93M, Peak:1.02M | Scene, ViewLayer | Updating Mesh | Copying Mesh to device
Fra:1 Mem:13.38M (Peak 13.38M) | Time:00:00.00 | Mem:1.03M, Peak:1.03M | Scene, ViewLayer | Updating Objects Flags
Fra:1 Mem:13.38M (Peak 13.38M) | Time:00:00.00 | Mem:1.03M, Peak:1.03M | Scene, ViewLayer | Updating Primitive Offsets
Fra:1 Mem:13.38M (Peak 13.38M) | Time:00:00.00 | Mem:1.03M, Peak:1.03M | Scene, ViewLayer | Updating Images
Fra:1 Mem:13.38M (Peak 13.38M) | Time:00:00.00 | Mem:1.03M, Peak:1.03M | Scene, ViewLayer | Updating Camera Volume
Fra:1 Mem:13.38M (Peak 13.38M) | Time:00:00.00 | Mem:1.03M, Peak:1.03M | Scene, ViewLayer | Updating Lookup Tables
Fra:1 Mem:13.38M (Peak 13.38M) | Time:00:00.00 | Mem:1.11M, Peak:1.11M | Scene, ViewLayer | Updating Lights
Fra:1 Mem:13.38M (Peak 13.38M) | Time:00:00.00 | Mem:1.12M, Peak:1.12M | Scene, ViewLayer | Updating Lights | Computing tree
Fra:1 Mem:13.38M (Peak 13.38M) | Time:00:00.00 | Mem:1.12M, Peak:1.12M | Scene, ViewLayer | Updating Integrator
Fra:1 Mem:13.38M (Peak 13.38M) | Time:00:00.00 | Mem:1.12M, Peak:1.12M | Scene, ViewLayer | Updating Film
Fra:1 Mem:13.39M (Peak 13.39M) | Time:00:00.00 | Mem:1.04M, Peak:1.12M | Scene, ViewLayer | Updating Lookup Tables
Fra:1 Mem:13.39M (Peak 13.39M) | Time:00:00.00 | Mem:1.12M, Peak:1.12M | Scene, ViewLayer | Updating Baking
Fra:1 Mem:13.39M (Peak 13.39M) | Time:00:00.00 | Mem:1.12M, Peak:1.12M | Scene, ViewLayer | Updating Device | Writing constant memory
Fra:1 Mem:13.39M (Peak 13.39M) | Time:00:00.00 | Mem:1.12M, Peak:1.12M | Scene, ViewLayer | Sample 0/24
Fra:1 Mem:32.44M (Peak 32.44M) | Time:00:00.12 | Remaining:00:02.84 | Mem:20.17M, Peak:20.17M | Scene, ViewLayer | Sample 1/24
Fra:1 Mem:40.90M (Peak 57.82M) | Time:00:02.40 | Mem:20.17M, Peak:20.17M | Scene, ViewLayer | Sample 24/24
Fra:1 Mem:40.90M (Peak 57.82M) | Time:00:02.40 | Mem:20.17M, Peak:20.17M | Scene, ViewLayer | Finished
Saved: '/workspace/scratch/d2415e46e35b/brood-charger-redesign/study-c1/c1-lod0-pose-attack.png'
Time: 00:02.45 (Saving: 00:00.04)

Fra:1 Mem:12.91M (Peak 12.91M) | Time:00:00.00 | Mem:0.00M, Peak:0.00M | Scene, ViewLayer | Synchronizing object | CHARGER_fixed_keel
Fra:1 Mem:12.91M (Peak 12.91M) | Time:00:00.00 | Mem:0.00M, Peak:0.00M | Scene, ViewLayer | Synchronizing object | CHARGER_ramming_buttress_PORT
Fra:1 Mem:12.97M (Peak 12.97M) | Time:00:00.00 | Mem:0.00M, Peak:0.00M | Scene, ViewLayer | Synchronizing object | CHARGER_labrum
Fra:1 Mem:13.03M (Peak 13.03M) | Time:00:00.00 | Mem:0.00M, Peak:0.00M | Scene, ViewLayer | Synchronizing object | CHARGER_telescoping_anterior
Fra:1 Mem:13.05M (Peak 13.05M) | Time:00:00.00 | Mem:0.00M, Peak:0.00M | Scene, ViewLayer | Synchronizing object | CHARGER_impact_chisel_PORT
Fra:1 Mem:13.08M (Peak 13.08M) | Time:00:00.00 | Mem:0.00M, Peak:0.00M | Scene, ViewLayer | Synchronizing object | CHARGER_stabilizer_support_PORT
Fra:1 Mem:13.11M (Peak 13.11M) | Time:00:00.00 | Mem:0.00M, Peak:0.00M | Scene, ViewLayer | Synchronizing object | CHARGER_telescoping_middle
Fra:1 Mem:13.11M (Peak 13.11M) | Time:00:00.00 | Mem:0.00M, Peak:0.00M | Scene, ViewLayer | Synchronizing object | CHARGER_ramming_buttress_STARBOARD
Fra:1 Mem:13.18M (Peak 13.18M) | Time:00:00.00 | Mem:0.00M, Peak:0.00M | Scene, ViewLayer | Synchronizing object | CHARGER_impact_chisel_STARBOARD
Fra:1 Mem:13.21M (Peak 13.21M) | Time:00:00.00 | Mem:0.00M, Peak:0.00M | Scene, ViewLayer | Synchronizing object | CHARGER_telescoping_posterior
Fra:1 Mem:13.21M (Peak 13.21M) | Time:00:00.00 | Mem:0.00M, Peak:0.00M | Scene, ViewLayer | Synchronizing object | CHARGER_stabilizer_support_STARBOARD
Fra:1 Mem:13.25M (Peak 13.25M) | Time:00:00.00 | Mem:0.00M, Peak:0.00M | Scene, ViewLayer | Synchronizing object | CHARGER_folding_paddle_STARBOARD
Fra:1 Mem:13.27M (Peak 13.27M) | Time:00:00.00 | Mem:0.00M, Peak:0.00M | Scene, ViewLayer | Initializing
Fra:1 Mem:13.21M (Peak 13.27M) | Time:00:00.00 | Mem:0.00M, Peak:0.00M | Scene, ViewLayer | Updating Images | Loading BroodChitin_Normal_v1
Fra:1 Mem:13.46M (Peak 13.46M) | Time:00:00.00 | Mem:0.00M, Peak:0.00M | Scene, ViewLayer | Updating Images | Loading BroodChitin_ORM_v1
Fra:1 Mem:12.92M (Peak 13.46M) | Time:00:00.00 | Mem:0.50M, Peak:0.50M | Scene, ViewLayer | Waiting for render to start
Fra:1 Mem:12.92M (Peak 13.46M) | Time:00:00.00 | Mem:0.50M, Peak:0.50M | Scene, ViewLayer | Loading render kernels (may take a few minutes the first time)
Fra:1 Mem:12.92M (Peak 13.46M) | Time:00:00.00 | Mem:0.50M, Peak:0.50M | Scene, ViewLayer | Updating Scene
Fra:1 Mem:12.92M (Peak 13.46M) | Time:00:00.00 | Mem:0.50M, Peak:0.50M | Scene, ViewLayer | Updating Shaders
Fra:1 Mem:13.00M (Peak 13.46M) | Time:00:00.00 | Mem:0.50M, Peak:0.50M | Scene, ViewLayer | Updating Procedurals
Fra:1 Mem:13.00M (Peak 13.46M) | Time:00:00.00 | Mem:0.50M, Peak:0.50M | Scene, ViewLayer | Updating Background
Fra:1 Mem:13.00M (Peak 13.46M) | Time:00:00.00 | Mem:0.50M, Peak:0.50M | Scene, ViewLayer | Updating Camera
Fra:1 Mem:13.00M (Peak 13.46M) | Time:00:00.00 | Mem:0.50M, Peak:0.50M | Scene, ViewLayer | Updating Meshes Flags
Fra:1 Mem:13.00M (Peak 13.46M) | Time:00:00.00 | Mem:0.50M, Peak:0.50M | Scene, ViewLayer | Updating Objects
Fra:1 Mem:13.00M (Peak 13.46M) | Time:00:00.00 | Mem:0.50M, Peak:0.50M | Scene, ViewLayer | Updating Objects | Copying Transformations to device
Fra:1 Mem:13.01M (Peak 13.46M) | Time:00:00.00 | Mem:0.51M, Peak:0.51M | Scene, ViewLayer | Updating Objects | Applying Static Transformations
Fra:1 Mem:13.01M (Peak 13.46M) | Time:00:00.00 | Mem:0.51M, Peak:0.51M | Scene, ViewLayer | Updating Particle Systems
Fra:1 Mem:13.01M (Peak 13.46M) | Time:00:00.00 | Mem:0.51M, Peak:0.51M | Scene, ViewLayer | Updating Particle Systems | Copying Particles to device
Fra:1 Mem:13.01M (Peak 13.46M) | Time:00:00.00 | Mem:0.51M, Peak:0.51M | Scene, ViewLayer | Updating Meshes
Fra:1 Mem:13.05M (Peak 13.46M) | Time:00:00.00 | Mem:0.51M, Peak:0.51M | Scene, ViewLayer | Updating Mesh | Computing attributes
Fra:1 Mem:13.28M (Peak 13.46M) | Time:00:00.00 | Mem:0.51M, Peak:0.51M | Scene, ViewLayer | Updating Mesh | Copying Attributes to device
Fra:1 Mem:13.28M (Peak 13.46M) | Time:00:00.00 | Mem:0.73M, Peak:0.73M | Scene, ViewLayer | Updating Scene BVH | Building
Fra:1 Mem:13.28M (Peak 13.46M) | Time:00:00.00 | Mem:0.73M, Peak:0.73M | Scene, ViewLayer | Updating Scene BVH | Building BVH
Fra:1 Mem:13.28M (Peak 13.46M) | Time:00:00.00 | Mem:0.83M, Peak:0.83M | Scene, ViewLayer | Updating Scene BVH | Building BVH 0%
Fra:1 Mem:13.28M (Peak 13.46M) | Time:00:00.00 | Mem:0.93M, Peak:1.02M | Scene, ViewLayer | Updating Scene BVH | Copying BVH to device
Fra:1 Mem:13.28M (Peak 13.46M) | Time:00:00.00 | Mem:0.93M, Peak:1.02M | Scene, ViewLayer | Updating Mesh | Computing normals
Fra:1 Mem:13.38M (Peak 13.46M) | Time:00:00.00 | Mem:0.93M, Peak:1.02M | Scene, ViewLayer | Updating Mesh | Copying Mesh to device
Fra:1 Mem:13.38M (Peak 13.46M) | Time:00:00.00 | Mem:1.03M, Peak:1.03M | Scene, ViewLayer | Updating Objects Flags
Fra:1 Mem:13.38M (Peak 13.46M) | Time:00:00.00 | Mem:1.03M, Peak:1.03M | Scene, ViewLayer | Updating Primitive Offsets
Fra:1 Mem:13.38M (Peak 13.46M) | Time:00:00.00 | Mem:1.03M, Peak:1.03M | Scene, ViewLayer | Updating Images
Fra:1 Mem:13.38M (Peak 13.46M) | Time:00:00.00 | Mem:1.03M, Peak:1.03M | Scene, ViewLayer | Updating Camera Volume
Fra:1 Mem:13.38M (Peak 13.46M) | Time:00:00.00 | Mem:1.03M, Peak:1.03M | Scene, ViewLayer | Updating Lookup Tables
Fra:1 Mem:13.38M (Peak 13.46M) | Time:00:00.00 | Mem:1.11M, Peak:1.11M | Scene, ViewLayer | Updating Lights
Fra:1 Mem:13.38M (Peak 13.46M) | Time:00:00.00 | Mem:1.12M, Peak:1.12M | Scene, ViewLayer | Updating Lights | Computing tree
Fra:1 Mem:13.38M (Peak 13.46M) | Time:00:00.00 | Mem:1.12M, Peak:1.12M | Scene, ViewLayer | Updating Integrator
Fra:1 Mem:13.38M (Peak 13.46M) | Time:00:00.00 | Mem:1.12M, Peak:1.12M | Scene, ViewLayer | Updating Film
Fra:1 Mem:13.39M (Peak 13.46M) | Time:00:00.00 | Mem:1.04M, Peak:1.12M | Scene, ViewLayer | Updating Lookup Tables
Fra:1 Mem:13.39M (Peak 13.46M) | Time:00:00.00 | Mem:1.12M, Peak:1.12M | Scene, ViewLayer | Updating Baking
Fra:1 Mem:13.39M (Peak 13.46M) | Time:00:00.00 | Mem:1.12M, Peak:1.12M | Scene, ViewLayer | Updating Device | Writing constant memory
Fra:1 Mem:13.39M (Peak 13.46M) | Time:00:00.00 | Mem:1.12M, Peak:1.12M | Scene, ViewLayer | Sample 0/24
Fra:1 Mem:32.44M (Peak 32.44M) | Time:00:00.12 | Remaining:00:02.75 | Mem:20.17M, Peak:20.17M | Scene, ViewLayer | Sample 1/24
Fra:1 Mem:40.90M (Peak 57.82M) | Time:00:02.26 | Mem:20.17M, Peak:20.17M | Scene, ViewLayer | Sample 24/24
Fra:1 Mem:40.90M (Peak 57.82M) | Time:00:02.26 | Mem:20.17M, Peak:20.17M | Scene, ViewLayer | Finished
Saved: '/workspace/scratch/d2415e46e35b/brood-charger-redesign/study-c1/c1-lod0-pose-recovery.png'
Time: 00:02.30 (Saving: 00:00.04)



Blender quit
