✔ existing shared caption/voice consumer tells approach apart from permission (1.170479ms)
✔ off-duty, foreign ship, lost station and uncommitted acknowledgement stay silent (0.223797ms)
✔ normal materializer creates one source-origin physical actor and binds one exact spawn-budget slot (94.689493ms)
✔ ordinary approach guidance does not manufacture clearance; actual berth commit acknowledges once and return can acknowledge again (5.867529ms)
✔ sector exit releases the exact actor and slot; return rematerializes a fresh native life (7.175766ms)
✔ cold semantic restore removes the old runtime body, restores only four fields and does not replay acknowledgement (6.054901ms)
✔ destroyed/disabled Latch leaves ordinary docking authority usable and does not respawn a destroyed body (3.694123ms)
✔ native-observed clean docking recognizes once; stale or replayed commits cannot add arrivals (10.037297ms)
✔ only same-life law-owner player incidents enter the bounded idempotent memory (4.022215ms)
✔ browser source admission and scene detach fail physical colliders closed without borrowing ready strings (4.952784ms)
✔ disabled owned death persists immediately and releases the exact budget on event (4.525552ms)
✔ matching foreign textual tags and death do not destroy the owned service (4.602378ms)
✔ replacement under a recycled id cannot be consumed as the owned death (3.416104ms)
✔ same object in a new generation cannot inherit the old owned death (2.523122ms)
✔ canonical compiled Latch package presents only exact consumed native actuation and withdraws on scene loss (208.306955ms)
LATCH_COMPOSED_CPU_COUNTS {"lod0":{"visibleMeshCandidates":25,"triangles":24040},"lod1":{"visibleMeshCandidates":25,"triangles":9606},"lod2":{"visibleMeshCandidates":25,"triangles":3414}}
✔ real place publication records the compiled Latch source independently of Ceres metadata (219.704455ms)
✔ source certificate, current native compound and every rendered LOD agree without relaxing coverage (8.619886ms)
✔ real native compound has source slabs and three solid paddles; never an enclosing convex hull (58.431165ms)
✔ paddles move actual native colliders and stale generations cannot command or render (7.929249ms)
✔ a real native blocker stops a swept blade before endpoint penetration (13.16714ms)
✔ continuous rotational bounds include intermediate arc extrema, not only endpoints (0.200661ms)
✔ propulsion requires a later native force witness; stale physics and scene lives stay dark (13.492019ms)
✔ same life with replaced manifest/spec/body cannot inherit accepted motion or plume (6.518068ms)
✔ forged same-id geometry never obtains a Latch physical binding (1.218782ms)
✔ disabled, dead and disposed native owners immediately invalidate render and command leases (1.583881ms)
✔ full rotational motor remains bounded; accepted native orientation matches its centre arc (16.729856ms)
✔ cold semantic Continue creates fresh bindings and never revives prior motor angles or native receipt (20.542371ms)
✔ opaque non-rest native snapshot is rejected rather than misbinding physical paddles on Continue (23.4322ms)
✔ signed force allocations select opposite real mouths; idle and sector-detached actuation stay dark (4.921507ms)
✔ leaving the service sector cancels its queued force without deleting foreign impulses (2.673919ms)
✔ signed socket moment matches native game-yaw torque and turns a misaligned tender toward rest (2.053446ms)
✔ missing real authored model keeps production service unpromoted without a fallback (2.152485ms)
✔ admission rejects red/foreign art, static or sensor bodies, stale identity and duplicate tenders (1.280104ms)
✔ post-commit event observes both UI fields, even when service initialized before uiRoot (1.413805ms)
✔ paused keepalive finishes one ACK without advancing sim time or moving a body (0.634584ms)
✔ raw or wrong-identity post-commit messages cannot manufacture an ACK (0.388885ms)
✔ denial during docked pause cancels acknowledgement immediately (0.548264ms)
✔ new tender or player lifetime cannot inherit an armed arrival even when the object is reused (0.584628ms)
✔ physical service-box displacement exposes recovery while leaving bodies untouched (0.3592ms)
✔ canonical killed body persists destroyed, but a stale/unrelated kill does not (0.418159ms)
✔ real Save capture plan and sync/async section generator save only semantic fields (1.411912ms)
✔ real restore prefix calls the owner before sector entry and completed arrival never replays (1.017659ms)
✔ fresh-run owner list resets destroyed/met without rediscovering a stale old-world body (0.311869ms)
✔ sector lifecycle and teardown discard active/stale observers without duplicate listeners (0.406571ms)
✔ production order, reset, browser and Node lookup and docked keepalive seams are wired (1.282718ms)
✔ old-player dock:docked through the real commit helper cannot dock or acknowledge the new player (0.40581ms)
✔ legacy untagged docking remains usable but cannot gain Latch ACK on a later keepalive (0.228153ms)
✔ same ID and generation on a fresh restored object cannot authenticate an old dock intent (0.442204ms)
✔ cloning/serializing a receipt preserves ordinary compatibility but cannot forge recognition (0.222785ms)
✔ same actor cannot reuse a dock receipt across sector entry or target object replacement (0.203816ms)
✔ range extraction drives the real physics owner with unchanged enter/leave events (3.427682ms)
✔ manifest berth and large-hull standoff keep the actual range/speed gate (2.911667ms)
✔ nearest station and jump gate selection are preserved (3.10685ms)
✔ denial banner and command route keep the exact same pure refusal selector (0.784739ms)
✔ requests, UI prompt repaints and corridor geometry never manufacture GUIDE (0.341694ms)
✔ revocation interrupts GUIDE next tick, inside the 10 Hz readout interval (0.415615ms)
✔ fresh exact entity identity defeats stale station indexes and stale denial indexes (0.331628ms)
✔ transition, jump, dead player and nonflight fences close guidance (0.260993ms)
✔ only a confirmed docked-state edge after an eligible approach acknowledges, once (0.291147ms)
✔ Save/Continue during GUIDE recomputes permission and after arrival never replays ACK (0.383616ms)
✔ save restore and replaced ship cannot inherit an armed arrival (0.161132ms)
✔ recovery reports the physical owner state without moving or freezing either vessel (0.35897ms)
✔ disabled, dismissed and destroyed character never changes ordinary docking (0.252189ms)
✔ bounded save normalization rejects transient fields and returns independent data (0.224767ms)
✔ manual approach gives mouth/alignment cues before permission, then READY only at the actual berth (0.581924ms)
✔ approach target reads do not engage autopilot or write player input, and revocation clears them (0.397067ms)
✔ off-duty service stays quiet instead of republishing every tick in another sector (0.224938ms)
✔ a menu or administrative transition cannot manufacture the first voluntary encounter (0.161893ms)
✔ CLI parser requires an explicit, unique list of place ids (3.27996ms)
✔ selected assets resolve only canonical, unblocked place rows (0.677058ms)
✔ selected build and manifest patch preserve membership, order, and untouched rows (2.391875ms)
✔ publication bindings pin current release and manifest hashes exactly (0.601624ms)
✔ release metadata replaces source-pending state on asset, scene, and canonical root (3.195713ms)
✔ release metadata preserves a source-declared single-LOD preview topology (0.49255ms)
✔ source and parts-manifest guards roll back outputs on post-validation drift (42.887001ms)
✔ parts-manifest guard also rolls back outputs on post-validation drift (23.586482ms)
✔ source drift and incomplete release payloads fail closed (3.746141ms)
✔ release texture profiles keep normals UASTC and color plus ORM ETC1S (0.35908ms)
✔ first registration appends only a fully validated selected place without changing prior rows (1.101465ms)
ℹ tests 79
ℹ suites 0
ℹ pass 79
ℹ fail 0
ℹ cancelled 0
ℹ skipped 0
ℹ todo 0
ℹ duration_ms 966.912367
