
> spaceface@0.1.0 probe:smooth-flight:crucible
> node scripts/probe-smooth-flight.mjs --crucible

  fat event payloads:
    bufferFullUpload@127.sourceData 2 KB
    bufferFullUpload@127.sourceData 5 KB
    bufferFullUpload@127.sourceData 5 KB
    bufferFullUpload@128.sourceData 5 KB
    bufferFullUpload@128.sourceData 2 KB
    bufferFullUpload@128.sourceData 5 KB
    bufferFullUpload@128.sourceData 2 KB
    bufferFullUpload@128.sourceData 5 KB
    bufferFullUpload@128.sourceData 2 KB
    bufferFullUpload@128.sourceData 55 KB
    bufferFullUpload@128.sourceData 18 KB
    bufferFullUpload@128.sourceData 18 KB
    bufferFullUpload@128.sourceData 18 KB
    bufferFullUpload@128.sourceData 0 KB
    bufferFullUpload@128.sourceData 0 KB
    bufferFullUpload@128.sourceData 0 KB
    bufferFullUpload@128.sourceData 0 KB
    bufferFullUpload@128.sourceData 0 KB
    bufferFullUpload@128.sourceData 0 KB
    bufferFullUpload@128.sourceData 0 KB

SMOOTH-FLIGHT WITNESS
  GPU                         ANGLE (Google, Vulkan 1.3.0 (SwiftShader Device (Subzero) (0x0000C0DE)), SwiftShader driver)
  whole-machine CPU busy      74 % of 8 logical cores during the sample (the game alone is ~10-15 %)
  route                       CRUCIBLE swarm, seed 4242, default kit; at end: 10 other ships, 1 projectiles, 87 entities, 0 draw calls, 0k triangles
  launch to flight            12.9 s
  sample                      after 0 s of flight: 20 s, 163 frames, 9.4 fps mean
  frame time p50/p95/p99      99.9 / 150.0 / 333.3 ms; worst 1000 ms
  frames over 33 / 50 / 100   163 (100.0 %) / 163 (100.0 %) / 51
  typical frame costs (ms)    callback 20.2  sim 9.0  present 11.1  render 6.8  vfx 1.4  ui 2.7  feel 0.1  admission 0.8
  before a LONG frame (ms)    callback 20.2  sim 9.0  present 11.1  render 6.8  vfx 1.4  ui 2.7  feel 0.1  admission 0.8
  long frames paid in JS      137 of 162 (the rest: GPU, compositor or GC outside the game's callback)
  worst freezes (ms): interval <- callback = sim + present(render, vfx, ui) ...
    # 137  1000 <- callback   41  sim   18  present   23  (render 21, vfx 2, ui 1)  admission 4  — no wave event within 2s
    # 143   333 <- callback   24  sim   13  present   11  (render 9, vfx 2, ui 1)  admission 0  — no wave event within 2s
    #  23   183 <- callback   20  sim    8  present   13  (render 7, vfx 2, ui 3)  admission 0  — no wave event within 2s
    #  77   167 <- callback   26  sim    8  present   17  (render 9, vfx 2, ui 7)  admission 0  — no wave event within 2s
    #  71   167 <- callback   30  sim   17  present   14  (render 8, vfx 1, ui 4)  admission 0  — no wave event within 2s
    #  74   150 <- callback   27  sim   12  present   15  (render 9, vfx 3, ui 3)  admission 0  — no wave event within 2s
    #  53   150 <- callback   26  sim    8  present   18  (render 11, vfx 3, ui 4)  admission 0  — no wave event within 2s
    #  55   150 <- callback   32  sim    9  present   23  (render 12, vfx 2, ui 5)  admission 3  — no wave event within 2s
    #  61   150 <- callback   18  sim   10  present    7  (render 5, vfx 1, ui 1)  admission 22  — no wave event within 2s
    #  73   150 <- callback   21  sim   13  present    8  (render 6, vfx 1, ui 1)  admission 0  — no wave event within 2s
  wave events (s into sample)   -12.9s run:wavePlanned w1   -12.9s run:waveMaterialized w1 [wasp_swarmer×5]   -12.9s run:waveStarted w1   -0.9s run:waveMaterialized w1 [wasp_swarmer×5]
  wave arrival in window      COVERED (edge) — the wave materialized on the first flight ticks just before the sample clock started; its spawn cost lands inside the window via deferred mesh builds.
  program links / buffer uploads shaderLinks +11, bufferFullUploads +341, bufferPartialUploads +17369
  link placement                0 frame(s) paid a draw-time link; 11 link(s) landed off-frame (async compile); novelty: 11 NOVEL, 0 RELINK, 0 unkeyed
  admissions queued at flight   pipelines 0, residency 0
  roster prewarm at flight      no exemplar roots mounted
  cook ledger                 opening.rockSurfaceLibrary 32ms resolved | opening.firstPresentAdmission 4ms resolved | opening.planWait 858ms resolved | opening.plan 0ms skipped (reason=opening-plan-incomplete) | wait.prepareOpeningGpuResources 895ms resolved
    +9.2s  [NOVEL] SF_Shared_mechanical_none_native  (physical,STANDARD,,PHYSICAL,,highp,srgb-linear,306,1024,uv,false,false,uv,false,uv,false,false,uv,uv,false,false,false,false,false,false,false,false,false,false,false,false,false,,true,false,0,,3,9,0,0,0,0,0,0,0,0,0,1,0,0,0,0,8421456,147459,srgb,spaceface-surface-breakup-v4-file-scope|spaceface-illustrated-surface-v8)  via GLTFKit_SF_PLACE_STATION_TRADE_HUB
        owners: SF_Shared_mechanical_none_native@LOD2_HeliosGolden02_Batch_Mesh_4  SF_Shared_mechanical_none_native@LOD2_HeliosGolden02_Batch_Mesh_6  SF_Shared_none_textured_none_native@LOD2_HeliosGolden02_Batch_Mesh_9  SF_Shared_none_textured_none_native@LOD2_HeliosGolden02_Batch_Mesh_10
    +9.2s  [NOVEL] SF_Shared_canopy_none_native  (physical,STANDARD,,PHYSICAL,,highp,srgb-linear,306,1024,uv,false,false,uv,false,uv,false,false,uv,uv,false,false,false,false,false,false,false,false,false,false,false,false,false,,true,false,0,,3,9,0,0,0,0,0,0,0,0,0,1,0,0,0,0,8421584,16387,srgb,)  via GLTFKit_SF_PLACE_STATION_TRADE_HUB
        Δ doubleSided:on→off
        owners: SF_Shared_canopy_none_native@LOD2_HeliosGolden02_Batch_Mesh_8  SF_Shared_canopy_none_native@HeliosGolden02_CommonBatch_Mesh_5  SF_Shared_canopy_none_native@rendersfrenderhelios-trade-hubflight-static-lane1_9  SF_Shared_canopy_none_native@rendersfrenderhelios-trade-hubflight-static-lane2_9
    +9.2s  [NOVEL] SF_Shared_none_textured_none_native  (physical,STANDARD,,PHYSICAL,,highp,srgb-linear,306,1024,uv,false,false,uv,false,uv,false,false,uv,uv,false,false,false,false,false,false,false,false,false,false,false,false,false,,true,false,0,,3,9,0,0,0,0,0,0,0,0,0,1,0,0,0,0,8421584,147459,srgb,spaceface-illustrated-surface-v8)  via GLTFKit_SF_PLACE_STATION_TRADE_HUB
        Δ doubleSided:on→off
        owners: SF_Shared_none_textured_none_native@rendersfrenderhelios-trade-hubflight-static-lane1  SF_Shared_none_textured_none_native@rendersfrenderhelios-trade-hubflight-static-lane2
    +10.9s  [NOVEL] ?  (physical,STANDARD,,highp,srgb-linear,306,1024,false,false,false,false,false,false,false,false,false,false,false,false,false,false,false,false,false,false,false,false,false,false,false,,true,false,0,,3,9,0,0,0,0,0,0,0,0,0,1,0,0,0,0,8388624,131075,srgb,onBeforeCompile( /* shaderobject, renderer */ ) {})  via Asteroid_311,GLTFKit_ship_wasp,GLTFKit_InstancePool_SF_WHOLE  [at getProgram () <- at prepareMaterial () <- at  <- at Mesh.traverse ()]
        Δ custom:spaceface-illustrated-surface-v8→onBeforeCompile( /* shaderobject
        owners: MeshStandardMaterial@GLTFKit_Nav_Lights_port  MeshStandardMaterial@GLTFKit_Nav_Lights_starboard
    +11.1s  [NOVEL] SF_Shared_mechanical_dark  (physical,STANDARD,,highp,srgb-linear,306,1024,uv,false,false,false,false,uv,false,false,uv,uv,false,false,false,false,false,false,false,false,false,false,false,false,false,,true,false,0,,3,9,0,0,0,0,0,0,0,0,0,1,0,0,0,0,8421457,149507,srgb,spaceface-surface-breakup-v4-file-scope|spaceface-illustrated-surface-v8)  via Asteroid_311,GLTFKit_ship_wasp,GLTFKit_InstancePool_SF_WHOLE
        Δ instancing:off→on
    +11.1s  [NOVEL] SF_Shared_hull_textured_hull  (physical,STANDARD,,highp,srgb-linear,306,1024,uv,false,false,uv,false,uv,false,false,uv,uv,false,false,false,false,false,false,false,false,false,false,false,false,false,,true,false,0,,3,9,0,0,0,0,0,0,0,0,0,1,0,0,0,0,8421457,149507,srgb,spaceface-surface-breakup-v4-file-scope|spaceface-illustrated-surface-v8)  via Asteroid_311,GLTFKit_ship_wasp,GLTFKit_InstancePool_SF_WHOLE
        Δ instancing:off→on
        owners: SF_Shared_mechanical_dark@LOD0_Gun_Assembly  SF_Shared_hull_textured_hull@LOD0_HOOK_DRIVE_CORE  SF_Shared_mechanical_dark@LOD0_HOOK_DRIVE_FAN  SF_Shared_hull_textured_hull@LOD0_Merged_Material_Cyan
    +11.2s  [NOVEL] SF_Shared_accent_accent  (physical,STANDARD,,highp,srgb-linear,306,1024,uv,false,false,false,false,uv,false,false,uv,uv,false,false,false,false,false,false,false,false,false,false,false,false,false,,true,false,0,,3,9,0,0,0,0,0,0,0,0,0,1,0,0,0,0,8421457,147459,srgb,spaceface-surface-breakup-v4-file-scope|spaceface-illustrated-surface-v8)  via Asteroid_311,GLTFKit_ship_wasp,GLTFKit_InstancePool_SF_WHOLE
        Δ instancing:off→on
        owners: SF_Shared_accent_accent@Pulse_Muzzle_Glow  SF_Shared_mechanical_dark@weapon_pulse_cannon_Material_Mechanical_Merged  SF_Shared_accent_accent@GLTFKit_InstancePool_SF_WEAPON_PULSE_CANNON_Pulse_Muzzle_Glow_0  SF_Shared_mechanical_dark@GLTFKit_InstancePool_SF_WEAPON_PULSE_CANNON_weapon_pulse_cannon_Material_Mechanical_Merged_0
    +11.3s  [NOVEL] SF_Shared_hull_textured_hull  (physical,STANDARD,,highp,srgb-linear,306,1024,uv,false,false,uv,false,uv,false,false,uv,uv,false,false,false,false,false,false,false,false,false,false,false,false,false,,true,false,0,,3,9,0,0,0,0,0,0,0,0,0,1,0,0,0,0,8421457,147459,srgb,spaceface-surface-breakup-v4-file-scope|spaceface-illustrated-surface-v8)  via Asteroid_311,GLTFKit_ship_wasp,GLTFKit_InstancePool_SF_WHOLE
        Δ instancing:off→on
        owners: SF_Shared_hull_textured_hull@weapon_pulse_cannon_Material_Hull_Merged001  SF_Shared_hull_textured_hull@GLTFKit_InstancePool_SF_WEAPON_PULSE_CANNON_weapon_pulse_cannon_Material_Hull_Merged001_0
    +11.3s  [NOVEL] SF_Shared_none_textured_none_native  (physical,STANDARD,,PHYSICAL,,highp,srgb-linear,306,1024,uv,false,false,uv,false,uv,false,false,uv,uv,false,false,false,false,false,false,false,false,false,false,false,false,false,,true,false,0,,3,9,0,0,0,0,0,0,0,0,0,1,0,0,0,0,8421585,149507,srgb,spaceface-surface-breakup-v4-file-scope|spaceface-illustrated-surface-v8)  via Asteroid_311,GLTFKit_ship_wasp,GLTFKit_InstancePool_SF_WHOLE
        Δ instancing:off→on
        owners: SF_Shared_none_textured_none_native@weapon_pulse_cannon_Material_Hull_Merged001_1  SF_Shared_mechanical_dark@Remaster_Material_Mechanical_BrushedNickel  SF_Shared_none_textured_none_native@Remaster_Material_Hull_VitreousCeramic  SF_Shared_mechanical_dark@Remaster_Material_Mechanical_ShadowEnamel
    +12.1s  [NOVEL] ?  (physical,STANDARD,,highp,srgb-linear,306,1024,false,false,false,false,false,false,false,false,false,uv,false,false,false,false,false,false,false,false,false,false,false,false,false,,true,false,0,,3,9,0,0,0,0,0,0,0,0,0,1,0,0,0,0,8388624,131079,srgb,spaceface-illustrated-surface-v8)  via Asteroid_311,GLTFKit_ship_wasp,GLTFKit_InstancePool_SF_WHOLE  [at getProgram () <- at prepareMaterial () <- at  <- at Mesh.traverse ()]
        Δ roughnessMapUv:false→uv | flatShading:off→on
        owners: MeshStandardMaterial@Mesh
    +12.3s  [NOVEL] sf-energy-massline:halo  (74,75,highp,srgb-linear,false,,false,false,false,false,false,false,false,false,false,false,false,false,false,false,false,false,false,false,false,false,false,false,false,,true,false,0,,3,9,0,0,0,0,0,0,0,0,0,1,0,0,0,0,8388608,2049,srgb,onBeforeCompile( /* shaderobject, renderer */ ) {})  via Asteroid_311,GLTFKit_ship_wasp,GLTFKit_InstancePool_SF_WHOLE
        owners: sf-energy-massline:halo@Mesh  sf-energy-massline:core@Mesh
  boundary census at flight   authored×10 loading×50 awaiting-authored-admission×1
  non-terminal at start       ship_wasp(ship,loading->authored) ship_wasp(ship,loading->authored) ship_wasp(ship,loading->authored) ship_wasp(ship,loading->authored) station_helios(station,loading,never-req->authored) station_coalition(station,loading,never-req->loading) place_asteroid_seamed(asteroid,loading,never-req->loading) place_asteroid_rock_a(asteroid,loading,never-req->loading) 74(station,loading,never-req->loading) 75(station,loading,never-req->loading) 76(station,loading,never-req->loading) place_memorial_array(fx,loading,never-req->loading) place_debris_chunk(fx,loading,never-req->loading) place_cold_locker(fx,loading,never-req->loading) station_ceres(station,loading,never-req->loading) station_beltout(station,loading,never-req->loading) place_asteroid_rock_a(asteroid,loading,never-req->loading) place_asteroid_seamed(asteroid,loading,never-req->loading)
  program-key drift (old -> new):
    ship_wasp
      - (no program at start)
      + physical,STANDARD,,highp,srgb-linear,306,1024,false,false,false,false,false,false,false,false,false,false,false,false,false,false,false,false,false,false,false, [NOT warmed — nearest Δ specularColorMapUv:false→ | specularIntensityMapUv:false→∅ | transmissionMapUv:false→∅ | thicknessMapUv:false→∅]
    ship_wasp
      - (no program at start)
      + basic,highp,srgb-linear,false,,false,false,false,false,false,false,false,false,false,false,false,false,false,false,false,false,false,false,false,false,false,fal [NOT warmed — nearest Δ transmissionMapUv:false→fal | thicknessMapUv:false→∅ | combine:0→∅ | fogExp2:true→∅]
    ship_wasp
      - (no program at start)
      + physical,STANDARD,,highp,srgb-linear,306,1024,uv,false,false,false,false,uv,false,false,uv,uv,false,false,false,false,false,false,false,false,false,false,false, [NOT warmed — nearest Δ normalMapUv:false→uv | transmissionMapUv:false→ | thicknessMapUv:false→∅ | fogExp2:true→∅]
    ship_wasp
      - (no program at start)
      + physical,STANDARD,,highp,srgb-linear,306,1024,uv,false,false,false,false,uv,false,false,uv,uv,false,false,false,false,false,false,false,false,false,false,false, [NOT warmed — nearest Δ normalMapUv:false→uv | transmissionMapUv:false→ | thicknessMapUv:false→∅ | fogExp2:true→∅]
    ship_wasp
      - (no program at start)
      + physical,STANDARD,,highp,srgb-linear,306,1024,uv,false,false,false,false,uv,false,false,uv,uv,false,false,false,false,false,false,false,false,false,false,false, [NOT warmed — nearest Δ normalMapUv:false→uv | transmissionMapUv:false→ | thicknessMapUv:false→∅ | fogExp2:true→∅]
    ship_wasp
      - (no program at start)
      + physical,STANDARD,,highp,srgb-linear,306,1024,uv,false,false,false,false,uv,false,false,uv,uv,false,false,false,false,false,false,false,false,false,false,false, [NOT warmed — nearest Δ normalMapUv:false→uv | transmissionMapUv:false→ | thicknessMapUv:false→∅ | fogExp2:true→∅]
    ship_wasp
      - (no program at start)
      + physical,STANDARD,,highp,srgb-linear,306,1024,uv,false,false,uv,false,uv,false,false,uv,uv,false,false,false,false,false,false,false,false,false,false,false,fal [NOT warmed — nearest Δ aoMapUv:false→uv | normalMapUv:false→uv | transmissionMapUv:false→fal | thicknessMapUv:false→∅]
    ship_wasp
      - (no program at start)
      + physical,STANDARD,,highp,srgb-linear,306,1024,uv,false,false,uv,false,uv,false,false,uv,uv,false,false,false,false,false,false,false,false,false,false,false,fal [NOT warmed — nearest Δ aoMapUv:false→uv | normalMapUv:false→uv | transmissionMapUv:false→fal | thicknessMapUv:false→∅]
    ship_wasp
      - (no program at start)
      + physical,STANDARD,,PHYSICAL,,highp,srgb-linear,306,1024,uv,false,false,uv,false,uv,false,false,uv,uv,false,false,false,false,false,false,false,false,false,false [NOT warmed — nearest Δ aoMapUv:false→uv | normalMapUv:false→uv | specularIntensityMapUv:false→∅ | transmissionMapUv:false→∅]
    ship_wasp
      - (no program at start)
      + physical,STANDARD,,highp,srgb-linear,306,1024,uv,false,false,uv,false,uv,false,false,uv,uv,false,false,false,false,false,false,false,false,false,false,false,fal [NOT warmed — nearest Δ aoMapUv:false→uv | normalMapUv:false→uv | transmissionMapUv:false→fal | thicknessMapUv:false→∅]
    ship_wasp
      - (no program at start)
      + physical,STANDARD,,highp,srgb-linear,306,1024,uv,false,false,uv,false,uv,false,false,uv,uv,false,false,false,false,false,false,false,false,false,false,false,fal [NOT warmed — nearest Δ aoMapUv:false→uv | normalMapUv:false→uv | transmissionMapUv:false→fal | thicknessMapUv:false→∅]
    ship_wasp
      - (no program at start)
      + physical,STANDARD,,highp,srgb-linear,306,1024,uv,false,false,false,false,uv,false,false,uv,uv,false,false,false,false,false,false,false,false,false,false,false, [NOT warmed — nearest Δ normalMapUv:false→uv | transmissionMapUv:false→ | thicknessMapUv:false→∅ | fogExp2:true→∅]
    ship_wasp
      - (no program at start)
      + physical,STANDARD,,highp,srgb-linear,306,1024,uv,false,false,uv,false,uv,false,false,uv,uv,false,false,false,false,false,false,false,false,false,false,false,fal [NOT warmed — nearest Δ aoMapUv:false→uv | normalMapUv:false→uv | transmissionMapUv:false→fal | thicknessMapUv:false→∅]
    ship_wasp
      - (no program at start)
      + physical,STANDARD,,PHYSICAL,,highp,srgb-linear,306,1024,uv,false,false,uv,false,uv,false,false,uv,uv,false,false,false,false,false,false,false,false,false,false [NOT warmed — nearest Δ aoMapUv:false→uv | normalMapUv:false→uv | specularIntensityMapUv:false→∅ | transmissionMapUv:false→∅]
  mesh builds in sample:
    +0.3s  build asteroid:ast_common_rock
    +0.3s  build asteroid:ast_common_rock
    +0.3s  build ship:ship_wasp
    +1.3s  build ship:ship_wasp
    +1.3s  build ship:ship_wasp
    +1.3s  build ship:ship_wasp
    +1.3s  build ship:ship_wasp
    +10.7s  build asteroid:ast_common_rock
    +10.7s  build asteroid:ast_common_rock
    +10.7s  build asteroid:ast_common_rock
    +10.7s  build asteroid:ast_common_rock
    +10.7s  build asteroid:ast_common_rock
    +14.4s  build asteroid:ast_common_rock
    +14.4s  build asteroid:ast_common_rock
    +14.4s  build asteroid:ast_common_rock
    +14.4s  build asteroid:ast_common_rock
    +14.4s  build asteroid:ast_common_rock
    +14.4s  build asteroid:ast_common_rock
    +14.4s  build asteroid:ast_common_rock
  buffer uploads in sample:
    +0s  ×1    bufferData 72B  via Asteroid_308  <- rcs-layer:core.position
    +0s  ×1    bufferData 72B  via Asteroid_308  <- rcs-layer:core.normal
    +0s  ×1    bufferData 48B  via Asteroid_308  <- rcs-layer:core.uv
    +0s  ×1    bufferData 144B  via Asteroid_308  <- rcs-layer:core.instanceOffset
    +0s  ×1    bufferData 192B  via Asteroid_308  <- rcs-layer:core.instanceAxisScale
    +0s  ×1    bufferData 192B  via Asteroid_308  <- rcs-layer:core.instanceParams
    +0s  ×1    bufferData 192B  via Asteroid_308  <- rcs-layer:core.instanceDynamics
    +0s  ×1    bufferData 144B  via Asteroid_308  <- rcs-layer:core.instanceColor
    +0s  ×1    bufferData 768B  via Asteroid_308  <- rcs-layer:core.instanceMatrix
    +0s  ×1    bufferData 72B  via Asteroid_308  <- rcs-layer:inner.position
    +0s  ×1    bufferData 72B  via Asteroid_308  <- rcs-layer:inner.normal
    +0s  ×1    bufferData 48B  via Asteroid_308  <- rcs-layer:inner.uv
    +0s  ×1    bufferData 144B  via Asteroid_308  <- rcs-layer:inner.instanceOffset
    +0s  ×1    bufferData 192B  via Asteroid_308  <- rcs-layer:inner.instanceAxisScale
    +0s  ×1    bufferData 192B  via Asteroid_308  <- rcs-layer:inner.instanceParams
    +0s  ×1    bufferData 192B  via Asteroid_308  <- rcs-layer:inner.instanceDynamics
    +0s  ×1    bufferData 144B  via Asteroid_308  <- rcs-layer:inner.instanceColor
    +0s  ×1    bufferData 768B  via Asteroid_308  <- rcs-layer:inner.instanceMatrix
    +0s  ×1    bufferData 72B  via Asteroid_308  <- rcs-layer:sheath.position
    +0s  ×1    bufferData 72B  via Asteroid_308  <- rcs-layer:sheath.normal
    +0s  ×1    bufferData 48B  via Asteroid_308  <- rcs-layer:sheath.uv
    +0s  ×1    bufferData 144B  via Asteroid_308  <- rcs-layer:sheath.instanceOffset
    +0s  ×1    bufferData 192B  via Asteroid_308  <- rcs-layer:sheath.instanceAxisScale
    +0s  ×1    bufferData 192B  via Asteroid_308  <- rcs-layer:sheath.instanceParams
  SHIP LOST ITS PLACE         0 presents redrew an already-drawn moment (must be 0)
  hitch callbacks             56 of 193 (world resumed two ticks on)
  frames that shed sim time   146
  game speed vs real time     45.7 % (hit-stop and hitches are the only things allowed to lower it)
  OS says reduce motion       false
  game motion setting         full -> effects FULL
  rock batches                2/5  2/9  2/6  0/6  1/6
  player speed at end         114 WU/s
  console errors              4
    [log] [render] GPU: %s | tier: %s | pixelRatio: %s | buffer: %dx%d ANGLE (Google, Vulkan 1.3.0 (SwiftShader Device (Subzero) (0x0000C0DE)), SwiftShader driver) software 1.00 1600 900
    [warning] THREE.WebGLRenderer: KHR_parallel_shader_compile extension not supported.
    [error] Failed to load resource: the server responded with a status of 404 (Not Found) (http://127.0.0.1:46497/__spaceface_player_store)
    [warning] [GPU brick] bloomScene 606.5ms {"owners":[{"object":"Parallax_FarDust_Instances","material":"MeshStandardMaterial","root":"Parallax_FarDust","key":"physical,STANDARD,,highp,srgb-linear,306,1024,uv,false,false,uv,false,uv,false,false,uv,uv,false,false,false,false,false,false,false,false,false,false,f

