C:\Users\93rob\Documents\GitHub\SpaceFace\tools\blender\build_works_rover_mtx.py:616: DeprecationWarning: 'Material.use_nodes' is expected to be removed in Blender 6.0
  material.use_nodes = True
works rover cycle 38: atlas 4x4, map ladder {0: 2048, 1: 1024, 2: 512}
Info: Removed 0 vertices
Info: Removed 0 vertices
lod0 bbox wu=[1.8973, 1.81, 1.03] cells=[0.8624, 0.8227, 0.4682] zMin=0.0
WARN lod0 triangles 20642 over budget 18000 (named features kept)
INFO Draco mesh compression is available, use library at C:\Program Files\Blender Foundation\Blender 5.1\5.1\scripts\addons_core\io_scene_gltf2\extern_draco.dll
13:41:33 | INFO: Starting glTF 2.0 export
13:41:33 | INFO: Extracting primitive: LOD0_Merged_Material_Bit_Boom
13:41:33 | WARNING: More than one shader node tex image used for a texture. The resulting glTF sampler will behave like the first shader node tex image.
13:41:33 | INFO: Primitives created: 1
13:41:33 | INFO: Extracting primitive: LOD0_Merged_Material_Chevron_Boom
13:41:33 | INFO: Primitives created: 1
13:41:33 | INFO: Extracting primitive: LOD0_Merged_Material_Steel_Boom
13:41:33 | INFO: Primitives created: 1
13:41:33 | INFO: Extracting primitive: hopper_fill_0
13:41:33 | INFO: Primitives created: 1
13:41:33 | INFO: Extracting primitive: hopper_fill_1
13:41:33 | INFO: Primitives created: 1
13:41:33 | INFO: Extracting primitive: hopper_fill_2
13:41:33 | INFO: Primitives created: 1
13:41:33 | INFO: Extracting primitive: hopper_fill_3
13:41:33 | INFO: Primitives created: 1
13:41:33 | INFO: Extracting primitive: hopper_fill_4
13:41:33 | INFO: Primitives created: 1
13:41:33 | INFO: Extracting primitive: hopper_lid
13:41:33 | INFO: Primitives created: 1
13:41:33 | INFO: Extracting primitive: LOD0_Merged_Material_Chevron
13:41:33 | INFO: Primitives created: 1
13:41:33 | INFO: Extracting primitive: LOD0_Merged_Material_Glass
13:41:33 | INFO: Primitives created: 1
13:41:33 | INFO: Extracting primitive: LOD0_Merged_Material_Lamp
13:41:33 | INFO: Primitives created: 1
13:41:33 | INFO: Extracting primitive: LOD0_Merged_Material_Livery
13:41:33 | INFO: Primitives created: 1
13:41:33 | INFO: Extracting primitive: LOD0_Merged_Material_Rubble
13:41:33 | INFO: Primitives created: 1
13:41:33 | INFO: Extracting primitive: LOD0_Merged_Material_Scar
13:41:33 | INFO: Primitives created: 1
13:41:33 | INFO: Extracting primitive: LOD0_Merged_Material_Steel
13:41:33 | INFO: Primitives created: 1
13:41:33 | INFO: Extracting primitive: LOD0_Merged_Material_Track
13:41:33 | INFO: Primitives created: 1
13:41:33 | INFO: Extracting primitive: scar_plate
13:41:33 | INFO: Primitives created: 1
13:41:33 | INFO: Extracting primitive: track_L
13:41:33 | INFO: Primitives created: 1
13:41:33 | INFO: Extracting primitive: track_R
13:41:33 | INFO: Primitives created: 1
13:41:33 | INFO: Finished glTF 2.0 export in 0.17595911026000977 s

{
  "lod": 0,
  "triangles": 20642,
  "draws": 20,
  "bytes": 14375676,
  "sha256": "415FFE4643B8CE62CFD1241A0292CE2866224E99F557C45CE003E2050C1ADE40"
}
Info: Removed 0 vertices
Info: Removed 0 vertices
lod1 bbox wu=[1.8981, 1.81, 1.03] cells=[0.8628, 0.8227, 0.4682] zMin=0.0
13:41:38 | INFO: Starting glTF 2.0 export
13:41:38 | INFO: Extracting primitive: LOD1_Merged_Material_Bit_Boom
13:41:38 | WARNING: More than one shader node tex image used for a texture. The resulting glTF sampler will behave like the first shader node tex image.
13:41:38 | INFO: Primitives created: 1
13:41:38 | INFO: Extracting primitive: LOD1_Merged_Material_Chevron_Boom
13:41:38 | INFO: Primitives created: 1
13:41:38 | INFO: Extracting primitive: LOD1_Merged_Material_Steel_Boom
13:41:38 | INFO: Primitives created: 1
13:41:38 | INFO: Extracting primitive: hopper_fill_0
13:41:38 | INFO: Primitives created: 1
13:41:38 | INFO: Extracting primitive: hopper_fill_1
13:41:38 | INFO: Primitives created: 1
13:41:38 | INFO: Extracting primitive: hopper_fill_2
13:41:38 | INFO: Primitives created: 1
13:41:38 | INFO: Extracting primitive: hopper_fill_3
13:41:38 | INFO: Primitives created: 1
13:41:38 | INFO: Extracting primitive: hopper_fill_4
13:41:38 | INFO: Primitives created: 1
13:41:38 | INFO: Extracting primitive: hopper_lid
13:41:38 | INFO: Primitives created: 1
13:41:38 | INFO: Extracting primitive: LOD1_Merged_Material_Chevron
13:41:38 | INFO: Primitives created: 1
13:41:38 | INFO: Extracting primitive: LOD1_Merged_Material_Glass
13:41:38 | INFO: Primitives created: 1
13:41:38 | INFO: Extracting primitive: LOD1_Merged_Material_Lamp
13:41:38 | INFO: Primitives created: 1
13:41:38 | INFO: Extracting primitive: LOD1_Merged_Material_Livery
13:41:38 | INFO: Primitives created: 1
13:41:38 | INFO: Extracting primitive: LOD1_Merged_Material_Rubble
13:41:38 | INFO: Primitives created: 1
13:41:38 | INFO: Extracting primitive: LOD1_Merged_Material_Scar
13:41:38 | INFO: Primitives created: 1
13:41:38 | INFO: Extracting primitive: LOD1_Merged_Material_Steel
13:41:38 | INFO: Primitives created: 1
13:41:38 | INFO: Extracting primitive: LOD1_Merged_Material_Track
13:41:38 | INFO: Primitives created: 1
13:41:38 | INFO: Extracting primitive: scar_plate
13:41:38 | INFO: Primitives created: 1
13:41:38 | INFO: Extracting primitive: track_L
13:41:38 | INFO: Primitives created: 1
13:41:38 | INFO: Extracting primitive: track_R
13:41:38 | INFO: Primitives created: 1
13:41:38 | INFO: Finished glTF 2.0 export in 0.05661201477050781 s

{
  "lod": 1,
  "triangles": 3236,
  "draws": 20,
  "bytes": 3303420,
  "sha256": "4C12BA3F2742E76F08EC680C9C6F77FC9F45B0446A331AE43370F3A355821705"
}
Info: Removed 0 vertices
Info: Removed 0 vertices
lod2 bbox wu=[1.8864, 1.81, 1.03] cells=[0.8574, 0.8227, 0.4682] zMin=0.0
13:41:42 | INFO: Starting glTF 2.0 export
13:41:42 | INFO: Extracting primitive: LOD2_Merged_Material_Bit_Boom
13:41:42 | WARNING: More than one shader node tex image used for a texture. The resulting glTF sampler will behave like the first shader node tex image.
13:41:42 | INFO: Primitives created: 1
13:41:42 | INFO: Extracting primitive: LOD2_Merged_Material_Chevron_Boom
13:41:42 | INFO: Primitives created: 1
13:41:42 | INFO: Extracting primitive: LOD2_Merged_Material_Steel_Boom
13:41:42 | INFO: Primitives created: 1
13:41:42 | INFO: Extracting primitive: hopper_fill_0
13:41:42 | INFO: Primitives created: 1
13:41:42 | INFO: Extracting primitive: hopper_fill_1
13:41:42 | INFO: Primitives created: 1
13:41:42 | INFO: Extracting primitive: hopper_fill_2
13:41:42 | INFO: Primitives created: 1
13:41:42 | INFO: Extracting primitive: hopper_fill_3
13:41:42 | INFO: Primitives created: 1
13:41:42 | INFO: Extracting primitive: hopper_fill_4
13:41:42 | INFO: Primitives created: 1
13:41:42 | INFO: Extracting primitive: hopper_lid
13:41:42 | INFO: Primitives created: 1
13:41:42 | INFO: Extracting primitive: LOD2_Merged_Material_Chevron
13:41:42 | INFO: Primitives created: 1
13:41:42 | INFO: Extracting primitive: LOD2_Merged_Material_Glass
13:41:42 | INFO: Primitives created: 1
13:41:42 | INFO: Extracting primitive: LOD2_Merged_Material_Lamp
13:41:42 | INFO: Primitives created: 1
13:41:42 | INFO: Extracting primitive: LOD2_Merged_Material_Livery
13:41:42 | INFO: Primitives created: 1
13:41:42 | INFO: Extracting primitive: LOD2_Merged_Material_Rubble
13:41:42 | INFO: Primitives created: 1
13:41:42 | INFO: Extracting primitive: LOD2_Merged_Material_Scar
13:41:42 | INFO: Primitives created: 1
13:41:42 | INFO: Extracting primitive: LOD2_Merged_Material_Steel
13:41:43 | INFO: Primitives created: 1
13:41:43 | INFO: Extracting primitive: LOD2_Merged_Material_Track
13:41:43 | INFO: Primitives created: 1
13:41:43 | INFO: Extracting primitive: scar_plate
13:41:43 | INFO: Primitives created: 1
13:41:43 | INFO: Extracting primitive: track_L
13:41:43 | INFO: Primitives created: 1
13:41:43 | INFO: Extracting primitive: track_R
13:41:43 | INFO: Primitives created: 1
13:41:43 | INFO: Finished glTF 2.0 export in 0.04538607597351074 s

{
  "lod": 2,
  "triangles": 1998,
  "draws": 20,
  "bytes": 991732,
  "sha256": "4DD2E33CD640D3168901155BC8D667FC29B5E1073E7D6FA121C84D3B6229BF0E"
}
purged cycle-1 textures: 0
13:41:43 | INFO: Data are loaded, start creating Blender stuff
13:41:43 | INFO: Blender create Mesh node LOD0_Merged_Material_Bit_Boom
13:41:43 | INFO: Blender create Mesh node LOD0_Merged_Material_Chevron_Boom
13:41:43 | INFO: Blender create Mesh node LOD0_Merged_Material_Steel_Boom
13:41:43 | INFO: Blender create Mesh node hopper_fill_0
13:41:43 | INFO: Blender create Mesh node hopper_fill_1
13:41:43 | INFO: Blender create Mesh node hopper_fill_2
13:41:43 | INFO: Blender create Mesh node hopper_fill_3
13:41:43 | INFO: Blender create Mesh node hopper_fill_4
13:41:43 | INFO: Blender create Mesh node hopper_lid
13:41:43 | INFO: Blender create Mesh node LOD0_Merged_Material_Chevron
13:41:43 | INFO: Blender create Mesh node LOD0_Merged_Material_Glass
13:41:43 | INFO: Blender create Mesh node LOD0_Merged_Material_Lamp
13:41:43 | INFO: Blender create Mesh node LOD0_Merged_Material_Livery
13:41:43 | INFO: Blender create Mesh node LOD0_Merged_Material_Rubble
13:41:43 | INFO: Blender create Mesh node LOD0_Merged_Material_Scar
13:41:43 | INFO: Blender create Mesh node LOD0_Merged_Material_Steel
13:41:43 | INFO: Blender create Mesh node LOD0_Merged_Material_Track
13:41:43 | INFO: Blender create Mesh node scar_plate
13:41:43 | INFO: Blender create Mesh node track_L
13:41:43 | INFO: Blender create Mesh node track_R
13:41:43 | INFO: glTF import finished in 0.15s
C:\Users\93rob\Documents\GitHub\SpaceFace\tools\blender\build_works_rover_mtx.py:1990: DeprecationWarning: 'World.use_nodes' is expected to be removed in Blender 6.0
  world.use_nodes = True
C:\Users\93rob\Documents\GitHub\SpaceFace\tools\blender\build_works_rover_mtx.py:2005: DeprecationWarning: 'Material.use_nodes' is expected to be removed in Blender 6.0
  pad_mat.use_nodes = True
00:24.859  render           | Saved: 'C:\Users\93rob\Documents\GitHub\SpaceFace\assets\works\rover\evidence\cycle_038\works_top.png'
00:27.078  render           | Saved: 'C:\Users\93rob\Documents\GitHub\SpaceFace\assets\works\rover\evidence\cycle_038\works_edge.png'
00:29.437  render           | Saved: 'C:\Users\93rob\Documents\GitHub\SpaceFace\assets\works\rover\evidence\cycle_038\works_site.png'
C:\Users\93rob\Documents\GitHub\SpaceFace\tools\blender\build_works_rover_mtx.py:2089: DeprecationWarning: 'Material.use_nodes' is expected to be removed in Blender 6.0
  clay.use_nodes = True
00:31.781  render           | Saved: 'C:\Users\93rob\Documents\GitHub\SpaceFace\assets\works\rover\evidence\cycle_038\works_top_clay.png'
C:\Users\93rob\Documents\GitHub\SpaceFace\tools\blender\build_works_rover_mtx.py:2975: DeprecationWarning: 'World.use_nodes' is expected to be removed in Blender 6.0
  if world and world.use_nodes:
C:\Users\93rob\Documents\GitHub\SpaceFace\tools\blender\build_works_rover_mtx.py:2137: DeprecationWarning: 'Material.use_nodes' is expected to be removed in Blender 6.0
  mat.use_nodes = True
00:33.578  render           | Saved: 'C:\Users\93rob\Documents\GitHub\SpaceFace\assets\works\rover\evidence\cycle_038\works_top_mask.png'
00:36.359  render           | Saved: 'C:\Users\93rob\Documents\GitHub\SpaceFace\assets\works\rover\evidence\cycle_038\works_edge_mask.png'
C:\Users\93rob\Documents\GitHub\SpaceFace\tools\blender\build_works_rover_mtx.py:2053: DeprecationWarning: 'Material.use_nodes' is expected to be removed in Blender 6.0
  mat.use_nodes = True
00:38.265  render           | Saved: 'C:\Users\93rob\Documents\GitHub\SpaceFace\assets\works\rover\evidence\cycle_038\works_top_depth.png'
Blender 5.1.2 (hash ec6e62d40fa9 built 2026-05-19 01:37:34)
planform_report textured:
  YELLOW_MINORITY              0.0308 <= 0.4500  PASS
  TRACK_BAND                   0.2750 >= 0.1600  PASS
  TRACK_OUTERMOST_PORT         0.3694 >= 0.8000  FAIL
  TRACK_OUTERMOST_STARBOARD    0.3647 >= 0.8000  FAIL
  WELL_HOLE                    0.0481 >= 0.0400  PASS
  CAB_PANE                     0.0156 >= 0.0200  FAIL
  BOOM_REACH                   0.2736 >= 0.1000  PASS
  BOOM_OFFSET                  0.1512 >= 0.1500  PASS
planform_report clay (object silhouette, not pad):
  TRACK_BAND                   0.3617 >= 0.1600  PASS
  TRACK_OUTERMOST_PORT         1.0000 >= 0.8000  PASS
  TRACK_OUTERMOST_STARBOARD    1.0000 >= 0.8000  PASS
  WELL_HOLE                    0.0885 >= 0.0400  PASS
  CAB_PANE                     0.0635 >= 0.0200  PASS
  BOOM_REACH                   0.2736 >= 0.1000  PASS
  BOOM_OFFSET                  0.1512 >= 0.1500  PASS
  CLAY_HOLDS True
planform_report cycle3:
  TRACK_CONTRAST_PORT          20.3330 >= 18.0000  PASS
  TRACK_CONTRAST_STARBOARD     -5.2166 >= 18.0000  FAIL
  LIVERY_SAT_RENDERED          0.1429 >= 0.3000  FAIL
  HAS_MASS                     0.9459 >= 0.7200  PASS
  WELL_IS_A_HOLE               0.0694 >= 0.2400  FAIL
  CAB_IS_RAISED                0.2789 >= 0.2800  FAIL
  WELL_CAB_DIFFER              [0.0694, -0.2789] signs opposite signs  PASS
  ONE_BODY                     0.3294 >= 0.9000  FAIL
  TREAD_PADS_PORT              21.0000 >= 14.0000  PASS
  TREAD_PADS_STARBOARD         19.0000 >= 14.0000  PASS
  TRACK_ENDS_ROUND_PORT        0.4463 >= 0.0600  PASS
  TRACK_ENDS_ROUND_STARBOARD   0.3513 >= 0.0600  PASS
  NORMAL_RELIEF                0.2477 >= 0.0400  PASS
  NORMAL_RELIEF_LIVERY         0.2445 >= 0.0300  PASS
  CLAY_SHADING                 54.9278 >= 14.0000  PASS
  LIVERY_HUE                   46.7908 range 44.0000..54.0000  PASS
  LIVERY_SAT                   0.7402 >= 0.7000  PASS
  BIT_NOT_PINK                 35.8573 hue outside 330-25  PASS
  EDGE_SHOWS_WALL              1.1553 >= 1.1000  PASS
  object bbox px=[908, 489, 1014, 590] sil=8189
texture_report:
  pngCount 9 <= 9
  rover_lod0.glb 14375676 <= 14680064  PASS
  rover_lod1.glb 3303420 <= 5242880  PASS
  rover_lod2.glb 991732 <= 2097152  PASS
{
  "ok": true,
  "cycle": 38,
  "tris0": 20642,
  "bbox": [
    1.8973,
    1.81,
    1.03
  ],
  "pngCount": 9,
  "planformPass": false
}
