C:\Users\93rob\Documents\GitHub\SpaceFace\tools\blender\build_works_rover_mtx.py:616: DeprecationWarning: 'Material.use_nodes' is expected to be removed in Blender 6.0
  material.use_nodes = True
works rover cycle 39: atlas 4x4, map ladder {0: 2048, 1: 1024, 2: 512}
Info: Removed 0 vertices
Info: Removed 0 vertices
lod0 bbox wu=[1.9058, 1.81, 1.03] cells=[0.8663, 0.8227, 0.4682] zMin=0.0
WARN lod0 triangles 20750 over budget 18000 (named features kept)
INFO Draco mesh compression is available, use library at C:\Program Files\Blender Foundation\Blender 5.1\5.1\scripts\addons_core\io_scene_gltf2\extern_draco.dll
13:46:11 | INFO: Starting glTF 2.0 export
13:46:11 | INFO: Extracting primitive: LOD0_Merged_Material_Bit_Boom
13:46:11 | WARNING: More than one shader node tex image used for a texture. The resulting glTF sampler will behave like the first shader node tex image.
13:46:11 | INFO: Primitives created: 1
13:46:11 | INFO: Extracting primitive: LOD0_Merged_Material_Chevron_Boom
13:46:11 | INFO: Primitives created: 1
13:46:11 | INFO: Extracting primitive: LOD0_Merged_Material_Steel_Boom
13:46:11 | INFO: Primitives created: 1
13:46:11 | INFO: Extracting primitive: hopper_fill_0
13:46:11 | INFO: Primitives created: 1
13:46:11 | INFO: Extracting primitive: hopper_fill_1
13:46:11 | INFO: Primitives created: 1
13:46:11 | INFO: Extracting primitive: hopper_fill_2
13:46:11 | INFO: Primitives created: 1
13:46:11 | INFO: Extracting primitive: hopper_fill_3
13:46:11 | INFO: Primitives created: 1
13:46:11 | INFO: Extracting primitive: hopper_fill_4
13:46:11 | INFO: Primitives created: 1
13:46:11 | INFO: Extracting primitive: hopper_lid
13:46:11 | INFO: Primitives created: 1
13:46:11 | INFO: Extracting primitive: LOD0_Merged_Material_Chevron
13:46:11 | INFO: Primitives created: 1
13:46:11 | INFO: Extracting primitive: LOD0_Merged_Material_Glass
13:46:11 | INFO: Primitives created: 1
13:46:11 | INFO: Extracting primitive: LOD0_Merged_Material_Lamp
13:46:11 | INFO: Primitives created: 1
13:46:11 | INFO: Extracting primitive: LOD0_Merged_Material_Livery
13:46:11 | INFO: Primitives created: 1
13:46:11 | INFO: Extracting primitive: LOD0_Merged_Material_Rubble
13:46:11 | INFO: Primitives created: 1
13:46:11 | INFO: Extracting primitive: LOD0_Merged_Material_Scar
13:46:11 | INFO: Primitives created: 1
13:46:11 | INFO: Extracting primitive: LOD0_Merged_Material_Steel
13:46:11 | INFO: Primitives created: 1
13:46:11 | INFO: Extracting primitive: LOD0_Merged_Material_Track
13:46:11 | INFO: Primitives created: 1
13:46:11 | INFO: Extracting primitive: scar_plate
13:46:11 | INFO: Primitives created: 1
13:46:11 | INFO: Extracting primitive: track_L
13:46:11 | INFO: Primitives created: 1
13:46:11 | INFO: Extracting primitive: track_R
13:46:11 | INFO: Primitives created: 1
13:46:11 | INFO: Finished glTF 2.0 export in 0.22150492668151855 s

{
  "lod": 0,
  "triangles": 20750,
  "draws": 20,
  "bytes": 14393352,
  "sha256": "AA743AACCAECE87668EC26596B417C5F578A04C5622A216ABCB6BA420C4A4B8E"
}
Info: Removed 0 vertices
Info: Removed 0 vertices
lod1 bbox wu=[1.9066, 1.81, 1.03] cells=[0.8666, 0.8227, 0.4682] zMin=0.0
13:46:17 | INFO: Starting glTF 2.0 export
13:46:17 | INFO: Extracting primitive: LOD1_Merged_Material_Bit_Boom
13:46:17 | WARNING: More than one shader node tex image used for a texture. The resulting glTF sampler will behave like the first shader node tex image.
13:46:17 | INFO: Primitives created: 1
13:46:17 | INFO: Extracting primitive: LOD1_Merged_Material_Chevron_Boom
13:46:17 | INFO: Primitives created: 1
13:46:17 | INFO: Extracting primitive: LOD1_Merged_Material_Steel_Boom
13:46:17 | INFO: Primitives created: 1
13:46:17 | INFO: Extracting primitive: hopper_fill_0
13:46:17 | INFO: Primitives created: 1
13:46:17 | INFO: Extracting primitive: hopper_fill_1
13:46:17 | INFO: Primitives created: 1
13:46:17 | INFO: Extracting primitive: hopper_fill_2
13:46:17 | INFO: Primitives created: 1
13:46:17 | INFO: Extracting primitive: hopper_fill_3
13:46:17 | INFO: Primitives created: 1
13:46:17 | INFO: Extracting primitive: hopper_fill_4
13:46:17 | INFO: Primitives created: 1
13:46:17 | INFO: Extracting primitive: hopper_lid
13:46:17 | INFO: Primitives created: 1
13:46:17 | INFO: Extracting primitive: LOD1_Merged_Material_Chevron
13:46:17 | INFO: Primitives created: 1
13:46:17 | INFO: Extracting primitive: LOD1_Merged_Material_Glass
13:46:17 | INFO: Primitives created: 1
13:46:17 | INFO: Extracting primitive: LOD1_Merged_Material_Lamp
13:46:17 | INFO: Primitives created: 1
13:46:17 | INFO: Extracting primitive: LOD1_Merged_Material_Livery
13:46:17 | INFO: Primitives created: 1
13:46:17 | INFO: Extracting primitive: LOD1_Merged_Material_Rubble
13:46:17 | INFO: Primitives created: 1
13:46:17 | INFO: Extracting primitive: LOD1_Merged_Material_Scar
13:46:17 | INFO: Primitives created: 1
13:46:17 | INFO: Extracting primitive: LOD1_Merged_Material_Steel
13:46:17 | INFO: Primitives created: 1
13:46:17 | INFO: Extracting primitive: LOD1_Merged_Material_Track
13:46:17 | INFO: Primitives created: 1
13:46:17 | INFO: Extracting primitive: scar_plate
13:46:17 | INFO: Primitives created: 1
13:46:17 | INFO: Extracting primitive: track_L
13:46:17 | INFO: Primitives created: 1
13:46:17 | INFO: Extracting primitive: track_R
13:46:17 | INFO: Primitives created: 1
13:46:17 | INFO: Finished glTF 2.0 export in 0.07833194732666016 s

{
  "lod": 1,
  "triangles": 3248,
  "draws": 20,
  "bytes": 3304296,
  "sha256": "19452E617D0860F99167A2EBCAE8AF870224790CC7CAB9237DC66AA8B2660FCF"
}
Info: Removed 0 vertices
Info: Removed 0 vertices
lod2 bbox wu=[1.8949, 1.81, 1.03] cells=[0.8613, 0.8227, 0.4682] zMin=0.0
13:46:23 | INFO: Starting glTF 2.0 export
13:46:23 | INFO: Extracting primitive: LOD2_Merged_Material_Bit_Boom
13:46:23 | WARNING: More than one shader node tex image used for a texture. The resulting glTF sampler will behave like the first shader node tex image.
13:46:23 | INFO: Primitives created: 1
13:46:23 | INFO: Extracting primitive: LOD2_Merged_Material_Chevron_Boom
13:46:23 | INFO: Primitives created: 1
13:46:23 | INFO: Extracting primitive: LOD2_Merged_Material_Steel_Boom
13:46:23 | INFO: Primitives created: 1
13:46:23 | INFO: Extracting primitive: hopper_fill_0
13:46:23 | INFO: Primitives created: 1
13:46:23 | INFO: Extracting primitive: hopper_fill_1
13:46:23 | INFO: Primitives created: 1
13:46:23 | INFO: Extracting primitive: hopper_fill_2
13:46:23 | INFO: Primitives created: 1
13:46:23 | INFO: Extracting primitive: hopper_fill_3
13:46:23 | INFO: Primitives created: 1
13:46:23 | INFO: Extracting primitive: hopper_fill_4
13:46:23 | INFO: Primitives created: 1
13:46:23 | INFO: Extracting primitive: hopper_lid
13:46:23 | INFO: Primitives created: 1
13:46:23 | INFO: Extracting primitive: LOD2_Merged_Material_Chevron
13:46:23 | INFO: Primitives created: 1
13:46:23 | INFO: Extracting primitive: LOD2_Merged_Material_Glass
13:46:23 | INFO: Primitives created: 1
13:46:23 | INFO: Extracting primitive: LOD2_Merged_Material_Lamp
13:46:23 | INFO: Primitives created: 1
13:46:23 | INFO: Extracting primitive: LOD2_Merged_Material_Livery
13:46:23 | INFO: Primitives created: 1
13:46:23 | INFO: Extracting primitive: LOD2_Merged_Material_Rubble
13:46:23 | INFO: Primitives created: 1
13:46:23 | INFO: Extracting primitive: LOD2_Merged_Material_Scar
13:46:23 | INFO: Primitives created: 1
13:46:23 | INFO: Extracting primitive: LOD2_Merged_Material_Steel
13:46:23 | INFO: Primitives created: 1
13:46:23 | INFO: Extracting primitive: LOD2_Merged_Material_Track
13:46:23 | INFO: Primitives created: 1
13:46:23 | INFO: Extracting primitive: scar_plate
13:46:23 | INFO: Primitives created: 1
13:46:23 | INFO: Extracting primitive: track_L
13:46:23 | INFO: Primitives created: 1
13:46:23 | INFO: Extracting primitive: track_R
13:46:23 | INFO: Primitives created: 1
13:46:23 | INFO: Finished glTF 2.0 export in 0.058685302734375 s

{
  "lod": 2,
  "triangles": 1998,
  "draws": 20,
  "bytes": 991240,
  "sha256": "AA5537352367C7D701FB9DAE7BAC27CBD9DF45A1E25CC9FAC1386410125D4DE6"
}
purged cycle-1 textures: 0
13:46:23 | INFO: Data are loaded, start creating Blender stuff
13:46:23 | INFO: Blender create Mesh node LOD0_Merged_Material_Bit_Boom
13:46:23 | INFO: Blender create Mesh node LOD0_Merged_Material_Chevron_Boom
13:46:23 | INFO: Blender create Mesh node LOD0_Merged_Material_Steel_Boom
13:46:23 | INFO: Blender create Mesh node hopper_fill_0
13:46:23 | INFO: Blender create Mesh node hopper_fill_1
13:46:23 | INFO: Blender create Mesh node hopper_fill_2
13:46:23 | INFO: Blender create Mesh node hopper_fill_3
13:46:23 | INFO: Blender create Mesh node hopper_fill_4
13:46:23 | INFO: Blender create Mesh node hopper_lid
13:46:23 | INFO: Blender create Mesh node LOD0_Merged_Material_Chevron
13:46:23 | INFO: Blender create Mesh node LOD0_Merged_Material_Glass
13:46:23 | INFO: Blender create Mesh node LOD0_Merged_Material_Lamp
13:46:23 | INFO: Blender create Mesh node LOD0_Merged_Material_Livery
13:46:23 | INFO: Blender create Mesh node LOD0_Merged_Material_Rubble
13:46:23 | INFO: Blender create Mesh node LOD0_Merged_Material_Scar
13:46:23 | INFO: Blender create Mesh node LOD0_Merged_Material_Steel
13:46:23 | INFO: Blender create Mesh node LOD0_Merged_Material_Track
13:46:23 | INFO: Blender create Mesh node scar_plate
13:46:23 | INFO: Blender create Mesh node track_L
13:46:23 | INFO: Blender create Mesh node track_R
13:46:24 | INFO: glTF import finished in 0.17s
C:\Users\93rob\Documents\GitHub\SpaceFace\tools\blender\build_works_rover_mtx.py:1997: DeprecationWarning: 'World.use_nodes' is expected to be removed in Blender 6.0
  world.use_nodes = True
C:\Users\93rob\Documents\GitHub\SpaceFace\tools\blender\build_works_rover_mtx.py:2012: DeprecationWarning: 'Material.use_nodes' is expected to be removed in Blender 6.0
  pad_mat.use_nodes = True
00:30.406  render           | Saved: 'C:\Users\93rob\Documents\GitHub\SpaceFace\assets\works\rover\evidence\cycle_039\works_top.png'
00:33.328  render           | Saved: 'C:\Users\93rob\Documents\GitHub\SpaceFace\assets\works\rover\evidence\cycle_039\works_edge.png'
00:36.218  render           | Saved: 'C:\Users\93rob\Documents\GitHub\SpaceFace\assets\works\rover\evidence\cycle_039\works_site.png'
C:\Users\93rob\Documents\GitHub\SpaceFace\tools\blender\build_works_rover_mtx.py:2096: DeprecationWarning: 'Material.use_nodes' is expected to be removed in Blender 6.0
  clay.use_nodes = True
00:39.656  render           | Saved: 'C:\Users\93rob\Documents\GitHub\SpaceFace\assets\works\rover\evidence\cycle_039\works_top_clay.png'
C:\Users\93rob\Documents\GitHub\SpaceFace\tools\blender\build_works_rover_mtx.py:2982: DeprecationWarning: 'World.use_nodes' is expected to be removed in Blender 6.0
  if world and world.use_nodes:
C:\Users\93rob\Documents\GitHub\SpaceFace\tools\blender\build_works_rover_mtx.py:2144: DeprecationWarning: 'Material.use_nodes' is expected to be removed in Blender 6.0
  mat.use_nodes = True
00:41.906  render           | Saved: 'C:\Users\93rob\Documents\GitHub\SpaceFace\assets\works\rover\evidence\cycle_039\works_top_mask.png'
00:44.312  render           | Saved: 'C:\Users\93rob\Documents\GitHub\SpaceFace\assets\works\rover\evidence\cycle_039\works_edge_mask.png'
C:\Users\93rob\Documents\GitHub\SpaceFace\tools\blender\build_works_rover_mtx.py:2060: DeprecationWarning: 'Material.use_nodes' is expected to be removed in Blender 6.0
  mat.use_nodes = True
00:46.578  render           | Saved: 'C:\Users\93rob\Documents\GitHub\SpaceFace\assets\works\rover\evidence\cycle_039\works_top_depth.png'
Blender 5.1.2 (hash ec6e62d40fa9 built 2026-05-19 01:37:34)
planform_report textured:
  YELLOW_MINORITY              0.0246 <= 0.4500  PASS
  TRACK_BAND                   0.2759 >= 0.1600  PASS
  TRACK_OUTERMOST_PORT         0.3694 >= 0.8000  FAIL
  TRACK_OUTERMOST_STARBOARD    0.3667 >= 0.8000  FAIL
  WELL_HOLE                    0.0482 >= 0.0400  PASS
  CAB_PANE                     0.0206 >= 0.0200  PASS
  BOOM_REACH                   0.2830 >= 0.1000  PASS
  BOOM_OFFSET                  0.1446 >= 0.1500  FAIL
planform_report clay (object silhouette, not pad):
  TRACK_BAND                   0.3624 >= 0.1600  PASS
  TRACK_OUTERMOST_PORT         1.0000 >= 0.8000  PASS
  TRACK_OUTERMOST_STARBOARD    1.0000 >= 0.8000  PASS
  WELL_HOLE                    0.0897 >= 0.0400  PASS
  CAB_PANE                     0.0652 >= 0.0200  PASS
  BOOM_REACH                   0.2830 >= 0.1000  PASS
  BOOM_OFFSET                  0.1446 >= 0.1500  FAIL
  CLAY_HOLDS False
planform_report cycle3:
  TRACK_CONTRAST_PORT          22.1926 >= 18.0000  PASS
  TRACK_CONTRAST_STARBOARD     -3.6458 >= 18.0000  FAIL
  LIVERY_SAT_RENDERED          0.1294 >= 0.3000  FAIL
  HAS_MASS                     0.9506 >= 0.7200  PASS
  WELL_IS_A_HOLE               0.0694 >= 0.2400  FAIL
  CAB_IS_RAISED                0.1570 >= 0.2800  FAIL
  WELL_CAB_DIFFER              [0.0694, -0.157] signs opposite signs  PASS
  ONE_BODY                     0.4129 >= 0.9000  FAIL
  TREAD_PADS_PORT              19.0000 >= 14.0000  PASS
  TREAD_PADS_STARBOARD         17.0000 >= 14.0000  PASS
  TRACK_ENDS_ROUND_PORT        0.4459 >= 0.0600  PASS
  TRACK_ENDS_ROUND_STARBOARD   0.3502 >= 0.0600  PASS
  NORMAL_RELIEF                0.2477 >= 0.0400  PASS
  NORMAL_RELIEF_LIVERY         0.2445 >= 0.0300  PASS
  CLAY_SHADING                 54.6542 >= 14.0000  PASS
  LIVERY_HUE                   46.7908 range 44.0000..54.0000  PASS
  LIVERY_SAT                   0.7402 >= 0.7000  PASS
  BIT_NOT_PINK                 35.8573 hue outside 330-25  PASS
  EDGE_SHOWS_WALL              1.1553 >= 1.1000  PASS
  object bbox px=[908, 489, 1014, 590] sil=8173
texture_report:
  pngCount 9 <= 9
  rover_lod0.glb 14393352 <= 14680064  PASS
  rover_lod1.glb 3304296 <= 5242880  PASS
  rover_lod2.glb 991240 <= 2097152  PASS
{
  "ok": true,
  "cycle": 39,
  "tris0": 20750,
  "bbox": [
    1.9058,
    1.81,
    1.03
  ],
  "pngCount": 9,
  "planformPass": false
}
