C:\Users\93rob\Documents\GitHub\SpaceFace\tools\blender\build_works_rover_mtx.py:618: DeprecationWarning: 'Material.use_nodes' is expected to be removed in Blender 6.0
  material.use_nodes = True
works rover cycle 46: atlas 4x4, map ladder {0: 2048, 1: 1024, 2: 512}
Info: Removed 0 vertices
Info: Removed 0 vertices
lod0 bbox wu=[1.8818, 1.81, 1.03] cells=[0.8554, 0.8227, 0.4682] zMin=0.0
WARN lod0 triangles 20522 over budget 18000 (named features kept)
INFO Draco mesh compression is available, use library at C:\Program Files\Blender Foundation\Blender 5.1\5.1\scripts\addons_core\io_scene_gltf2\extern_draco.dll
14:53:15 | INFO: Starting glTF 2.0 export
14:53:15 | INFO: Extracting primitive: LOD0_Merged_Material_Bit_Boom
14:53:15 | WARNING: More than one shader node tex image used for a texture. The resulting glTF sampler will behave like the first shader node tex image.
14:53:15 | INFO: Primitives created: 1
14:53:15 | INFO: Extracting primitive: LOD0_Merged_Material_Chevron_Boom
14:53:15 | INFO: Primitives created: 1
14:53:15 | INFO: Extracting primitive: LOD0_Merged_Material_Steel_Boom
14:53:15 | INFO: Primitives created: 1
14:53:15 | INFO: Extracting primitive: hopper_fill_0
14:53:15 | INFO: Primitives created: 1
14:53:15 | INFO: Extracting primitive: hopper_fill_1
14:53:15 | INFO: Primitives created: 1
14:53:15 | INFO: Extracting primitive: hopper_fill_2
14:53:15 | INFO: Primitives created: 1
14:53:15 | INFO: Extracting primitive: hopper_fill_3
14:53:15 | INFO: Primitives created: 1
14:53:15 | INFO: Extracting primitive: hopper_fill_4
14:53:15 | INFO: Primitives created: 1
14:53:15 | INFO: Extracting primitive: hopper_lid
14:53:15 | INFO: Primitives created: 1
14:53:15 | INFO: Extracting primitive: LOD0_Merged_Material_Chevron
14:53:15 | INFO: Primitives created: 1
14:53:15 | INFO: Extracting primitive: LOD0_Merged_Material_Glass
14:53:15 | INFO: Primitives created: 1
14:53:15 | INFO: Extracting primitive: LOD0_Merged_Material_Lamp
14:53:15 | INFO: Primitives created: 1
14:53:15 | INFO: Extracting primitive: LOD0_Merged_Material_Livery
14:53:15 | INFO: Primitives created: 1
14:53:15 | INFO: Extracting primitive: LOD0_Merged_Material_Rubble
14:53:15 | INFO: Primitives created: 1
14:53:15 | INFO: Extracting primitive: LOD0_Merged_Material_Scar
14:53:15 | INFO: Primitives created: 1
14:53:15 | INFO: Extracting primitive: LOD0_Merged_Material_Steel
14:53:15 | INFO: Primitives created: 1
14:53:15 | INFO: Extracting primitive: LOD0_Merged_Material_Track
14:53:15 | INFO: Primitives created: 1
14:53:15 | INFO: Extracting primitive: scar_plate
14:53:15 | INFO: Primitives created: 1
14:53:15 | INFO: Extracting primitive: track_L
14:53:15 | INFO: Primitives created: 1
14:53:15 | INFO: Extracting primitive: track_R
14:53:15 | INFO: Primitives created: 1
14:53:15 | INFO: Finished glTF 2.0 export in 0.40939831733703613 s

{
  "lod": 0,
  "triangles": 20522,
  "draws": 20,
  "bytes": 14387044,
  "sha256": "A536D9252399BFBD7353CC0A01454AE769E9459638BDB2C8CA7D78D7248CDFF0"
}
Info: Removed 0 vertices
Info: Removed 0 vertices
lod1 bbox wu=[1.8826, 1.81, 1.03] cells=[0.8557, 0.8227, 0.4682] zMin=0.0
14:53:30 | INFO: Starting glTF 2.0 export
14:53:30 | INFO: Extracting primitive: LOD1_Merged_Material_Bit_Boom
14:53:30 | WARNING: More than one shader node tex image used for a texture. The resulting glTF sampler will behave like the first shader node tex image.
14:53:30 | INFO: Primitives created: 1
14:53:30 | INFO: Extracting primitive: LOD1_Merged_Material_Chevron_Boom
14:53:30 | INFO: Primitives created: 1
14:53:30 | INFO: Extracting primitive: LOD1_Merged_Material_Steel_Boom
14:53:30 | INFO: Primitives created: 1
14:53:30 | INFO: Extracting primitive: hopper_fill_0
14:53:30 | INFO: Primitives created: 1
14:53:30 | INFO: Extracting primitive: hopper_fill_1
14:53:30 | INFO: Primitives created: 1
14:53:30 | INFO: Extracting primitive: hopper_fill_2
14:53:30 | INFO: Primitives created: 1
14:53:30 | INFO: Extracting primitive: hopper_fill_3
14:53:30 | INFO: Primitives created: 1
14:53:30 | INFO: Extracting primitive: hopper_fill_4
14:53:30 | INFO: Primitives created: 1
14:53:30 | INFO: Extracting primitive: hopper_lid
14:53:30 | INFO: Primitives created: 1
14:53:30 | INFO: Extracting primitive: LOD1_Merged_Material_Chevron
14:53:30 | INFO: Primitives created: 1
14:53:30 | INFO: Extracting primitive: LOD1_Merged_Material_Glass
14:53:30 | INFO: Primitives created: 1
14:53:30 | INFO: Extracting primitive: LOD1_Merged_Material_Lamp
14:53:30 | INFO: Primitives created: 1
14:53:30 | INFO: Extracting primitive: LOD1_Merged_Material_Livery
14:53:30 | INFO: Primitives created: 1
14:53:30 | INFO: Extracting primitive: LOD1_Merged_Material_Rubble
14:53:30 | INFO: Primitives created: 1
14:53:30 | INFO: Extracting primitive: LOD1_Merged_Material_Scar
14:53:30 | INFO: Primitives created: 1
14:53:30 | INFO: Extracting primitive: LOD1_Merged_Material_Steel
14:53:30 | INFO: Primitives created: 1
14:53:30 | INFO: Extracting primitive: LOD1_Merged_Material_Track
14:53:30 | INFO: Primitives created: 1
14:53:30 | INFO: Extracting primitive: scar_plate
14:53:30 | INFO: Primitives created: 1
14:53:30 | INFO: Extracting primitive: track_L
14:53:30 | INFO: Primitives created: 1
14:53:30 | INFO: Extracting primitive: track_R
14:53:30 | INFO: Primitives created: 1
14:53:30 | INFO: Finished glTF 2.0 export in 0.08644723892211914 s

{
  "lod": 1,
  "triangles": 3020,
  "draws": 20,
  "bytes": 3291928,
  "sha256": "72981442FCEE7A03D3E545D14320952F1C3638E3C223A6956DFD91B1627B90AF"
}
Info: Removed 0 vertices
Info: Removed 0 vertices
lod2 bbox wu=[1.8706, 1.81, 1.03] cells=[0.8503, 0.8227, 0.4682] zMin=0.0
14:53:41 | INFO: Starting glTF 2.0 export
14:53:41 | INFO: Extracting primitive: LOD2_Merged_Material_Bit_Boom
14:53:41 | WARNING: More than one shader node tex image used for a texture. The resulting glTF sampler will behave like the first shader node tex image.
14:53:41 | INFO: Primitives created: 1
14:53:41 | INFO: Extracting primitive: LOD2_Merged_Material_Chevron_Boom
14:53:41 | INFO: Primitives created: 1
14:53:41 | INFO: Extracting primitive: LOD2_Merged_Material_Steel_Boom
14:53:41 | INFO: Primitives created: 1
14:53:41 | INFO: Extracting primitive: hopper_fill_0
14:53:41 | INFO: Primitives created: 1
14:53:41 | INFO: Extracting primitive: hopper_fill_1
14:53:41 | INFO: Primitives created: 1
14:53:41 | INFO: Extracting primitive: hopper_fill_2
14:53:41 | INFO: Primitives created: 1
14:53:41 | INFO: Extracting primitive: hopper_fill_3
14:53:41 | INFO: Primitives created: 1
14:53:41 | INFO: Extracting primitive: hopper_fill_4
14:53:41 | INFO: Primitives created: 1
14:53:41 | INFO: Extracting primitive: hopper_lid
14:53:41 | INFO: Primitives created: 1
14:53:41 | INFO: Extracting primitive: LOD2_Merged_Material_Chevron
14:53:41 | INFO: Primitives created: 1
14:53:41 | INFO: Extracting primitive: LOD2_Merged_Material_Glass
14:53:41 | INFO: Primitives created: 1
14:53:41 | INFO: Extracting primitive: LOD2_Merged_Material_Lamp
14:53:41 | INFO: Primitives created: 1
14:53:41 | INFO: Extracting primitive: LOD2_Merged_Material_Livery
14:53:41 | INFO: Primitives created: 1
14:53:41 | INFO: Extracting primitive: LOD2_Merged_Material_Rubble
14:53:41 | INFO: Primitives created: 1
14:53:41 | INFO: Extracting primitive: LOD2_Merged_Material_Scar
14:53:41 | INFO: Primitives created: 1
14:53:41 | INFO: Extracting primitive: LOD2_Merged_Material_Steel
14:53:41 | INFO: Primitives created: 1
14:53:41 | INFO: Extracting primitive: LOD2_Merged_Material_Track
14:53:41 | INFO: Primitives created: 1
14:53:41 | INFO: Extracting primitive: scar_plate
14:53:41 | INFO: Primitives created: 1
14:53:41 | INFO: Extracting primitive: track_L
14:53:41 | INFO: Primitives created: 1
14:53:41 | INFO: Extracting primitive: track_R
14:53:41 | INFO: Primitives created: 1
14:53:41 | INFO: Finished glTF 2.0 export in 0.07949972152709961 s

{
  "lod": 2,
  "triangles": 1998,
  "draws": 20,
  "bytes": 995300,
  "sha256": "190588541D4D78DBB9038A896E4DA589661BCD019A766DE3B1E42FB5B2A45453"
}
purged cycle-1 textures: 0
14:53:41 | INFO: Data are loaded, start creating Blender stuff
14:53:41 | INFO: Blender create Mesh node LOD0_Merged_Material_Bit_Boom
14:53:41 | INFO: Blender create Mesh node LOD0_Merged_Material_Chevron_Boom
14:53:41 | INFO: Blender create Mesh node LOD0_Merged_Material_Steel_Boom
14:53:41 | INFO: Blender create Mesh node hopper_fill_0
14:53:41 | INFO: Blender create Mesh node hopper_fill_1
14:53:41 | INFO: Blender create Mesh node hopper_fill_2
14:53:41 | INFO: Blender create Mesh node hopper_fill_3
14:53:41 | INFO: Blender create Mesh node hopper_fill_4
14:53:41 | INFO: Blender create Mesh node hopper_lid
14:53:41 | INFO: Blender create Mesh node LOD0_Merged_Material_Chevron
14:53:41 | INFO: Blender create Mesh node LOD0_Merged_Material_Glass
14:53:41 | INFO: Blender create Mesh node LOD0_Merged_Material_Lamp
14:53:41 | INFO: Blender create Mesh node LOD0_Merged_Material_Livery
14:53:41 | INFO: Blender create Mesh node LOD0_Merged_Material_Rubble
14:53:41 | INFO: Blender create Mesh node LOD0_Merged_Material_Scar
14:53:41 | INFO: Blender create Mesh node LOD0_Merged_Material_Steel
14:53:41 | INFO: Blender create Mesh node LOD0_Merged_Material_Track
14:53:41 | INFO: Blender create Mesh node scar_plate
14:53:41 | INFO: Blender create Mesh node track_L
14:53:41 | INFO: Blender create Mesh node track_R
14:53:41 | INFO: glTF import finished in 0.21s
C:\Users\93rob\Documents\GitHub\SpaceFace\tools\blender\build_works_rover_mtx.py:2027: DeprecationWarning: 'World.use_nodes' is expected to be removed in Blender 6.0
  world.use_nodes = True
C:\Users\93rob\Documents\GitHub\SpaceFace\tools\blender\build_works_rover_mtx.py:2042: DeprecationWarning: 'Material.use_nodes' is expected to be removed in Blender 6.0
  pad_mat.use_nodes = True
01:12.922  render           | Saved: 'C:\Users\93rob\Documents\GitHub\SpaceFace\assets\works\rover\evidence\cycle_046\works_top.png'
01:16.531  render           | Saved: 'C:\Users\93rob\Documents\GitHub\SpaceFace\assets\works\rover\evidence\cycle_046\works_edge.png'
01:19.625  render           | Saved: 'C:\Users\93rob\Documents\GitHub\SpaceFace\assets\works\rover\evidence\cycle_046\works_site.png'
C:\Users\93rob\Documents\GitHub\SpaceFace\tools\blender\build_works_rover_mtx.py:2126: DeprecationWarning: 'Material.use_nodes' is expected to be removed in Blender 6.0
  clay.use_nodes = True
01:23.094  render           | Saved: 'C:\Users\93rob\Documents\GitHub\SpaceFace\assets\works\rover\evidence\cycle_046\works_top_clay.png'
C:\Users\93rob\Documents\GitHub\SpaceFace\tools\blender\build_works_rover_mtx.py:3012: DeprecationWarning: 'World.use_nodes' is expected to be removed in Blender 6.0
  if world and world.use_nodes:
C:\Users\93rob\Documents\GitHub\SpaceFace\tools\blender\build_works_rover_mtx.py:2174: DeprecationWarning: 'Material.use_nodes' is expected to be removed in Blender 6.0
  mat.use_nodes = True
01:25.594  render           | Saved: 'C:\Users\93rob\Documents\GitHub\SpaceFace\assets\works\rover\evidence\cycle_046\works_top_mask.png'
01:28.969  render           | Saved: 'C:\Users\93rob\Documents\GitHub\SpaceFace\assets\works\rover\evidence\cycle_046\works_edge_mask.png'
C:\Users\93rob\Documents\GitHub\SpaceFace\tools\blender\build_works_rover_mtx.py:2090: DeprecationWarning: 'Material.use_nodes' is expected to be removed in Blender 6.0
  mat.use_nodes = True
01:31.469  render           | Saved: 'C:\Users\93rob\Documents\GitHub\SpaceFace\assets\works\rover\evidence\cycle_046\works_top_depth.png'
Blender 5.1.2 (hash ec6e62d40fa9 built 2026-05-19 01:37:34)
planform_report textured:
  YELLOW_MINORITY              0.0178 <= 0.4500  PASS
  TRACK_BAND                   0.3938 >= 0.1600  PASS
  TRACK_OUTERMOST_PORT         0.9110 >= 0.8000  PASS
  TRACK_OUTERMOST_STARBOARD    0.9122 >= 0.8000  PASS
  WELL_HOLE                    0.0491 >= 0.0400  PASS
  CAB_PANE                     0.0280 >= 0.0200  PASS
  BOOM_REACH                   0.2857 >= 0.1000  PASS
  BOOM_OFFSET                  0.1417 >= 0.1500  FAIL
planform_report clay (object silhouette, not pad):
  TRACK_BAND                   0.3544 >= 0.1600  PASS
  TRACK_OUTERMOST_PORT         1.0000 >= 0.8000  PASS
  TRACK_OUTERMOST_STARBOARD    1.0000 >= 0.8000  PASS
  WELL_HOLE                    0.0918 >= 0.0400  PASS
  CAB_PANE                     0.0569 >= 0.0200  PASS
  BOOM_REACH                   0.2857 >= 0.1000  PASS
  BOOM_OFFSET                  0.1417 >= 0.1500  FAIL
  CLAY_HOLDS False
planform_report cycle3:
  TRACK_CONTRAST_PORT          24.2648 >= 18.0000  PASS
  TRACK_CONTRAST_STARBOARD     -2.1444 >= 18.0000  FAIL
  LIVERY_SAT_RENDERED          0.0140 >= 0.3000  FAIL
  HAS_MASS                     0.9412 >= 0.7200  PASS
  WELL_IS_A_HOLE               0.0694 >= 0.2400  FAIL
  CAB_IS_RAISED                0.5595 >= 0.2800  PASS
  WELL_CAB_DIFFER              [0.0694, -0.5595] signs opposite signs  PASS
  ONE_BODY                     0.5804 >= 0.9000  FAIL
  TREAD_PADS_PORT              19.0000 >= 14.0000  PASS
  TREAD_PADS_STARBOARD         13.0000 >= 14.0000  FAIL
  TRACK_ENDS_ROUND_PORT        0.4868 >= 0.0600  PASS
  TRACK_ENDS_ROUND_STARBOARD   0.1341 >= 0.0600  PASS
  NORMAL_RELIEF                0.2477 >= 0.0400  PASS
  NORMAL_RELIEF_LIVERY         0.2445 >= 0.0300  PASS
  CLAY_SHADING                 55.1636 >= 14.0000  PASS
  LIVERY_HUE                   46.7908 range 44.0000..54.0000  PASS
  LIVERY_SAT                   0.7402 >= 0.7000  PASS
  BIT_NOT_PINK                 35.8573 hue outside 330-25  PASS
  EDGE_SHOWS_WALL              1.1561 >= 1.1000  PASS
  object bbox px=[908, 489, 1013, 590] sil=8027
texture_report:
  pngCount 9 <= 9
  rover_lod0.glb 14387044 <= 14680064  PASS
  rover_lod1.glb 3291928 <= 5242880  PASS
  rover_lod2.glb 995300 <= 2097152  PASS
{
  "ok": true,
  "cycle": 46,
  "tris0": 20522,
  "bbox": [
    1.8818,
    1.81,
    1.03
  ],
  "pngCount": 9,
  "planformPass": false
}
