C:\Users\93rob\Documents\GitHub\SpaceFace\tools\blender\build_works_rover_mtx.py:617: DeprecationWarning: 'Material.use_nodes' is expected to be removed in Blender 6.0
  material.use_nodes = True
works rover cycle 62: atlas 4x4, map ladder {0: 2048, 1: 1024, 2: 512}
Info: Removed 0 vertices
Info: Removed 0 vertices
lod0 bbox wu=[1.9192, 1.81, 1.03] cells=[0.8724, 0.8227, 0.4682] zMin=0.0
WARN lod0 triangles 20308 over budget 18000 (named features kept)
INFO Draco mesh compression is available, use library at C:\Program Files\Blender Foundation\Blender 5.1\5.1\scripts\addons_core\io_scene_gltf2\extern_draco.dll
16:45:56 | INFO: Starting glTF 2.0 export
16:45:56 | INFO: Extracting primitive: LOD0_Merged_Material_Chevron_Boom
16:45:57 | WARNING: More than one shader node tex image used for a texture. The resulting glTF sampler will behave like the first shader node tex image.
16:45:57 | INFO: Primitives created: 1
16:45:57 | INFO: Extracting primitive: LOD0_Merged_Material_Steel_Boom
16:45:57 | INFO: Primitives created: 1
16:45:57 | INFO: Extracting primitive: hopper_fill_0
16:45:57 | INFO: Primitives created: 1
16:45:57 | INFO: Extracting primitive: hopper_fill_1
16:45:57 | INFO: Primitives created: 1
16:45:57 | INFO: Extracting primitive: hopper_fill_2
16:45:57 | INFO: Primitives created: 1
16:45:57 | INFO: Extracting primitive: hopper_fill_3
16:45:57 | INFO: Primitives created: 1
16:45:57 | INFO: Extracting primitive: hopper_fill_4
16:45:57 | INFO: Primitives created: 1
16:45:57 | INFO: Extracting primitive: hopper_lid
16:45:57 | INFO: Primitives created: 1
16:45:57 | INFO: Extracting primitive: LOD0_Merged_Material_Chevron
16:45:57 | INFO: Primitives created: 1
16:45:57 | INFO: Extracting primitive: LOD0_Merged_Material_Glass
16:45:57 | INFO: Primitives created: 1
16:45:57 | INFO: Extracting primitive: LOD0_Merged_Material_Lamp
16:45:57 | INFO: Primitives created: 1
16:45:57 | INFO: Extracting primitive: LOD0_Merged_Material_Livery
16:45:57 | INFO: Primitives created: 1
16:45:57 | INFO: Extracting primitive: LOD0_Merged_Material_Rubble
16:45:57 | INFO: Primitives created: 1
16:45:57 | INFO: Extracting primitive: LOD0_Merged_Material_Scar
16:45:57 | INFO: Primitives created: 1
16:45:57 | INFO: Extracting primitive: LOD0_Merged_Material_Steel
16:45:57 | INFO: Primitives created: 1
16:45:57 | INFO: Extracting primitive: LOD0_Merged_Material_Track
16:45:57 | INFO: Primitives created: 1
16:45:57 | INFO: Extracting primitive: scar_plate
16:45:57 | INFO: Primitives created: 1
16:45:57 | INFO: Extracting primitive: track_L
16:45:57 | INFO: Primitives created: 1
16:45:57 | INFO: Extracting primitive: track_R
16:45:57 | INFO: Primitives created: 1
16:45:57 | INFO: Finished glTF 2.0 export in 0.37141966819763184 s

{
  "lod": 0,
  "triangles": 20308,
  "draws": 19,
  "bytes": 14231052,
  "sha256": "0769460B1BA644179A47B1A64D4A3F34840838437A2C2DC6F14826CF064E2845"
}
Info: Removed 0 vertices
Info: Removed 0 vertices
lod1 bbox wu=[1.92, 1.81, 1.03] cells=[0.8727, 0.8227, 0.4682] zMin=0.0
16:46:15 | INFO: Starting glTF 2.0 export
16:46:15 | INFO: Extracting primitive: LOD1_Merged_Material_Chevron_Boom
16:46:15 | WARNING: More than one shader node tex image used for a texture. The resulting glTF sampler will behave like the first shader node tex image.
16:46:15 | INFO: Primitives created: 1
16:46:15 | INFO: Extracting primitive: LOD1_Merged_Material_Steel_Boom
16:46:15 | INFO: Primitives created: 1
16:46:15 | INFO: Extracting primitive: hopper_fill_0
16:46:15 | INFO: Primitives created: 1
16:46:15 | INFO: Extracting primitive: hopper_fill_1
16:46:15 | INFO: Primitives created: 1
16:46:15 | INFO: Extracting primitive: hopper_fill_2
16:46:15 | INFO: Primitives created: 1
16:46:15 | INFO: Extracting primitive: hopper_fill_3
16:46:15 | INFO: Primitives created: 1
16:46:15 | INFO: Extracting primitive: hopper_fill_4
16:46:15 | INFO: Primitives created: 1
16:46:15 | INFO: Extracting primitive: hopper_lid
16:46:15 | INFO: Primitives created: 1
16:46:15 | INFO: Extracting primitive: LOD1_Merged_Material_Chevron
16:46:15 | INFO: Primitives created: 1
16:46:15 | INFO: Extracting primitive: LOD1_Merged_Material_Glass
16:46:15 | INFO: Primitives created: 1
16:46:15 | INFO: Extracting primitive: LOD1_Merged_Material_Lamp
16:46:15 | INFO: Primitives created: 1
16:46:15 | INFO: Extracting primitive: LOD1_Merged_Material_Livery
16:46:15 | INFO: Primitives created: 1
16:46:15 | INFO: Extracting primitive: LOD1_Merged_Material_Rubble
16:46:15 | INFO: Primitives created: 1
16:46:15 | INFO: Extracting primitive: LOD1_Merged_Material_Scar
16:46:15 | INFO: Primitives created: 1
16:46:15 | INFO: Extracting primitive: LOD1_Merged_Material_Steel
16:46:15 | INFO: Primitives created: 1
16:46:15 | INFO: Extracting primitive: LOD1_Merged_Material_Track
16:46:15 | INFO: Primitives created: 1
16:46:15 | INFO: Extracting primitive: scar_plate
16:46:15 | INFO: Primitives created: 1
16:46:15 | INFO: Extracting primitive: track_L
16:46:15 | INFO: Primitives created: 1
16:46:15 | INFO: Extracting primitive: track_R
16:46:15 | INFO: Primitives created: 1
16:46:15 | INFO: Finished glTF 2.0 export in 0.11137557029724121 s

{
  "lod": 1,
  "triangles": 2996,
  "draws": 19,
  "bytes": 3257148,
  "sha256": "E69CF5F26973FF30248F9F1B49EAF115770BFE1AE1EFBAFD0AE3D0DC052CDB58"
}
Info: Removed 0 vertices
Info: Removed 0 vertices
lod2 bbox wu=[1.908, 1.81, 1.03] cells=[0.8673, 0.8227, 0.4682] zMin=0.0
16:46:49 | INFO: Starting glTF 2.0 export
16:46:49 | INFO: Extracting primitive: LOD2_Merged_Material_Chevron_Boom
16:46:49 | WARNING: More than one shader node tex image used for a texture. The resulting glTF sampler will behave like the first shader node tex image.
16:46:49 | INFO: Primitives created: 1
16:46:49 | INFO: Extracting primitive: LOD2_Merged_Material_Steel_Boom
16:46:49 | INFO: Primitives created: 1
16:46:49 | INFO: Extracting primitive: hopper_fill_0
16:46:49 | INFO: Primitives created: 1
16:46:49 | INFO: Extracting primitive: hopper_fill_1
16:46:49 | INFO: Primitives created: 1
16:46:49 | INFO: Extracting primitive: hopper_fill_2
16:46:49 | INFO: Primitives created: 1
16:46:49 | INFO: Extracting primitive: hopper_fill_3
16:46:49 | INFO: Primitives created: 1
16:46:49 | INFO: Extracting primitive: hopper_fill_4
16:46:49 | INFO: Primitives created: 1
16:46:49 | INFO: Extracting primitive: hopper_lid
16:46:49 | INFO: Primitives created: 1
16:46:49 | INFO: Extracting primitive: LOD2_Merged_Material_Chevron
16:46:49 | INFO: Primitives created: 1
16:46:49 | INFO: Extracting primitive: LOD2_Merged_Material_Glass
16:46:49 | INFO: Primitives created: 1
16:46:49 | INFO: Extracting primitive: LOD2_Merged_Material_Lamp
16:46:49 | INFO: Primitives created: 1
16:46:49 | INFO: Extracting primitive: LOD2_Merged_Material_Livery
16:46:49 | INFO: Primitives created: 1
16:46:49 | INFO: Extracting primitive: LOD2_Merged_Material_Rubble
16:46:49 | INFO: Primitives created: 1
16:46:49 | INFO: Extracting primitive: LOD2_Merged_Material_Scar
16:46:49 | INFO: Primitives created: 1
16:46:49 | INFO: Extracting primitive: LOD2_Merged_Material_Steel
16:46:49 | INFO: Primitives created: 1
16:46:49 | INFO: Extracting primitive: LOD2_Merged_Material_Track
16:46:49 | INFO: Primitives created: 1
16:46:49 | INFO: Extracting primitive: scar_plate
16:46:49 | INFO: Primitives created: 1
16:46:49 | INFO: Extracting primitive: track_L
16:46:49 | INFO: Primitives created: 1
16:46:49 | INFO: Extracting primitive: track_R
16:46:49 | INFO: Primitives created: 1
16:46:49 | INFO: Finished glTF 2.0 export in 0.16667652130126953 s

{
  "lod": 2,
  "triangles": 1990,
  "draws": 19,
  "bytes": 985560,
  "sha256": "EFA450B790FCD16D347D0E0E8D422B7964D35BC7BA40EFA05980E07FDB624682"
}
purged cycle-1 textures: 0
16:46:50 | INFO: Data are loaded, start creating Blender stuff
16:46:50 | INFO: Blender create Mesh node LOD0_Merged_Material_Chevron_Boom
16:46:50 | INFO: Blender create Mesh node LOD0_Merged_Material_Steel_Boom
16:46:50 | INFO: Blender create Mesh node hopper_fill_0
16:46:50 | INFO: Blender create Mesh node hopper_fill_1
16:46:50 | INFO: Blender create Mesh node hopper_fill_2
16:46:50 | INFO: Blender create Mesh node hopper_fill_3
16:46:50 | INFO: Blender create Mesh node hopper_fill_4
16:46:50 | INFO: Blender create Mesh node hopper_lid
16:46:50 | INFO: Blender create Mesh node LOD0_Merged_Material_Chevron
16:46:50 | INFO: Blender create Mesh node LOD0_Merged_Material_Glass
16:46:50 | INFO: Blender create Mesh node LOD0_Merged_Material_Lamp
16:46:50 | INFO: Blender create Mesh node LOD0_Merged_Material_Livery
16:46:50 | INFO: Blender create Mesh node LOD0_Merged_Material_Rubble
16:46:50 | INFO: Blender create Mesh node LOD0_Merged_Material_Scar
16:46:50 | INFO: Blender create Mesh node LOD0_Merged_Material_Steel
16:46:51 | INFO: Blender create Mesh node LOD0_Merged_Material_Track
16:46:51 | INFO: Blender create Mesh node scar_plate
16:46:51 | INFO: Blender create Mesh node track_L
16:46:51 | INFO: Blender create Mesh node track_R
16:46:52 | INFO: glTF import finished in 1.43s
C:\Users\93rob\Documents\GitHub\SpaceFace\tools\blender\build_works_rover_mtx.py:2016: DeprecationWarning: 'World.use_nodes' is expected to be removed in Blender 6.0
  world.use_nodes = True
C:\Users\93rob\Documents\GitHub\SpaceFace\tools\blender\build_works_rover_mtx.py:2031: DeprecationWarning: 'Material.use_nodes' is expected to be removed in Blender 6.0
  pad_mat.use_nodes = True
01:54.250  render           | Saved: 'C:\Users\93rob\Documents\GitHub\SpaceFace\assets\works\rover\evidence\cycle_062\works_top.png'
02:06.687  render           | Saved: 'C:\Users\93rob\Documents\GitHub\SpaceFace\assets\works\rover\evidence\cycle_062\works_edge.png'
02:19.046  render           | Saved: 'C:\Users\93rob\Documents\GitHub\SpaceFace\assets\works\rover\evidence\cycle_062\works_site.png'
C:\Users\93rob\Documents\GitHub\SpaceFace\tools\blender\build_works_rover_mtx.py:2116: DeprecationWarning: 'Material.use_nodes' is expected to be removed in Blender 6.0
  clay.use_nodes = True
02:32.218  render           | Saved: 'C:\Users\93rob\Documents\GitHub\SpaceFace\assets\works\rover\evidence\cycle_062\works_top_clay.png'
C:\Users\93rob\Documents\GitHub\SpaceFace\tools\blender\build_works_rover_mtx.py:3002: DeprecationWarning: 'World.use_nodes' is expected to be removed in Blender 6.0
  if world and world.use_nodes:
C:\Users\93rob\Documents\GitHub\SpaceFace\tools\blender\build_works_rover_mtx.py:2164: DeprecationWarning: 'Material.use_nodes' is expected to be removed in Blender 6.0
  mat.use_nodes = True
02:40.218  render           | Saved: 'C:\Users\93rob\Documents\GitHub\SpaceFace\assets\works\rover\evidence\cycle_062\works_top_mask.png'
02:53.484  render           | Saved: 'C:\Users\93rob\Documents\GitHub\SpaceFace\assets\works\rover\evidence\cycle_062\works_edge_mask.png'
C:\Users\93rob\Documents\GitHub\SpaceFace\tools\blender\build_works_rover_mtx.py:2080: DeprecationWarning: 'Material.use_nodes' is expected to be removed in Blender 6.0
  mat.use_nodes = True
03:04.796  render           | Saved: 'C:\Users\93rob\Documents\GitHub\SpaceFace\assets\works\rover\evidence\cycle_062\works_top_depth.png'
Blender 5.1.2 (hash ec6e62d40fa9 built 2026-05-19 01:37:34)
planform_report textured:
  YELLOW_MINORITY              0.0179 <= 0.4500  PASS
  TRACK_BAND                   0.4015 >= 0.1600  PASS
  TRACK_OUTERMOST_PORT         0.9110 >= 0.8000  PASS
  TRACK_OUTERMOST_STARBOARD    0.9122 >= 0.8000  PASS
  WELL_HOLE                    0.0486 >= 0.0400  PASS
  CAB_PANE                     0.0214 >= 0.0200  PASS
  BOOM_REACH                   0.2897 >= 0.1000  PASS
  BOOM_OFFSET                  0.1492 >= 0.1500  FAIL
planform_report clay (object silhouette, not pad):
  TRACK_BAND                   0.3511 >= 0.1600  PASS
  TRACK_OUTERMOST_PORT         1.0000 >= 0.8000  PASS
  TRACK_OUTERMOST_STARBOARD    1.0000 >= 0.8000  PASS
  WELL_HOLE                    0.0274 >= 0.0400  FAIL
  CAB_PANE                     0.0135 >= 0.0200  FAIL
  BOOM_REACH                   0.2897 >= 0.1000  PASS
  BOOM_OFFSET                  0.1492 >= 0.1500  FAIL
  CLAY_HOLDS False
planform_report cycle3:
  TRACK_CONTRAST_PORT          -27.0630 >= 18.0000  FAIL
  TRACK_CONTRAST_STARBOARD     -23.7742 >= 18.0000  FAIL
  LIVERY_SAT_RENDERED          0.0138 >= 0.3000  FAIL
  HAS_MASS                     0.9412 >= 0.7200  PASS
  WELL_IS_A_HOLE               0.0694 >= 0.2400  FAIL
  CAB_IS_RAISED                0.5578 >= 0.2800  PASS
  WELL_CAB_DIFFER              [0.0694, -0.5578] signs opposite signs  PASS
  ONE_BODY                     0.5724 >= 0.9000  FAIL
  TREAD_PADS_PORT              23.0000 >= 14.0000  PASS
  TREAD_PADS_STARBOARD         19.0000 >= 14.0000  PASS
  TRACK_ENDS_ROUND_PORT        0.4692 >= 0.0600  PASS
  TRACK_ENDS_ROUND_STARBOARD   0.4583 >= 0.0600  PASS
  NORMAL_RELIEF                0.2477 >= 0.0400  PASS
  NORMAL_RELIEF_LIVERY         0.2445 >= 0.0300  PASS
  CLAY_SHADING                 38.0200 >= 14.0000  PASS
  LIVERY_HUE                   46.7908 range 44.0000..54.0000  PASS
  LIVERY_SAT                   0.7402 >= 0.7000  PASS
  BIT_NOT_PINK                 35.8573 hue outside 330-25  PASS
  EDGE_SHOWS_WALL              1.1566 >= 1.1000  PASS
  object bbox px=[908, 489, 1015, 590] sil=8103
texture_report:
  pngCount 9 <= 9
  rover_lod0.glb 14231052 <= 14680064  PASS
  rover_lod1.glb 3257148 <= 5242880  PASS
  rover_lod2.glb 985560 <= 2097152  PASS
{
  "ok": true,
  "cycle": 62,
  "tris0": 20308,
  "bbox": [
    1.9192,
    1.81,
    1.03
  ],
  "pngCount": 9,
  "planformPass": false
}
