C:\Users\93rob\Documents\GitHub\SpaceFace\tools\blender\build_works_rover_mtx.py:617: DeprecationWarning: 'Material.use_nodes' is expected to be removed in Blender 6.0
  material.use_nodes = True
works rover cycle 64: atlas 4x4, map ladder {0: 2048, 1: 1024, 2: 512}
Info: Removed 0 vertices
Info: Removed 0 vertices
lod0 bbox wu=[1.9192, 1.81, 1.03] cells=[0.8724, 0.8227, 0.4682] zMin=0.0
WARN lod0 triangles 20308 over budget 18000 (named features kept)
INFO Draco mesh compression is available, use library at C:\Program Files\Blender Foundation\Blender 5.1\5.1\scripts\addons_core\io_scene_gltf2\extern_draco.dll
17:06:49 | INFO: Starting glTF 2.0 export
17:06:49 | INFO: Extracting primitive: LOD0_Merged_Material_Chevron_Boom
17:06:50 | WARNING: More than one shader node tex image used for a texture. The resulting glTF sampler will behave like the first shader node tex image.
17:06:50 | INFO: Primitives created: 1
17:06:50 | INFO: Extracting primitive: LOD0_Merged_Material_Steel_Boom
17:06:50 | INFO: Primitives created: 1
17:06:50 | INFO: Extracting primitive: hopper_fill_0
17:06:50 | INFO: Primitives created: 1
17:06:50 | INFO: Extracting primitive: hopper_fill_1
17:06:50 | INFO: Primitives created: 1
17:06:50 | INFO: Extracting primitive: hopper_fill_2
17:06:50 | INFO: Primitives created: 1
17:06:50 | INFO: Extracting primitive: hopper_fill_3
17:06:50 | INFO: Primitives created: 1
17:06:50 | INFO: Extracting primitive: hopper_fill_4
17:06:50 | INFO: Primitives created: 1
17:06:50 | INFO: Extracting primitive: hopper_lid
17:06:50 | INFO: Primitives created: 1
17:06:50 | INFO: Extracting primitive: LOD0_Merged_Material_Chevron
17:06:50 | INFO: Primitives created: 1
17:06:50 | INFO: Extracting primitive: LOD0_Merged_Material_Glass
17:06:50 | INFO: Primitives created: 1
17:06:50 | INFO: Extracting primitive: LOD0_Merged_Material_Lamp
17:06:50 | INFO: Primitives created: 1
17:06:50 | INFO: Extracting primitive: LOD0_Merged_Material_Livery
17:06:50 | INFO: Primitives created: 1
17:06:50 | INFO: Extracting primitive: LOD0_Merged_Material_Rubble
17:06:50 | INFO: Primitives created: 1
17:06:50 | INFO: Extracting primitive: LOD0_Merged_Material_Scar
17:06:50 | INFO: Primitives created: 1
17:06:50 | INFO: Extracting primitive: LOD0_Merged_Material_Steel
17:06:50 | INFO: Primitives created: 1
17:06:50 | INFO: Extracting primitive: LOD0_Merged_Material_Track
17:06:50 | INFO: Primitives created: 1
17:06:50 | INFO: Extracting primitive: scar_plate
17:06:50 | INFO: Primitives created: 1
17:06:50 | INFO: Extracting primitive: track_L
17:06:50 | INFO: Primitives created: 1
17:06:50 | INFO: Extracting primitive: track_R
17:06:50 | INFO: Primitives created: 1
17:06:51 | INFO: Finished glTF 2.0 export in 1.4058403968811035 s

{
  "lod": 0,
  "triangles": 20308,
  "draws": 19,
  "bytes": 14232492,
  "sha256": "D6054DF77EC0041EEA2F1793EEC3A516F1E0CE00F7F65BA25F7A69246C8390E3"
}
Info: Removed 0 vertices
Info: Removed 0 vertices
lod1 bbox wu=[1.92, 1.81, 1.03] cells=[0.8727, 0.8227, 0.4682] zMin=0.0
17:08:18 | INFO: Starting glTF 2.0 export
17:08:18 | INFO: Extracting primitive: LOD1_Merged_Material_Chevron_Boom
17:08:18 | WARNING: More than one shader node tex image used for a texture. The resulting glTF sampler will behave like the first shader node tex image.
17:08:18 | INFO: Primitives created: 1
17:08:18 | INFO: Extracting primitive: LOD1_Merged_Material_Steel_Boom
17:08:18 | INFO: Primitives created: 1
17:08:18 | INFO: Extracting primitive: hopper_fill_0
17:08:18 | INFO: Primitives created: 1
17:08:18 | INFO: Extracting primitive: hopper_fill_1
17:08:18 | INFO: Primitives created: 1
17:08:18 | INFO: Extracting primitive: hopper_fill_2
17:08:18 | INFO: Primitives created: 1
17:08:18 | INFO: Extracting primitive: hopper_fill_3
17:08:18 | INFO: Primitives created: 1
17:08:18 | INFO: Extracting primitive: hopper_fill_4
17:08:18 | INFO: Primitives created: 1
17:08:18 | INFO: Extracting primitive: hopper_lid
17:08:18 | INFO: Primitives created: 1
17:08:18 | INFO: Extracting primitive: LOD1_Merged_Material_Chevron
17:08:18 | INFO: Primitives created: 1
17:08:18 | INFO: Extracting primitive: LOD1_Merged_Material_Glass
17:08:18 | INFO: Primitives created: 1
17:08:18 | INFO: Extracting primitive: LOD1_Merged_Material_Lamp
17:08:18 | INFO: Primitives created: 1
17:08:18 | INFO: Extracting primitive: LOD1_Merged_Material_Livery
17:08:18 | INFO: Primitives created: 1
17:08:18 | INFO: Extracting primitive: LOD1_Merged_Material_Rubble
17:08:18 | INFO: Primitives created: 1
17:08:18 | INFO: Extracting primitive: LOD1_Merged_Material_Scar
17:08:18 | INFO: Primitives created: 1
17:08:18 | INFO: Extracting primitive: LOD1_Merged_Material_Steel
17:08:18 | INFO: Primitives created: 1
17:08:18 | INFO: Extracting primitive: LOD1_Merged_Material_Track
17:08:18 | INFO: Primitives created: 1
17:08:18 | INFO: Extracting primitive: scar_plate
17:08:18 | INFO: Primitives created: 1
17:08:18 | INFO: Extracting primitive: track_L
17:08:18 | INFO: Primitives created: 1
17:08:18 | INFO: Extracting primitive: track_R
17:08:18 | INFO: Primitives created: 1
17:08:19 | INFO: Finished glTF 2.0 export in 0.7541632652282715 s

{
  "lod": 1,
  "triangles": 2996,
  "draws": 19,
  "bytes": 3257340,
  "sha256": "F5E4525A2756DC55E9B83282740E0188D952EF45F422A5580ED75E2AF6280C97"
}
Info: Removed 0 vertices
Info: Removed 0 vertices
lod2 bbox wu=[1.908, 1.81, 1.03] cells=[0.8673, 0.8227, 0.4682] zMin=0.0
17:08:46 | INFO: Starting glTF 2.0 export
17:08:46 | INFO: Extracting primitive: LOD2_Merged_Material_Chevron_Boom
17:08:46 | WARNING: More than one shader node tex image used for a texture. The resulting glTF sampler will behave like the first shader node tex image.
17:08:46 | INFO: Primitives created: 1
17:08:46 | INFO: Extracting primitive: LOD2_Merged_Material_Steel_Boom
17:08:46 | INFO: Primitives created: 1
17:08:46 | INFO: Extracting primitive: hopper_fill_0
17:08:46 | INFO: Primitives created: 1
17:08:46 | INFO: Extracting primitive: hopper_fill_1
17:08:46 | INFO: Primitives created: 1
17:08:46 | INFO: Extracting primitive: hopper_fill_2
17:08:46 | INFO: Primitives created: 1
17:08:46 | INFO: Extracting primitive: hopper_fill_3
17:08:46 | INFO: Primitives created: 1
17:08:46 | INFO: Extracting primitive: hopper_fill_4
17:08:46 | INFO: Primitives created: 1
17:08:46 | INFO: Extracting primitive: hopper_lid
17:08:46 | INFO: Primitives created: 1
17:08:46 | INFO: Extracting primitive: LOD2_Merged_Material_Chevron
17:08:46 | INFO: Primitives created: 1
17:08:46 | INFO: Extracting primitive: LOD2_Merged_Material_Glass
17:08:46 | INFO: Primitives created: 1
17:08:46 | INFO: Extracting primitive: LOD2_Merged_Material_Lamp
17:08:46 | INFO: Primitives created: 1
17:08:46 | INFO: Extracting primitive: LOD2_Merged_Material_Livery
17:08:46 | INFO: Primitives created: 1
17:08:46 | INFO: Extracting primitive: LOD2_Merged_Material_Rubble
17:08:46 | INFO: Primitives created: 1
17:08:46 | INFO: Extracting primitive: LOD2_Merged_Material_Scar
17:08:46 | INFO: Primitives created: 1
17:08:46 | INFO: Extracting primitive: LOD2_Merged_Material_Steel
17:08:46 | INFO: Primitives created: 1
17:08:46 | INFO: Extracting primitive: LOD2_Merged_Material_Track
17:08:46 | INFO: Primitives created: 1
17:08:46 | INFO: Extracting primitive: scar_plate
17:08:46 | INFO: Primitives created: 1
17:08:46 | INFO: Extracting primitive: track_L
17:08:46 | INFO: Primitives created: 1
17:08:46 | INFO: Extracting primitive: track_R
17:08:46 | INFO: Primitives created: 1
17:08:46 | INFO: Finished glTF 2.0 export in 0.1224970817565918 s

{
  "lod": 2,
  "triangles": 1988,
  "draws": 19,
  "bytes": 984876,
  "sha256": "2D23D8F13949B1E3152985AC52CA612301672DA156C21CD325637674CB6FA61E"
}
purged cycle-1 textures: 0
17:08:46 | INFO: Data are loaded, start creating Blender stuff
17:08:46 | INFO: Blender create Mesh node LOD0_Merged_Material_Chevron_Boom
17:08:46 | INFO: Blender create Mesh node LOD0_Merged_Material_Steel_Boom
17:08:47 | INFO: Blender create Mesh node hopper_fill_0
17:08:47 | INFO: Blender create Mesh node hopper_fill_1
17:08:47 | INFO: Blender create Mesh node hopper_fill_2
17:08:47 | INFO: Blender create Mesh node hopper_fill_3
17:08:47 | INFO: Blender create Mesh node hopper_fill_4
17:08:47 | INFO: Blender create Mesh node hopper_lid
17:08:47 | INFO: Blender create Mesh node LOD0_Merged_Material_Chevron
17:08:47 | INFO: Blender create Mesh node LOD0_Merged_Material_Glass
17:08:47 | INFO: Blender create Mesh node LOD0_Merged_Material_Lamp
17:08:47 | INFO: Blender create Mesh node LOD0_Merged_Material_Livery
17:08:47 | INFO: Blender create Mesh node LOD0_Merged_Material_Rubble
17:08:47 | INFO: Blender create Mesh node LOD0_Merged_Material_Scar
17:08:47 | INFO: Blender create Mesh node LOD0_Merged_Material_Steel
17:08:47 | INFO: Blender create Mesh node LOD0_Merged_Material_Track
17:08:47 | INFO: Blender create Mesh node scar_plate
17:08:47 | INFO: Blender create Mesh node track_L
17:08:47 | INFO: Blender create Mesh node track_R
17:08:47 | INFO: glTF import finished in 0.53s
C:\Users\93rob\Documents\GitHub\SpaceFace\tools\blender\build_works_rover_mtx.py:2016: DeprecationWarning: 'World.use_nodes' is expected to be removed in Blender 6.0
  world.use_nodes = True
C:\Users\93rob\Documents\GitHub\SpaceFace\tools\blender\build_works_rover_mtx.py:2031: DeprecationWarning: 'Material.use_nodes' is expected to be removed in Blender 6.0
  pad_mat.use_nodes = True
04:26.485  render           | Saved: 'C:\Users\93rob\Documents\GitHub\SpaceFace\assets\works\rover\evidence\cycle_064\works_top.png'
04:35.016  render           | Saved: 'C:\Users\93rob\Documents\GitHub\SpaceFace\assets\works\rover\evidence\cycle_064\works_edge.png'
04:45.844  render           | Saved: 'C:\Users\93rob\Documents\GitHub\SpaceFace\assets\works\rover\evidence\cycle_064\works_site.png'
C:\Users\93rob\Documents\GitHub\SpaceFace\tools\blender\build_works_rover_mtx.py:2116: DeprecationWarning: 'Material.use_nodes' is expected to be removed in Blender 6.0
  clay.use_nodes = True
04:59.235  render           | Saved: 'C:\Users\93rob\Documents\GitHub\SpaceFace\assets\works\rover\evidence\cycle_064\works_top_clay.png'
C:\Users\93rob\Documents\GitHub\SpaceFace\tools\blender\build_works_rover_mtx.py:3002: DeprecationWarning: 'World.use_nodes' is expected to be removed in Blender 6.0
  if world and world.use_nodes:
C:\Users\93rob\Documents\GitHub\SpaceFace\tools\blender\build_works_rover_mtx.py:2164: DeprecationWarning: 'Material.use_nodes' is expected to be removed in Blender 6.0
  mat.use_nodes = True
05:02.547  render           | Saved: 'C:\Users\93rob\Documents\GitHub\SpaceFace\assets\works\rover\evidence\cycle_064\works_top_mask.png'
05:07.125  render           | Saved: 'C:\Users\93rob\Documents\GitHub\SpaceFace\assets\works\rover\evidence\cycle_064\works_edge_mask.png'
C:\Users\93rob\Documents\GitHub\SpaceFace\tools\blender\build_works_rover_mtx.py:2080: DeprecationWarning: 'Material.use_nodes' is expected to be removed in Blender 6.0
  mat.use_nodes = True
05:10.110  render           | Saved: 'C:\Users\93rob\Documents\GitHub\SpaceFace\assets\works\rover\evidence\cycle_064\works_top_depth.png'
Blender 5.1.2 (hash ec6e62d40fa9 built 2026-05-19 01:37:34)
planform_report textured:
  YELLOW_MINORITY              0.0190 <= 0.4500  PASS
  TRACK_BAND                   0.4014 >= 0.1600  PASS
  TRACK_OUTERMOST_PORT         0.9110 >= 0.8000  PASS
  TRACK_OUTERMOST_STARBOARD    0.9122 >= 0.8000  PASS
  WELL_HOLE                    0.0486 >= 0.0400  PASS
  CAB_PANE                     0.0213 >= 0.0200  PASS
  BOOM_REACH                   0.2897 >= 0.1000  PASS
  BOOM_OFFSET                  0.1492 >= 0.1500  FAIL
planform_report clay (object silhouette, not pad):
  TRACK_BAND                   0.3511 >= 0.1600  PASS
  TRACK_OUTERMOST_PORT         1.0000 >= 0.8000  PASS
  TRACK_OUTERMOST_STARBOARD    1.0000 >= 0.8000  PASS
  WELL_HOLE                    0.0274 >= 0.0400  FAIL
  CAB_PANE                     0.0138 >= 0.0200  FAIL
  BOOM_REACH                   0.2897 >= 0.1000  PASS
  BOOM_OFFSET                  0.1492 >= 0.1500  FAIL
  CLAY_HOLDS False
planform_report cycle3:
  TRACK_CONTRAST_PORT          -27.0630 >= 18.0000  FAIL
  TRACK_CONTRAST_STARBOARD     -23.7742 >= 18.0000  FAIL
  LIVERY_SAT_RENDERED          0.0130 >= 0.3000  FAIL
  HAS_MASS                     0.9412 >= 0.7200  PASS
  WELL_IS_A_HOLE               0.0694 >= 0.2400  FAIL
  CAB_IS_RAISED                0.5909 >= 0.2800  PASS
  WELL_CAB_DIFFER              [0.0694, -0.5909] signs opposite signs  PASS
  ONE_BODY                     0.5390 >= 0.9000  FAIL
  TREAD_PADS_PORT              21.0000 >= 14.0000  PASS
  TREAD_PADS_STARBOARD         19.0000 >= 14.0000  PASS
  TRACK_ENDS_ROUND_PORT        0.4692 >= 0.0600  PASS
  TRACK_ENDS_ROUND_STARBOARD   0.4583 >= 0.0600  PASS
  NORMAL_RELIEF                0.2477 >= 0.0400  PASS
  NORMAL_RELIEF_LIVERY         0.2445 >= 0.0300  PASS
  CLAY_SHADING                 37.9247 >= 14.0000  PASS
  LIVERY_HUE                   46.7908 range 44.0000..54.0000  PASS
  LIVERY_SAT                   0.7402 >= 0.7000  PASS
  BIT_NOT_PINK                 35.8573 hue outside 330-25  PASS
  EDGE_SHOWS_WALL              1.1566 >= 1.1000  PASS
  object bbox px=[908, 489, 1015, 590] sil=8104
texture_report:
  pngCount 9 <= 9
  rover_lod0.glb 14232492 <= 14680064  PASS
  rover_lod1.glb 3257340 <= 5242880  PASS
  rover_lod2.glb 984876 <= 2097152  PASS
{
  "ok": true,
  "cycle": 64,
  "tris0": 20308,
  "bbox": [
    1.9192,
    1.81,
    1.03
  ],
  "pngCount": 9,
  "planformPass": false
}
