C:\Users\93rob\Documents\GitHub\SpaceFace\tools\blender\build_works_rover_mtx.py:615: DeprecationWarning: 'Material.use_nodes' is expected to be removed in Blender 6.0
  material.use_nodes = True
works rover cycle 35: atlas 4x4, map ladder {0: 2048, 1: 1024, 2: 512}
Info: Removed 0 vertices
Info: Removed 0 vertices
lod0 bbox wu=[1.9165, 1.81, 1.03] cells=[0.8711, 0.8227, 0.4682] zMin=0.0
WARN lod0 triangles 20532 over budget 18000 (named features kept)
INFO Draco mesh compression is available, use library at C:\Program Files\Blender Foundation\Blender 5.1\5.1\scripts\addons_core\io_scene_gltf2\extern_draco.dll
13:26:09 | INFO: Starting glTF 2.0 export
13:26:09 | INFO: Extracting primitive: LOD0_Merged_Material_Bit_Boom
13:26:10 | WARNING: More than one shader node tex image used for a texture. The resulting glTF sampler will behave like the first shader node tex image.
13:26:10 | INFO: Primitives created: 1
13:26:10 | INFO: Extracting primitive: LOD0_Merged_Material_Chevron_Boom
13:26:10 | INFO: Primitives created: 1
13:26:10 | INFO: Extracting primitive: LOD0_Merged_Material_Steel_Boom
13:26:10 | INFO: Primitives created: 1
13:26:10 | INFO: Extracting primitive: hopper_fill_0
13:26:10 | INFO: Primitives created: 1
13:26:10 | INFO: Extracting primitive: hopper_fill_1
13:26:10 | INFO: Primitives created: 1
13:26:10 | INFO: Extracting primitive: hopper_fill_2
13:26:10 | INFO: Primitives created: 1
13:26:10 | INFO: Extracting primitive: hopper_fill_3
13:26:10 | INFO: Primitives created: 1
13:26:10 | INFO: Extracting primitive: hopper_fill_4
13:26:10 | INFO: Primitives created: 1
13:26:10 | INFO: Extracting primitive: hopper_lid
13:26:10 | INFO: Primitives created: 1
13:26:10 | INFO: Extracting primitive: LOD0_Merged_Material_Chevron
13:26:10 | INFO: Primitives created: 1
13:26:10 | INFO: Extracting primitive: LOD0_Merged_Material_Glass
13:26:10 | INFO: Primitives created: 1
13:26:10 | INFO: Extracting primitive: LOD0_Merged_Material_Lamp
13:26:10 | INFO: Primitives created: 1
13:26:10 | INFO: Extracting primitive: LOD0_Merged_Material_Livery
13:26:10 | INFO: Primitives created: 1
13:26:10 | INFO: Extracting primitive: LOD0_Merged_Material_Rubble
13:26:10 | INFO: Primitives created: 1
13:26:10 | INFO: Extracting primitive: LOD0_Merged_Material_Steel
13:26:10 | INFO: Primitives created: 1
13:26:10 | INFO: Extracting primitive: LOD0_Merged_Material_Track
13:26:10 | INFO: Primitives created: 1
13:26:10 | INFO: Extracting primitive: scar_plate
13:26:10 | INFO: Primitives created: 1
13:26:10 | INFO: Extracting primitive: track_L
13:26:10 | INFO: Primitives created: 1
13:26:10 | INFO: Extracting primitive: track_R
13:26:10 | INFO: Primitives created: 1
13:26:10 | INFO: Finished glTF 2.0 export in 0.24412131309509277 s

{
  "lod": 0,
  "triangles": 20532,
  "draws": 19,
  "bytes": 14515336,
  "sha256": "0BCA053F84A30075627B1C269AB8CEDB96C827FDF21D67F804B8E63E0C3DBF26"
}
Info: Removed 0 vertices
Info: Removed 0 vertices
lod1 bbox wu=[1.9177, 1.81, 1.03] cells=[0.8717, 0.8227, 0.4682] zMin=0.0
13:26:16 | INFO: Starting glTF 2.0 export
13:26:16 | INFO: Extracting primitive: LOD1_Merged_Material_Bit_Boom
13:26:16 | WARNING: More than one shader node tex image used for a texture. The resulting glTF sampler will behave like the first shader node tex image.
13:26:16 | INFO: Primitives created: 1
13:26:16 | INFO: Extracting primitive: LOD1_Merged_Material_Chevron_Boom
13:26:16 | INFO: Primitives created: 1
13:26:16 | INFO: Extracting primitive: LOD1_Merged_Material_Steel_Boom
13:26:16 | INFO: Primitives created: 1
13:26:16 | INFO: Extracting primitive: hopper_fill_0
13:26:16 | INFO: Primitives created: 1
13:26:16 | INFO: Extracting primitive: hopper_fill_1
13:26:16 | INFO: Primitives created: 1
13:26:16 | INFO: Extracting primitive: hopper_fill_2
13:26:16 | INFO: Primitives created: 1
13:26:16 | INFO: Extracting primitive: hopper_fill_3
13:26:16 | INFO: Primitives created: 1
13:26:16 | INFO: Extracting primitive: hopper_fill_4
13:26:16 | INFO: Primitives created: 1
13:26:16 | INFO: Extracting primitive: hopper_lid
13:26:16 | INFO: Primitives created: 1
13:26:16 | INFO: Extracting primitive: LOD1_Merged_Material_Chevron
13:26:16 | INFO: Primitives created: 1
13:26:16 | INFO: Extracting primitive: LOD1_Merged_Material_Glass
13:26:16 | INFO: Primitives created: 1
13:26:16 | INFO: Extracting primitive: LOD1_Merged_Material_Lamp
13:26:16 | INFO: Primitives created: 1
13:26:16 | INFO: Extracting primitive: LOD1_Merged_Material_Livery
13:26:16 | INFO: Primitives created: 1
13:26:16 | INFO: Extracting primitive: LOD1_Merged_Material_Rubble
13:26:16 | INFO: Primitives created: 1
13:26:16 | INFO: Extracting primitive: LOD1_Merged_Material_Steel
13:26:16 | INFO: Primitives created: 1
13:26:16 | INFO: Extracting primitive: LOD1_Merged_Material_Track
13:26:16 | INFO: Primitives created: 1
13:26:16 | INFO: Extracting primitive: scar_plate
13:26:16 | INFO: Primitives created: 1
13:26:16 | INFO: Extracting primitive: track_L
13:26:16 | INFO: Primitives created: 1
13:26:16 | INFO: Extracting primitive: track_R
13:26:16 | INFO: Primitives created: 1
13:26:16 | INFO: Finished glTF 2.0 export in 0.05385398864746094 s

{
  "lod": 1,
  "triangles": 3028,
  "draws": 19,
  "bytes": 3312284,
  "sha256": "4F7010DBF6594329A18F8AC5C24B166C94B0E30AABBBCFFC9BB5DD6DA7A13051"
}
Info: Removed 0 vertices
Info: Removed 0 vertices
lod2 bbox wu=[1.906, 1.81, 1.03] cells=[0.8664, 0.8227, 0.4682] zMin=0.0
13:26:20 | INFO: Starting glTF 2.0 export
13:26:20 | INFO: Extracting primitive: LOD2_Merged_Material_Bit_Boom
13:26:20 | WARNING: More than one shader node tex image used for a texture. The resulting glTF sampler will behave like the first shader node tex image.
13:26:20 | INFO: Primitives created: 1
13:26:20 | INFO: Extracting primitive: LOD2_Merged_Material_Chevron_Boom
13:26:20 | INFO: Primitives created: 1
13:26:20 | INFO: Extracting primitive: LOD2_Merged_Material_Steel_Boom
13:26:20 | INFO: Primitives created: 1
13:26:20 | INFO: Extracting primitive: hopper_fill_0
13:26:20 | INFO: Primitives created: 1
13:26:20 | INFO: Extracting primitive: hopper_fill_1
13:26:20 | INFO: Primitives created: 1
13:26:20 | INFO: Extracting primitive: hopper_fill_2
13:26:20 | INFO: Primitives created: 1
13:26:20 | INFO: Extracting primitive: hopper_fill_3
13:26:20 | INFO: Primitives created: 1
13:26:20 | INFO: Extracting primitive: hopper_fill_4
13:26:20 | INFO: Primitives created: 1
13:26:20 | INFO: Extracting primitive: hopper_lid
13:26:20 | INFO: Primitives created: 1
13:26:20 | INFO: Extracting primitive: LOD2_Merged_Material_Chevron
13:26:20 | INFO: Primitives created: 1
13:26:20 | INFO: Extracting primitive: LOD2_Merged_Material_Glass
13:26:20 | INFO: Primitives created: 1
13:26:20 | INFO: Extracting primitive: LOD2_Merged_Material_Lamp
13:26:20 | INFO: Primitives created: 1
13:26:20 | INFO: Extracting primitive: LOD2_Merged_Material_Livery
13:26:20 | INFO: Primitives created: 1
13:26:20 | INFO: Extracting primitive: LOD2_Merged_Material_Rubble
13:26:20 | INFO: Primitives created: 1
13:26:20 | INFO: Extracting primitive: LOD2_Merged_Material_Steel
13:26:20 | INFO: Primitives created: 1
13:26:20 | INFO: Extracting primitive: LOD2_Merged_Material_Track
13:26:20 | INFO: Primitives created: 1
13:26:20 | INFO: Extracting primitive: scar_plate
13:26:20 | INFO: Primitives created: 1
13:26:20 | INFO: Extracting primitive: track_L
13:26:20 | INFO: Primitives created: 1
13:26:20 | INFO: Extracting primitive: track_R
13:26:20 | INFO: Primitives created: 1
13:26:21 | INFO: Finished glTF 2.0 export in 0.049239397048950195 s

{
  "lod": 2,
  "triangles": 1990,
  "draws": 19,
  "bytes": 993904,
  "sha256": "584D65575B12D1B57E2A70685B4579595226DB28926BC2F1FCEC87B33D80731D"
}
purged cycle-1 textures: 0
13:26:21 | INFO: Data are loaded, start creating Blender stuff
13:26:21 | INFO: Blender create Mesh node LOD0_Merged_Material_Bit_Boom
13:26:21 | INFO: Blender create Mesh node LOD0_Merged_Material_Chevron_Boom
13:26:21 | INFO: Blender create Mesh node LOD0_Merged_Material_Steel_Boom
13:26:21 | INFO: Blender create Mesh node hopper_fill_0
13:26:21 | INFO: Blender create Mesh node hopper_fill_1
13:26:21 | INFO: Blender create Mesh node hopper_fill_2
13:26:21 | INFO: Blender create Mesh node hopper_fill_3
13:26:21 | INFO: Blender create Mesh node hopper_fill_4
13:26:21 | INFO: Blender create Mesh node hopper_lid
13:26:21 | INFO: Blender create Mesh node LOD0_Merged_Material_Chevron
13:26:21 | INFO: Blender create Mesh node LOD0_Merged_Material_Glass
13:26:21 | INFO: Blender create Mesh node LOD0_Merged_Material_Lamp
13:26:21 | INFO: Blender create Mesh node LOD0_Merged_Material_Livery
13:26:21 | INFO: Blender create Mesh node LOD0_Merged_Material_Rubble
13:26:21 | INFO: Blender create Mesh node LOD0_Merged_Material_Steel
13:26:21 | INFO: Blender create Mesh node LOD0_Merged_Material_Track
13:26:21 | INFO: Blender create Mesh node scar_plate
13:26:21 | INFO: Blender create Mesh node track_L
13:26:21 | INFO: Blender create Mesh node track_R
13:26:21 | INFO: glTF import finished in 0.14s
C:\Users\93rob\Documents\GitHub\SpaceFace\tools\blender\build_works_rover_mtx.py:1989: DeprecationWarning: 'World.use_nodes' is expected to be removed in Blender 6.0
  world.use_nodes = True
C:\Users\93rob\Documents\GitHub\SpaceFace\tools\blender\build_works_rover_mtx.py:2004: DeprecationWarning: 'Material.use_nodes' is expected to be removed in Blender 6.0
  pad_mat.use_nodes = True
00:32.625  render           | Saved: 'C:\Users\93rob\Documents\GitHub\SpaceFace\assets\works\rover\evidence\cycle_035\works_top.png'
00:34.781  render           | Saved: 'C:\Users\93rob\Documents\GitHub\SpaceFace\assets\works\rover\evidence\cycle_035\works_edge.png'
00:37.125  render           | Saved: 'C:\Users\93rob\Documents\GitHub\SpaceFace\assets\works\rover\evidence\cycle_035\works_site.png'
C:\Users\93rob\Documents\GitHub\SpaceFace\tools\blender\build_works_rover_mtx.py:2088: DeprecationWarning: 'Material.use_nodes' is expected to be removed in Blender 6.0
  clay.use_nodes = True
00:39.515  render           | Saved: 'C:\Users\93rob\Documents\GitHub\SpaceFace\assets\works\rover\evidence\cycle_035\works_top_clay.png'
C:\Users\93rob\Documents\GitHub\SpaceFace\tools\blender\build_works_rover_mtx.py:2974: DeprecationWarning: 'World.use_nodes' is expected to be removed in Blender 6.0
  if world and world.use_nodes:
C:\Users\93rob\Documents\GitHub\SpaceFace\tools\blender\build_works_rover_mtx.py:2136: DeprecationWarning: 'Material.use_nodes' is expected to be removed in Blender 6.0
  mat.use_nodes = True
00:41.406  render           | Saved: 'C:\Users\93rob\Documents\GitHub\SpaceFace\assets\works\rover\evidence\cycle_035\works_top_mask.png'
00:43.921  render           | Saved: 'C:\Users\93rob\Documents\GitHub\SpaceFace\assets\works\rover\evidence\cycle_035\works_edge_mask.png'
C:\Users\93rob\Documents\GitHub\SpaceFace\tools\blender\build_works_rover_mtx.py:2052: DeprecationWarning: 'Material.use_nodes' is expected to be removed in Blender 6.0
  mat.use_nodes = True
00:46.250  render           | Saved: 'C:\Users\93rob\Documents\GitHub\SpaceFace\assets\works\rover\evidence\cycle_035\works_top_depth.png'
Blender 5.1.2 (hash ec6e62d40fa9 built 2026-05-19 01:37:34)
planform_report textured:
  YELLOW_MINORITY              0.0243 <= 0.4500  PASS
  TRACK_BAND                   0.2692 >= 0.1600  PASS
  TRACK_OUTERMOST_PORT         0.3694 >= 0.8000  FAIL
  TRACK_OUTERMOST_STARBOARD    0.3647 >= 0.8000  FAIL
  WELL_HOLE                    0.0478 >= 0.0400  PASS
  CAB_PANE                     0.0260 >= 0.0200  PASS
  BOOM_REACH                   0.2804 >= 0.1000  PASS
  BOOM_OFFSET                  0.1504 >= 0.1500  PASS
planform_report clay (object silhouette, not pad):
  TRACK_BAND                   0.3595 >= 0.1600  PASS
  TRACK_OUTERMOST_PORT         1.0000 >= 0.8000  PASS
  TRACK_OUTERMOST_STARBOARD    1.0000 >= 0.8000  PASS
  WELL_HOLE                    0.0869 >= 0.0400  PASS
  CAB_PANE                     0.0615 >= 0.0200  PASS
  BOOM_REACH                   0.2804 >= 0.1000  PASS
  BOOM_OFFSET                  0.1504 >= 0.1500  PASS
  CLAY_HOLDS True
planform_report cycle3:
  TRACK_CONTRAST_PORT          12.0201 >= 18.0000  FAIL
  TRACK_CONTRAST_STARBOARD     -9.6418 >= 18.0000  FAIL
  LIVERY_SAT_RENDERED          0.1100 >= 0.3000  FAIL
  HAS_MASS                     0.9459 >= 0.7200  PASS
  WELL_IS_A_HOLE               0.0694 >= 0.2400  FAIL
  CAB_IS_RAISED                0.4802 >= 0.2800  PASS
  WELL_CAB_DIFFER              [0.0694, -0.4802] signs opposite signs  PASS
  ONE_BODY                     0.4150 >= 0.9000  FAIL
  TREAD_PADS_PORT              19.0000 >= 14.0000  PASS
  TREAD_PADS_STARBOARD         19.0000 >= 14.0000  PASS
  TRACK_ENDS_ROUND_PORT        0.4546 >= 0.0600  PASS
  TRACK_ENDS_ROUND_STARBOARD   0.3612 >= 0.0600  PASS
  NORMAL_RELIEF                0.2477 >= 0.0400  PASS
  NORMAL_RELIEF_LIVERY         0.2445 >= 0.0300  PASS
  CLAY_SHADING                 54.1429 >= 14.0000  PASS
  LIVERY_HUE                   46.7908 range 44.0000..54.0000  PASS
  LIVERY_SAT                   0.7402 >= 0.7000  PASS
  BIT_NOT_PINK                 35.8573 hue outside 330-25  PASS
  EDGE_SHOWS_WALL              1.1522 >= 1.1000  PASS
  object bbox px=[908, 489, 1015, 590] sil=8239
texture_report:
  pngCount 9 <= 9
  rover_lod0.glb 14515336 <= 14680064  PASS
  rover_lod1.glb 3312284 <= 5242880  PASS
  rover_lod2.glb 993904 <= 2097152  PASS
{
  "ok": true,
  "cycle": 35,
  "tris0": 20532,
  "bbox": [
    1.9165,
    1.81,
    1.03
  ],
  "pngCount": 9,
  "planformPass": false
}
