C:\Users\93rob\Documents\GitHub\SpaceFace\tools\blender\build_works_rover_mtx.py:617: DeprecationWarning: 'Material.use_nodes' is expected to be removed in Blender 6.0
  material.use_nodes = True
works rover cycle 60: atlas 4x4, map ladder {0: 2048, 1: 1024, 2: 512}
Info: Removed 0 vertices
Info: Removed 0 vertices
lod0 bbox wu=[1.9192, 1.81, 1.03] cells=[0.8724, 0.8227, 0.4682] zMin=0.0
WARN lod0 triangles 20308 over budget 18000 (named features kept)
INFO Draco mesh compression is available, use library at C:\Program Files\Blender Foundation\Blender 5.1\5.1\scripts\addons_core\io_scene_gltf2\extern_draco.dll
16:30:37 | INFO: Starting glTF 2.0 export
16:30:37 | INFO: Extracting primitive: LOD0_Merged_Material_Chevron_Boom
16:30:37 | WARNING: More than one shader node tex image used for a texture. The resulting glTF sampler will behave like the first shader node tex image.
16:30:37 | INFO: Primitives created: 1
16:30:37 | INFO: Extracting primitive: LOD0_Merged_Material_Steel_Boom
16:30:37 | INFO: Primitives created: 1
16:30:37 | INFO: Extracting primitive: hopper_fill_0
16:30:37 | INFO: Primitives created: 1
16:30:37 | INFO: Extracting primitive: hopper_fill_1
16:30:37 | INFO: Primitives created: 1
16:30:37 | INFO: Extracting primitive: hopper_fill_2
16:30:37 | INFO: Primitives created: 1
16:30:37 | INFO: Extracting primitive: hopper_fill_3
16:30:37 | INFO: Primitives created: 1
16:30:37 | INFO: Extracting primitive: hopper_fill_4
16:30:37 | INFO: Primitives created: 1
16:30:37 | INFO: Extracting primitive: hopper_lid
16:30:37 | INFO: Primitives created: 1
16:30:37 | INFO: Extracting primitive: LOD0_Merged_Material_Chevron
16:30:37 | INFO: Primitives created: 1
16:30:37 | INFO: Extracting primitive: LOD0_Merged_Material_Glass
16:30:37 | INFO: Primitives created: 1
16:30:37 | INFO: Extracting primitive: LOD0_Merged_Material_Lamp
16:30:37 | INFO: Primitives created: 1
16:30:37 | INFO: Extracting primitive: LOD0_Merged_Material_Livery
16:30:37 | INFO: Primitives created: 1
16:30:37 | INFO: Extracting primitive: LOD0_Merged_Material_Rubble
16:30:37 | INFO: Primitives created: 1
16:30:37 | INFO: Extracting primitive: LOD0_Merged_Material_Scar
16:30:37 | INFO: Primitives created: 1
16:30:37 | INFO: Extracting primitive: LOD0_Merged_Material_Steel
16:30:38 | INFO: Primitives created: 1
16:30:38 | INFO: Extracting primitive: LOD0_Merged_Material_Track
16:30:38 | INFO: Primitives created: 1
16:30:38 | INFO: Extracting primitive: scar_plate
16:30:38 | INFO: Primitives created: 1
16:30:38 | INFO: Extracting primitive: track_L
16:30:38 | INFO: Primitives created: 1
16:30:38 | INFO: Extracting primitive: track_R
16:30:38 | INFO: Primitives created: 1
16:30:38 | INFO: Finished glTF 2.0 export in 1.298091173171997 s

{
  "lod": 0,
  "triangles": 20308,
  "draws": 19,
  "bytes": 14274172,
  "sha256": "FEF7D85A74528BC291E145E9215B9B8AF58D6FB8BA0658C69A384A878EB60FB7"
}
Info: Removed 0 vertices
Info: Removed 0 vertices
lod1 bbox wu=[1.92, 1.81, 1.03] cells=[0.8727, 0.8227, 0.4682] zMin=0.0
16:32:21 | INFO: Starting glTF 2.0 export
16:32:21 | INFO: Extracting primitive: LOD1_Merged_Material_Chevron_Boom
16:32:21 | WARNING: More than one shader node tex image used for a texture. The resulting glTF sampler will behave like the first shader node tex image.
16:32:21 | INFO: Primitives created: 1
16:32:21 | INFO: Extracting primitive: LOD1_Merged_Material_Steel_Boom
16:32:21 | INFO: Primitives created: 1
16:32:21 | INFO: Extracting primitive: hopper_fill_0
16:32:21 | INFO: Primitives created: 1
16:32:21 | INFO: Extracting primitive: hopper_fill_1
16:32:21 | INFO: Primitives created: 1
16:32:21 | INFO: Extracting primitive: hopper_fill_2
16:32:21 | INFO: Primitives created: 1
16:32:21 | INFO: Extracting primitive: hopper_fill_3
16:32:21 | INFO: Primitives created: 1
16:32:21 | INFO: Extracting primitive: hopper_fill_4
16:32:21 | INFO: Primitives created: 1
16:32:21 | INFO: Extracting primitive: hopper_lid
16:32:21 | INFO: Primitives created: 1
16:32:21 | INFO: Extracting primitive: LOD1_Merged_Material_Chevron
16:32:21 | INFO: Primitives created: 1
16:32:21 | INFO: Extracting primitive: LOD1_Merged_Material_Glass
16:32:21 | INFO: Primitives created: 1
16:32:21 | INFO: Extracting primitive: LOD1_Merged_Material_Lamp
16:32:21 | INFO: Primitives created: 1
16:32:21 | INFO: Extracting primitive: LOD1_Merged_Material_Livery
16:32:21 | INFO: Primitives created: 1
16:32:21 | INFO: Extracting primitive: LOD1_Merged_Material_Rubble
16:32:21 | INFO: Primitives created: 1
16:32:21 | INFO: Extracting primitive: LOD1_Merged_Material_Scar
16:32:21 | INFO: Primitives created: 1
16:32:21 | INFO: Extracting primitive: LOD1_Merged_Material_Steel
16:32:21 | INFO: Primitives created: 1
16:32:21 | INFO: Extracting primitive: LOD1_Merged_Material_Track
16:32:21 | INFO: Primitives created: 1
16:32:21 | INFO: Extracting primitive: scar_plate
16:32:21 | INFO: Primitives created: 1
16:32:21 | INFO: Extracting primitive: track_L
16:32:21 | INFO: Primitives created: 1
16:32:21 | INFO: Extracting primitive: track_R
16:32:21 | INFO: Primitives created: 1
16:32:21 | INFO: Finished glTF 2.0 export in 0.0862727165222168 s

{
  "lod": 1,
  "triangles": 2996,
  "draws": 19,
  "bytes": 3268084,
  "sha256": "7D460FDD4B9F593AB4271797D412AC3A9866B276B8A9FE1B3A96716F8DEDD547"
}
Info: Removed 0 vertices
Info: Removed 0 vertices
lod2 bbox wu=[1.908, 1.81, 1.03] cells=[0.8673, 0.8227, 0.4682] zMin=0.0
16:32:36 | INFO: Starting glTF 2.0 export
16:32:36 | INFO: Extracting primitive: LOD2_Merged_Material_Chevron_Boom
16:32:36 | WARNING: More than one shader node tex image used for a texture. The resulting glTF sampler will behave like the first shader node tex image.
16:32:36 | INFO: Primitives created: 1
16:32:37 | INFO: Extracting primitive: LOD2_Merged_Material_Steel_Boom
16:32:37 | INFO: Primitives created: 1
16:32:37 | INFO: Extracting primitive: hopper_fill_0
16:32:37 | INFO: Primitives created: 1
16:32:37 | INFO: Extracting primitive: hopper_fill_1
16:32:37 | INFO: Primitives created: 1
16:32:37 | INFO: Extracting primitive: hopper_fill_2
16:32:37 | INFO: Primitives created: 1
16:32:37 | INFO: Extracting primitive: hopper_fill_3
16:32:37 | INFO: Primitives created: 1
16:32:37 | INFO: Extracting primitive: hopper_fill_4
16:32:37 | INFO: Primitives created: 1
16:32:37 | INFO: Extracting primitive: hopper_lid
16:32:37 | INFO: Primitives created: 1
16:32:37 | INFO: Extracting primitive: LOD2_Merged_Material_Chevron
16:32:37 | INFO: Primitives created: 1
16:32:37 | INFO: Extracting primitive: LOD2_Merged_Material_Glass
16:32:37 | INFO: Primitives created: 1
16:32:37 | INFO: Extracting primitive: LOD2_Merged_Material_Lamp
16:32:37 | INFO: Primitives created: 1
16:32:37 | INFO: Extracting primitive: LOD2_Merged_Material_Livery
16:32:37 | INFO: Primitives created: 1
16:32:37 | INFO: Extracting primitive: LOD2_Merged_Material_Rubble
16:32:37 | INFO: Primitives created: 1
16:32:37 | INFO: Extracting primitive: LOD2_Merged_Material_Scar
16:32:37 | INFO: Primitives created: 1
16:32:37 | INFO: Extracting primitive: LOD2_Merged_Material_Steel
16:32:37 | INFO: Primitives created: 1
16:32:37 | INFO: Extracting primitive: LOD2_Merged_Material_Track
16:32:37 | INFO: Primitives created: 1
16:32:37 | INFO: Extracting primitive: scar_plate
16:32:37 | INFO: Primitives created: 1
16:32:37 | INFO: Extracting primitive: track_L
16:32:37 | INFO: Primitives created: 1
16:32:37 | INFO: Extracting primitive: track_R
16:32:37 | INFO: Primitives created: 1
16:32:37 | INFO: Finished glTF 2.0 export in 0.10776782035827637 s

{
  "lod": 2,
  "triangles": 1990,
  "draws": 19,
  "bytes": 988316,
  "sha256": "9265CC05C232885D9E0F9B2E99683C00A3DA95B251BC1808F03500E7554D1DF4"
}
purged cycle-1 textures: 0
16:32:37 | INFO: Data are loaded, start creating Blender stuff
16:32:37 | INFO: Blender create Mesh node LOD0_Merged_Material_Chevron_Boom
16:32:37 | INFO: Blender create Mesh node LOD0_Merged_Material_Steel_Boom
16:32:37 | INFO: Blender create Mesh node hopper_fill_0
16:32:37 | INFO: Blender create Mesh node hopper_fill_1
16:32:37 | INFO: Blender create Mesh node hopper_fill_2
16:32:37 | INFO: Blender create Mesh node hopper_fill_3
16:32:37 | INFO: Blender create Mesh node hopper_fill_4
16:32:37 | INFO: Blender create Mesh node hopper_lid
16:32:37 | INFO: Blender create Mesh node LOD0_Merged_Material_Chevron
16:32:37 | INFO: Blender create Mesh node LOD0_Merged_Material_Glass
16:32:37 | INFO: Blender create Mesh node LOD0_Merged_Material_Lamp
16:32:37 | INFO: Blender create Mesh node LOD0_Merged_Material_Livery
16:32:37 | INFO: Blender create Mesh node LOD0_Merged_Material_Rubble
16:32:37 | INFO: Blender create Mesh node LOD0_Merged_Material_Scar
16:32:37 | INFO: Blender create Mesh node LOD0_Merged_Material_Steel
16:32:37 | INFO: Blender create Mesh node LOD0_Merged_Material_Track
16:32:37 | INFO: Blender create Mesh node scar_plate
16:32:37 | INFO: Blender create Mesh node track_L
16:32:37 | INFO: Blender create Mesh node track_R
16:32:37 | INFO: glTF import finished in 0.34s
C:\Users\93rob\Documents\GitHub\SpaceFace\tools\blender\build_works_rover_mtx.py:2016: DeprecationWarning: 'World.use_nodes' is expected to be removed in Blender 6.0
  world.use_nodes = True
C:\Users\93rob\Documents\GitHub\SpaceFace\tools\blender\build_works_rover_mtx.py:2031: DeprecationWarning: 'Material.use_nodes' is expected to be removed in Blender 6.0
  pad_mat.use_nodes = True
02:45.469  render           | Saved: 'C:\Users\93rob\Documents\GitHub\SpaceFace\assets\works\rover\evidence\cycle_060\works_top.png'
02:52.157  render           | Saved: 'C:\Users\93rob\Documents\GitHub\SpaceFace\assets\works\rover\evidence\cycle_060\works_edge.png'
03:00.594  render           | Saved: 'C:\Users\93rob\Documents\GitHub\SpaceFace\assets\works\rover\evidence\cycle_060\works_site.png'
C:\Users\93rob\Documents\GitHub\SpaceFace\tools\blender\build_works_rover_mtx.py:2116: DeprecationWarning: 'Material.use_nodes' is expected to be removed in Blender 6.0
  clay.use_nodes = True
03:06.735  render           | Saved: 'C:\Users\93rob\Documents\GitHub\SpaceFace\assets\works\rover\evidence\cycle_060\works_top_clay.png'
C:\Users\93rob\Documents\GitHub\SpaceFace\tools\blender\build_works_rover_mtx.py:3002: DeprecationWarning: 'World.use_nodes' is expected to be removed in Blender 6.0
  if world and world.use_nodes:
C:\Users\93rob\Documents\GitHub\SpaceFace\tools\blender\build_works_rover_mtx.py:2164: DeprecationWarning: 'Material.use_nodes' is expected to be removed in Blender 6.0
  mat.use_nodes = True
03:09.828  render           | Saved: 'C:\Users\93rob\Documents\GitHub\SpaceFace\assets\works\rover\evidence\cycle_060\works_top_mask.png'
03:13.907  render           | Saved: 'C:\Users\93rob\Documents\GitHub\SpaceFace\assets\works\rover\evidence\cycle_060\works_edge_mask.png'
C:\Users\93rob\Documents\GitHub\SpaceFace\tools\blender\build_works_rover_mtx.py:2080: DeprecationWarning: 'Material.use_nodes' is expected to be removed in Blender 6.0
  mat.use_nodes = True
03:16.578  render           | Saved: 'C:\Users\93rob\Documents\GitHub\SpaceFace\assets\works\rover\evidence\cycle_060\works_top_depth.png'
Blender 5.1.2 (hash ec6e62d40fa9 built 2026-05-19 01:37:34)
planform_report textured:
  YELLOW_MINORITY              0.0179 <= 0.4500  PASS
  TRACK_BAND                   0.4015 >= 0.1600  PASS
  TRACK_OUTERMOST_PORT         0.9110 >= 0.8000  PASS
  TRACK_OUTERMOST_STARBOARD    0.9122 >= 0.8000  PASS
  WELL_HOLE                    0.0486 >= 0.0400  PASS
  CAB_PANE                     0.0164 >= 0.0200  FAIL
  BOOM_REACH                   0.2897 >= 0.1000  PASS
  BOOM_OFFSET                  0.1492 >= 0.1500  FAIL
planform_report clay (object silhouette, not pad):
  TRACK_BAND                   0.3511 >= 0.1600  PASS
  TRACK_OUTERMOST_PORT         1.0000 >= 0.8000  PASS
  TRACK_OUTERMOST_STARBOARD    1.0000 >= 0.8000  PASS
  WELL_HOLE                    0.0866 >= 0.0400  PASS
  CAB_PANE                     0.0573 >= 0.0200  PASS
  BOOM_REACH                   0.2897 >= 0.1000  PASS
  BOOM_OFFSET                  0.1492 >= 0.1500  FAIL
  CLAY_HOLDS False
planform_report cycle3:
  TRACK_CONTRAST_PORT          20.6258 >= 18.0000  PASS
  TRACK_CONTRAST_STARBOARD     -7.2166 >= 18.0000  FAIL
  LIVERY_SAT_RENDERED          0.0138 >= 0.3000  FAIL
  HAS_MASS                     0.9365 >= 0.7200  PASS
  WELL_IS_A_HOLE               0.0694 >= 0.2400  FAIL
  CAB_IS_RAISED                0.5578 >= 0.2800  PASS
  WELL_CAB_DIFFER              [0.0694, -0.5578] signs opposite signs  PASS
  ONE_BODY                     0.5724 >= 0.9000  FAIL
  TREAD_PADS_PORT              21.0000 >= 14.0000  PASS
  TREAD_PADS_STARBOARD         21.0000 >= 14.0000  PASS
  TRACK_ENDS_ROUND_PORT        0.4692 >= 0.0600  PASS
  TRACK_ENDS_ROUND_STARBOARD   0.4583 >= 0.0600  PASS
  NORMAL_RELIEF                0.2477 >= 0.0400  PASS
  NORMAL_RELIEF_LIVERY         0.2445 >= 0.0300  PASS
  CLAY_SHADING                 67.0357 >= 14.0000  PASS
  LIVERY_HUE                   46.7908 range 44.0000..54.0000  PASS
  LIVERY_SAT                   0.7402 >= 0.7000  PASS
  BIT_NOT_PINK                 35.8573 hue outside 330-25  PASS
  EDGE_SHOWS_WALL              1.1566 >= 1.1000  PASS
  object bbox px=[908, 489, 1015, 590] sil=8103
texture_report:
  pngCount 9 <= 9
  rover_lod0.glb 14274172 <= 14680064  PASS
  rover_lod1.glb 3268084 <= 5242880  PASS
  rover_lod2.glb 988316 <= 2097152  PASS
{
  "ok": true,
  "cycle": 60,
  "tris0": 20308,
  "bbox": [
    1.9192,
    1.81,
    1.03
  ],
  "pngCount": 9,
  "planformPass": false
}
