C:\Users\93rob\Documents\GitHub\SpaceFace\tools\blender\build_works_rover_mtx.py:607: DeprecationWarning: 'Material.use_nodes' is expected to be removed in Blender 6.0
  material.use_nodes = True
works rover cycle 4: atlas 4x4, map ladder {0: 2048, 1: 1024, 2: 512}
Info: Removed 4 vertices
Info: Removed 0 vertices
lod0 bbox wu=[1.85, 1.804, 1.03] cells=[0.8409, 0.82, 0.4682] zMin=0.0
INFO Draco mesh compression is available, use library at C:\Program Files\Blender Foundation\Blender 5.1\5.1\scripts\addons_core\io_scene_gltf2\extern_draco.dll
04:22:19 | INFO: Starting glTF 2.0 export
04:22:19 | INFO: Extracting primitive: LOD0_Merged_Material_Bit_Boom
04:22:20 | WARNING: More than one shader node tex image used for a texture. The resulting glTF sampler will behave like the first shader node tex image.
04:22:20 | INFO: Primitives created: 1
04:22:20 | INFO: Extracting primitive: LOD0_Merged_Material_Livery_Boom
04:22:20 | INFO: Primitives created: 1
04:22:20 | INFO: Extracting primitive: LOD0_Merged_Material_Steel_Boom
04:22:20 | INFO: Primitives created: 1
04:22:20 | INFO: Extracting primitive: hopper_fill_0
04:22:20 | INFO: Primitives created: 1
04:22:20 | INFO: Extracting primitive: hopper_fill_1
04:22:20 | INFO: Primitives created: 1
04:22:20 | INFO: Extracting primitive: hopper_fill_2
04:22:20 | INFO: Primitives created: 1
04:22:20 | INFO: Extracting primitive: hopper_fill_3
04:22:20 | INFO: Primitives created: 1
04:22:20 | INFO: Extracting primitive: hopper_fill_4
04:22:20 | INFO: Primitives created: 1
04:22:20 | INFO: Extracting primitive: hopper_lid
04:22:20 | INFO: Primitives created: 1
04:22:20 | INFO: Extracting primitive: LOD0_Merged_Material_Chevron
04:22:20 | INFO: Primitives created: 1
04:22:20 | INFO: Extracting primitive: LOD0_Merged_Material_Glass
04:22:20 | INFO: Primitives created: 1
04:22:20 | INFO: Extracting primitive: LOD0_Merged_Material_Lamp
04:22:20 | INFO: Primitives created: 1
04:22:20 | INFO: Extracting primitive: LOD0_Merged_Material_Livery
04:22:20 | INFO: Primitives created: 1
04:22:20 | INFO: Extracting primitive: LOD0_Merged_Material_Rubble
04:22:20 | INFO: Primitives created: 1
04:22:20 | INFO: Extracting primitive: LOD0_Merged_Material_Steel
04:22:20 | INFO: Primitives created: 1
04:22:20 | INFO: Extracting primitive: LOD0_Merged_Material_Track
04:22:20 | INFO: Primitives created: 1
04:22:20 | INFO: Extracting primitive: scar_plate
04:22:20 | INFO: Primitives created: 1
04:22:20 | INFO: Extracting primitive: track_L
04:22:20 | INFO: Primitives created: 1
04:22:20 | INFO: Extracting primitive: track_R
04:22:20 | INFO: Primitives created: 1
04:22:20 | INFO: Finished glTF 2.0 export in 1.8419864177703857 s

{
  "lod": 0,
  "triangles": 16144,
  "draws": 19,
  "bytes": 13685384,
  "sha256": "564A5DD993FBABEC7A3C2D7DE0E3AE782C3AA45EBCB48DB4767C700E6C4378AE"
}
Info: Removed 4 vertices
Info: Removed 0 vertices
lod1 bbox wu=[1.85, 1.804, 1.03] cells=[0.8409, 0.82, 0.4682] zMin=0.0
04:22:42 | INFO: Starting glTF 2.0 export
04:22:42 | INFO: Extracting primitive: LOD1_Merged_Material_Bit_Boom
04:22:42 | WARNING: More than one shader node tex image used for a texture. The resulting glTF sampler will behave like the first shader node tex image.
04:22:42 | INFO: Primitives created: 1
04:22:42 | INFO: Extracting primitive: LOD1_Merged_Material_Livery_Boom
04:22:42 | INFO: Primitives created: 1
04:22:42 | INFO: Extracting primitive: LOD1_Merged_Material_Steel_Boom
04:22:42 | INFO: Primitives created: 1
04:22:42 | INFO: Extracting primitive: hopper_fill_0
04:22:42 | INFO: Primitives created: 1
04:22:42 | INFO: Extracting primitive: hopper_fill_1
04:22:42 | INFO: Primitives created: 1
04:22:42 | INFO: Extracting primitive: hopper_fill_2
04:22:42 | INFO: Primitives created: 1
04:22:42 | INFO: Extracting primitive: hopper_fill_3
04:22:42 | INFO: Primitives created: 1
04:22:42 | INFO: Extracting primitive: hopper_fill_4
04:22:42 | INFO: Primitives created: 1
04:22:42 | INFO: Extracting primitive: hopper_lid
04:22:42 | INFO: Primitives created: 1
04:22:42 | INFO: Extracting primitive: LOD1_Merged_Material_Chevron
04:22:42 | INFO: Primitives created: 1
04:22:42 | INFO: Extracting primitive: LOD1_Merged_Material_Glass
04:22:42 | INFO: Primitives created: 1
04:22:42 | INFO: Extracting primitive: LOD1_Merged_Material_Lamp
04:22:42 | INFO: Primitives created: 1
04:22:42 | INFO: Extracting primitive: LOD1_Merged_Material_Livery
04:22:42 | INFO: Primitives created: 1
04:22:42 | INFO: Extracting primitive: LOD1_Merged_Material_Rubble
04:22:42 | INFO: Primitives created: 1
04:22:42 | INFO: Extracting primitive: LOD1_Merged_Material_Steel
04:22:42 | INFO: Primitives created: 1
04:22:42 | INFO: Extracting primitive: LOD1_Merged_Material_Track
04:22:42 | INFO: Primitives created: 1
04:22:42 | INFO: Extracting primitive: scar_plate
04:22:42 | INFO: Primitives created: 1
04:22:42 | INFO: Extracting primitive: track_L
04:22:42 | INFO: Primitives created: 1
04:22:42 | INFO: Extracting primitive: track_R
04:22:42 | INFO: Primitives created: 1
04:22:42 | INFO: Finished glTF 2.0 export in 0.26026082038879395 s

{
  "lod": 1,
  "triangles": 2060,
  "draws": 19,
  "bytes": 3152044,
  "sha256": "3E9BE11AFBEB4A39DEA55B78136C69D1532ECE53DD3C6DC85DF3BA3C5C0B9ECD"
}
Info: Removed 4 vertices
Info: Removed 0 vertices
lod2 bbox wu=[1.85, 1.804, 1.03] cells=[0.8409, 0.82, 0.4682] zMin=0.0
04:22:55 | INFO: Starting glTF 2.0 export
04:22:55 | INFO: Extracting primitive: LOD2_Merged_Material_Bit_Boom
04:22:55 | WARNING: More than one shader node tex image used for a texture. The resulting glTF sampler will behave like the first shader node tex image.
04:22:55 | INFO: Primitives created: 1
04:22:55 | INFO: Extracting primitive: LOD2_Merged_Material_Livery_Boom
04:22:55 | INFO: Primitives created: 1
04:22:55 | INFO: Extracting primitive: LOD2_Merged_Material_Steel_Boom
04:22:55 | INFO: Primitives created: 1
04:22:55 | INFO: Extracting primitive: hopper_fill_0
04:22:55 | INFO: Primitives created: 1
04:22:55 | INFO: Extracting primitive: hopper_fill_1
04:22:55 | INFO: Primitives created: 1
04:22:55 | INFO: Extracting primitive: hopper_fill_2
04:22:55 | INFO: Primitives created: 1
04:22:55 | INFO: Extracting primitive: hopper_fill_3
04:22:55 | INFO: Primitives created: 1
04:22:55 | INFO: Extracting primitive: hopper_fill_4
04:22:55 | INFO: Primitives created: 1
04:22:55 | INFO: Extracting primitive: hopper_lid
04:22:55 | INFO: Primitives created: 1
04:22:55 | INFO: Extracting primitive: LOD2_Merged_Material_Chevron
04:22:55 | INFO: Primitives created: 1
04:22:55 | INFO: Extracting primitive: LOD2_Merged_Material_Glass
04:22:55 | INFO: Primitives created: 1
04:22:55 | INFO: Extracting primitive: LOD2_Merged_Material_Lamp
04:22:55 | INFO: Primitives created: 1
04:22:55 | INFO: Extracting primitive: LOD2_Merged_Material_Livery
04:22:55 | INFO: Primitives created: 1
04:22:55 | INFO: Extracting primitive: LOD2_Merged_Material_Rubble
04:22:55 | INFO: Primitives created: 1
04:22:55 | INFO: Extracting primitive: LOD2_Merged_Material_Steel
04:22:55 | INFO: Primitives created: 1
04:22:55 | INFO: Extracting primitive: LOD2_Merged_Material_Track
04:22:55 | INFO: Primitives created: 1
04:22:55 | INFO: Extracting primitive: scar_plate
04:22:55 | INFO: Primitives created: 1
04:22:55 | INFO: Extracting primitive: track_L
04:22:55 | INFO: Primitives created: 1
04:22:55 | INFO: Extracting primitive: track_R
04:22:55 | INFO: Primitives created: 1
04:22:55 | INFO: Finished glTF 2.0 export in 0.4299774169921875 s

{
  "lod": 2,
  "triangles": 1804,
  "draws": 19,
  "bytes": 933572,
  "sha256": "681F8468D7C1B637F09ABE98E09D3396431D05F78AC6823CD9525C8210D049EC"
}
purged cycle-1 textures: 0
04:22:57 | INFO: Data are loaded, start creating Blender stuff
04:22:57 | INFO: Blender create Mesh node LOD0_Merged_Material_Bit_Boom
04:22:57 | INFO: Blender create Mesh node LOD0_Merged_Material_Livery_Boom
04:22:57 | INFO: Blender create Mesh node LOD0_Merged_Material_Steel_Boom
04:22:57 | INFO: Blender create Mesh node hopper_fill_0
04:22:57 | INFO: Blender create Mesh node hopper_fill_1
04:22:57 | INFO: Blender create Mesh node hopper_fill_2
04:22:57 | INFO: Blender create Mesh node hopper_fill_3
04:22:57 | INFO: Blender create Mesh node hopper_fill_4
04:22:57 | INFO: Blender create Mesh node hopper_lid
04:22:57 | INFO: Blender create Mesh node LOD0_Merged_Material_Chevron
04:22:57 | INFO: Blender create Mesh node LOD0_Merged_Material_Glass
04:22:57 | INFO: Blender create Mesh node LOD0_Merged_Material_Lamp
04:22:57 | INFO: Blender create Mesh node LOD0_Merged_Material_Livery
04:22:57 | INFO: Blender create Mesh node LOD0_Merged_Material_Rubble
04:22:57 | INFO: Blender create Mesh node LOD0_Merged_Material_Steel
04:22:57 | INFO: Blender create Mesh node LOD0_Merged_Material_Track
04:22:57 | INFO: Blender create Mesh node scar_plate
04:22:57 | INFO: Blender create Mesh node track_L
04:22:57 | INFO: Blender create Mesh node track_R
04:22:57 | INFO: glTF import finished in 0.64s
C:\Users\93rob\Documents\GitHub\SpaceFace\tools\blender\build_works_rover_mtx.py:1837: DeprecationWarning: 'World.use_nodes' is expected to be removed in Blender 6.0
  world.use_nodes = True
C:\Users\93rob\Documents\GitHub\SpaceFace\tools\blender\build_works_rover_mtx.py:1852: DeprecationWarning: 'Material.use_nodes' is expected to be removed in Blender 6.0
  pad_mat.use_nodes = True
02:05.531  render           | Saved: 'C:\Users\93rob\Documents\GitHub\SpaceFace\assets\works\rover\evidence\cycle_004\works_top.png'
02:11.984  render           | Saved: 'C:\Users\93rob\Documents\GitHub\SpaceFace\assets\works\rover\evidence\cycle_004\works_edge.png'
02:18.296  render           | Saved: 'C:\Users\93rob\Documents\GitHub\SpaceFace\assets\works\rover\evidence\cycle_004\works_site.png'
C:\Users\93rob\Documents\GitHub\SpaceFace\tools\blender\build_works_rover_mtx.py:1936: DeprecationWarning: 'Material.use_nodes' is expected to be removed in Blender 6.0
  clay.use_nodes = True
02:25.625  render           | Saved: 'C:\Users\93rob\Documents\GitHub\SpaceFace\assets\works\rover\evidence\cycle_004\works_top_clay.png'
C:\Users\93rob\Documents\GitHub\SpaceFace\tools\blender\build_works_rover_mtx.py:2799: DeprecationWarning: 'World.use_nodes' is expected to be removed in Blender 6.0
  if world and world.use_nodes:
C:\Users\93rob\Documents\GitHub\SpaceFace\tools\blender\build_works_rover_mtx.py:1984: DeprecationWarning: 'Material.use_nodes' is expected to be removed in Blender 6.0
  mat.use_nodes = True
02:29.796  render           | Saved: 'C:\Users\93rob\Documents\GitHub\SpaceFace\assets\works\rover\evidence\cycle_004\works_top_mask.png'
02:35.484  render           | Saved: 'C:\Users\93rob\Documents\GitHub\SpaceFace\assets\works\rover\evidence\cycle_004\works_edge_mask.png'
C:\Users\93rob\Documents\GitHub\SpaceFace\tools\blender\build_works_rover_mtx.py:1900: DeprecationWarning: 'Material.use_nodes' is expected to be removed in Blender 6.0
  mat.use_nodes = True
02:40.187  render           | Saved: 'C:\Users\93rob\Documents\GitHub\SpaceFace\assets\works\rover\evidence\cycle_004\works_top_depth.png'
Blender 5.1.2 (hash ec6e62d40fa9 built 2026-05-19 01:37:34)
planform_report textured:
  YELLOW_MINORITY              0.2743 <= 0.4500  PASS
  TRACK_BAND                   0.2598 >= 0.1600  PASS
  TRACK_OUTERMOST_PORT         0.9723 >= 0.8000  PASS
  TRACK_OUTERMOST_STARBOARD    0.9723 >= 0.8000  PASS
  WELL_HOLE                    0.0802 >= 0.0400  PASS
  CAB_PANE                     0.0147 >= 0.0200  FAIL
  BOOM_REACH                   0.2843 >= 0.1000  PASS
  BOOM_OFFSET                  0.1435 >= 0.1500  FAIL
planform_report clay (object silhouette, not pad):
  TRACK_BAND                   0.3585 >= 0.1600  PASS
  TRACK_OUTERMOST_PORT         1.0000 >= 0.8000  PASS
  TRACK_OUTERMOST_STARBOARD    1.0000 >= 0.8000  PASS
  WELL_HOLE                    0.0816 >= 0.0400  PASS
  CAB_PANE                     0.0541 >= 0.0200  PASS
  BOOM_REACH                   0.2843 >= 0.1000  PASS
  BOOM_OFFSET                  0.1435 >= 0.1500  FAIL
  CLAY_HOLDS False
planform_report cycle3:
  TRACK_CONTRAST_PORT          54.5244 >= 18.0000  PASS
  TRACK_CONTRAST_STARBOARD     32.0470 >= 18.0000  PASS
  LIVERY_SAT_RENDERED          0.6913 >= 0.3000  PASS
  HAS_MASS                     0.9365 >= 0.7200  PASS
  WELL_IS_A_HOLE               0.3719 >= 0.2400  PASS
  CAB_IS_RAISED                0.3607 >= 0.2800  PASS
  WELL_CAB_DIFFER              [0.3719, -0.3607] signs opposite signs  PASS
  ONE_BODY                     0.5406 >= 0.9000  FAIL
  TREAD_PADS_PORT              17.0000 >= 14.0000  PASS
  TREAD_PADS_STARBOARD         19.0000 >= 14.0000  PASS
  TRACK_ENDS_ROUND_PORT        0.3057 >= 0.0600  PASS
  TRACK_ENDS_ROUND_STARBOARD   0.2978 >= 0.0600  PASS
  NORMAL_RELIEF                0.2487 >= 0.0400  PASS
  NORMAL_RELIEF_LIVERY         0.2498 >= 0.0300  PASS
  CLAY_SHADING                 51.1203 >= 14.0000  PASS
  LIVERY_HUE                   46.2153 range 44.0000..54.0000  PASS
  LIVERY_SAT                   0.7492 >= 0.7000  PASS
  BIT_NOT_PINK                 225.6823 hue outside 330-25  PASS
  EDGE_SHOWS_WALL              1.1430 >= 1.1000  PASS
  object bbox px=[909, 490, 1011, 589] sil=7356
texture_report:
  pngCount 9 <= 9
  rover_lod0.glb 13685384 <= 14680064  PASS
  rover_lod1.glb 3152044 <= 5242880  PASS
  rover_lod2.glb 933572 <= 2097152  PASS
{
  "ok": true,
  "cycle": 4,
  "tris0": 16144,
  "bbox": [
    1.85,
    1.804,
    1.03
  ],
  "pngCount": 9,
  "planformPass": false
}
