C:\Users\93rob\Documents\GitHub\SpaceFace\tools\blender\build_works_rover_mtx.py:616: DeprecationWarning: 'Material.use_nodes' is expected to be removed in Blender 6.0
  material.use_nodes = True
works rover cycle 37: atlas 4x4, map ladder {0: 2048, 1: 1024, 2: 512}
Info: Removed 0 vertices
Info: Removed 0 vertices
lod0 bbox wu=[1.8973, 1.81, 1.03] cells=[0.8624, 0.8227, 0.4682] zMin=0.0
WARN lod0 triangles 20642 over budget 18000 (named features kept)
INFO Draco mesh compression is available, use library at C:\Program Files\Blender Foundation\Blender 5.1\5.1\scripts\addons_core\io_scene_gltf2\extern_draco.dll
13:37:07 | INFO: Starting glTF 2.0 export
13:37:07 | INFO: Extracting primitive: LOD0_Merged_Material_Bit_Boom
13:37:07 | WARNING: More than one shader node tex image used for a texture. The resulting glTF sampler will behave like the first shader node tex image.
13:37:07 | INFO: Primitives created: 1
13:37:07 | INFO: Extracting primitive: LOD0_Merged_Material_Chevron_Boom
13:37:07 | INFO: Primitives created: 1
13:37:07 | INFO: Extracting primitive: LOD0_Merged_Material_Steel_Boom
13:37:07 | INFO: Primitives created: 1
13:37:07 | INFO: Extracting primitive: hopper_fill_0
13:37:07 | INFO: Primitives created: 1
13:37:07 | INFO: Extracting primitive: hopper_fill_1
13:37:07 | INFO: Primitives created: 1
13:37:07 | INFO: Extracting primitive: hopper_fill_2
13:37:07 | INFO: Primitives created: 1
13:37:07 | INFO: Extracting primitive: hopper_fill_3
13:37:07 | INFO: Primitives created: 1
13:37:07 | INFO: Extracting primitive: hopper_fill_4
13:37:07 | INFO: Primitives created: 1
13:37:07 | INFO: Extracting primitive: hopper_lid
13:37:07 | INFO: Primitives created: 1
13:37:07 | INFO: Extracting primitive: LOD0_Merged_Material_Chevron
13:37:07 | INFO: Primitives created: 1
13:37:07 | INFO: Extracting primitive: LOD0_Merged_Material_Glass
13:37:07 | INFO: Primitives created: 1
13:37:07 | INFO: Extracting primitive: LOD0_Merged_Material_Lamp
13:37:07 | INFO: Primitives created: 1
13:37:07 | INFO: Extracting primitive: LOD0_Merged_Material_Livery
13:37:07 | INFO: Primitives created: 1
13:37:07 | INFO: Extracting primitive: LOD0_Merged_Material_Rubble
13:37:07 | INFO: Primitives created: 1
13:37:07 | INFO: Extracting primitive: LOD0_Merged_Material_Steel
13:37:07 | INFO: Primitives created: 1
13:37:07 | INFO: Extracting primitive: LOD0_Merged_Material_Track
13:37:07 | INFO: Primitives created: 1
13:37:07 | INFO: Extracting primitive: scar_plate
13:37:07 | INFO: Primitives created: 1
13:37:07 | INFO: Extracting primitive: track_L
13:37:07 | INFO: Primitives created: 1
13:37:07 | INFO: Extracting primitive: track_R
13:37:07 | INFO: Primitives created: 1
13:37:07 | INFO: Finished glTF 2.0 export in 0.16781306266784668 s

{
  "lod": 0,
  "triangles": 20642,
  "draws": 19,
  "bytes": 14375380,
  "sha256": "79617E9AEB18F10BB3EAB95407BE19721A213CEA9BDCBFFA1A7F55237EDEEE23"
}
Info: Removed 0 vertices
Info: Removed 0 vertices
lod1 bbox wu=[1.8981, 1.81, 1.03] cells=[0.8628, 0.8227, 0.4682] zMin=0.0
13:37:12 | INFO: Starting glTF 2.0 export
13:37:12 | INFO: Extracting primitive: LOD1_Merged_Material_Bit_Boom
13:37:12 | WARNING: More than one shader node tex image used for a texture. The resulting glTF sampler will behave like the first shader node tex image.
13:37:12 | INFO: Primitives created: 1
13:37:12 | INFO: Extracting primitive: LOD1_Merged_Material_Chevron_Boom
13:37:12 | INFO: Primitives created: 1
13:37:12 | INFO: Extracting primitive: LOD1_Merged_Material_Steel_Boom
13:37:12 | INFO: Primitives created: 1
13:37:12 | INFO: Extracting primitive: hopper_fill_0
13:37:12 | INFO: Primitives created: 1
13:37:12 | INFO: Extracting primitive: hopper_fill_1
13:37:12 | INFO: Primitives created: 1
13:37:12 | INFO: Extracting primitive: hopper_fill_2
13:37:12 | INFO: Primitives created: 1
13:37:12 | INFO: Extracting primitive: hopper_fill_3
13:37:12 | INFO: Primitives created: 1
13:37:12 | INFO: Extracting primitive: hopper_fill_4
13:37:12 | INFO: Primitives created: 1
13:37:12 | INFO: Extracting primitive: hopper_lid
13:37:12 | INFO: Primitives created: 1
13:37:12 | INFO: Extracting primitive: LOD1_Merged_Material_Chevron
13:37:12 | INFO: Primitives created: 1
13:37:12 | INFO: Extracting primitive: LOD1_Merged_Material_Glass
13:37:12 | INFO: Primitives created: 1
13:37:12 | INFO: Extracting primitive: LOD1_Merged_Material_Lamp
13:37:12 | INFO: Primitives created: 1
13:37:12 | INFO: Extracting primitive: LOD1_Merged_Material_Livery
13:37:12 | INFO: Primitives created: 1
13:37:12 | INFO: Extracting primitive: LOD1_Merged_Material_Rubble
13:37:12 | INFO: Primitives created: 1
13:37:12 | INFO: Extracting primitive: LOD1_Merged_Material_Steel
13:37:12 | INFO: Primitives created: 1
13:37:12 | INFO: Extracting primitive: LOD1_Merged_Material_Track
13:37:12 | INFO: Primitives created: 1
13:37:12 | INFO: Extracting primitive: scar_plate
13:37:12 | INFO: Primitives created: 1
13:37:12 | INFO: Extracting primitive: track_L
13:37:12 | INFO: Primitives created: 1
13:37:12 | INFO: Extracting primitive: track_R
13:37:12 | INFO: Primitives created: 1
13:37:12 | INFO: Finished glTF 2.0 export in 0.0557708740234375 s

{
  "lod": 1,
  "triangles": 3236,
  "draws": 19,
  "bytes": 3301352,
  "sha256": "1764DD6FB9FAEBFCFA2ABEA395A49628F9BBBA61CF47BC3F76B7E121794769D9"
}
Info: Removed 0 vertices
Info: Removed 0 vertices
lod2 bbox wu=[1.8864, 1.81, 1.03] cells=[0.8574, 0.8227, 0.4682] zMin=0.0
13:37:17 | INFO: Starting glTF 2.0 export
13:37:17 | INFO: Extracting primitive: LOD2_Merged_Material_Bit_Boom
13:37:17 | WARNING: More than one shader node tex image used for a texture. The resulting glTF sampler will behave like the first shader node tex image.
13:37:17 | INFO: Primitives created: 1
13:37:17 | INFO: Extracting primitive: LOD2_Merged_Material_Chevron_Boom
13:37:17 | INFO: Primitives created: 1
13:37:17 | INFO: Extracting primitive: LOD2_Merged_Material_Steel_Boom
13:37:17 | INFO: Primitives created: 1
13:37:17 | INFO: Extracting primitive: hopper_fill_0
13:37:17 | INFO: Primitives created: 1
13:37:17 | INFO: Extracting primitive: hopper_fill_1
13:37:17 | INFO: Primitives created: 1
13:37:17 | INFO: Extracting primitive: hopper_fill_2
13:37:17 | INFO: Primitives created: 1
13:37:17 | INFO: Extracting primitive: hopper_fill_3
13:37:17 | INFO: Primitives created: 1
13:37:17 | INFO: Extracting primitive: hopper_fill_4
13:37:17 | INFO: Primitives created: 1
13:37:17 | INFO: Extracting primitive: hopper_lid
13:37:17 | INFO: Primitives created: 1
13:37:17 | INFO: Extracting primitive: LOD2_Merged_Material_Chevron
13:37:17 | INFO: Primitives created: 1
13:37:17 | INFO: Extracting primitive: LOD2_Merged_Material_Glass
13:37:17 | INFO: Primitives created: 1
13:37:17 | INFO: Extracting primitive: LOD2_Merged_Material_Lamp
13:37:17 | INFO: Primitives created: 1
13:37:17 | INFO: Extracting primitive: LOD2_Merged_Material_Livery
13:37:17 | INFO: Primitives created: 1
13:37:17 | INFO: Extracting primitive: LOD2_Merged_Material_Rubble
13:37:17 | INFO: Primitives created: 1
13:37:17 | INFO: Extracting primitive: LOD2_Merged_Material_Steel
13:37:17 | INFO: Primitives created: 1
13:37:17 | INFO: Extracting primitive: LOD2_Merged_Material_Track
13:37:17 | INFO: Primitives created: 1
13:37:17 | INFO: Extracting primitive: scar_plate
13:37:17 | INFO: Primitives created: 1
13:37:17 | INFO: Extracting primitive: track_L
13:37:17 | INFO: Primitives created: 1
13:37:17 | INFO: Extracting primitive: track_R
13:37:17 | INFO: Primitives created: 1
13:37:17 | INFO: Finished glTF 2.0 export in 0.06713438034057617 s

{
  "lod": 2,
  "triangles": 1993,
  "draws": 19,
  "bytes": 991900,
  "sha256": "0518CC44F67562E67824B7D33770F83E1DCF517CB77082E07F68DAF7D9D0069F"
}
purged cycle-1 textures: 0
13:37:17 | INFO: Data are loaded, start creating Blender stuff
13:37:17 | INFO: Blender create Mesh node LOD0_Merged_Material_Bit_Boom
13:37:17 | INFO: Blender create Mesh node LOD0_Merged_Material_Chevron_Boom
13:37:17 | INFO: Blender create Mesh node LOD0_Merged_Material_Steel_Boom
13:37:17 | INFO: Blender create Mesh node hopper_fill_0
13:37:17 | INFO: Blender create Mesh node hopper_fill_1
13:37:17 | INFO: Blender create Mesh node hopper_fill_2
13:37:17 | INFO: Blender create Mesh node hopper_fill_3
13:37:17 | INFO: Blender create Mesh node hopper_fill_4
13:37:17 | INFO: Blender create Mesh node hopper_lid
13:37:17 | INFO: Blender create Mesh node LOD0_Merged_Material_Chevron
13:37:17 | INFO: Blender create Mesh node LOD0_Merged_Material_Glass
13:37:17 | INFO: Blender create Mesh node LOD0_Merged_Material_Lamp
13:37:17 | INFO: Blender create Mesh node LOD0_Merged_Material_Livery
13:37:17 | INFO: Blender create Mesh node LOD0_Merged_Material_Rubble
13:37:17 | INFO: Blender create Mesh node LOD0_Merged_Material_Steel
13:37:17 | INFO: Blender create Mesh node LOD0_Merged_Material_Track
13:37:17 | INFO: Blender create Mesh node scar_plate
13:37:17 | INFO: Blender create Mesh node track_L
13:37:17 | INFO: Blender create Mesh node track_R
13:37:17 | INFO: glTF import finished in 0.16s
C:\Users\93rob\Documents\GitHub\SpaceFace\tools\blender\build_works_rover_mtx.py:1990: DeprecationWarning: 'World.use_nodes' is expected to be removed in Blender 6.0
  world.use_nodes = True
C:\Users\93rob\Documents\GitHub\SpaceFace\tools\blender\build_works_rover_mtx.py:2005: DeprecationWarning: 'Material.use_nodes' is expected to be removed in Blender 6.0
  pad_mat.use_nodes = True
00:29.485  render           | Saved: 'C:\Users\93rob\Documents\GitHub\SpaceFace\assets\works\rover\evidence\cycle_037\works_top.png'
00:32.047  render           | Saved: 'C:\Users\93rob\Documents\GitHub\SpaceFace\assets\works\rover\evidence\cycle_037\works_edge.png'
00:34.844  render           | Saved: 'C:\Users\93rob\Documents\GitHub\SpaceFace\assets\works\rover\evidence\cycle_037\works_site.png'
C:\Users\93rob\Documents\GitHub\SpaceFace\tools\blender\build_works_rover_mtx.py:2089: DeprecationWarning: 'Material.use_nodes' is expected to be removed in Blender 6.0
  clay.use_nodes = True
00:38.031  render           | Saved: 'C:\Users\93rob\Documents\GitHub\SpaceFace\assets\works\rover\evidence\cycle_037\works_top_clay.png'
C:\Users\93rob\Documents\GitHub\SpaceFace\tools\blender\build_works_rover_mtx.py:2975: DeprecationWarning: 'World.use_nodes' is expected to be removed in Blender 6.0
  if world and world.use_nodes:
C:\Users\93rob\Documents\GitHub\SpaceFace\tools\blender\build_works_rover_mtx.py:2137: DeprecationWarning: 'Material.use_nodes' is expected to be removed in Blender 6.0
  mat.use_nodes = True
00:40.328  render           | Saved: 'C:\Users\93rob\Documents\GitHub\SpaceFace\assets\works\rover\evidence\cycle_037\works_top_mask.png'
00:43.172  render           | Saved: 'C:\Users\93rob\Documents\GitHub\SpaceFace\assets\works\rover\evidence\cycle_037\works_edge_mask.png'
C:\Users\93rob\Documents\GitHub\SpaceFace\tools\blender\build_works_rover_mtx.py:2053: DeprecationWarning: 'Material.use_nodes' is expected to be removed in Blender 6.0
  mat.use_nodes = True
00:45.375  render           | Saved: 'C:\Users\93rob\Documents\GitHub\SpaceFace\assets\works\rover\evidence\cycle_037\works_top_depth.png'
Blender 5.1.2 (hash ec6e62d40fa9 built 2026-05-19 01:37:34)
planform_report textured:
  YELLOW_MINORITY              0.0278 <= 0.4500  PASS
  TRACK_BAND                   0.2750 >= 0.1600  PASS
  TRACK_OUTERMOST_PORT         0.3694 >= 0.8000  FAIL
  TRACK_OUTERMOST_STARBOARD    0.3647 >= 0.8000  FAIL
  WELL_HOLE                    0.0481 >= 0.0400  PASS
  CAB_PANE                     0.0133 >= 0.0200  FAIL
  BOOM_REACH                   0.2736 >= 0.1000  PASS
  BOOM_OFFSET                  0.1513 >= 0.1500  PASS
planform_report clay (object silhouette, not pad):
  TRACK_BAND                   0.3617 >= 0.1600  PASS
  TRACK_OUTERMOST_PORT         1.0000 >= 0.8000  PASS
  TRACK_OUTERMOST_STARBOARD    1.0000 >= 0.8000  PASS
  WELL_HOLE                    0.0871 >= 0.0400  PASS
  CAB_PANE                     0.0608 >= 0.0200  PASS
  BOOM_REACH                   0.2736 >= 0.1000  PASS
  BOOM_OFFSET                  0.1513 >= 0.1500  PASS
  CLAY_HOLDS True
planform_report cycle3:
  TRACK_CONTRAST_PORT          13.9118 >= 18.0000  FAIL
  TRACK_CONTRAST_STARBOARD     -11.8544 >= 18.0000  FAIL
  LIVERY_SAT_RENDERED          0.1579 >= 0.3000  FAIL
  HAS_MASS                     0.9469 >= 0.7200  PASS
  WELL_IS_A_HOLE               0.0694 >= 0.2400  FAIL
  CAB_IS_RAISED                0.2542 >= 0.2800  FAIL
  WELL_CAB_DIFFER              [0.0694, -0.2542] signs opposite signs  PASS
  ONE_BODY                     0.3640 >= 0.9000  FAIL
  TREAD_PADS_PORT              17.0000 >= 14.0000  PASS
  TREAD_PADS_STARBOARD         11.0000 >= 14.0000  FAIL
  TRACK_ENDS_ROUND_PORT        0.4463 >= 0.0600  PASS
  TRACK_ENDS_ROUND_STARBOARD   0.3513 >= 0.0600  PASS
  NORMAL_RELIEF                0.2477 >= 0.0400  PASS
  NORMAL_RELIEF_LIVERY         0.2445 >= 0.0300  PASS
  CLAY_SHADING                 54.7239 >= 14.0000  PASS
  LIVERY_HUE                   46.7908 range 44.0000..54.0000  PASS
  LIVERY_SAT                   0.7402 >= 0.7000  PASS
  BIT_NOT_PINK                 35.8573 hue outside 330-25  PASS
  EDGE_SHOWS_WALL              1.1534 >= 1.1000  PASS
  object bbox px=[908, 489, 1014, 590] sil=8190
texture_report:
  pngCount 9 <= 9
  rover_lod0.glb 14375380 <= 14680064  PASS
  rover_lod1.glb 3301352 <= 5242880  PASS
  rover_lod2.glb 991900 <= 2097152  PASS
{
  "ok": true,
  "cycle": 37,
  "tris0": 20642,
  "bbox": [
    1.8973,
    1.81,
    1.03
  ],
  "pngCount": 9,
  "planformPass": false
}
