floor 1: median=45.851× min=42.311× max=49.820×
floor 2: median=45.059× min=37.251× max=47.408×
floor 3: median=46.077× min=42.555× max=51.625×
floor 4: median=46.755× min=41.415× max=55.360×
floor 5: median=45.095× min=36.867× max=56.403×
{
  "medians": [
    45.85144536118298,
    45.059383454896135,
    46.0771215306989,
    46.75527422261937,
    45.09502795069047
  ],
  "mins": [
    42.31050583999994,
    37.25063492995626,
    42.55484567113986,
    41.41535521321886,
    36.86717321773576
  ],
  "floorMinSpeedup": 36.86717321773576,
  "floorMedianOfMedians": 45.85144536118298
}
