{"run":0,"medians":2.047,"min":1.81,"speeds":[1.81,1.972,1.998,2.009,2.026,2.047,2.055,2.09,2.134,2.178,2.262]}
{"run":1,"medians":2.039,"min":1.919,"speeds":[1.919,1.968,2.022,2.031,2.037,2.039,2.042,2.057,2.144,2.197,2.251]}
{"run":2,"medians":2.038,"min":1.841,"speeds":[1.841,1.954,2,2.004,2.023,2.038,2.095,2.102,2.144,2.16,2.236]}
{"run":3,"medians":2.077,"min":1.935,"speeds":[1.935,1.983,1.987,2.059,2.071,2.077,2.095,2.105,2.111,2.47,2.597]}
{"run":4,"medians":2.143,"min":1.936,"speeds":[1.936,1.965,2.02,2.094,2.105,2.143,2.143,2.205,2.221,2.268,2.428]}
SUMMARY {
  "RUNS": 5,
  "PAIRS": 11,
  "medians": [
    2.038,
    2.039,
    2.047,
    2.077,
    2.143
  ],
  "mins": [
    1.81,
    1.841,
    1.919,
    1.935,
    1.936
  ],
  "medianOfMedians": 2.047,
  "floorMin": 1.81
}
