{"run":0,"medians":2.382,"min":2.045,"speeds":[2.045,2.095,2.108,2.148,2.168,2.382,2.403,2.421,2.422,2.458,2.565]}
{"run":1,"medians":2.256,"min":2.068,"speeds":[2.068,2.104,2.197,2.223,2.227,2.256,2.33,2.419,2.427,2.532,2.734]}
{"run":2,"medians":2.4,"min":1.798,"speeds":[1.798,2.054,2.321,2.345,2.374,2.4,2.457,2.489,2.504,2.756,2.96]}
{"run":3,"medians":2.459,"min":1.825,"speeds":[1.825,2.187,2.347,2.408,2.411,2.459,2.476,2.532,2.564,2.597,3.038]}
{"run":4,"medians":2.345,"min":1.905,"speeds":[1.905,2.119,2.183,2.287,2.287,2.345,2.411,2.428,2.476,2.508,2.509]}
SUMMARY {
  "RUNS": 5,
  "PAIRS": 11,
  "medians": [
    2.256,
    2.345,
    2.382,
    2.4,
    2.459
  ],
  "mins": [
    1.798,
    1.825,
    1.905,
    2.045,
    2.068
  ],
  "medianOfMedians": 2.382,
  "floorMin": 1.798
}
