23:55:42 | INFO: Data are loaded, start creating Blender stuff
23:55:42 | INFO: Blender create Mesh node Cube.014
23:55:42 | INFO: Blender create Mesh node Cube.015
23:55:42 | INFO: Blender create Mesh node Cube.003
23:55:42 | INFO: Blender create Mesh node Cube.002
23:55:42 | INFO: Blender create Mesh node Cube.001
23:55:42 | INFO: Blender create Mesh node Cube.013
23:55:42 | INFO: Blender create Mesh node Cube.011
23:55:42 | INFO: glTF import finished in 0.02s
Blender 4.5.14 LTS (hash 62c1db4208e8 built 2026-09-15 01:31:19)
Fra:1 Mem:62.36M (Peak 62.36M) | Time:00:01.42 | Rendering 1 / 16 samples
Fra:1 Mem:62.36M (Peak 62.36M) | Time:00:02.91 | Rendering 16 / 16 samples
Saved: '/workspace/spaceface/design/program/vm-drop/everyday-kit-stills/stills/cargo_pod_standard/play_chase.png'
Time: 00:03.16 (Saving: 00:00.21)

Fra:1 Mem:62.36M (Peak 62.36M) | Time:00:00.57 | Rendering 1 / 16 samples
Fra:1 Mem:62.36M (Peak 62.36M) | Time:00:02.09 | Rendering 16 / 16 samples
Saved: '/workspace/spaceface/design/program/vm-drop/everyday-kit-stills/stills/cargo_pod_standard/play_chase_abeam.png'
Time: 00:02.27 (Saving: 00:00.13)

[still] cargo_pod_standard D=55.1 sizeMax=6.12 -> cargo_pod_standard
23:55:48 | INFO: Data are loaded, start creating Blender stuff
23:55:48 | INFO: Blender create Mesh node Cube.017
23:55:48 | INFO: Blender create Mesh node Cube.015
23:55:48 | INFO: Blender create Mesh node Cube.014
23:55:48 | INFO: Blender create Mesh node Cube.016
23:55:48 | INFO: Blender create Mesh node Cube.018
23:55:48 | INFO: Blender create Mesh node Cube.003
23:55:48 | INFO: Blender create Mesh node Cube.002
23:55:48 | INFO: Blender create Mesh node Cube.001
23:55:48 | INFO: Blender create Mesh node Cube.013
23:55:48 | INFO: Blender create Mesh node Cube.011
23:55:48 | INFO: Blender create Mesh node Sphere.002
23:55:48 | INFO: Blender create Mesh node Sphere.001
23:55:48 | INFO: glTF import finished in 0.01s
Fra:1 Mem:63.03M (Peak 63.03M) | Time:00:00.50 | Rendering 1 / 16 samples
Fra:1 Mem:63.03M (Peak 63.03M) | Time:00:01.99 | Rendering 16 / 16 samples
Saved: '/workspace/spaceface/design/program/vm-drop/everyday-kit-stills/stills/cargo_pod_hazmat/play_chase.png'
Time: 00:02.16 (Saving: 00:00.13)

Fra:1 Mem:63.03M (Peak 63.03M) | Time:00:00.52 | Rendering 1 / 16 samples
Fra:1 Mem:63.03M (Peak 63.03M) | Time:00:02.05 | Rendering 16 / 16 samples
Saved: '/workspace/spaceface/design/program/vm-drop/everyday-kit-stills/stills/cargo_pod_hazmat/play_chase_abeam.png'
Time: 00:02.22 (Saving: 00:00.14)

[still] cargo_pod_hazmat D=55.1 sizeMax=6.12 -> cargo_pod_hazmat
23:55:52 | INFO: Data are loaded, start creating Blender stuff
23:55:52 | INFO: Blender create Mesh node Cube.022
23:55:52 | INFO: Blender create Mesh node Cube.014
23:55:52 | INFO: Blender create Mesh node Cube.015
23:55:52 | INFO: Blender create Mesh node Cube.016
23:55:52 | INFO: Blender create Mesh node Cube.023
23:55:52 | INFO: Blender create Mesh node Cube.003
23:55:52 | INFO: Blender create Mesh node Cube.002
23:55:52 | INFO: Blender create Mesh node Cube.001
23:55:52 | INFO: Blender create Mesh node Cube.013
23:55:52 | INFO: Blender create Mesh node Cube.011
23:55:52 | INFO: Blender create Mesh node Cube.012
23:55:52 | INFO: Blender create Mesh node Cube.019
23:55:52 | INFO: Blender create Mesh node Cube.020
23:55:52 | INFO: Blender create Mesh node Cube.021
23:55:52 | INFO: Blender create Mesh node Cube.017
23:55:52 | INFO: glTF import finished in 0.01s
Fra:1 Mem:63.19M (Peak 63.19M) | Time:00:00.51 | Rendering 1 / 16 samples
Fra:1 Mem:63.19M (Peak 63.19M) | Time:00:01.93 | Rendering 16 / 16 samples
Saved: '/workspace/spaceface/design/program/vm-drop/everyday-kit-stills/stills/cargo_pod_standard_breached/play_chase.png'
Time: 00:02.11 (Saving: 00:00.15)

Fra:1 Mem:63.19M (Peak 63.19M) | Time:00:00.53 | Rendering 1 / 16 samples
Fra:1 Mem:63.19M (Peak 63.19M) | Time:00:02.00 | Rendering 16 / 16 samples
Saved: '/workspace/spaceface/design/program/vm-drop/everyday-kit-stills/stills/cargo_pod_standard_breached/play_chase_abeam.png'
Time: 00:02.17 (Saving: 00:00.13)

[still] cargo_pod_standard_breached D=57.9 sizeMax=6.44 -> cargo_pod_standard_breached
23:55:56 | INFO: Data are loaded, start creating Blender stuff
23:55:56 | INFO: Blender create Mesh node Cube.010
23:55:56 | INFO: Blender create Mesh node Sphere.006
23:55:56 | INFO: Blender create Mesh node Sphere.007
23:55:56 | INFO: Blender create Mesh node Sphere.001
23:55:56 | INFO: Blender create Mesh node Sphere.002
23:55:56 | INFO: Blender create Mesh node Sphere.003
23:55:56 | INFO: Blender create Mesh node Sphere.004
23:55:56 | INFO: Blender create Mesh node Cube.011
23:55:56 | INFO: Blender create Mesh node Cube.009
23:55:56 | INFO: Blender create Mesh node Cube.005
23:55:56 | INFO: Blender create Mesh node Cube.006
23:55:56 | INFO: Blender create Mesh node Cube.007
23:55:56 | INFO: Blender create Mesh node Cube.008
23:55:56 | INFO: Blender create Mesh node Cube.002
23:55:56 | INFO: Blender create Mesh node Cube.001
23:55:56 | INFO: Blender create Mesh node Cube.003
23:55:56 | INFO: glTF import finished in 0.01s
Fra:1 Mem:63.40M (Peak 63.40M) | Time:00:00.51 | Rendering 1 / 16 samples
Fra:1 Mem:63.40M (Peak 63.40M) | Time:00:01.96 | Rendering 16 / 16 samples
Saved: '/workspace/spaceface/design/program/vm-drop/everyday-kit-stills/stills/ore_bulk_container/play_chase.png'
Time: 00:02.13 (Saving: 00:00.14)

Fra:1 Mem:63.40M (Peak 63.40M) | Time:00:00.57 | Rendering 1 / 16 samples
Fra:1 Mem:63.40M (Peak 63.40M) | Time:00:02.05 | Rendering 16 / 16 samples
Saved: '/workspace/spaceface/design/program/vm-drop/everyday-kit-stills/stills/ore_bulk_container/play_chase_abeam.png'
Time: 00:02.22 (Saving: 00:00.13)

[still] ore_bulk_container D=91.8 sizeMax=10.20 -> ore_bulk_container
23:56:01 | INFO: Data are loaded, start creating Blender stuff
23:56:01 | INFO: Blender create Mesh node Sphere.001
23:56:01 | INFO: Blender create Mesh node Cube.075
23:56:01 | INFO: Blender create Mesh node Cube.070
23:56:01 | INFO: Blender create Mesh node Cube.071
23:56:01 | INFO: Blender create Mesh node Cube.072
23:56:01 | INFO: Blender create Mesh node Cylinder.280
23:56:01 | INFO: Blender create Mesh node Cylinder.044
23:56:01 | INFO: Blender create Mesh node Cylinder.066
23:56:01 | INFO: Blender create Mesh node Cylinder.281
23:56:01 | INFO: Blender create Mesh node Cube.073
23:56:01 | INFO: Blender create Mesh node Cube.074
23:56:01 | INFO: Blender create Mesh node Cube.076
23:56:01 | INFO: Blender create Mesh node Cube.003
23:56:01 | INFO: Blender create Mesh node Cube.002
23:56:01 | INFO: Blender create Mesh node Cube.001
23:56:01 | INFO: Blender create Mesh node Cube.013
23:56:01 | INFO: Blender create Mesh node Cube.011
23:56:01 | INFO: Blender create Mesh node Cube.012
23:56:01 | INFO: Blender create Mesh node Cube.014
23:56:01 | INFO: Blender create Mesh node Cube.017
23:56:01 | INFO: Blender create Mesh node Cube.016
23:56:01 | INFO: Blender create Mesh node Cube.015
23:56:01 | INFO: Blender create Mesh node Cube.027
23:56:01 | INFO: Blender create Mesh node Cube.025
23:56:01 | INFO: Blender create Mesh node Cube.026
23:56:01 | INFO: Blender create Mesh node Cube.028
23:56:01 | INFO: Blender create Mesh node Cube.031
23:56:01 | INFO: Blender create Mesh node Cube.030
23:56:01 | INFO: Blender create Mesh node Cube.029
23:56:01 | INFO: Blender create Mesh node Cube.041
23:56:01 | INFO: Blender create Mesh node Cube.039
23:56:01 | INFO: Blender create Mesh node Cube.040
23:56:01 | INFO: Blender create Mesh node Cube.042
23:56:01 | INFO: Blender create Mesh node Cube.045
23:56:01 | INFO: Blender create Mesh node Cube.044
23:56:01 | INFO: Blender create Mesh node Cube.043
23:56:01 | INFO: Blender create Mesh node Cube.055
23:56:01 | INFO: Blender create Mesh node Cube.053
23:56:01 | INFO: Blender create Mesh node Cube.054
23:56:01 | INFO: Blender create Mesh node Cube.056
23:56:01 | INFO: Blender create Mesh node Cube.059
23:56:01 | INFO: Blender create Mesh node Cube.058
23:56:01 | INFO: Blender create Mesh node Cube.057
23:56:01 | INFO: Blender create Mesh node Cube.069
23:56:01 | INFO: Blender create Mesh node Cube.067
23:56:01 | INFO: Blender create Mesh node Cylinder.022
23:56:01 | INFO: Blender create Mesh node Cylinder.088
23:56:01 | INFO: Blender create Mesh node Cylinder.136
23:56:01 | INFO: Blender create Mesh node Cylinder.184
23:56:01 | INFO: Blender create Mesh node Cylinder.232
23:56:01 | INFO: Blender create Mesh node Cylinder.112
23:56:01 | INFO: Blender create Mesh node Cylinder.160
23:56:01 | INFO: Blender create Mesh node Cylinder.208
23:56:01 | INFO: glTF import finished in 0.04s
Fra:1 Mem:68.08M (Peak 68.08M) | Time:00:00.63 | Rendering 1 / 16 samples
Fra:1 Mem:68.08M (Peak 68.08M) | Time:00:02.19 | Rendering 16 / 16 samples
Saved: '/workspace/spaceface/design/program/vm-drop/everyday-kit-stills/stills/container_rack/play_chase.png'
Time: 00:02.38 (Saving: 00:00.15)

Fra:1 Mem:68.08M (Peak 68.08M) | Time:00:00.62 | Rendering 1 / 16 samples
Fra:1 Mem:68.08M (Peak 68.08M) | Time:00:02.17 | Rendering 16 / 16 samples
Saved: '/workspace/spaceface/design/program/vm-drop/everyday-kit-stills/stills/container_rack/play_chase_abeam.png'
Time: 00:02.34 (Saving: 00:00.14)

[still] container_rack D=121.8 sizeMax=13.54 -> container_rack
23:56:06 | INFO: Data are loaded, start creating Blender stuff
23:56:06 | INFO: Blender create Mesh node Cylinder.256
23:56:06 | INFO: Blender create Mesh node Cylinder.078
23:56:06 | INFO: Blender create Mesh node Cylinder.066
23:56:06 | INFO: Blender create Mesh node Cylinder.044
23:56:06 | INFO: Blender create Mesh node Cylinder.257
23:56:06 | INFO: Blender create Mesh node Cube.002
23:56:06 | INFO: Blender create Mesh node Cylinder.022
23:56:06 | INFO: Blender create Mesh node Cylinder.234
23:56:06 | INFO: Blender create Mesh node Cylinder.090
23:56:06 | INFO: Blender create Mesh node Cylinder.138
23:56:06 | INFO: Blender create Mesh node Cylinder.114
23:56:06 | INFO: Blender create Mesh node Cylinder.162
23:56:06 | INFO: Blender create Mesh node Cylinder.210
23:56:06 | INFO: Blender create Mesh node Cube.001
23:56:06 | INFO: glTF import finished in 0.02s
Fra:1 Mem:63.95M (Peak 63.95M) | Time:00:00.61 | Rendering 1 / 16 samples
Fra:1 Mem:63.95M (Peak 63.95M) | Time:00:02.14 | Rendering 16 / 16 samples
Saved: '/workspace/spaceface/design/program/vm-drop/everyday-kit-stills/stills/container_rack_abandoned/play_chase.png'
Time: 00:02.31 (Saving: 00:00.13)

Fra:1 Mem:63.95M (Peak 63.95M) | Time:00:00.60 | Rendering 1 / 16 samples
Fra:1 Mem:63.95M (Peak 63.95M) | Time:00:02.03 | Rendering 16 / 16 samples
Saved: '/workspace/spaceface/design/program/vm-drop/everyday-kit-stills/stills/container_rack_abandoned/play_chase_abeam.png'
Time: 00:02.20 (Saving: 00:00.13)

[still] container_rack_abandoned D=126.6 sizeMax=14.06 -> container_rack_abandoned
23:56:10 | INFO: Data are loaded, start creating Blender stuff
23:56:10 | INFO: Blender create Mesh node Cylinder.041
23:56:10 | INFO: Blender create Mesh node Cylinder.003
23:56:10 | INFO: Blender create Mesh node Cube.010
23:56:10 | INFO: Blender create Mesh node Cylinder.023
23:56:10 | INFO: Blender create Mesh node Sphere.001
23:56:10 | INFO: Blender create Mesh node Cube.002
23:56:10 | INFO: Blender create Mesh node Cube.004
23:56:10 | INFO: Blender create Mesh node Cube.005
23:56:10 | INFO: Blender create Mesh node Cube.006
23:56:10 | INFO: Blender create Mesh node Cube.007
23:56:10 | INFO: Blender create Mesh node Cube.003
23:56:10 | INFO: Blender create Mesh node Cube.008
23:56:10 | INFO: Blender create Mesh node Cylinder.002
23:56:10 | INFO: Blender create Mesh node Cylinder.039
23:56:10 | INFO: Blender create Mesh node Cylinder.040
23:56:10 | INFO: Blender create Mesh node Cube.009
23:56:10 | INFO: Blender create Mesh node Cylinder.001
23:56:10 | INFO: Blender create Mesh node Cube.001
23:56:10 | INFO: glTF import finished in 0.02s
Fra:1 Mem:63.98M (Peak 63.98M) | Time:00:00.58 | Rendering 1 / 16 samples
Fra:1 Mem:63.98M (Peak 63.98M) | Time:00:01.92 | Rendering 16 / 16 samples
Saved: '/workspace/spaceface/design/program/vm-drop/everyday-kit-stills/stills/transfer_arm/play_chase.png'
Time: 00:02.09 (Saving: 00:00.13)

Fra:1 Mem:63.98M (Peak 63.98M) | Time:00:00.58 | Rendering 1 / 16 samples
Fra:1 Mem:63.98M (Peak 63.98M) | Time:00:01.96 | Rendering 16 / 16 samples
Saved: '/workspace/spaceface/design/program/vm-drop/everyday-kit-stills/stills/transfer_arm/play_chase_abeam.png'
Time: 00:02.16 (Saving: 00:00.16)

[still] transfer_arm D=182.7 sizeMax=20.30 -> transfer_arm
23:56:14 | INFO: Data are loaded, start creating Blender stuff
23:56:14 | INFO: Blender create Mesh node Cube.006
23:56:14 | INFO: Blender create Mesh node Cube.007
23:56:14 | INFO: Blender create Mesh node Cylinder.015
23:56:14 | INFO: Blender create Mesh node Cylinder.009
23:56:14 | INFO: Blender create Mesh node Cube.001
23:56:14 | INFO: Blender create Mesh node Cube.004
23:56:14 | INFO: Blender create Mesh node Cube.005
23:56:14 | INFO: Blender create Mesh node Cylinder.012
23:56:14 | INFO: Blender create Mesh node Cylinder.010
23:56:14 | INFO: Blender create Mesh node Cube.003
23:56:14 | INFO: Blender create Mesh node Cylinder.011
23:56:14 | INFO: Blender create Mesh node Cylinder.016
23:56:14 | INFO: Blender create Mesh node Cylinder.003
23:56:14 | INFO: Blender create Mesh node Cylinder.006
23:56:14 | INFO: Blender create Mesh node Cylinder.013
23:56:14 | INFO: Blender create Mesh node Sphere.001
23:56:14 | INFO: Blender create Mesh node Cylinder.014
23:56:14 | INFO: Blender create Mesh node Cylinder.001
23:56:14 | INFO: Blender create Mesh node Cylinder.004
23:56:14 | INFO: Blender create Mesh node Cylinder.007
23:56:14 | INFO: Blender create Mesh node Cylinder.002
23:56:14 | INFO: Blender create Mesh node Cylinder.005
23:56:14 | INFO: glTF import finished in 0.02s
Fra:1 Mem:64.32M (Peak 64.32M) | Time:00:00.54 | Rendering 1 / 16 samples
Fra:1 Mem:64.32M (Peak 64.32M) | Time:00:01.96 | Rendering 16 / 16 samples
Saved: '/workspace/spaceface/design/program/vm-drop/everyday-kit-stills/stills/tanker_coupling/play_chase.png'
Time: 00:02.14 (Saving: 00:00.13)

Fra:1 Mem:64.32M (Peak 64.32M) | Time:00:00.53 | Rendering 1 / 16 samples
Fra:1 Mem:64.32M (Peak 64.32M) | Time:00:01.94 | Rendering 16 / 16 samples
Saved: '/workspace/spaceface/design/program/vm-drop/everyday-kit-stills/stills/tanker_coupling/play_chase_abeam.png'
Time: 00:02.11 (Saving: 00:00.13)

[still] tanker_coupling D=109.8 sizeMax=12.20 -> tanker_coupling
23:56:19 | INFO: Data are loaded, start creating Blender stuff
23:56:19 | INFO: Blender create Mesh node Cube.056
23:56:19 | INFO: Blender create Mesh node Cube.045
23:56:19 | INFO: Blender create Mesh node Cube.046
23:56:19 | INFO: Blender create Mesh node Cube.047
23:56:19 | INFO: Blender create Mesh node Cube.057
23:56:19 | INFO: Blender create Mesh node Cube.001
23:56:19 | INFO: Blender create Mesh node Cylinder.164
23:56:19 | INFO: Blender create Mesh node Cube.002
23:56:19 | INFO: Blender create Mesh node Cube.050
23:56:19 | INFO: Blender create Mesh node Cube.051
23:56:19 | INFO: Blender create Mesh node Cube.048
23:56:19 | INFO: Blender create Mesh node Cylinder.128
23:56:19 | INFO: Blender create Mesh node Cube.049
23:56:19 | INFO: Blender create Mesh node Cube.054
23:56:19 | INFO: Blender create Mesh node Cube.055
23:56:19 | INFO: Blender create Mesh node Cube.052
23:56:19 | INFO: Blender create Mesh node Sphere.002
23:56:19 | INFO: Blender create Mesh node Sphere.003
23:56:19 | INFO: Blender create Mesh node Cube.053
23:56:19 | INFO: Blender create Mesh node Cube.003
23:56:19 | INFO: Blender create Mesh node Cube.006
23:56:19 | INFO: Blender create Mesh node Cube.005
23:56:19 | INFO: Blender create Mesh node Cube.004
23:56:19 | INFO: Blender create Mesh node Cube.016
23:56:19 | INFO: Blender create Mesh node Cube.014
23:56:19 | INFO: Blender create Mesh node Cube.015
23:56:19 | INFO: Blender create Mesh node Cube.017
23:56:19 | INFO: Blender create Mesh node Cube.020
23:56:19 | INFO: Blender create Mesh node Cube.019
23:56:19 | INFO: Blender create Mesh node Cube.018
23:56:19 | INFO: Blender create Mesh node Cube.030
23:56:19 | INFO: Blender create Mesh node Cube.028
23:56:19 | INFO: Blender create Mesh node Cube.029
23:56:19 | INFO: Blender create Mesh node Cube.031
23:56:19 | INFO: Blender create Mesh node Cube.034
23:56:19 | INFO: Blender create Mesh node Cube.033
23:56:19 | INFO: Blender create Mesh node Cube.032
23:56:19 | INFO: Blender create Mesh node Cube.044
23:56:19 | INFO: Blender create Mesh node Cube.042
23:56:19 | INFO: Blender create Mesh node Cylinder.146
23:56:19 | INFO: Blender create Mesh node Cylinder.165
23:56:19 | INFO: Blender create Mesh node Cylinder.010
23:56:19 | INFO: Blender create Mesh node Cylinder.020
23:56:19 | INFO: Blender create Mesh node Cylinder.030
23:56:19 | INFO: Blender create Mesh node Cylinder.040
23:56:19 | INFO: Blender create Mesh node Cylinder.050
23:56:19 | INFO: Blender create Mesh node Cylinder.060
23:56:19 | INFO: glTF import finished in 0.04s
Fra:1 Mem:67.80M (Peak 67.80M) | Time:00:00.59 | Rendering 1 / 16 samples
Fra:1 Mem:67.80M (Peak 67.80M) | Time:00:02.02 | Rendering 16 / 16 samples
Saved: '/workspace/spaceface/design/program/vm-drop/everyday-kit-stills/stills/freight_platform/play_chase.png'
Time: 00:02.21 (Saving: 00:00.15)

Fra:1 Mem:67.80M (Peak 67.80M) | Time:00:00.56 | Rendering 1 / 16 samples
Fra:1 Mem:67.80M (Peak 67.80M) | Time:00:02.03 | Rendering 16 / 16 samples
Saved: '/workspace/spaceface/design/program/vm-drop/everyday-kit-stills/stills/freight_platform/play_chase_abeam.png'
Time: 00:02.21 (Saving: 00:00.13)

[still] freight_platform D=237.6 sizeMax=26.40 -> freight_platform
23:56:23 | INFO: Data are loaded, start creating Blender stuff
23:56:23 | INFO: Blender create Mesh node Cone.001
23:56:23 | INFO: Blender create Mesh node Cylinder.077
23:56:23 | INFO: Blender create Mesh node Cylinder.073
23:56:23 | INFO: Blender create Mesh node Cylinder.072
23:56:23 | INFO: Blender create Mesh node Cube.021
23:56:23 | INFO: Blender create Mesh node Cube.014
23:56:23 | INFO: Blender create Mesh node Cylinder.074
23:56:23 | INFO: Blender create Mesh node Cube.015
23:56:23 | INFO: Blender create Mesh node Cube.016
23:56:23 | INFO: Blender create Mesh node Cylinder.075
23:56:23 | INFO: Blender create Mesh node Cube.017
23:56:23 | INFO: Blender create Mesh node Cube.018
23:56:23 | INFO: Blender create Mesh node Cube.019
23:56:23 | INFO: Blender create Mesh node Cube.022
23:56:23 | INFO: Blender create Mesh node Cube.001
23:56:23 | INFO: Blender create Mesh node Cube.002
23:56:23 | INFO: Blender create Mesh node Cube.003
23:56:23 | INFO: Blender create Mesh node Cube.004
23:56:23 | INFO: Blender create Mesh node Cube.005
23:56:23 | INFO: Blender create Mesh node Cube.006
23:56:23 | INFO: Blender create Mesh node Cube.007
23:56:23 | INFO: Blender create Mesh node Cube.012
23:56:23 | INFO: Blender create Mesh node Cylinder.076
23:56:23 | INFO: Blender create Mesh node Cylinder.078
23:56:23 | INFO: Blender create Mesh node Cylinder.018
23:56:23 | INFO: Blender create Mesh node Cylinder.036
23:56:23 | INFO: Blender create Mesh node Cube.013
23:56:23 | INFO: Blender create Mesh node Cube.020
23:56:23 | INFO: Blender create Mesh node Cube.008
23:56:23 | INFO: Blender create Mesh node Cube.009
23:56:23 | INFO: Blender create Mesh node Cube.010
23:56:23 | INFO: Blender create Mesh node Sphere.001
23:56:23 | INFO: glTF import finished in 0.03s
Fra:1 Mem:65.65M (Peak 65.65M) | Time:00:00.62 | Rendering 1 / 16 samples
Fra:1 Mem:65.65M (Peak 65.65M) | Time:00:02.08 | Rendering 16 / 16 samples
Saved: '/workspace/spaceface/design/program/vm-drop/everyday-kit-stills/stills/drill_platform/play_chase.png'
Time: 00:02.28 (Saving: 00:00.16)

Fra:1 Mem:65.65M (Peak 65.65M) | Time:00:00.58 | Rendering 1 / 16 samples
Fra:1 Mem:65.65M (Peak 65.65M) | Time:00:02.08 | Rendering 16 / 16 samples
Saved: '/workspace/spaceface/design/program/vm-drop/everyday-kit-stills/stills/drill_platform/play_chase_abeam.png'
Time: 00:02.25 (Saving: 00:00.13)

[still] drill_platform D=132.3 sizeMax=14.70 -> drill_platform
23:56:28 | INFO: Data are loaded, start creating Blender stuff
23:56:28 | INFO: Blender create Mesh node Cube.012
23:56:28 | INFO: Blender create Mesh node Cone.001
23:56:28 | INFO: Blender create Mesh node Cylinder.073
23:56:28 | INFO: Blender create Mesh node Cube.009
23:56:28 | INFO: Blender create Mesh node Cube.013
23:56:28 | INFO: Blender create Mesh node Cube.001
23:56:28 | INFO: Blender create Mesh node Cube.002
23:56:28 | INFO: Blender create Mesh node Cube.003
23:56:28 | INFO: Blender create Mesh node Cube.010
23:56:28 | INFO: Blender create Mesh node Cylinder.072
23:56:28 | INFO: Blender create Mesh node Cylinder.074
23:56:28 | INFO: Blender create Mesh node Cylinder.018
23:56:28 | INFO: Blender create Mesh node Cylinder.036
23:56:28 | INFO: Blender create Mesh node Cube.008
23:56:28 | INFO: Blender create Mesh node Cube.011
23:56:28 | INFO: Blender create Mesh node Cube.004
23:56:28 | INFO: Blender create Mesh node Cube.005
23:56:28 | INFO: Blender create Mesh node Cube.006
23:56:28 | INFO: glTF import finished in 0.02s
Fra:1 Mem:63.83M (Peak 63.83M) | Time:00:00.57 | Rendering 1 / 16 samples
Fra:1 Mem:63.83M (Peak 63.83M) | Time:00:02.02 | Rendering 16 / 16 samples
Saved: '/workspace/spaceface/design/program/vm-drop/everyday-kit-stills/stills/drill_platform_cold/play_chase.png'
Time: 00:02.19 (Saving: 00:00.13)

Fra:1 Mem:63.83M (Peak 63.83M) | Time:00:00.56 | Rendering 1 / 16 samples
Fra:1 Mem:63.83M (Peak 63.83M) | Time:00:02.07 | Rendering 16 / 16 samples
Saved: '/workspace/spaceface/design/program/vm-drop/everyday-kit-stills/stills/drill_platform_cold/play_chase_abeam.png'
Time: 00:02.24 (Saving: 00:00.13)

[still] drill_platform_cold D=131.4 sizeMax=14.60 -> drill_platform_cold
23:56:32 | INFO: Data are loaded, start creating Blender stuff
23:56:32 | INFO: Blender create Mesh node Cube.011
23:56:32 | INFO: Blender create Mesh node Cube.008
23:56:32 | INFO: Blender create Mesh node Cube.012
23:56:32 | INFO: Blender create Mesh node Cube.001
23:56:32 | INFO: Blender create Mesh node Cube.002
23:56:32 | INFO: Blender create Mesh node Sphere.004
23:56:32 | INFO: Blender create Mesh node Sphere.001
23:56:32 | INFO: Blender create Mesh node Sphere.002
23:56:32 | INFO: Blender create Mesh node Cylinder.002
23:56:32 | INFO: Blender create Mesh node Cube.007
23:56:32 | INFO: Blender create Mesh node Cube.009
23:56:32 | INFO: Blender create Mesh node Cone.002
23:56:32 | INFO: Blender create Mesh node Cone.003
23:56:32 | INFO: Blender create Mesh node Cylinder.001
23:56:32 | INFO: Blender create Mesh node Cube.010
23:56:32 | INFO: Blender create Mesh node Cube.005
23:56:32 | INFO: Blender create Mesh node Cube.003
23:56:32 | INFO: Blender create Mesh node Cube.004
23:56:32 | INFO: Blender create Mesh node Sphere.003
23:56:32 | INFO: glTF import finished in 0.02s
Fra:1 Mem:64.10M (Peak 64.10M) | Time:00:00.56 | Rendering 1 / 16 samples
Fra:1 Mem:64.10M (Peak 64.10M) | Time:00:02.08 | Rendering 16 / 16 samples
Saved: '/workspace/spaceface/design/program/vm-drop/everyday-kit-stills/stills/crusher_module/play_chase.png'
Time: 00:02.27 (Saving: 00:00.14)

Fra:1 Mem:64.10M (Peak 64.10M) | Time:00:00.60 | Rendering 1 / 16 samples
Fra:1 Mem:64.10M (Peak 64.10M) | Time:00:02.09 | Rendering 16 / 16 samples
Saved: '/workspace/spaceface/design/program/vm-drop/everyday-kit-stills/stills/crusher_module/play_chase_abeam.png'
Time: 00:02.27 (Saving: 00:00.14)

[still] crusher_module D=107.6 sizeMax=11.95 -> crusher_module
23:56:37 | INFO: Data are loaded, start creating Blender stuff
23:56:37 | INFO: Blender create Mesh node Cube.008
23:56:37 | INFO: Blender create Mesh node Cube.006
23:56:37 | INFO: Blender create Mesh node Cylinder.043
23:56:37 | INFO: Blender create Mesh node Cylinder.044
23:56:37 | INFO: Blender create Mesh node Cylinder.001
23:56:37 | INFO: Blender create Mesh node Sphere.003
23:56:37 | INFO: Blender create Mesh node Sphere.004
23:56:37 | INFO: Blender create Mesh node Sphere.001
23:56:37 | INFO: Blender create Mesh node Cube.007
23:56:37 | INFO: Blender create Mesh node Cube.003
23:56:37 | INFO: Blender create Mesh node Cube.004
23:56:37 | INFO: Blender create Mesh node Cone.003
23:56:37 | INFO: Blender create Mesh node Cone.004
23:56:37 | INFO: Blender create Mesh node Cone.001
23:56:37 | INFO: Blender create Mesh node Cylinder.002
23:56:37 | INFO: Blender create Mesh node Cylinder.027
23:56:37 | INFO: Blender create Mesh node Cylinder.035
23:56:37 | INFO: Blender create Mesh node Cylinder.003
23:56:37 | INFO: Blender create Mesh node Cube.005
23:56:37 | INFO: Blender create Mesh node Cube.009
23:56:37 | INFO: Blender create Mesh node Cube.001
23:56:37 | INFO: glTF import finished in 0.02s
Fra:1 Mem:64.07M (Peak 64.07M) | Time:00:00.56 | Rendering 1 / 16 samples
Fra:1 Mem:64.07M (Peak 64.07M) | Time:00:02.09 | Rendering 16 / 16 samples
Saved: '/workspace/spaceface/design/program/vm-drop/everyday-kit-stills/stills/ore_sorter/play_chase.png'
Time: 00:02.27 (Saving: 00:00.14)

Fra:1 Mem:64.07M (Peak 64.07M) | Time:00:00.55 | Rendering 1 / 16 samples
Fra:1 Mem:64.07M (Peak 64.07M) | Time:00:02.07 | Rendering 16 / 16 samples
Saved: '/workspace/spaceface/design/program/vm-drop/everyday-kit-stills/stills/ore_sorter/play_chase_abeam.png'
Time: 00:02.25 (Saving: 00:00.14)

[still] ore_sorter D=87.3 sizeMax=9.70 -> ore_sorter
23:56:41 | INFO: Data are loaded, start creating Blender stuff
23:56:41 | INFO: Blender create Mesh node Cylinder.047
23:56:41 | INFO: Blender create Mesh node Cylinder.036
23:56:41 | INFO: Blender create Mesh node Cylinder.038
23:56:41 | INFO: Blender create Mesh node Cube.004
23:56:41 | INFO: Blender create Mesh node Cube.001
23:56:41 | INFO: Blender create Mesh node Cylinder.040
23:56:41 | INFO: Blender create Mesh node Cylinder.048
23:56:41 | INFO: Blender create Mesh node Cylinder.018
23:56:41 | INFO: Blender create Mesh node Cylinder.044
23:56:41 | INFO: Blender create Mesh node Cylinder.045
23:56:41 | INFO: Blender create Mesh node Cylinder.046
23:56:41 | INFO: Blender create Mesh node Cylinder.042
23:56:41 | INFO: Blender create Mesh node Cube.005
23:56:41 | INFO: Blender create Mesh node Cylinder.043
23:56:41 | INFO: Blender create Mesh node Cylinder.037
23:56:41 | INFO: Blender create Mesh node Cylinder.039
23:56:41 | INFO: Blender create Mesh node Sphere.003
23:56:41 | INFO: Blender create Mesh node Sphere.004
23:56:41 | INFO: Blender create Mesh node Sphere.001
23:56:41 | INFO: Blender create Mesh node Cube.003
23:56:41 | INFO: glTF import finished in 0.02s
Fra:1 Mem:64.59M (Peak 64.59M) | Time:00:00.56 | Rendering 1 / 16 samples
Fra:1 Mem:64.59M (Peak 64.59M) | Time:00:02.04 | Rendering 16 / 16 samples
Saved: '/workspace/spaceface/design/program/vm-drop/everyday-kit-stills/stills/slurry_tank/play_chase.png'
Time: 00:02.22 (Saving: 00:00.14)

Fra:1 Mem:64.59M (Peak 64.59M) | Time:00:00.56 | Rendering 1 / 16 samples
Fra:1 Mem:64.59M (Peak 64.59M) | Time:00:01.98 | Rendering 16 / 16 samples
Saved: '/workspace/spaceface/design/program/vm-drop/everyday-kit-stills/stills/slurry_tank/play_chase_abeam.png'
Time: 00:02.16 (Saving: 00:00.14)

[still] slurry_tank D=100.7 sizeMax=11.19 -> slurry_tank
23:56:46 | INFO: Data are loaded, start creating Blender stuff
23:56:46 | INFO: Blender create Mesh node Cylinder.032
23:56:46 | INFO: Blender create Mesh node Cylinder.030
23:56:46 | INFO: Blender create Mesh node Cube.020
23:56:46 | INFO: Blender create Mesh node Cube.001
23:56:46 | INFO: Blender create Mesh node Cube.021
23:56:46 | INFO: Blender create Mesh node Cube.002
23:56:46 | INFO: Blender create Mesh node Cube.004
23:56:46 | INFO: Blender create Mesh node Cube.003
23:56:46 | INFO: Blender create Mesh node Cube.005
23:56:46 | INFO: Blender create Mesh node Cube.007
23:56:46 | INFO: Blender create Mesh node Cube.006
23:56:46 | INFO: Blender create Mesh node Cube.008
23:56:46 | INFO: Blender create Mesh node Cube.010
23:56:46 | INFO: Blender create Mesh node Cube.009
23:56:46 | INFO: Blender create Mesh node Cube.011
23:56:46 | INFO: Blender create Mesh node Cube.013
23:56:46 | INFO: Blender create Mesh node Cube.012
23:56:46 | INFO: Blender create Mesh node Cube.014
23:56:46 | INFO: Blender create Mesh node Cube.016
23:56:46 | INFO: Blender create Mesh node Cube.015
23:56:46 | INFO: Blender create Mesh node Cube.017
23:56:46 | INFO: Blender create Mesh node Cube.019
23:56:46 | INFO: Blender create Mesh node Cylinder.031
23:56:46 | INFO: glTF import finished in 0.02s
Fra:1 Mem:64.07M (Peak 64.07M) | Time:00:00.51 | Rendering 1 / 16 samples
Fra:1 Mem:64.07M (Peak 64.07M) | Time:00:01.87 | Rendering 16 / 16 samples
Saved: '/workspace/spaceface/design/program/vm-drop/everyday-kit-stills/stills/radiator_bank/play_chase.png'
Time: 00:02.06 (Saving: 00:00.15)

Fra:1 Mem:64.07M (Peak 64.07M) | Time:00:00.53 | Rendering 1 / 16 samples
Fra:1 Mem:64.07M (Peak 64.07M) | Time:00:01.92 | Rendering 16 / 16 samples
Saved: '/workspace/spaceface/design/program/vm-drop/everyday-kit-stills/stills/radiator_bank/play_chase_abeam.png'
Time: 00:02.12 (Saving: 00:00.16)

[still] radiator_bank D=153.0 sizeMax=17.00 -> radiator_bank
23:56:50 | INFO: Data are loaded, start creating Blender stuff
23:56:50 | INFO: Blender create Mesh node Cube.013
23:56:50 | INFO: Blender create Mesh node Cube.014
23:56:50 | INFO: Blender create Mesh node Cube.012
23:56:50 | INFO: Blender create Mesh node Cube.001
23:56:50 | INFO: Blender create Mesh node Cube.002
23:56:50 | INFO: Blender create Mesh node Cube.003
23:56:50 | INFO: Blender create Mesh node Cube.004
23:56:50 | INFO: Blender create Mesh node Cube.005
23:56:50 | INFO: Blender create Mesh node Cube.006
23:56:50 | INFO: Blender create Mesh node Cube.007
23:56:50 | INFO: Blender create Mesh node Cube.008
23:56:50 | INFO: Blender create Mesh node Cube.009
23:56:50 | INFO: Blender create Mesh node Cube.010
23:56:50 | INFO: Blender create Mesh node Cylinder.066
23:56:50 | INFO: Blender create Mesh node Sphere.013
23:56:50 | INFO: Blender create Mesh node Cylinder.044
23:56:50 | INFO: Blender create Mesh node Cylinder.045
23:56:50 | INFO: Blender create Mesh node Cylinder.046
23:56:50 | INFO: Blender create Mesh node Sphere.012
23:56:50 | INFO: Blender create Mesh node Sphere.014
23:56:50 | INFO: Blender create Mesh node Sphere.001
23:56:50 | INFO: Blender create Mesh node Sphere.002
23:56:50 | INFO: Blender create Mesh node Sphere.003
23:56:50 | INFO: Blender create Mesh node Sphere.004
23:56:50 | INFO: Blender create Mesh node Sphere.005
23:56:50 | INFO: Blender create Mesh node Sphere.006
23:56:50 | INFO: Blender create Mesh node Sphere.007
23:56:50 | INFO: Blender create Mesh node Sphere.008
23:56:50 | INFO: Blender create Mesh node Sphere.009
23:56:50 | INFO: Blender create Mesh node Sphere.010
23:56:50 | INFO: Blender create Mesh node Cylinder.056
23:56:50 | INFO: glTF import finished in 0.03s
Fra:1 Mem:65.30M (Peak 65.30M) | Time:00:00.58 | Rendering 1 / 16 samples
Fra:1 Mem:65.30M (Peak 65.30M) | Time:00:02.05 | Rendering 16 / 16 samples
Saved: '/workspace/spaceface/design/program/vm-drop/everyday-kit-stills/stills/conveyor_truss/play_chase.png'
Time: 00:02.26 (Saving: 00:00.16)

Fra:1 Mem:65.30M (Peak 65.30M) | Time:00:00.59 | Rendering 1 / 16 samples
Fra:1 Mem:65.30M (Peak 65.30M) | Time:00:02.12 | Rendering 16 / 16 samples
Saved: '/workspace/spaceface/design/program/vm-drop/everyday-kit-stills/stills/conveyor_truss/play_chase_abeam.png'
Time: 00:02.29 (Saving: 00:00.14)

[still] conveyor_truss D=243.0 sizeMax=27.00 -> conveyor_truss
23:56:55 | INFO: Data are loaded, start creating Blender stuff
23:56:55 | INFO: Blender create Mesh node Cylinder.026
23:56:55 | INFO: Blender create Mesh node Cube.009
23:56:55 | INFO: Blender create Mesh node Cube.002
23:56:55 | INFO: Blender create Mesh node Cube.003
23:56:55 | INFO: Blender create Mesh node Cube.004
23:56:55 | INFO: Blender create Mesh node Cube.005
23:56:55 | INFO: Blender create Mesh node Cube.006
23:56:55 | INFO: Blender create Mesh node Cube.007
23:56:55 | INFO: Blender create Mesh node Cylinder.024
23:56:55 | INFO: Blender create Mesh node Cube.008
23:56:55 | INFO: Blender create Mesh node Cube.010
23:56:55 | INFO: Blender create Mesh node Sphere.001
23:56:55 | INFO: glTF import finished in 0.01s
Fra:1 Mem:63.32M (Peak 63.32M) | Time:00:00.54 | Rendering 1 / 16 samples
Fra:1 Mem:63.32M (Peak 63.32M) | Time:00:01.83 | Rendering 16 / 16 samples
Saved: '/workspace/spaceface/design/program/vm-drop/everyday-kit-stills/stills/extraction_mast/play_chase.png'
Time: 00:02.01 (Saving: 00:00.14)

Fra:1 Mem:63.32M (Peak 63.32M) | Time:00:00.53 | Rendering 1 / 16 samples
Fra:1 Mem:63.32M (Peak 63.32M) | Time:00:01.86 | Rendering 16 / 16 samples
Saved: '/workspace/spaceface/design/program/vm-drop/everyday-kit-stills/stills/extraction_mast/play_chase_abeam.png'
Time: 00:02.05 (Saving: 00:00.15)

[still] extraction_mast D=117.8 sizeMax=13.09 -> extraction_mast
23:56:59 | INFO: Data are loaded, start creating Blender stuff
23:56:59 | INFO: Blender create Mesh node Cylinder.078
23:56:59 | INFO: Blender create Mesh node Cube.013
23:56:59 | INFO: Blender create Mesh node Cube.010
23:56:59 | INFO: Blender create Mesh node Cube.011
23:56:59 | INFO: Blender create Mesh node Cube.008
23:56:59 | INFO: Blender create Mesh node Cube.009
23:56:59 | INFO: Blender create Mesh node Cube.014
23:56:59 | INFO: Blender create Mesh node Cube.002
23:56:59 | INFO: Blender create Mesh node Cube.001
23:56:59 | INFO: Blender create Mesh node Cylinder.040
23:56:59 | INFO: Blender create Mesh node Cube.003
23:56:59 | INFO: Blender create Mesh node Cube.005
23:56:59 | INFO: Blender create Mesh node Cylinder.076
23:56:59 | INFO: Blender create Mesh node Cylinder.079
23:56:59 | INFO: Blender create Mesh node Cube.007
23:56:59 | INFO: Blender create Mesh node Cylinder.020
23:56:59 | INFO: Blender create Mesh node Cube.012
23:56:59 | INFO: Blender create Mesh node Cube.006
23:56:59 | INFO: glTF import finished in 0.02s
Fra:1 Mem:64.31M (Peak 64.31M) | Time:00:00.56 | Rendering 1 / 16 samples
Fra:1 Mem:64.31M (Peak 64.31M) | Time:00:02.01 | Rendering 16 / 16 samples
Saved: '/workspace/spaceface/design/program/vm-drop/everyday-kit-stills/stills/maintenance_gantry/play_chase.png'
Time: 00:02.18 (Saving: 00:00.14)

Fra:1 Mem:64.31M (Peak 64.31M) | Time:00:00.58 | Rendering 1 / 16 samples
Fra:1 Mem:64.31M (Peak 64.31M) | Time:00:02.03 | Rendering 16 / 16 samples
Saved: '/workspace/spaceface/design/program/vm-drop/everyday-kit-stills/stills/maintenance_gantry/play_chase_abeam.png'
Time: 00:02.21 (Saving: 00:00.14)

[still] maintenance_gantry D=180.9 sizeMax=20.10 -> maintenance_gantry
23:57:03 | INFO: Data are loaded, start creating Blender stuff
23:57:03 | INFO: Blender create Mesh node Cube.007
23:57:03 | INFO: Blender create Mesh node Cylinder.021
23:57:03 | INFO: Blender create Mesh node Cylinder.020
23:57:03 | INFO: Blender create Mesh node Cylinder.018
23:57:03 | INFO: Blender create Mesh node Cube.004
23:57:03 | INFO: Blender create Mesh node Cube.002
23:57:03 | INFO: Blender create Mesh node Cube.003
23:57:03 | INFO: Blender create Mesh node Cube.008
23:57:03 | INFO: Blender create Mesh node Cube.001
23:57:03 | INFO: Blender create Mesh node Cube.005
23:57:03 | INFO: Blender create Mesh node Cylinder.019
23:57:03 | INFO: Blender create Mesh node Cylinder.022
23:57:03 | INFO: Blender create Mesh node Cylinder.001
23:57:03 | INFO: Blender create Mesh node Cylinder.002
23:57:03 | INFO: Blender create Mesh node Cylinder.003
23:57:03 | INFO: glTF import finished in 0.01s
Fra:1 Mem:63.12M (Peak 63.12M) | Time:00:00.55 | Rendering 1 / 16 samples
Fra:1 Mem:63.12M (Peak 63.12M) | Time:00:02.05 | Rendering 16 / 16 samples
Saved: '/workspace/spaceface/design/program/vm-drop/everyday-kit-stills/stills/repair_scaffold/play_chase.png'
Time: 00:02.21 (Saving: 00:00.14)

Fra:1 Mem:63.12M (Peak 63.12M) | Time:00:00.59 | Rendering 1 / 16 samples
Fra:1 Mem:63.12M (Peak 63.12M) | Time:00:02.09 | Rendering 16 / 16 samples
Saved: '/workspace/spaceface/design/program/vm-drop/everyday-kit-stills/stills/repair_scaffold/play_chase_abeam.png'
Time: 00:02.27 (Saving: 00:00.14)

[still] repair_scaffold D=82.4 sizeMax=9.15 -> repair_scaffold
23:57:08 | INFO: Data are loaded, start creating Blender stuff
23:57:08 | INFO: Blender create Mesh node Cylinder.013
23:57:08 | INFO: Blender create Mesh node Cube.004
23:57:08 | INFO: Blender create Mesh node Cube.002
23:57:08 | INFO: Blender create Mesh node Cube.005
23:57:08 | INFO: Blender create Mesh node Cylinder.012
23:57:08 | INFO: Blender create Mesh node Cylinder.014
23:57:08 | INFO: Blender create Mesh node Cylinder.001
23:57:08 | INFO: Blender create Mesh node Cylinder.002
23:57:08 | INFO: Blender create Mesh node Cylinder.003
23:57:08 | INFO: Blender create Mesh node Cylinder.004
23:57:08 | INFO: Blender create Mesh node Cylinder.005
23:57:08 | INFO: Blender create Mesh node Cube.001
23:57:08 | INFO: glTF import finished in 0.01s
Fra:1 Mem:62.83M (Peak 62.83M) | Time:00:00.62 | Rendering 1 / 16 samples
Fra:1 Mem:62.83M (Peak 62.83M) | Time:00:02.08 | Rendering 16 / 16 samples
Saved: '/workspace/spaceface/design/program/vm-drop/everyday-kit-stills/stills/repair_scaffold_bent/play_chase.png'
Time: 00:02.25 (Saving: 00:00.13)

Fra:1 Mem:62.83M (Peak 62.83M) | Time:00:00.62 | Rendering 1 / 16 samples
Fra:1 Mem:62.83M (Peak 62.83M) | Time:00:02.11 | Rendering 16 / 16 samples
Saved: '/workspace/spaceface/design/program/vm-drop/everyday-kit-stills/stills/repair_scaffold_bent/play_chase_abeam.png'
Time: 00:02.29 (Saving: 00:00.14)

[still] repair_scaffold_bent D=82.4 sizeMax=9.15 -> repair_scaffold_bent
23:57:12 | INFO: Data are loaded, start creating Blender stuff
23:57:12 | INFO: Blender create Mesh node Sphere.002
23:57:12 | INFO: Blender create Mesh node Sphere.001
23:57:12 | INFO: Blender create Mesh node Cylinder.078
23:57:12 | INFO: Blender create Mesh node Cube.022
23:57:12 | INFO: Blender create Mesh node Cube.018
23:57:12 | INFO: Blender create Mesh node Cylinder.076
23:57:12 | INFO: Blender create Mesh node Cube.019
23:57:12 | INFO: Blender create Mesh node Cube.020
23:57:12 | INFO: Blender create Mesh node Cylinder.077
23:57:12 | INFO: Blender create Mesh node Cylinder.079
23:57:12 | INFO: Blender create Mesh node Cylinder.048
23:57:12 | INFO: Blender create Mesh node Cylinder.052
23:57:12 | INFO: Blender create Mesh node Cylinder.056
23:57:12 | INFO: Blender create Mesh node Cylinder.060
23:57:12 | INFO: Blender create Mesh node Cylinder.064
23:57:12 | INFO: Blender create Mesh node Cylinder.068
23:57:12 | INFO: Blender create Mesh node Cube.021
23:57:12 | INFO: Blender create Mesh node Cube.023
23:57:12 | INFO: Blender create Mesh node Cube.001
23:57:12 | INFO: Blender create Mesh node Cube.002
23:57:12 | INFO: Blender create Mesh node Cube.003
23:57:12 | INFO: Blender create Mesh node Cube.004
23:57:12 | INFO: Blender create Mesh node Cube.005
23:57:12 | INFO: Blender create Mesh node Cube.006
23:57:12 | INFO: Blender create Mesh node Cube.007
23:57:12 | INFO: Blender create Mesh node Cube.010
23:57:12 | INFO: Blender create Mesh node Cube.013
23:57:12 | INFO: Blender create Mesh node Cube.008
23:57:12 | INFO: Blender create Mesh node Cube.011
23:57:12 | INFO: Blender create Mesh node Cube.014
23:57:12 | INFO: Blender create Mesh node Cube.009
23:57:12 | INFO: Blender create Mesh node Cube.012
23:57:12 | INFO: Blender create Mesh node Cube.015
23:57:12 | INFO: Blender create Mesh node Cube.016
23:57:12 | INFO: glTF import finished in 0.02s
Fra:1 Mem:65.00M (Peak 65.05M) | Time:00:00.59 | Rendering 1 / 16 samples
Fra:1 Mem:65.00M (Peak 65.05M) | Time:00:02.08 | Rendering 16 / 16 samples
Saved: '/workspace/spaceface/design/program/vm-drop/everyday-kit-stills/stills/construction_frame/play_chase.png'
Time: 00:02.26 (Saving: 00:00.14)

Fra:1 Mem:65.00M (Peak 65.00M) | Time:00:00.56 | Rendering 1 / 16 samples
Fra:1 Mem:65.00M (Peak 65.00M) | Time:00:02.05 | Rendering 16 / 16 samples
Saved: '/workspace/spaceface/design/program/vm-drop/everyday-kit-stills/stills/construction_frame/play_chase_abeam.png'
Time: 00:02.23 (Saving: 00:00.14)

[still] construction_frame D=245.0 sizeMax=27.22 -> construction_frame
23:57:17 | INFO: Data are loaded, start creating Blender stuff
23:57:17 | INFO: Blender create Mesh node Cylinder.008
23:57:17 | INFO: Blender create Mesh node Cylinder.009
23:57:17 | INFO: Blender create Mesh node Cylinder.001
23:57:17 | INFO: Blender create Mesh node Cylinder.002
23:57:17 | INFO: Blender create Mesh node Cube.005
23:57:17 | INFO: Blender create Mesh node Cube.006
23:57:17 | INFO: Blender create Mesh node Cube.001
23:57:17 | INFO: Blender create Mesh node Cube.003
23:57:17 | INFO: Blender create Mesh node Sphere.001
23:57:17 | INFO: Blender create Mesh node Cylinder.003
23:57:17 | INFO: Blender create Mesh node Cube.004
23:57:17 | INFO: glTF import finished in 0.01s
Fra:1 Mem:63.06M (Peak 63.06M) | Time:00:00.54 | Rendering 1 / 16 samples
Fra:1 Mem:63.06M (Peak 63.06M) | Time:00:01.92 | Rendering 16 / 16 samples
Saved: '/workspace/spaceface/design/program/vm-drop/everyday-kit-stills/stills/welding_drone/play_chase.png'
Time: 00:02.09 (Saving: 00:00.14)

Fra:1 Mem:63.06M (Peak 63.06M) | Time:00:00.54 | Rendering 1 / 16 samples
Fra:1 Mem:63.06M (Peak 63.06M) | Time:00:01.94 | Rendering 16 / 16 samples
Saved: '/workspace/spaceface/design/program/vm-drop/everyday-kit-stills/stills/welding_drone/play_chase_abeam.png'
Time: 00:02.13 (Saving: 00:00.14)

[still] welding_drone D=22.0 sizeMax=2.06 -> welding_drone
23:57:21 | INFO: Data are loaded, start creating Blender stuff
23:57:21 | INFO: Blender create Mesh node Cylinder.011
23:57:21 | INFO: Blender create Mesh node Cylinder.001
23:57:21 | INFO: Blender create Mesh node Cylinder.012
23:57:21 | INFO: Blender create Mesh node Cylinder.004
23:57:21 | INFO: Blender create Mesh node Cylinder.003
23:57:21 | INFO: Blender create Mesh node Cylinder.002
23:57:21 | INFO: Blender create Mesh node Cylinder.005
23:57:21 | INFO: Blender create Mesh node Cube.012
23:57:21 | INFO: Blender create Mesh node Cube.009
23:57:21 | INFO: Blender create Mesh node Cube.010
23:57:21 | INFO: Blender create Mesh node Cube.013
23:57:21 | INFO: Blender create Mesh node Cube.001
23:57:21 | INFO: Blender create Mesh node Cube.011
23:57:21 | INFO: Blender create Mesh node Cube.002
23:57:21 | INFO: Blender create Mesh node Cube.003
23:57:21 | INFO: Blender create Mesh node Cube.004
23:57:21 | INFO: Blender create Mesh node Cube.005
23:57:21 | INFO: Blender create Mesh node Cylinder.010
23:57:21 | INFO: Blender create Mesh node Cylinder.007
23:57:21 | INFO: Blender create Mesh node Cylinder.008
23:57:21 | INFO: Blender create Mesh node Cube.006
23:57:21 | INFO: Blender create Mesh node Cube.008
23:57:21 | INFO: Blender create Mesh node Cylinder.009
23:57:21 | INFO: glTF import finished in 0.02s
Fra:1 Mem:64.35M (Peak 64.35M) | Time:00:00.59 | Rendering 1 / 16 samples
Fra:1 Mem:64.35M (Peak 64.35M) | Time:00:01.98 | Rendering 16 / 16 samples
Saved: '/workspace/spaceface/design/program/vm-drop/everyday-kit-stills/stills/parts_rack/play_chase.png'
Time: 00:02.14 (Saving: 00:00.13)

Fra:1 Mem:64.35M (Peak 64.35M) | Time:00:00.55 | Rendering 1 / 16 samples
Fra:1 Mem:64.35M (Peak 64.35M) | Time:00:02.00 | Rendering 16 / 16 samples
Saved: '/workspace/spaceface/design/program/vm-drop/everyday-kit-stills/stills/parts_rack/play_chase_abeam.png'
Time: 00:02.17 (Saving: 00:00.13)

[still] parts_rack D=77.6 sizeMax=8.62 -> parts_rack
23:57:26 | INFO: Data are loaded, start creating Blender stuff
23:57:26 | INFO: Blender create Mesh node Cube.012
23:57:26 | INFO: Blender create Mesh node Cylinder.003
23:57:26 | INFO: Blender create Mesh node Sphere.002
23:57:26 | INFO: Blender create Mesh node Sphere.001
23:57:26 | INFO: Blender create Mesh node Cube.009
23:57:26 | INFO: Blender create Mesh node Cube.006
23:57:26 | INFO: Blender create Mesh node Cylinder.001
23:57:26 | INFO: Blender create Mesh node Cube.005
23:57:26 | INFO: Blender create Mesh node Cube.007
23:57:26 | INFO: Blender create Mesh node Cube.008
23:57:26 | INFO: Blender create Mesh node Cube.011
23:57:26 | INFO: Blender create Mesh node Cube.001
23:57:26 | INFO: Blender create Mesh node Cube.002
23:57:26 | INFO: Blender create Mesh node Cube.013
23:57:26 | INFO: Blender create Mesh node Cube.004
23:57:26 | INFO: Blender create Mesh node Cube.003
23:57:26 | INFO: glTF import finished in 0.01s
Fra:1 Mem:63.79M (Peak 63.79M) | Time:00:00.53 | Rendering 1 / 16 samples
Fra:1 Mem:63.79M (Peak 63.79M) | Time:00:01.99 | Rendering 16 / 16 samples
Saved: '/workspace/spaceface/design/program/vm-drop/everyday-kit-stills/stills/power_skid/play_chase.png'
Time: 00:02.16 (Saving: 00:00.14)

Fra:1 Mem:63.79M (Peak 63.79M) | Time:00:00.58 | Rendering 1 / 16 samples
Fra:1 Mem:63.79M (Peak 63.79M) | Time:00:02.06 | Rendering 16 / 16 samples
Saved: '/workspace/spaceface/design/program/vm-drop/everyday-kit-stills/stills/power_skid/play_chase_abeam.png'
Time: 00:02.25 (Saving: 00:00.14)

[still] power_skid D=74.2 sizeMax=8.25 -> power_skid
23:57:30 | INFO: Data are loaded, start creating Blender stuff
23:57:30 | INFO: Blender create Mesh node Cube.009
23:57:30 | INFO: Blender create Mesh node Cube.010
23:57:30 | INFO: Blender create Mesh node Cube.003
23:57:30 | INFO: Blender create Mesh node Cube.004
23:57:30 | INFO: Blender create Mesh node Cube.005
23:57:30 | INFO: Blender create Mesh node Cube.006
23:57:30 | INFO: Blender create Mesh node Cube.007
23:57:30 | INFO: Blender create Mesh node Cylinder.028
23:57:30 | INFO: Blender create Mesh node Cube.008
23:57:30 | INFO: Blender create Mesh node Cube.001
23:57:30 | INFO: Blender create Mesh node Sphere.001
23:57:30 | INFO: glTF import finished in 0.01s
Fra:1 Mem:63.17M (Peak 63.17M) | Time:00:00.56 | Rendering 1 / 16 samples
Fra:1 Mem:63.17M (Peak 63.17M) | Time:00:02.02 | Rendering 16 / 16 samples
Saved: '/workspace/spaceface/design/program/vm-drop/everyday-kit-stills/stills/worklight_tower/play_chase.png'
Time: 00:02.22 (Saving: 00:00.16)

Fra:1 Mem:63.17M (Peak 63.17M) | Time:00:00.58 | Rendering 1 / 16 samples
Fra:1 Mem:63.17M (Peak 63.17M) | Time:00:02.06 | Rendering 16 / 16 samples
Saved: '/workspace/spaceface/design/program/vm-drop/everyday-kit-stills/stills/worklight_tower/play_chase_abeam.png'
Time: 00:02.24 (Saving: 00:00.14)

[still] worklight_tower D=142.4 sizeMax=15.82 -> worklight_tower
23:57:34 | INFO: Data are loaded, start creating Blender stuff
23:57:34 | INFO: Blender create Mesh node Cube.009
23:57:34 | INFO: Blender create Mesh node Cube.004
23:57:34 | INFO: Blender create Mesh node Cube.010
23:57:34 | INFO: Blender create Mesh node Cube.001
23:57:34 | INFO: Blender create Mesh node Cube.002
23:57:34 | INFO: Blender create Mesh node Cube.008
23:57:34 | INFO: Blender create Mesh node Cube.003
23:57:34 | INFO: Blender create Mesh node Cube.006
23:57:34 | INFO: Blender create Mesh node Cube.007
23:57:34 | INFO: Blender create Mesh node Sphere.001
23:57:34 | INFO: glTF import finished in 0.01s
Fra:1 Mem:62.85M (Peak 62.85M) | Time:00:00.59 | Rendering 1 / 16 samples
Fra:1 Mem:62.85M (Peak 62.85M) | Time:00:02.04 | Rendering 16 / 16 samples
Saved: '/workspace/spaceface/design/program/vm-drop/everyday-kit-stills/stills/customs_pylon/play_chase.png'
Time: 00:02.22 (Saving: 00:00.15)

Fra:1 Mem:62.85M (Peak 62.85M) | Time:00:00.54 | Rendering 1 / 16 samples
Fra:1 Mem:62.85M (Peak 62.85M) | Time:00:01.93 | Rendering 16 / 16 samples
Saved: '/workspace/spaceface/design/program/vm-drop/everyday-kit-stills/stills/customs_pylon/play_chase_abeam.png'
Time: 00:02.15 (Saving: 00:00.17)

[still] customs_pylon D=127.4 sizeMax=14.16 -> customs_pylon
23:57:39 | INFO: Data are loaded, start creating Blender stuff
23:57:39 | INFO: Blender create Mesh node Sphere.001
23:57:39 | INFO: Blender create Mesh node Cube.019
23:57:39 | INFO: Blender create Mesh node Cube.010
23:57:39 | INFO: Blender create Mesh node Cube.011
23:57:39 | INFO: Blender create Mesh node Cube.012
23:57:39 | INFO: Blender create Mesh node Cube.020
23:57:39 | INFO: Blender create Mesh node Cube.001
23:57:39 | INFO: Blender create Mesh node Cube.005
23:57:39 | INFO: Blender create Mesh node Cube.008
23:57:39 | INFO: Blender create Mesh node Cube.004
23:57:39 | INFO: Blender create Mesh node Cube.007
23:57:39 | INFO: Blender create Mesh node Cube.006
23:57:39 | INFO: Blender create Mesh node Cube.009
23:57:39 | INFO: Blender create Mesh node Cube.013
23:57:39 | INFO: Blender create Mesh node Cube.014
23:57:39 | INFO: Blender create Mesh node Cube.015
23:57:39 | INFO: Blender create Mesh node Cube.016
23:57:39 | INFO: Blender create Mesh node Cube.017
23:57:39 | INFO: Blender create Mesh node Cylinder.003
23:57:39 | INFO: Blender create Mesh node Cylinder.004
23:57:39 | INFO: Blender create Mesh node Cylinder.001
23:57:39 | INFO: Blender create Mesh node Cube.018
23:57:39 | INFO: Blender create Mesh node Cube.002
23:57:39 | INFO: glTF import finished in 0.02s
Fra:1 Mem:64.32M (Peak 64.32M) | Time:00:00.55 | Rendering 1 / 16 samples
Fra:1 Mem:64.32M (Peak 64.32M) | Time:00:01.93 | Rendering 16 / 16 samples
Saved: '/workspace/spaceface/design/program/vm-drop/everyday-kit-stills/stills/inspection_platform/play_chase.png'
Time: 00:02.11 (Saving: 00:00.14)

Fra:1 Mem:64.32M (Peak 64.32M) | Time:00:00.55 | Rendering 1 / 16 samples
Fra:1 Mem:64.32M (Peak 64.32M) | Time:00:01.92 | Rendering 16 / 16 samples
Saved: '/workspace/spaceface/design/program/vm-drop/everyday-kit-stills/stills/inspection_platform/play_chase_abeam.png'
Time: 00:02.09 (Saving: 00:00.13)

[still] inspection_platform D=183.6 sizeMax=20.40 -> inspection_platform
23:57:43 | INFO: Data are loaded, start creating Blender stuff
23:57:43 | INFO: Blender create Mesh node Cylinder.001
23:57:43 | INFO: Blender create Mesh node Sphere.003
23:57:43 | INFO: Blender create Mesh node Sphere.001
23:57:43 | INFO: Blender create Mesh node Cone.008
23:57:43 | INFO: Blender create Mesh node Cone.001
23:57:43 | INFO: Blender create Mesh node Cone.009
23:57:43 | INFO: Blender create Mesh node Cone.002
23:57:43 | INFO: Blender create Mesh node Cone.003
23:57:43 | INFO: Blender create Mesh node Cone.004
23:57:43 | INFO: Blender create Mesh node Cone.005
23:57:43 | INFO: Blender create Mesh node Cone.006
23:57:43 | INFO: Blender create Mesh node Sphere.002
23:57:43 | INFO: glTF import finished in 0.01s
Fra:1 Mem:63.11M (Peak 63.11M) | Time:00:00.56 | Rendering 1 / 16 samples
Fra:1 Mem:63.11M (Peak 63.11M) | Time:00:01.97 | Rendering 16 / 16 samples
Saved: '/workspace/spaceface/design/program/vm-drop/everyday-kit-stills/stills/interdiction_buoy/play_chase.png'
Time: 00:02.14 (Saving: 00:00.14)

Fra:1 Mem:63.11M (Peak 63.11M) | Time:00:00.53 | Rendering 1 / 16 samples
Fra:1 Mem:63.11M (Peak 63.11M) | Time:00:01.86 | Rendering 16 / 16 samples
Saved: '/workspace/spaceface/design/program/vm-drop/everyday-kit-stills/stills/interdiction_buoy/play_chase_abeam.png'
Time: 00:02.04 (Saving: 00:00.15)

[still] interdiction_buoy D=66.6 sizeMax=7.40 -> interdiction_buoy
23:57:47 | INFO: Data are loaded, start creating Blender stuff
23:57:47 | INFO: Blender create Mesh node Cube.013
23:57:47 | INFO: Blender create Mesh node Cube.014
23:57:47 | INFO: Blender create Mesh node Cylinder.088
23:57:47 | INFO: Blender create Mesh node Cylinder.089
23:57:47 | INFO: Blender create Mesh node Cube.001
23:57:47 | INFO: Blender create Mesh node Cylinder.024
23:57:47 | INFO: Blender create Mesh node Cube.012
23:57:47 | INFO: Blender create Mesh node Cube.002
23:57:47 | INFO: Blender create Mesh node Cube.003
23:57:47 | INFO: Blender create Mesh node Cube.010
23:57:47 | INFO: Blender create Mesh node Cube.011
23:57:47 | INFO: Blender create Mesh node Cube.004
23:57:47 | INFO: Blender create Mesh node Cube.005
23:57:47 | INFO: Blender create Mesh node Cube.006
23:57:47 | INFO: Blender create Mesh node Cube.007
23:57:47 | INFO: Blender create Mesh node Cube.008
23:57:47 | INFO: glTF import finished in 0.02s
Fra:1 Mem:63.85M (Peak 63.85M) | Time:00:00.57 | Rendering 1 / 16 samples
Fra:1 Mem:63.85M (Peak 63.85M) | Time:00:01.96 | Rendering 16 / 16 samples
Saved: '/workspace/spaceface/design/program/vm-drop/everyday-kit-stills/stills/transponder_gate/play_chase.png'
Time: 00:02.14 (Saving: 00:00.14)

Fra:1 Mem:63.85M (Peak 63.85M) | Time:00:00.53 | Rendering 1 / 16 samples
Fra:1 Mem:63.85M (Peak 63.85M) | Time:00:01.93 | Rendering 16 / 16 samples
Saved: '/workspace/spaceface/design/program/vm-drop/everyday-kit-stills/stills/transponder_gate/play_chase_abeam.png'
Time: 00:02.11 (Saving: 00:00.14)

[still] transponder_gate D=201.6 sizeMax=22.40 -> transponder_gate
23:57:52 | INFO: Data are loaded, start creating Blender stuff
23:57:52 | INFO: Blender create Mesh node Cube.004
23:57:52 | INFO: Blender create Mesh node Cylinder.030
23:57:52 | INFO: Blender create Mesh node Cylinder.028
23:57:52 | INFO: Blender create Mesh node Cube.002
23:57:52 | INFO: Blender create Mesh node Cone.003
23:57:52 | INFO: Blender create Mesh node Cylinder.027
23:57:52 | INFO: Blender create Mesh node Sphere.004
23:57:52 | INFO: Blender create Mesh node Cylinder.024
23:57:52 | INFO: Blender create Mesh node Cube.003
23:57:52 | INFO: Blender create Mesh node Cube.005
23:57:52 | INFO: Blender create Mesh node Cone.004
23:57:52 | INFO: Blender create Mesh node Cylinder.031
23:57:52 | INFO: Blender create Mesh node Sphere.005
23:57:52 | INFO: Blender create Mesh node Cone.001
23:57:52 | INFO: Blender create Mesh node Cylinder.025
23:57:52 | INFO: Blender create Mesh node Sphere.001
23:57:52 | INFO: Blender create Mesh node Sphere.002
23:57:52 | INFO: glTF import finished in 0.01s
Fra:1 Mem:63.91M (Peak 63.91M) | Time:00:00.54 | Rendering 1 / 16 samples
Fra:1 Mem:63.91M (Peak 63.91M) | Time:00:01.96 | Rendering 16 / 16 samples
Saved: '/workspace/spaceface/design/program/vm-drop/everyday-kit-stills/stills/sensor_mast/play_chase.png'
Time: 00:02.14 (Saving: 00:00.14)

Fra:1 Mem:63.91M (Peak 63.91M) | Time:00:00.56 | Rendering 1 / 16 samples
Fra:1 Mem:63.91M (Peak 63.91M) | Time:00:02.03 | Rendering 16 / 16 samples
Saved: '/workspace/spaceface/design/program/vm-drop/everyday-kit-stills/stills/sensor_mast/play_chase_abeam.png'
Time: 00:02.24 (Saving: 00:00.17)

[still] sensor_mast D=120.0 sizeMax=13.33 -> sensor_mast
23:57:56 | INFO: Data are loaded, start creating Blender stuff
23:57:56 | INFO: Blender create Mesh node Cube.007
23:57:56 | INFO: Blender create Mesh node Cylinder.002
23:57:56 | INFO: Blender create Mesh node Cube.002
23:57:56 | INFO: Blender create Mesh node Cube.008
23:57:56 | INFO: Blender create Mesh node Cube.001
23:57:56 | INFO: Blender create Mesh node Cube.003
23:57:56 | INFO: Blender create Mesh node Cube.004
23:57:56 | INFO: Blender create Mesh node Cylinder.003
23:57:56 | INFO: Blender create Mesh node Cube.005
23:57:56 | INFO: Blender create Mesh node Sphere.001
23:57:56 | INFO: glTF import finished in 0.01s
Fra:1 Mem:63.26M (Peak 63.26M) | Time:00:00.53 | Rendering 1 / 16 samples
Fra:1 Mem:63.26M (Peak 63.26M) | Time:00:01.90 | Rendering 16 / 16 samples
Saved: '/workspace/spaceface/design/program/vm-drop/everyday-kit-stills/stills/traffic_signal/play_chase.png'
Time: 00:02.07 (Saving: 00:00.13)

Fra:1 Mem:63.26M (Peak 63.26M) | Time:00:00.54 | Rendering 1 / 16 samples
Fra:1 Mem:63.26M (Peak 63.26M) | Time:00:01.91 | Rendering 16 / 16 samples
Saved: '/workspace/spaceface/design/program/vm-drop/everyday-kit-stills/stills/traffic_signal/play_chase_abeam.png'
Time: 00:02.09 (Saving: 00:00.14)

[still] traffic_signal D=73.4 sizeMax=8.16 -> traffic_signal
23:58:00 | INFO: Data are loaded, start creating Blender stuff
23:58:00 | INFO: Blender create Mesh node Cylinder.005
23:58:00 | INFO: Blender create Mesh node Cylinder.001
23:58:00 | INFO: Blender create Mesh node Sphere.003
23:58:00 | INFO: Blender create Mesh node Sphere.001
23:58:00 | INFO: Blender create Mesh node Cylinder.002
23:58:00 | INFO: Blender create Mesh node Cylinder.006
23:58:00 | INFO: Blender create Mesh node Sphere.004
23:58:00 | INFO: Blender create Mesh node Cube.010
23:58:00 | INFO: Blender create Mesh node Cube.009
23:58:00 | INFO: Blender create Mesh node Cube.008
23:58:00 | INFO: Blender create Mesh node Cube.007
23:58:00 | INFO: Blender create Mesh node Cube.011
23:58:00 | INFO: Blender create Mesh node Cube.001
23:58:00 | INFO: Blender create Mesh node Cube.002
23:58:00 | INFO: Blender create Mesh node Cube.003
23:58:00 | INFO: Blender create Mesh node Cylinder.003
23:58:00 | INFO: Blender create Mesh node Cube.004
23:58:00 | INFO: Blender create Mesh node Cube.005
23:58:00 | INFO: glTF import finished in 0.02s
Fra:1 Mem:64.03M (Peak 64.03M) | Time:00:00.56 | Rendering 1 / 16 samples
Fra:1 Mem:64.03M (Peak 64.03M) | Time:00:02.00 | Rendering 16 / 16 samples
Saved: '/workspace/spaceface/design/program/vm-drop/everyday-kit-stills/stills/habitat_pod/play_chase.png'
Time: 00:02.17 (Saving: 00:00.13)

Fra:1 Mem:64.03M (Peak 64.03M) | Time:00:00.54 | Rendering 1 / 16 samples
Fra:1 Mem:64.03M (Peak 64.03M) | Time:00:01.96 | Rendering 16 / 16 samples
Saved: '/workspace/spaceface/design/program/vm-drop/everyday-kit-stills/stills/habitat_pod/play_chase_abeam.png'
Time: 00:02.13 (Saving: 00:00.14)

[still] habitat_pod D=106.0 sizeMax=11.78 -> habitat_pod
23:58:05 | INFO: Data are loaded, start creating Blender stuff
23:58:05 | INFO: Blender create Mesh node Cube.010
23:58:05 | INFO: Blender create Mesh node Cylinder.004
23:58:05 | INFO: Blender create Mesh node Cylinder.001
23:58:05 | INFO: Blender create Mesh node Sphere.002
23:58:05 | INFO: Blender create Mesh node Sphere.001
23:58:05 | INFO: Blender create Mesh node Cylinder.002
23:58:05 | INFO: Blender create Mesh node Cylinder.005
23:58:05 | INFO: Blender create Mesh node Cube.008
23:58:05 | INFO: Blender create Mesh node Cube.009
23:58:05 | INFO: Blender create Mesh node Cube.011
23:58:05 | INFO: Blender create Mesh node Cube.001
23:58:05 | INFO: Blender create Mesh node Cube.002
23:58:05 | INFO: Blender create Mesh node Cube.003
23:58:05 | INFO: Blender create Mesh node Cube.004
23:58:05 | INFO: Blender create Mesh node Cube.006
23:58:05 | INFO: Blender create Mesh node Cube.005
23:58:05 | INFO: glTF import finished in 0.01s
Fra:1 Mem:63.69M (Peak 63.69M) | Time:00:00.53 | Rendering 1 / 16 samples
Fra:1 Mem:63.69M (Peak 63.69M) | Time:00:01.96 | Rendering 16 / 16 samples
Saved: '/workspace/spaceface/design/program/vm-drop/everyday-kit-stills/stills/habitat_pod_derelict/play_chase.png'
Time: 00:02.14 (Saving: 00:00.14)

Fra:1 Mem:63.69M (Peak 63.69M) | Time:00:00.53 | Rendering 1 / 16 samples
Fra:1 Mem:63.69M (Peak 63.69M) | Time:00:01.99 | Rendering 16 / 16 samples
Saved: '/workspace/spaceface/design/program/vm-drop/everyday-kit-stills/stills/habitat_pod_derelict/play_chase_abeam.png'
Time: 00:02.17 (Saving: 00:00.14)

[still] habitat_pod_derelict D=106.0 sizeMax=11.78 -> habitat_pod_derelict
23:58:09 | INFO: Data are loaded, start creating Blender stuff
23:58:09 | INFO: Blender create Mesh node Sphere.010
23:58:09 | INFO: Blender create Mesh node Sphere.011
23:58:09 | INFO: Blender create Mesh node Sphere.002
23:58:09 | INFO: Blender create Mesh node Sphere.004
23:58:09 | INFO: Blender create Mesh node Sphere.006
23:58:09 | INFO: Blender create Mesh node Cylinder.034
23:58:09 | INFO: Blender create Mesh node Cylinder.008
23:58:09 | INFO: Blender create Mesh node Cylinder.009
23:58:09 | INFO: Blender create Mesh node Cylinder.010
23:58:09 | INFO: Blender create Mesh node Cylinder.011
23:58:09 | INFO: Blender create Mesh node Cylinder.012
23:58:09 | INFO: Blender create Mesh node Cylinder.013
23:58:09 | INFO: Blender create Mesh node Cylinder.014
23:58:09 | INFO: Blender create Mesh node Cylinder.015
23:58:09 | INFO: Blender create Mesh node Cylinder.016
23:58:09 | INFO: Blender create Mesh node Sphere.008
23:58:09 | INFO: Blender create Mesh node Sphere.001
23:58:09 | INFO: Blender create Mesh node Sphere.003
23:58:09 | INFO: Blender create Mesh node Sphere.005
23:58:09 | INFO: Blender create Mesh node Sphere.007
23:58:09 | INFO: Blender create Mesh node Cylinder.017
23:58:09 | INFO: Blender create Mesh node Cylinder.003
23:58:09 | INFO: Blender create Mesh node Cylinder.035
23:58:09 | INFO: Blender create Mesh node Cylinder.006
23:58:09 | INFO: Blender create Mesh node Cube.010
23:58:09 | INFO: Blender create Mesh node Cube.011
23:58:09 | INFO: Blender create Mesh node Cylinder.007
23:58:09 | INFO: Blender create Mesh node Cube.001
23:58:09 | INFO: Blender create Mesh node Cube.007
23:58:09 | INFO: Blender create Mesh node Cube.008
23:58:09 | INFO: Blender create Mesh node Cube.005
23:58:09 | INFO: Blender create Mesh node Cube.006
23:58:09 | INFO: Blender create Mesh node Cube.009
23:58:09 | INFO: Blender create Mesh node Cube.002
23:58:09 | INFO: Blender create Mesh node Cube.003
23:58:09 | INFO: glTF import finished in 0.03s
Fra:1 Mem:66.15M (Peak 66.19M) | Time:00:00.57 | Rendering 1 / 16 samples
Fra:1 Mem:66.15M (Peak 66.19M) | Time:00:02.02 | Rendering 16 / 16 samples
Saved: '/workspace/spaceface/design/program/vm-drop/everyday-kit-stills/stills/shuttle_dock/play_chase.png'
Time: 00:02.23 (Saving: 00:00.16)

Fra:1 Mem:66.15M (Peak 66.15M) | Time:00:00.54 | Rendering 1 / 16 samples
Fra:1 Mem:66.15M (Peak 66.15M) | Time:00:01.94 | Rendering 16 / 16 samples
Saved: '/workspace/spaceface/design/program/vm-drop/everyday-kit-stills/stills/shuttle_dock/play_chase_abeam.png'
Time: 00:02.12 (Saving: 00:00.15)

[still] shuttle_dock D=246.5 sizeMax=27.39 -> shuttle_dock
23:58:13 | INFO: Data are loaded, start creating Blender stuff
23:58:13 | INFO: Blender create Mesh node Cylinder.021
23:58:13 | INFO: Blender create Mesh node Cylinder.005
23:58:13 | INFO: Blender create Mesh node Sphere.002
23:58:13 | INFO: Blender create Mesh node Cylinder.022
23:58:13 | INFO: Blender create Mesh node Cylinder.004
23:58:13 | INFO: Blender create Mesh node Sphere.003
23:58:13 | INFO: Blender create Mesh node Cylinder.003
23:58:13 | INFO: Blender create Mesh node Cylinder.002
23:58:13 | INFO: glTF import finished in 0.01s
Fra:1 Mem:63.11M (Peak 63.11M) | Time:00:00.55 | Rendering 1 / 16 samples
Fra:1 Mem:63.11M (Peak 63.11M) | Time:00:02.00 | Rendering 16 / 16 samples
Saved: '/workspace/spaceface/design/program/vm-drop/everyday-kit-stills/stills/observation_blister/play_chase.png'
Time: 00:02.18 (Saving: 00:00.15)

Fra:1 Mem:63.11M (Peak 63.11M) | Time:00:00.57 | Rendering 1 / 16 samples
Fra:1 Mem:63.11M (Peak 63.11M) | Time:00:02.07 | Rendering 16 / 16 samples
Saved: '/workspace/spaceface/design/program/vm-drop/everyday-kit-stills/stills/observation_blister/play_chase_abeam.png'
Time: 00:02.24 (Saving: 00:00.13)

[still] observation_blister D=69.7 sizeMax=7.74 -> observation_blister
23:58:18 | INFO: Data are loaded, start creating Blender stuff
23:58:18 | INFO: Blender create Mesh node Cube.004
23:58:18 | INFO: Blender create Mesh node Cube.001
23:58:18 | INFO: Blender create Mesh node Cube.002
23:58:18 | INFO: Blender create Mesh node Cylinder.008
23:58:18 | INFO: Blender create Mesh node Cone.003
23:58:18 | INFO: Blender create Mesh node Cylinder.006
23:58:18 | INFO: Blender create Mesh node Sphere.005
23:58:18 | INFO: Blender create Mesh node Cube.003
23:58:18 | INFO: Blender create Mesh node Sphere.006
23:58:18 | INFO: Blender create Mesh node Cone.004
23:58:18 | INFO: Blender create Mesh node Cylinder.001
23:58:18 | INFO: Blender create Mesh node Sphere.003
23:58:18 | INFO: Blender create Mesh node Cylinder.003
23:58:18 | INFO: Blender create Mesh node Cone.001
23:58:18 | INFO: Blender create Mesh node Cylinder.002
23:58:18 | INFO: Blender create Mesh node Sphere.001
23:58:18 | INFO: Blender create Mesh node Cylinder.005
23:58:18 | INFO: Blender create Mesh node Cylinder.004
23:58:18 | INFO: Blender create Mesh node Sphere.002
23:58:18 | INFO: glTF import finished in 0.02s
Fra:1 Mem:64.04M (Peak 64.04M) | Time:00:00.55 | Rendering 1 / 16 samples
Fra:1 Mem:64.04M (Peak 64.04M) | Time:00:02.02 | Rendering 16 / 16 samples
Saved: '/workspace/spaceface/design/program/vm-drop/everyday-kit-stills/stills/comms_array/play_chase.png'
Time: 00:02.19 (Saving: 00:00.14)

Fra:1 Mem:64.04M (Peak 64.04M) | Time:00:00.60 | Rendering 1 / 16 samples
Fra:1 Mem:64.04M (Peak 64.04M) | Time:00:02.14 | Rendering 16 / 16 samples
Saved: '/workspace/spaceface/design/program/vm-drop/everyday-kit-stills/stills/comms_array/play_chase_abeam.png'
Time: 00:02.32 (Saving: 00:00.14)

[still] comms_array D=69.9 sizeMax=7.77 -> comms_array
23:58:22 | INFO: Data are loaded, start creating Blender stuff
23:58:22 | INFO: Blender create Mesh node Cube.011
23:58:22 | INFO: Blender create Mesh node Cylinder.038
23:58:22 | INFO: Blender create Mesh node Cube.012
23:58:22 | INFO: Blender create Mesh node Cube.009
23:58:22 | INFO: Blender create Mesh node Cube.001
23:58:22 | INFO: Blender create Mesh node Cube.003
23:58:22 | INFO: Blender create Mesh node Cube.005
23:58:22 | INFO: Blender create Mesh node Cube.007
23:58:22 | INFO: Blender create Mesh node Cube.002
23:58:22 | INFO: Blender create Mesh node Cube.004
23:58:22 | INFO: Blender create Mesh node Cube.006
23:58:22 | INFO: Blender create Mesh node Cylinder.001
23:58:22 | INFO: Blender create Mesh node Cylinder.002
23:58:22 | INFO: Blender create Mesh node Cube.008
23:58:22 | INFO: Blender create Mesh node Sphere.002
23:58:22 | INFO: Blender create Mesh node Sphere.003
23:58:22 | INFO: Blender create Mesh node Cylinder.020
23:58:22 | INFO: glTF import finished in 0.02s
Fra:1 Mem:64.07M (Peak 64.07M) | Time:00:00.58 | Rendering 1 / 16 samples
Fra:1 Mem:64.07M (Peak 64.07M) | Time:00:02.02 | Rendering 16 / 16 samples
Saved: '/workspace/spaceface/design/program/vm-drop/everyday-kit-stills/stills/solar_array/play_chase.png'
Time: 00:02.20 (Saving: 00:00.14)

Fra:1 Mem:64.07M (Peak 64.07M) | Time:00:00.58 | Rendering 1 / 16 samples
Fra:1 Mem:64.07M (Peak 64.07M) | Time:00:01.95 | Rendering 16 / 16 samples
Saved: '/workspace/spaceface/design/program/vm-drop/everyday-kit-stills/stills/solar_array/play_chase_abeam.png'
Time: 00:02.11 (Saving: 00:00.13)

[still] solar_array D=193.1 sizeMax=21.46 -> solar_array
23:58:27 | INFO: Data are loaded, start creating Blender stuff
23:58:27 | INFO: Blender create Mesh node Cube.015
23:58:27 | INFO: Blender create Mesh node Cube.001
23:58:27 | INFO: Blender create Mesh node Cube.016
23:58:27 | INFO: Blender create Mesh node Cube.005
23:58:27 | INFO: Blender create Mesh node Cube.006
23:58:27 | INFO: Blender create Mesh node Cylinder.004
23:58:27 | INFO: Blender create Mesh node Cylinder.005
23:58:27 | INFO: Blender create Mesh node Cube.009
23:58:27 | INFO: Blender create Mesh node Cube.014
23:58:27 | INFO: Blender create Mesh node Cube.007
23:58:27 | INFO: Blender create Mesh node Cube.008
23:58:27 | INFO: Blender create Mesh node Cube.003
23:58:27 | INFO: Blender create Mesh node Cube.002
23:58:27 | INFO: Blender create Mesh node Cube.013
23:58:27 | INFO: glTF import finished in 0.01s
Fra:1 Mem:63.98M (Peak 63.98M) | Time:00:00.55 | Rendering 1 / 16 samples
Fra:1 Mem:63.98M (Peak 63.98M) | Time:00:02.03 | Rendering 16 / 16 samples
Saved: '/workspace/spaceface/design/program/vm-drop/everyday-kit-stills/stills/utility_module/play_chase.png'
Time: 00:02.21 (Saving: 00:00.14)

Fra:1 Mem:63.98M (Peak 63.98M) | Time:00:00.55 | Rendering 1 / 16 samples
Fra:1 Mem:63.98M (Peak 63.98M) | Time:00:02.14 | Rendering 16 / 16 samples
Saved: '/workspace/spaceface/design/program/vm-drop/everyday-kit-stills/stills/utility_module/play_chase_abeam.png'
Time: 00:02.32 (Saving: 00:00.14)

[still] utility_module D=55.1 sizeMax=6.12 -> utility_module
23:58:31 | INFO: Data are loaded, start creating Blender stuff
23:58:31 | INFO: Blender create Mesh node Cube.014
23:58:31 | INFO: Blender create Mesh node Cube.001
23:58:31 | INFO: Blender create Mesh node Cube.002
23:58:31 | INFO: Blender create Mesh node Cube.003
23:58:31 | INFO: Blender create Mesh node Cube.004
23:58:31 | INFO: Blender create Mesh node Cylinder.020
23:58:31 | INFO: Blender create Mesh node Cylinder.008
23:58:31 | INFO: Blender create Mesh node Cylinder.009
23:58:31 | INFO: Blender create Mesh node Cylinder.010
23:58:31 | INFO: Blender create Mesh node Cube.005
23:58:31 | INFO: Blender create Mesh node Cylinder.011
23:58:31 | INFO: Blender create Mesh node Cylinder.014
23:58:31 | INFO: Blender create Mesh node Cylinder.012
23:58:31 | INFO: Blender create Mesh node Cube.015
23:58:31 | INFO: Blender create Mesh node Cube.012
23:58:31 | INFO: Blender create Mesh node Cube.006
23:58:31 | INFO: Blender create Mesh node Cube.007
23:58:31 | INFO: Blender create Mesh node Cube.008
23:58:31 | INFO: Blender create Mesh node Cube.009
23:58:31 | INFO: Blender create Mesh node Cube.010
23:58:31 | INFO: Blender create Mesh node Cylinder.013
23:58:31 | INFO: Blender create Mesh node Cylinder.021
23:58:31 | INFO: Blender create Mesh node Cylinder.001
23:58:31 | INFO: Blender create Mesh node Cylinder.002
23:58:31 | INFO: Blender create Mesh node Cylinder.003
23:58:31 | INFO: Blender create Mesh node Cylinder.004
23:58:31 | INFO: Blender create Mesh node Cylinder.005
23:58:31 | INFO: Blender create Mesh node Cylinder.006
23:58:31 | INFO: Blender create Mesh node Cube.011
23:58:31 | INFO: Blender create Mesh node Cylinder.007
23:58:31 | INFO: Blender create Mesh node Cylinder.015
23:58:31 | INFO: Blender create Mesh node Cylinder.018
23:58:31 | INFO: glTF import finished in 0.02s
Fra:1 Mem:64.98M (Peak 64.98M) | Time:00:00.54 | Rendering 1 / 16 samples
Fra:1 Mem:64.98M (Peak 64.98M) | Time:00:01.91 | Rendering 16 / 16 samples
Saved: '/workspace/spaceface/design/program/vm-drop/everyday-kit-stills/stills/passenger_platform/play_chase.png'
Time: 00:02.09 (Saving: 00:00.14)

Fra:1 Mem:64.98M (Peak 64.98M) | Time:00:00.58 | Rendering 1 / 16 samples
Fra:1 Mem:64.98M (Peak 64.98M) | Time:00:02.01 | Rendering 16 / 16 samples
Saved: '/workspace/spaceface/design/program/vm-drop/everyday-kit-stills/stills/passenger_platform/play_chase_abeam.png'
Time: 00:02.19 (Saving: 00:00.14)

[still] passenger_platform D=148.5 sizeMax=16.50 -> passenger_platform
23:58:36 | INFO: Data are loaded, start creating Blender stuff
23:58:36 | INFO: Blender create Mesh node Cylinder.008
23:58:36 | INFO: Blender create Mesh node Cylinder.001
23:58:36 | INFO: Blender create Mesh node Cube.010
23:58:36 | INFO: Blender create Mesh node Cylinder.002
23:58:36 | INFO: Blender create Mesh node Cylinder.003
23:58:36 | INFO: Blender create Mesh node Cylinder.004
23:58:36 | INFO: Blender create Mesh node Cylinder.005
23:58:36 | INFO: Blender create Mesh node Cylinder.006
23:58:36 | INFO: Blender create Mesh node Cube.003
23:58:36 | INFO: Blender create Mesh node Cube.009
23:58:36 | INFO: Blender create Mesh node Cube.008
23:58:36 | INFO: Blender create Mesh node Cube.004
23:58:36 | INFO: Blender create Mesh node Cube.005
23:58:36 | INFO: Blender create Mesh node Cube.011
23:58:36 | INFO: Blender create Mesh node Cube.006
23:58:36 | INFO: Blender create Mesh node Cylinder.007
23:58:36 | INFO: Blender create Mesh node Cube.007
23:58:36 | INFO: Blender create Mesh node Cube.001
23:58:36 | INFO: glTF import finished in 0.01s
Fra:1 Mem:63.59M (Peak 63.59M) | Time:00:00.54 | Rendering 1 / 16 samples
Fra:1 Mem:63.59M (Peak 63.59M) | Time:00:02.04 | Rendering 16 / 16 samples
Saved: '/workspace/spaceface/design/program/vm-drop/everyday-kit-stills/stills/salvage_clamp/play_chase.png'
Time: 00:02.23 (Saving: 00:00.15)

Fra:1 Mem:63.59M (Peak 63.59M) | Time:00:00.54 | Rendering 1 / 16 samples
Fra:1 Mem:63.59M (Peak 63.59M) | Time:00:02.04 | Rendering 16 / 16 samples
Saved: '/workspace/spaceface/design/program/vm-drop/everyday-kit-stills/stills/salvage_clamp/play_chase_abeam.png'
Time: 00:02.21 (Saving: 00:00.14)

[still] salvage_clamp D=67.3 sizeMax=7.48 -> salvage_clamp
23:58:40 | INFO: Data are loaded, start creating Blender stuff
23:58:40 | INFO: Blender create Mesh node Cylinder.024
23:58:40 | INFO: Blender create Mesh node Cube.009
23:58:40 | INFO: Blender create Mesh node Cylinder.025
23:58:40 | INFO: Blender create Mesh node Cube.010
23:58:40 | INFO: Blender create Mesh node Cube.008
23:58:40 | INFO: Blender create Mesh node Cube.007
23:58:40 | INFO: Blender create Mesh node Cube.001
23:58:40 | INFO: Blender create Mesh node Cube.002
23:58:40 | INFO: Blender create Mesh node Cube.003
23:58:40 | INFO: Blender create Mesh node Cube.004
23:58:40 | INFO: Blender create Mesh node Cube.005
23:58:40 | INFO: glTF import finished in 0.01s
Fra:1 Mem:63.26M (Peak 63.26M) | Time:00:00.61 | Rendering 1 / 16 samples
Fra:1 Mem:63.26M (Peak 63.26M) | Time:00:02.01 | Rendering 16 / 16 samples
Saved: '/workspace/spaceface/design/program/vm-drop/everyday-kit-stills/stills/scrap_cage/play_chase.png'
Time: 00:02.19 (Saving: 00:00.14)

Fra:1 Mem:63.26M (Peak 63.26M) | Time:00:00.57 | Rendering 1 / 16 samples
Fra:1 Mem:63.26M (Peak 63.26M) | Time:00:02.07 | Rendering 16 / 16 samples
Saved: '/workspace/spaceface/design/program/vm-drop/everyday-kit-stills/stills/scrap_cage/play_chase_abeam.png'
Time: 00:02.25 (Saving: 00:00.14)

[still] scrap_cage D=100.0 sizeMax=11.11 -> scrap_cage
23:58:45 | INFO: Data are loaded, start creating Blender stuff
23:58:45 | INFO: Blender create Mesh node Cylinder.176
23:58:45 | INFO: Blender create Mesh node Cylinder.086
23:58:45 | INFO: Blender create Mesh node Cylinder.116
23:58:45 | INFO: Blender create Mesh node Cylinder.056
23:58:45 | INFO: Blender create Mesh node Cylinder.070
23:58:45 | INFO: Blender create Mesh node Cylinder.014
23:58:45 | INFO: Blender create Mesh node Cylinder.028
23:58:45 | INFO: Blender create Mesh node Cylinder.042
23:58:45 | INFO: Blender create Mesh node Cube.007
23:58:45 | INFO: Blender create Mesh node Cube.006
23:58:45 | INFO: Blender create Mesh node Cylinder.177
23:58:45 | INFO: Blender create Mesh node Cylinder.146
23:58:45 | INFO: Blender create Mesh node Cube.005
23:58:45 | INFO: Blender create Mesh node Cube.001
23:58:45 | INFO: Blender create Mesh node Cylinder.150
23:58:45 | INFO: Blender create Mesh node Cylinder.154
23:58:45 | INFO: Blender create Mesh node Cylinder.155
23:58:45 | INFO: Blender create Mesh node Cylinder.156
23:58:45 | INFO: Blender create Mesh node Cube.008
23:58:45 | INFO: Blender create Mesh node Cylinder.160
23:58:45 | INFO: Blender create Mesh node Cylinder.164
23:58:45 | INFO: Blender create Mesh node Cylinder.165
23:58:45 | INFO: Blender create Mesh node Cylinder.166
23:58:45 | INFO: Blender create Mesh node Cube.002
23:58:45 | INFO: Blender create Mesh node Cube.004
23:58:45 | INFO: Blender create Mesh node Cylinder.170
23:58:45 | INFO: Blender create Mesh node Cylinder.174
23:58:45 | INFO: Blender create Mesh node Cylinder.175
23:58:45 | INFO: Blender create Mesh node Cylinder.084
23:58:45 | INFO: glTF import finished in 0.02s
Fra:1 Mem:65.42M (Peak 65.56M) | Time:00:00.60 | Rendering 1 / 16 samples
Fra:1 Mem:65.42M (Peak 65.56M) | Time:00:02.03 | Rendering 16 / 16 samples
Saved: '/workspace/spaceface/design/program/vm-drop/everyday-kit-stills/stills/hull_rack/play_chase.png'
Time: 00:02.20 (Saving: 00:00.13)

Fra:1 Mem:65.42M (Peak 65.42M) | Time:00:00.56 | Rendering 1 / 16 samples
Fra:1 Mem:65.42M (Peak 65.42M) | Time:00:01.95 | Rendering 16 / 16 samples
Saved: '/workspace/spaceface/design/program/vm-drop/everyday-kit-stills/stills/hull_rack/play_chase_abeam.png'
Time: 00:02.13 (Saving: 00:00.13)

[still] hull_rack D=154.1 sizeMax=17.12 -> hull_rack
23:58:49 | INFO: Data are loaded, start creating Blender stuff
23:58:49 | INFO: Blender create Mesh node Cylinder.014
23:58:49 | INFO: Blender create Mesh node Cylinder.003
23:58:49 | INFO: Blender create Mesh node Cylinder.015
23:58:49 | INFO: Blender create Mesh node Cylinder.006
23:58:49 | INFO: Blender create Mesh node Cylinder.007
23:58:49 | INFO: Blender create Mesh node Cylinder.008
23:58:49 | INFO: Blender create Mesh node Cylinder.009
23:58:49 | INFO: Blender create Mesh node Cylinder.010
23:58:49 | INFO: Blender create Mesh node Cube.022
23:58:49 | INFO: Blender create Mesh node Cube.019
23:58:49 | INFO: Blender create Mesh node Cube.003
23:58:49 | INFO: Blender create Mesh node Cube.006
23:58:49 | INFO: Blender create Mesh node Cube.005
23:58:49 | INFO: Blender create Mesh node Cube.004
23:58:49 | INFO: Blender create Mesh node Cube.016
23:58:49 | INFO: Blender create Mesh node Cube.014
23:58:49 | INFO: Blender create Mesh node Cube.021
23:58:49 | INFO: Blender create Mesh node Cylinder.011
23:58:49 | INFO: Blender create Mesh node Cube.018
23:58:49 | INFO: Blender create Mesh node Cube.017
23:58:49 | INFO: Blender create Mesh node Cylinder.012
23:58:49 | INFO: Blender create Mesh node Cube.020
23:58:49 | INFO: Blender create Mesh node Cube.015
23:58:49 | INFO: Blender create Mesh node Cube.023
23:58:49 | INFO: Blender create Mesh node Cube.001
23:58:49 | INFO: glTF import finished in 0.02s
Fra:1 Mem:64.76M (Peak 64.76M) | Time:00:00.54 | Rendering 1 / 16 samples
Fra:1 Mem:64.76M (Peak 64.76M) | Time:00:01.96 | Rendering 16 / 16 samples
Saved: '/workspace/spaceface/design/program/vm-drop/everyday-kit-stills/stills/illicit_transfer_frame/play_chase.png'
Time: 00:02.14 (Saving: 00:00.15)

Fra:1 Mem:64.76M (Peak 64.76M) | Time:00:00.58 | Rendering 1 / 16 samples
Fra:1 Mem:64.76M (Peak 64.76M) | Time:00:02.03 | Rendering 16 / 16 samples
Saved: '/workspace/spaceface/design/program/vm-drop/everyday-kit-stills/stills/illicit_transfer_frame/play_chase_abeam.png'
Time: 00:02.21 (Saving: 00:00.14)

[still] illicit_transfer_frame D=108.9 sizeMax=12.10 -> illicit_transfer_frame
23:58:53 | INFO: Data are loaded, start creating Blender stuff
23:58:53 | INFO: Blender create Mesh node Cylinder.030
23:58:53 | INFO: Blender create Mesh node Cylinder.031
23:58:53 | INFO: Blender create Mesh node Cube.023
23:58:53 | INFO: Blender create Mesh node Cube.018
23:58:53 | INFO: Blender create Mesh node Cube.022
23:58:53 | INFO: Blender create Mesh node Cylinder.014
23:58:53 | INFO: Blender create Mesh node Cylinder.028
23:58:53 | INFO: Blender create Mesh node Cube.021
23:58:53 | INFO: Blender create Mesh node Cube.020
23:58:53 | INFO: Blender create Mesh node Cube.024
23:58:53 | INFO: Blender create Mesh node Cube.003
23:58:53 | INFO: Blender create Mesh node Cube.002
23:58:53 | INFO: Blender create Mesh node Cube.001
23:58:53 | INFO: Blender create Mesh node Cube.015
23:58:53 | INFO: Blender create Mesh node Cube.016
23:58:53 | INFO: Blender create Mesh node Cube.017
23:58:53 | INFO: Blender create Mesh node Cube.013
23:58:53 | INFO: Blender create Mesh node Cube.011
23:58:53 | INFO: Blender create Mesh node Cube.012
23:58:53 | INFO: Blender create Mesh node Cube.014
23:58:53 | INFO: Blender create Mesh node Cylinder.029
23:58:53 | INFO: Blender create Mesh node Cylinder.026
23:58:53 | INFO: glTF import finished in 0.02s
Fra:1 Mem:64.58M (Peak 64.58M) | Time:00:00.59 | Rendering 1 / 16 samples
Fra:1 Mem:64.58M (Peak 64.58M) | Time:00:02.05 | Rendering 16 / 16 samples
Saved: '/workspace/spaceface/design/program/vm-drop/everyday-kit-stills/stills/improvised_dock/play_chase.png'
Time: 00:02.23 (Saving: 00:00.14)

Fra:1 Mem:64.58M (Peak 64.58M) | Time:00:00.63 | Rendering 1 / 16 samples
Fra:1 Mem:64.58M (Peak 64.58M) | Time:00:02.27 | Rendering 16 / 16 samples
Saved: '/workspace/spaceface/design/program/vm-drop/everyday-kit-stills/stills/improvised_dock/play_chase_abeam.png'
Time: 00:02.44 (Saving: 00:00.14)

[still] improvised_dock D=112.2 sizeMax=12.47 -> improvised_dock
23:58:58 | INFO: Data are loaded, start creating Blender stuff
23:58:58 | INFO: Blender create Mesh node Cylinder.035
23:58:58 | INFO: Blender create Mesh node Cylinder.014
23:58:58 | INFO: Blender create Mesh node Cylinder.036
23:58:58 | INFO: Blender create Mesh node Cube.007
23:58:58 | INFO: Blender create Mesh node Cylinder.030
23:58:58 | INFO: Blender create Mesh node Cylinder.031
23:58:58 | INFO: Blender create Mesh node Cylinder.032
23:58:58 | INFO: Blender create Mesh node Cube.001
23:58:58 | INFO: Blender create Mesh node Cube.002
23:58:58 | INFO: Blender create Mesh node Cube.003
23:58:58 | INFO: Blender create Mesh node Cube.004
23:58:58 | INFO: Blender create Mesh node Cube.006
23:58:58 | INFO: Blender create Mesh node Cylinder.033
23:58:58 | INFO: Blender create Mesh node Cone.002
23:58:58 | INFO: Blender create Mesh node Cylinder.034
23:58:58 | INFO: Blender create Mesh node Sphere.002
23:58:58 | INFO: Blender create Mesh node Cube.005
23:58:58 | INFO: Blender create Mesh node Cone.001
23:58:58 | INFO: Blender create Mesh node Cylinder.029
23:58:58 | INFO: Blender create Mesh node Sphere.001
23:58:58 | INFO: glTF import finished in 0.02s
Fra:1 Mem:64.34M (Peak 64.34M) | Time:00:00.61 | Rendering 1 / 16 samples
Fra:1 Mem:64.34M (Peak 64.34M) | Time:00:02.05 | Rendering 16 / 16 samples
Saved: '/workspace/spaceface/design/program/vm-drop/everyday-kit-stills/stills/pirate_sensor_mast/play_chase.png'
Time: 00:02.23 (Saving: 00:00.15)

Fra:1 Mem:64.34M (Peak 64.34M) | Time:00:00.55 | Rendering 1 / 16 samples
Fra:1 Mem:64.34M (Peak 64.34M) | Time:00:01.97 | Rendering 16 / 16 samples
Saved: '/workspace/spaceface/design/program/vm-drop/everyday-kit-stills/stills/pirate_sensor_mast/play_chase_abeam.png'
Time: 00:02.14 (Saving: 00:00.14)

[still] pirate_sensor_mast D=104.5 sizeMax=11.61 -> pirate_sensor_mast
23:59:02 | INFO: Data are loaded, start creating Blender stuff
23:59:02 | INFO: Blender create Mesh node Cube.013
23:59:02 | INFO: Blender create Mesh node Cube.009
23:59:02 | INFO: Blender create Mesh node Cylinder.003
23:59:02 | INFO: Blender create Mesh node Sphere.002
23:59:02 | INFO: Blender create Mesh node Sphere.001
23:59:02 | INFO: Blender create Mesh node Cube.008
23:59:02 | INFO: Blender create Mesh node Cube.005
23:59:02 | INFO: Blender create Mesh node Cube.004
23:59:02 | INFO: Blender create Mesh node Cylinder.001
23:59:02 | INFO: Blender create Mesh node Cube.003
23:59:02 | INFO: Blender create Mesh node Cube.007
23:59:02 | INFO: Blender create Mesh node Cube.006
23:59:02 | INFO: Blender create Mesh node Cube.011
23:59:02 | INFO: Blender create Mesh node Cube.010
23:59:02 | INFO: Blender create Mesh node Cube.012
23:59:02 | INFO: Blender create Mesh node Cube.001
23:59:02 | INFO: Blender create Mesh node Cube.002
23:59:02 | INFO: glTF import finished in 0.02s
Fra:1 Mem:64.00M (Peak 64.00M) | Time:00:00.54 | Rendering 1 / 16 samples
Fra:1 Mem:64.00M (Peak 64.00M) | Time:00:01.90 | Rendering 16 / 16 samples
Saved: '/workspace/spaceface/design/program/vm-drop/everyday-kit-stills/stills/power_skid_patched/play_chase.png'
Time: 00:02.08 (Saving: 00:00.14)

Fra:1 Mem:64.00M (Peak 64.00M) | Time:00:00.56 | Rendering 1 / 16 samples
Fra:1 Mem:64.00M (Peak 64.00M) | Time:00:01.99 | Rendering 16 / 16 samples
Saved: '/workspace/spaceface/design/program/vm-drop/everyday-kit-stills/stills/power_skid_patched/play_chase_abeam.png'
Time: 00:02.17 (Saving: 00:00.13)

[still] power_skid_patched D=74.2 sizeMax=8.25 -> power_skid_patched
[report] pieces=46 ok=46 fail=0 -> design/program/vm-drop/everyday-kit-stills/build-report.json

Blender quit
