
> spaceface@0.1.0 probe:smooth-flight:crucible
> node scripts/probe-smooth-flight.mjs --crucible

  fat event payloads:
    bufferFullUpload@156.sourceData 48 KB
    bufferFullUpload@156.sourceData 43 KB
    bufferFullUpload@156.sourceData 64 KB
    bufferFullUpload@156.sourceData 21 KB
    bufferFullUpload@156.sourceData 21 KB
    bufferFullUpload@156.sourceData 1 KB
    bufferFullUpload@156.sourceData 4 KB
    bufferFullUpload@156.sourceData 29 KB
    bufferFullUpload@156.sourceData 13 KB
    bufferFullUpload@156.sourceData 24 KB
    bufferFullUpload@156.sourceData 36 KB
    bufferFullUpload@156.sourceData 12 KB
    bufferFullUpload@156.sourceData 12 KB
    bufferFullUpload@156.sourceData 111 KB
    bufferFullUpload@156.sourceData 167 KB
    bufferFullUpload@156.sourceData 56 KB
    bufferFullUpload@156.sourceData 56 KB
    bufferFullUpload@156.sourceData 46 KB
    bufferFullUpload@156.sourceData 68 KB
    bufferFullUpload@156.sourceData 23 KB

SMOOTH-FLIGHT WITNESS
  GPU                         ANGLE (Google, Vulkan 1.3.0 (SwiftShader Device (Subzero) (0x0000C0DE)), SwiftShader driver)
  whole-machine CPU busy      67 % of 8 logical cores during the sample (the game alone is ~10-15 %)
  route                       CRUCIBLE swarm, seed 4242, default kit; at end: 10 other ships, 2 projectiles, 104 entities, 0 draw calls, 0k triangles
  launch to flight            10.3 s
  sample                      after 0 s of flight: 30 s, 345 frames, 12.4 fps mean
  frame time p50/p95/p99      66.7 / 116.7 / 166.6 ms; worst 733 ms
  frames over 33 / 50 / 100   345 (100.0 %) / 334 (96.8 %) / 34
  typical frame costs (ms)    callback 19.1  sim 9.3  present 9.6  render 6.3  vfx 1.1  ui 2.1  feel 0.1  admission 0.6
  before a LONG frame (ms)    callback 19.1  sim 9.3  present 9.6  render 6.3  vfx 1.1  ui 2.1  feel 0.1  admission 0.6
  long frames paid in JS      259 of 344 (the rest: GPU, compositor or GC outside the game's callback)
  worst freezes (ms): interval <- callback = sim + present(render, vfx, ui) ...
    # 107   733 <- callback   29  sim    8  present   20  (render 18, vfx 1, ui 1)  admission 2  — no wave event within 2s
    # 323   267 <- callback   41  sim   20  present   21  (render 18, vfx 1, ui 1)  admission 4  — no wave event within 2s
    #  66   233 <- callback   23  sim   12  present   11  (render 7, vfx 2, ui 3)  admission 0  — no wave event within 2s
    #  25   167 <- callback   14  sim    0  present   13  (render 11, vfx 2, ui 1)  admission 27  — no wave event within 2s
    # 316   150 <- callback   15  sim    5  present   10  (render 6, vfx 1, ui 2)  admission 0  — no wave event within 2s
    #  26   133 <- callback   28  sim   13  present   15  (render 9, vfx 2, ui 5)  admission 16  — no wave event within 2s
    #  15   133 <- callback   21  sim    6  present   15  (render 9, vfx 2, ui 4)  admission 0  — no wave event within 2s
    #  55   133 <- callback   22  sim    8  present   13  (render 8, vfx 1, ui 4)  admission 0  — no wave event within 2s
    # 121   133 <- callback   23  sim   13  present   10  (render 7, vfx 2, ui 1)  admission 0  — no wave event within 2s
    # 284   133 <- callback   19  sim   10  present    9  (render 5, vfx 1, ui 3)  admission 0  — no wave event within 2s
  wave events (s into sample)   -10.6s run:wavePlanned w1   -10.6s run:waveMaterialized w1 [wasp_swarmer×5]   -10.6s run:waveStarted w1   -1.4s run:waveMaterialized w1 [wasp_swarmer×5]
  wave arrival in window      COVERED (edge) — the wave materialized on the first flight ticks just before the sample clock started; its spawn cost lands inside the window via deferred mesh builds.
  program links / buffer uploads shaderLinks +20, bufferFullUploads +502, bufferPartialUploads +30758
  link placement                0 frame(s) paid a draw-time link; 20 link(s) landed off-frame (async compile); novelty: 16 NOVEL, 0 RELINK, 0 unkeyed
  admissions queued at flight   pipelines 0, residency 0
  roster prewarm at flight      no exemplar roots mounted
  cook ledger                 opening.rockSurfaceLibrary 19ms resolved | opening.firstPresentAdmission 18ms resolved | opening.planWait 372ms resolved | opening.plan 0ms skipped (reason=opening-plan-incomplete) | wait.prepareOpeningGpuResources 409ms resolved
    +5.8s  [NOVEL] SF_Shared_mechanical_dark  (physical,STANDARD,,highp,srgb-linear,306,1024,uv,false,false,false,false,uv,false,false,uv,uv,false,false,false,false,false,false,false,false,false,false,false,false,false,,true,false,0,,3,9,0,0,0,0,0,0,0,0,0,1,0,0,0,0,8421457,149507,srgb,spaceface-surface-breakup-v4-file-scope|spaceface-illustrated-surface-v8)  via GLTFKit_InstancePool_SF_WHOLESHIP_ASHLINE_DART_LOD0_Remaster
        Δ instancing:off→on
    +8.4s  [NOVEL] SF_Shared_hull_textured_hull  (physical,STANDARD,,highp,srgb-linear,306,1024,uv,false,false,uv,false,uv,false,false,uv,uv,false,false,false,false,false,false,false,false,false,false,false,false,false,,true,false,0,,3,9,0,0,0,0,0,0,0,0,0,1,0,0,0,0,8421457,149507,srgb,spaceface-surface-breakup-v4-file-scope|spaceface-illustrated-surface-v8)  via Asteroid_311,GLTFKit_InstancePool_SF_WHOLESHIP_ASHLINE_DART_
        Δ instancing:off→on
        owners: SF_Shared_hull_textured_hull@LOD0_Merged_Material_Hull  SF_Shared_hull_textured_hull@LOD1_Merged_Material_Hull  SF_Shared_hull_textured_hull@LOD2_Merged_Material_Hull  SF_Shared_hull_textured_hull@GLTFKit_InstancePool_SF_WHOLESHIP_ASHLINE_DART_LOD0_Merged_Material_Hull_0
    +8.4s  [NOVEL] SF_Shared_accent_accent  (physical,STANDARD,,highp,srgb-linear,306,1024,uv,false,false,false,false,uv,false,false,uv,uv,false,false,false,false,false,false,false,false,false,false,false,false,false,,true,false,0,,3,9,0,0,0,0,0,0,0,0,0,1,0,0,0,0,8421457,147459,srgb,spaceface-surface-breakup-v4-file-scope|spaceface-illustrated-surface-v8)  via Asteroid_311,GLTFKit_InstancePool_SF_WHOLESHIP_ASHLINE_DART_
        Δ instancing:off→on
        owners: SF_Shared_accent_accent@Pulse_Muzzle_Glow  SF_Shared_mechanical_dark@weapon_pulse_cannon_Material_Mechanical_Merged  SF_Shared_accent_accent@GLTFKit_InstancePool_SF_WEAPON_PULSE_CANNON_Pulse_Muzzle_Glow_0  SF_Shared_mechanical_dark@GLTFKit_InstancePool_SF_WEAPON_PULSE_CANNON_weapon_pulse_cannon_Material_Mechanical_Merged_0
    +8.5s  [NOVEL] SF_Shared_hull_textured_hull  (physical,STANDARD,,highp,srgb-linear,306,1024,uv,false,false,uv,false,uv,false,false,uv,uv,false,false,false,false,false,false,false,false,false,false,false,false,false,,true,false,0,,3,9,0,0,0,0,0,0,0,0,0,1,0,0,0,0,8421457,147459,srgb,spaceface-surface-breakup-v4-file-scope|spaceface-illustrated-surface-v8)  via Asteroid_311,GLTFKit_InstancePool_SF_WHOLESHIP_ASHLINE_DART_
        Δ instancing:off→on
        owners: SF_Shared_hull_textured_hull@weapon_pulse_cannon_Material_Hull_Merged001  SF_Shared_hull_textured_hull@GLTFKit_InstancePool_SF_WEAPON_PULSE_CANNON_weapon_pulse_cannon_Material_Hull_Merged001_0
    +8.5s  [NOVEL] SF_Shared_none_textured_none_native  (physical,STANDARD,,PHYSICAL,,highp,srgb-linear,306,1024,uv,false,false,uv,false,uv,false,false,uv,uv,false,false,false,false,false,false,false,false,false,false,false,false,false,,true,false,0,,3,9,0,0,0,0,0,0,0,0,0,1,0,0,0,0,8421585,149507,srgb,spaceface-surface-breakup-v4-file-scope|spaceface-illustrated-surface-v8)  via Asteroid_311,GLTFKit_InstancePool_SF_WHOLESHIP_ASHLINE_DART_
        Δ instancing:off→on
        owners: SF_Shared_none_textured_none_native@weapon_pulse_cannon_Material_Hull_Merged001_1  SF_Shared_mechanical_dark@Remaster_Material_Mechanical_BrushedNickel  SF_Shared_none_textured_none_native@Remaster_Material_Hull_VitreousCeramic  SF_Shared_mechanical_dark@Remaster_Material_Mechanical_ShadowEnamel
    +8.6s  [NOVEL] ?  (physical,STANDARD,,highp,srgb-linear,306,1024,false,false,false,false,false,false,false,false,false,uv,false,false,false,false,false,false,false,false,false,false,false,false,false,,true,false,0,,3,9,0,0,0,0,0,0,0,0,0,1,0,0,0,0,8388624,131079,srgb,spaceface-illustrated-surface-v8)  via Asteroid_311,GLTFKit_InstancePool_SF_WHOLESHIP_ASHLINE_DART_  [at getProgram () <- at prepareMaterial () <- at  <- at Mesh.traverse ()]
        Δ roughnessMapUv:false→uv | flatShading:off→on
        owners: MeshStandardMaterial@Mesh
    +8.7s  [NOVEL] sf-energy-massline:halo  (74,75,highp,srgb-linear,false,,false,false,false,false,false,false,false,false,false,false,false,false,false,false,false,false,false,false,false,false,false,false,false,,true,false,0,,3,9,0,0,0,0,0,0,0,0,0,1,0,0,0,0,8388608,2049,srgb,onBeforeCompile( /* shaderobject, renderer */ ) {})  via Asteroid_311,GLTFKit_InstancePool_SF_WHOLESHIP_ASHLINE_DART_
        owners: sf-energy-massline:halo@Mesh  sf-energy-massline:core@Mesh
    +11.6s  [NOVEL] SF_Shared_none_textured_none_native  (physical,STANDARD,,highp,srgb-linear,306,1024,uv,false,false,uv,false,uv,false,false,uv,uv,false,false,false,false,false,false,false,false,false,false,false,false,false,,true,false,0,,3,9,0,0,0,0,0,0,0,0,0,1,0,0,0,0,8421456,149507,srgb,spaceface-illustrated-surface-v8)  via GLTFKit_SF_PLACE_STATION_MILITARY
        Δ aoMapUv:false→uv
        owners: SF_Shared_none_textured_none_native@LOD0_Station_Material_Warning  SF_Shared_none_textured_none_native@LOD1_Station_Material_Warning  SF_Shared_none_textured_none_native@LOD2_Station_Material_Warning  SF_Shared_none_textured_none_native@GLTFKit_StaticGroup_14_12
    +16.6s  [NOVEL] SF_Shared_none_textured_none_native  (physical,STANDARD,,PHYSICAL,,highp,srgb-linear,306,1024,uv,false,false,uv,false,uv,false,false,uv,uv,false,false,false,false,false,false,false,false,false,false,false,false,false,,true,false,0,,3,9,0,0,0,0,0,0,0,0,0,1,0,0,0,0,8421456,149507,srgb,spaceface-illustrated-surface-v8)  via GLTFKit_place_asteroid_seamed
        Δ aoMapUv:false→uv
        owners: SF_Shared_none_textured_none_native@LOD0_Seamed_Material_Fracture  SF_Shared_none_textured_none_native@LOD1_Seamed_Material_Fracture  SF_Shared_none_textured_none_native@LOD2_Seamed_Material_Fracture  SF_Shared_none_textured_none_native@GLTFKit_StaticGroup_5_5
    +16.6s  [NOVEL] SF_Shared_none_textured_none_native  (physical,STANDARD,,highp,srgb-linear,306,1024,uv,false,false,uv,false,uv,false,false,uv,uv,false,false,false,false,false,false,false,false,false,false,false,false,false,,true,false,0,,3,9,0,0,0,0,0,0,0,0,0,1,0,0,0,0,8422480,149507,srgb,spaceface-illustrated-surface-v8)  via GLTFKit_place_asteroid_seamed
        Δ aoMapUv:false→uv | vertexColors:off→on
        owners: SF_Shared_none_textured_none_native@LOD0_Seamed_Material_Mineral  SF_Shared_none_textured_none_native@LOD1_Seamed_Material_Mineral  SF_Shared_none_textured_none_native@LOD2_Seamed_Material_Mineral  SF_Shared_none_textured_none_native@GLTFKit_StaticGroup_5_5
    +16.6s  [NOVEL] SF_Shared_none_textured_none_native  (physical,STANDARD,,PHYSICAL,,highp,srgb-linear,306,1024,uv,false,false,uv,false,uv,false,false,uv,uv,false,false,false,false,false,false,false,false,false,false,false,false,false,,true,false,0,,3,9,0,0,0,0,0,0,0,0,0,1,0,0,0,0,8422480,149507,srgb,spaceface-illustrated-surface-v8)  via GLTFKit_place_asteroid_seamed
        Δ aoMapUv:false→uv | vertexColors:off→on
        owners: SF_Shared_none_textured_none_native@LOD0_Seamed_Material_Regolith  SF_Shared_none_textured_none_native@LOD1_Seamed_Material_Regolith  SF_Shared_none_textured_none_native@LOD2_Seamed_Material_Regolith  SF_Shared_none_textured_none_native@GLTFKit_StaticGroup_5_5
    +28.7s  [NOVEL] ?  (physical,STANDARD,,highp,srgb-linear,306,1024,uv,false,false,false,false,uv,false,false,false,uv,false,false,false,false,false,false,false,false,false,false,false,false,false,,true,false,0,,3,9,0,0,0,0,0,0,0,0,0,1,0,0,0,0,8388688,131075,srgb,spaceface-illustrated-surface-v8)  via Group:ship  [at getProgram () <- at prepareMaterial () <- at  <- at Mesh.traverse ()]
        Δ metalnessMapUv:uv→false
        owners: MeshStandardMaterial@Mesh  MeshStandardMaterial@sf-static-merge
    +28.7s  [NOVEL] ?  (physical,STANDARD,,PHYSICAL,,highp,srgb-linear,306,1024,false,false,false,false,false,false,false,false,false,false,false,false,false,false,false,false,false,false,false,false,false,false,false,,true,false,0,,3,9,0,0,0,0,0,0,0,0,0,1,0,0,0,0,8388752,4099,srgb,)  via Group:ship  [at getProgram () <- at prepareMaterial () <- at  <- at Mesh.traverse ()]
        Δ clearcoat:off→on | flipSided:off→on
    +28.7s  [NOVEL] ?  (physical,STANDARD,,PHYSICAL,,highp,srgb-linear,306,1024,false,false,false,false,false,false,false,false,false,false,false,false,false,false,false,false,false,false,false,false,false,false,false,,true,false,0,,3,9,0,0,0,0,0,0,0,0,0,1,0,0,0,0,8388752,3,srgb,)  via Group:ship  [at getProgram () <- at prepareMaterial () <- at  <- at Mesh.traverse ()]
        Δ clearcoat:off→on
        owners: MeshPhysicalMaterial@Mesh
    +28.8s  [NOVEL] ?  (physical,STANDARD,,highp,srgb-linear,306,1024,uv,false,false,false,false,false,false,false,false,false,false,false,false,false,false,false,false,false,false,false,false,false,false,,true,false,0,,3,9,0,0,0,0,0,0,0,0,0,1,0,0,0,0,8388624,3,srgb,)  via Group:ship  [at getProgram () <- at prepareMaterial () <- at  <- at Mesh.traverse ()]
        Δ mapUv:false→uv
        owners: MeshStandardMaterial@Mesh
    +28.8s  [NOVEL] ?  (physical,STANDARD,,highp,srgb-linear,306,1024,uv,false,false,false,false,false,false,false,false,false,false,false,false,false,false,false,false,false,false,false,false,false,false,,true,false,0,,3,9,0,0,0,0,0,0,0,0,0,1,0,0,0,0,8388624,4099,srgb,)  via Group:ship  [at getProgram () <- at prepareMaterial () <- at  <- at Mesh.traverse ()]
        Δ alphaTest:on→off
  boundary census at flight   authored×10 loading×50 awaiting-authored-admission×5
  non-terminal at start       ship_wasp(ship,loading->authored) ship_wasp(ship,loading->authored) ship_wasp(ship,loading->authored) ship_wasp(ship,loading->authored) station_helios(station,loading,never-req->authored) station_coalition(station,loading,never-req->authored) place_asteroid_seamed(asteroid,loading,never-req->authored) place_asteroid_rock_a(asteroid,loading,never-req->authored) 74(station,loading,never-req->authored) 75(station,loading,never-req->authored) 76(station,loading,never-req->authored) place_memorial_array(fx,loading,never-req->loading) place_debris_chunk(fx,loading,never-req->loading) place_cold_locker(fx,loading,never-req->loading) station_ceres(station,loading,never-req->loading) station_beltout(station,loading,never-req->loading) place_asteroid_rock_a(asteroid,loading,never-req->loading) place_asteroid_seamed(asteroid,loading,never-req->loading)
  program-key drift (old -> new):
    ship_wasp
      - (no program at start)
      + physical,STANDARD,,highp,srgb-linear,306,1024,false,false,false,false,false,false,false,false,false,false,false,false,false,false,false,false,false,false,false, [NOT warmed — nearest Δ specularColorMapUv:false→ | specularIntensityMapUv:false→∅ | transmissionMapUv:false→∅ | thicknessMapUv:false→∅]
    ship_wasp
      - (no program at start)
      + basic,highp,srgb-linear,false,,false,false,false,false,false,false,false,false,false,false,false,false,false,false,false,false,false,false,false,false,false,fal [NOT warmed — nearest Δ transmissionMapUv:false→fal | thicknessMapUv:false→∅ | combine:0→∅ | fogExp2:true→∅]
    ship_wasp
      - (no program at start)
      + physical,STANDARD,,highp,srgb-linear,306,1024,uv,false,false,false,false,uv,false,false,uv,uv,false,false,false,false,false,false,false,false,false,false,false, [NOT warmed — nearest Δ normalMapUv:false→uv | transmissionMapUv:false→ | thicknessMapUv:false→∅ | fogExp2:true→∅]
    ship_wasp
      - (no program at start)
      + physical,STANDARD,,highp,srgb-linear,306,1024,uv,false,false,false,false,uv,false,false,uv,uv,false,false,false,false,false,false,false,false,false,false,false, [NOT warmed — nearest Δ normalMapUv:false→uv | transmissionMapUv:false→ | thicknessMapUv:false→∅ | fogExp2:true→∅]
    ship_wasp
      - (no program at start)
      + physical,STANDARD,,highp,srgb-linear,306,1024,uv,false,false,false,false,uv,false,false,uv,uv,false,false,false,false,false,false,false,false,false,false,false, [NOT warmed — nearest Δ normalMapUv:false→uv | transmissionMapUv:false→ | thicknessMapUv:false→∅ | fogExp2:true→∅]
    ship_wasp
      - (no program at start)
      + physical,STANDARD,,highp,srgb-linear,306,1024,uv,false,false,false,false,uv,false,false,uv,uv,false,false,false,false,false,false,false,false,false,false,false, [NOT warmed — nearest Δ normalMapUv:false→uv | transmissionMapUv:false→ | thicknessMapUv:false→∅ | fogExp2:true→∅]
    ship_wasp
      - (no program at start)
      + physical,STANDARD,,highp,srgb-linear,306,1024,uv,false,false,uv,false,uv,false,false,uv,uv,false,false,false,false,false,false,false,false,false,false,false,fal [NOT warmed — nearest Δ aoMapUv:false→uv | normalMapUv:false→uv | transmissionMapUv:false→fal | thicknessMapUv:false→∅]
    ship_wasp
      - (no program at start)
      + physical,STANDARD,,highp,srgb-linear,306,1024,uv,false,false,uv,false,uv,false,false,uv,uv,false,false,false,false,false,false,false,false,false,false,false,fal [NOT warmed — nearest Δ aoMapUv:false→uv | normalMapUv:false→uv | transmissionMapUv:false→fal | thicknessMapUv:false→∅]
    ship_wasp
      - (no program at start)
      + physical,STANDARD,,PHYSICAL,,highp,srgb-linear,306,1024,uv,false,false,uv,false,uv,false,false,uv,uv,false,false,false,false,false,false,false,false,false,false [NOT warmed — nearest Δ aoMapUv:false→uv | normalMapUv:false→uv | specularIntensityMapUv:false→∅ | transmissionMapUv:false→∅]
    ship_wasp
      - (no program at start)
      + physical,STANDARD,,highp,srgb-linear,306,1024,uv,false,false,uv,false,uv,false,false,uv,uv,false,false,false,false,false,false,false,false,false,false,false,fal [NOT warmed — nearest Δ aoMapUv:false→uv | normalMapUv:false→uv | transmissionMapUv:false→fal | thicknessMapUv:false→∅]
    ship_wasp
      - (no program at start)
      + physical,STANDARD,,highp,srgb-linear,306,1024,uv,false,false,uv,false,uv,false,false,uv,uv,false,false,false,false,false,false,false,false,false,false,false,fal [NOT warmed — nearest Δ aoMapUv:false→uv | normalMapUv:false→uv | transmissionMapUv:false→fal | thicknessMapUv:false→∅]
    ship_wasp
      - (no program at start)
      + physical,STANDARD,,highp,srgb-linear,306,1024,uv,false,false,false,false,uv,false,false,uv,uv,false,false,false,false,false,false,false,false,false,false,false, [NOT warmed — nearest Δ normalMapUv:false→uv | transmissionMapUv:false→ | thicknessMapUv:false→∅ | fogExp2:true→∅]
    ship_wasp
      - (no program at start)
      + physical,STANDARD,,highp,srgb-linear,306,1024,uv,false,false,uv,false,uv,false,false,uv,uv,false,false,false,false,false,false,false,false,false,false,false,fal [NOT warmed — nearest Δ aoMapUv:false→uv | normalMapUv:false→uv | transmissionMapUv:false→fal | thicknessMapUv:false→∅]
    ship_wasp
      - (no program at start)
      + physical,STANDARD,,PHYSICAL,,highp,srgb-linear,306,1024,uv,false,false,uv,false,uv,false,false,uv,uv,false,false,false,false,false,false,false,false,false,false [NOT warmed — nearest Δ aoMapUv:false→uv | normalMapUv:false→uv | specularIntensityMapUv:false→∅ | transmissionMapUv:false→∅]
  mesh builds in sample:
    +8.2s  build asteroid:ast_common_rock
    +8.2s  build asteroid:ast_common_rock
    +8.2s  build asteroid:ast_common_rock
    +8.2s  build asteroid:ast_common_rock
    +8.2s  build asteroid:ast_common_rock
    +8.2s  build asteroid:ast_common_rock
    +14.3s  build asteroid:ast_common_rock
    +14.3s  build asteroid:ast_common_rock
    +14.3s  build asteroid:ast_common_rock
    +14.3s  build asteroid:ast_common_rock
    +14.3s  build asteroid:ast_common_rock
    +14.3s  build asteroid:ast_common_rock
    +14.3s  build asteroid:ast_common_rock
    +14.3s  build asteroid:ast_common_rock
    +14.9s  build asteroid:ast_common_rock
    +14.9s  build asteroid:ast_common_rock
    +14.9s  build asteroid:ast_common_rock
    +19.5s  build asteroid:ast_common_rock
    +19.5s  build asteroid:ast_common_rock
    +19.5s  build asteroid:ast_common_rock
    +19.5s  build asteroid:ast_common_rock
    +19.5s  build asteroid:ast_common_rock
    +19.5s  build asteroid:ast_common_rock
    +19.5s  build asteroid:ast_common_rock
    +19.5s  build asteroid:ast_common_rock
    +20.0s  build asteroid:ast_common_rock
    +28.6s  build wreck:342
    +28.6s  build freighter:343
    +29.4s  build freighter:312
    +29.4s  build freighter:366
  buffer uploads in sample:
    +5s  ×1    bufferData 49000B  via res:LOD2_HeliosGolden02_Batch_Mesh_9,LOD2_HeliosGolden02_Bat  <- HeliosGolden02_CommonBatch_Mesh.tangent
    +5s  ×1    bufferData 43968B  via res:LOD2_HeliosGolden02_Batch_Mesh_9,LOD2_HeliosGolden02_Bat  <- HeliosGolden02_CommonBatch_Mesh_1.uv
    +5s  ×1    bufferData 65952B  via res:LOD2_HeliosGolden02_Batch_Mesh_9,LOD2_HeliosGolden02_Bat  <- HeliosGolden02_CommonBatch_Mesh_1.position HeliosGolden02_CommonBatch_Mesh_1.sfH
    +5s  ×1    bufferData 21984B  via res:LOD2_HeliosGolden02_Batch_Mesh_9,LOD2_HeliosGolden02_Bat  <- HeliosGolden02_CommonBatch_Mesh_1.normal
    +5s  ×1    bufferData 21984B  via res:LOD2_HeliosGolden02_Batch_Mesh_9,LOD2_HeliosGolden02_Bat  <- HeliosGolden02_CommonBatch_Mesh_1.tangent
    +5s  ×1    bufferData 1254B  via res:LOD2_HeliosGolden02_Batch_Mesh_9,LOD2_HeliosGolden02_Bat  <- LOD2_HeliosGolden02_Batch_Mesh_9.index
    +5s  ×1    bufferData 3600B  via res:LOD2_HeliosGolden02_Batch_Mesh_9,LOD2_HeliosGolden02_Bat  <- LOD2_HeliosGolden02_Batch_Mesh_10.index
    +5s  ×1    bufferData 29808B  via res:LOD2_HeliosGolden02_Batch_Mesh_9,LOD2_HeliosGolden02_Bat  <- HeliosGolden02_CommonBatch_Mesh.index
    +5s  ×1    bufferData 13560B  via res:LOD2_HeliosGolden02_Batch_Mesh_9,LOD2_HeliosGolden02_Bat  <- HeliosGolden02_CommonBatch_Mesh_1.index
    +5s  ×1    bufferData 24400B  via res:HeliosGolden02_CommonBatch_Mesh_2,HeliosGolden02_CommonB  <- HeliosGolden02_CommonBatch_Mesh_2.uv
    +5s  ×1    bufferData 36600B  via res:HeliosGolden02_CommonBatch_Mesh_2,HeliosGolden02_CommonB  <- HeliosGolden02_CommonBatch_Mesh_2.position HeliosGolden02_CommonBatch_Mesh_2.sfH
    +5s  ×1    bufferData 12200B  via res:HeliosGolden02_CommonBatch_Mesh_2,HeliosGolden02_CommonB  <- HeliosGolden02_CommonBatch_Mesh_2.normal
    +5s  ×1    bufferData 12200B  via res:HeliosGolden02_CommonBatch_Mesh_2,HeliosGolden02_CommonB  <- HeliosGolden02_CommonBatch_Mesh_2.tangent
    +5s  ×1    bufferData 113776B  via res:HeliosGolden02_CommonBatch_Mesh_2,HeliosGolden02_CommonB  <- HeliosGolden02_CommonBatch_Mesh_3.uv
    +5s  ×1    bufferData 170664B  via res:HeliosGolden02_CommonBatch_Mesh_2,HeliosGolden02_CommonB  <- HeliosGolden02_CommonBatch_Mesh_3.position HeliosGolden02_CommonBatch_Mesh_3.sfH
    +5s  ×1    bufferData 56888B  via res:HeliosGolden02_CommonBatch_Mesh_2,HeliosGolden02_CommonB  <- HeliosGolden02_CommonBatch_Mesh_3.normal
    +5s  ×1    bufferData 56888B  via res:HeliosGolden02_CommonBatch_Mesh_2,HeliosGolden02_CommonB  <- HeliosGolden02_CommonBatch_Mesh_3.tangent
    +5s  ×1    bufferData 46704B  via res:HeliosGolden02_CommonBatch_Mesh_2,HeliosGolden02_CommonB  <- HeliosGolden02_CommonBatch_Mesh_4.uv
    +5s  ×1    bufferData 70056B  via res:HeliosGolden02_CommonBatch_Mesh_2,HeliosGolden02_CommonB  <- HeliosGolden02_CommonBatch_Mesh_4.position HeliosGolden02_CommonBatch_Mesh_4.sfH
    +5s  ×1    bufferData 23352B  via res:HeliosGolden02_CommonBatch_Mesh_2,HeliosGolden02_CommonB  <- HeliosGolden02_CommonBatch_Mesh_4.normal
    +5s  ×1    bufferData 23352B  via res:HeliosGolden02_CommonBatch_Mesh_2,HeliosGolden02_CommonB  <- HeliosGolden02_CommonBatch_Mesh_4.tangent
    +5s  ×1    bufferData 76032B  via res:HeliosGolden02_CommonBatch_Mesh_2,HeliosGolden02_CommonB  <- HeliosGolden02_CommonBatch_Mesh_5.uv
    +5s  ×1    bufferData 114048B  via res:HeliosGolden02_CommonBatch_Mesh_2,HeliosGolden02_CommonB  <- HeliosGolden02_CommonBatch_Mesh_5.position HeliosGolden02_CommonBatch_Mesh_5.sfH
    +5s  ×1    bufferData 38016B  via res:HeliosGolden02_CommonBatch_Mesh_2,HeliosGolden02_CommonB  <- HeliosGolden02_CommonBatch_Mesh_5.normal
  SHIP LOST ITS PLACE         0 presents redrew an already-drawn moment (must be 0)
  hitch callbacks             33 of 375 (world resumed two ticks on)
  frames that shed sim time   156
  game speed vs real time     69.7 % (hit-stop and hitches are the only things allowed to lower it)
  OS says reduce motion       false
  game motion setting         full -> effects FULL
  rock batches                0/6  0/12  0/11  0/9  0/8
  player speed at end         114 WU/s
  console errors              4
    [log] [render] GPU: %s | tier: %s | pixelRatio: %s | buffer: %dx%d ANGLE (Google, Vulkan 1.3.0 (SwiftShader Device (Subzero) (0x0000C0DE)), SwiftShader driver) software 1.00 1600 900
    [warning] THREE.WebGLRenderer: KHR_parallel_shader_compile extension not supported.
    [error] Failed to load resource: the server responded with a status of 404 (Not Found) (http://127.0.0.1:33533/__spaceface_player_store)
    [warning] [GPU brick] bloomScene 465.5ms {"owners":[{"object":"Parallax_FarDust_Instances","material":"MeshStandardMaterial","root":"Parallax_FarDust","key":"physical,STANDARD,,highp,srgb-linear,306,1024,uv,false,false,uv,false,uv,false,false,uv,uv,false,false,false,false,false,false,false,false,false,false,f

