{
  "primary": {
    "name": "classify-rock-visit-quiet-retain",
    "rocks": 48,
    "iters": 8000,
    "runs": 11,
    "medianSpeedup": 3.387519065353526,
    "floorMinSpeedup": 2.3626895427580776,
    "pairs": [
      {
        "before": 296.252295,
        "after": 125.38773699999996,
        "speedup": 2.3626895427580776
      },
      {
        "before": 250.39103899999998,
        "after": 70.73682299999996,
        "speedup": 3.5397552276273436
      },
      {
        "before": 246.47184500000003,
        "after": 73.12246899999991,
        "speedup": 3.3706718108766314
      },
      {
        "before": 264.13687300000015,
        "after": 69.96750999999995,
        "speedup": 3.7751361024567025
      },
      {
        "before": 273.77842399999986,
        "after": 66.47736800000007,
        "speedup": 4.118370390356001
      },
      {
        "before": 237.84239799999978,
        "after": 72.11825500000032,
        "speedup": 3.29794998506271
      },
      {
        "before": 224.89552200000026,
        "after": 66.70173999999997,
        "speedup": 3.3716590002
      },
      {
        "before": 224.50892699999986,
        "after": 66.27532499999961,
        "speedup": 3.387519065353526
      },
      {
        "before": 224.59534299999996,
        "after": 67.42559399999982,
        "speedup": 3.3310102243964
      },
      {
        "before": 226.75803499999984,
        "after": 66.65604900000017,
        "speedup": 3.401912330567317
      },
      {
        "before": 225.6835289999999,
        "after": 66.59848499999998,
        "speedup": 3.388718662293894
      }
    ]
  },
  "wake": {
    "glassParked": 25,
    "afterPoseTier": "R0_GLASS",
    "miningPinned": true,
    "miningPins": [
      "PLAYER_MINING_TARGET",
      "VISIBLE_ON_GLASS"
    ]
  }
}
rebench1 3.3646931035681495 2.1617295705419037
rebench2 3.504968955540634 2.8740401081242033
rebench3 3.4828685356291325 2.1550459159928237
rebench4 3.4978273241782323 2.178405672342191
rebench5 3.4465480840779126 2.2289426186616033
FLOOR {
  medians: [
    3.3646931035681495,
    3.504968955540634,
    3.4828685356291325,
    3.4978273241782323,
    3.4465480840779126
  ],
  mins: [
    2.1617295705419037,
    2.8740401081242033,
    2.1550459159928237,
    2.178405672342191,
    2.2289426186616033
  ],
  floorMinSpeedup: 2.1550459159928237,
  primaryMedian: 3.387519065353526
}
