TAP version 13
# (node:13) ExperimentalWarning: `--experimental-loader` may be removed in the future; instead use `register()`:
# --import 'data:text/javascript,import { register } from "node:module"; import { pathToFileURL } from "node:url"; register("/workspace/scratch/d2415e46e35b/latch-independent-review-functional-20261004/audit-loader.mjs", pathToFileURL("./")); register("/workspace/scratch/d2415e46e35b/latch-independent-review-functional-20261004/audit-loader.mjs", pathToFileURL("./"));'
# (Use `node --trace-warnings ...` to show where the warning was created)
# HIDDEN_ROOT_RESULT {"emitted":6,"active":30,"lit":["MAIN_PORT","MAIN_STBD","PORT_FORE","PORT_AFT","STBD_FORE","STBD_AFT"]}
# Subtest: independent: hiding the entity root withdraws isolated pooled plumes
not ok 1 - independent: hiding the entity root withdraws isolated pooled plumes
  ---
  duration_ms: 192.074608
  type: 'test'
  location: '/workspace/scratch/d2415e46e35b/latch-independent-review-functional-20261004/independent-presentation.test.mjs:6:1'
  failureType: 'testCodeFailure'
  error: |-
    An invisible entity root must not leave independent scene-mounted plumes visible
    
    6 !== 0
    
  code: 'ERR_ASSERTION'
  name: 'AssertionError'
  expected: 0
  actual: 6
  operator: 'strictEqual'
  stack: |-
    TestContext.<anonymous> (file:///workspace/scratch/d2415e46e35b/latch-independent-review-functional-20261004/independent-presentation.test.mjs:6:378)
    async Test.run (node:internal/test_runner/test:1389:7)
    async startSubtestAfterBootstrap (node:internal/test_runner/harness:387:3)
  ...
# Subtest: independent: root replacement and material disposal restore every original material exactly once
ok 2 - independent: root replacement and material disposal restore every original material exactly once
  ---
  duration_ms: 51.844048
  type: 'test'
  ...
1..2
# tests 2
# suites 0
# pass 1
# fail 1
# cancelled 0
# skipped 0
# todo 0
# duration_ms 884.981558
