Reloading external rigs...
Reloading external metarigs...
[m4-helios-hub-v3] Acquired authoring lock ΓåÆ C:\Users\93rob\Documents\GitHub\SpaceFace\assets\ships\m4_helios_hub_v7\authoring.__lock
[m4-helios-hub-v3] Packet PROFESSIONAL-HELIOS-HUB-VISUAL-V7-GROK-001 ΓÇö Helios hub V3 professional rebuild (isolated)
[m4-helios-hub-v3] Vendor verify: accepted=11 diskCc0=9
[m4-helios-hub-v3] Vendor components accepted=11 diskCc0=9
[m4-helios-hub-v3] Reusing existing texture atlas under C:\Users\93rob\Documents\GitHub\SpaceFace\assets\ships\m4_helios_hub_v7\textures (force=False)
[m4-helios-hub-v3] === Building helios_gate: Helios Gate Landmark ===
[m4-helios-hub-v3] Decimated V6 donor:Sci-Fi_Station_Interior pods: ΓåÆ7436 tris (cap 8084)
[m4-helios-hub-v3] WARN decimate stalled V6 donor:Sci-Fi_Station_outer ring details: 2247ΓåÆ2240 target=1820
[m4-helios-hub-v3] WARN V6 donor:Sci-Fi_Station_outer ring details still 2240 tris > cap 1820
[m4-helios-hub-v3] WARN decimate stalled V6 donor:Sci-Fi_Station_base ring details: 4609ΓåÆ4604 target=1779
[m4-helios-hub-v3] WARN V6 donor:Sci-Fi_Station_base ring details still 4604 tris > cap 1779
[m4-helios-hub-v3] Decimated V6 donor:Sci-Fi_Station_outer ring pods: ΓåÆ622 tris (cap 677)
[m4-helios-hub-v3] WARN decimate stalled V6 donor:Sci-Fi_Station_lights: 1584ΓåÆ1584 target=138
[m4-helios-hub-v3] WARN V6 donor:Sci-Fi_Station_lights still 1584 tris > cap 138
[m4-helios-hub-v3] REPAIR gate ΓÇö segmented truss arcs / open mechanical spars (no solid torus)ΓÇª
18:05:57 | INFO: Data are loaded, start creating Blender stuff
18:05:57 | INFO: Blender create Mesh node Mesh
18:05:57 | INFO: Blender create Mesh node Mesh.001
18:05:57 | INFO: Blender create Mesh node Mesh.002
18:05:57 | INFO: Blender create Mesh node Mesh.004
18:05:57 | INFO: Blender create Mesh node Mesh.005
18:05:57 | INFO: Blender create Mesh node Mesh.006
18:05:57 | INFO: Blender create Mesh node Mesh.007
18:05:57 | INFO: Blender create Mesh node Mesh.011
18:05:57 | INFO: glTF import finished in 0.15s
[m4-helios-hub-v3] Decimated kit:Kit_Gate_Pipes: ΓåÆ1380 tris (cap 1500)
18:05:57 | INFO: Data are loaded, start creating Blender stuff
18:05:57 | INFO: Blender create Mesh node Plane
18:05:57 | INFO: Blender create Mesh node Cube.002
18:05:57 | INFO: glTF import finished in 0.15s
[m4-helios-hub-v3] Decimated kit:Kit_Gate_Power: ΓåÆ1104 tris (cap 1200)
[m4-helios-hub-v3] Authored 146 parts; primary trisΓëê622
Info: Removed: 4371 vertices, 2651 edges, 0 faces
Info: Removed: 0 vertices, 0 edges, 0 faces
Info: Removed 0 vertices
Info: Removed: 0 vertices, 0 edges, 0 faces
Info: Removed: 0 vertices, 0 edges, 0 faces
Info: Removed 0 vertices
Info: Removed: 1906 vertices, 2281 edges, 0 faces
Info: Removed: 0 vertices, 0 edges, 0 faces
Info: Removed 0 vertices
Info: Removed: 0 vertices, 0 edges, 0 faces
Info: Removed: 0 vertices, 0 edges, 0 faces
Info: Removed 0 vertices
Info: Removed: 0 vertices, 0 edges, 0 faces
Info: Removed: 0 vertices, 0 edges, 0 faces
Info: Removed 0 vertices
Info: Removed: 0 vertices, 0 edges, 0 faces
Info: Removed: 0 vertices, 0 edges, 0 faces
Info: Removed 0 vertices
Info: Removed: 0 vertices, 0 edges, 0 faces
Info: Removed: 0 vertices, 0 edges, 0 faces
Info: Removed 0 vertices
Info: Removed: 0 vertices, 0 edges, 0 faces
Info: Removed: 0 vertices, 0 edges, 0 faces
Info: Removed 0 vertices
[m4-helios-hub-v3] helios_gate LOD0 105089 > soft budget 30000 ΓÇö adaptive trim
[m4-helios-hub-v3] Decimated budget:LOD0_Merged_Material_Mechanical: ΓåÆ11031 tris (cap 11991)
[m4-helios-hub-v3] Decimated budget:LOD0_Merged_Material_Hull: ΓåÆ16061 tris (cap 17459)
[m4-helios-hub-v3] Decimated budget:LOD0_HOOK_EMISSIVE: ΓåÆ6726 tris (cap 7313)
[m4-helios-hub-v3] Decimated budget:LOD0_Merged_Material_Mechanical: ΓåÆ6591 tris (cap 7165)
[m4-helios-hub-v3] helios_gate lod0: tris=29426 objects=4
Info: Removed: 0 vertices, 0 edges, 0 faces
Info: Removed: 0 vertices, 0 edges, 0 faces
Info: Removed 0 vertices
Info: Removed: 0 vertices, 0 edges, 0 faces
Info: Removed: 0 vertices, 0 edges, 0 faces
Info: Removed 0 vertices
Info: Removed: 0 vertices, 0 edges, 0 faces
Info: Removed: 0 vertices, 0 edges, 0 faces
Info: Removed 0 vertices
Info: Removed: 0 vertices, 0 edges, 0 faces
Info: Removed: 0 vertices, 0 edges, 0 faces
Info: Removed 0 vertices
Info: Removed: 0 vertices, 0 edges, 0 faces
Info: Removed: 0 vertices, 0 edges, 0 faces
Info: Removed 0 vertices
Info: Removed: 0 vertices, 0 edges, 0 faces
Info: Removed: 0 vertices, 0 edges, 0 faces
Info: Removed 0 vertices
[m4-helios-hub-v3] Decimated LOD1_HOOK_EMISSIVE: ΓåÆ8378 tris (cap 9108)
Info: Removed: 0 vertices, 0 edges, 0 faces
Info: Removed: 0 vertices, 0 edges, 0 faces
Info: Removed 0 vertices
Info: Removed: 0 vertices, 0 edges, 0 faces
Info: Removed: 0 vertices, 0 edges, 0 faces
Info: Removed 0 vertices
[m4-helios-hub-v3] helios_gate lod1: tris=11250 objects=4
Info: Removed: 0 vertices, 0 edges, 0 faces
Info: Removed: 0 vertices, 0 edges, 0 faces
Info: Removed 0 vertices
Info: Removed: 0 vertices, 0 edges, 0 faces
Info: Removed: 0 vertices, 0 edges, 0 faces
Info: Removed 0 vertices
[m4-helios-hub-v3] Decimated LOD2_HOOK_EMISSIVE: ΓåÆ2773 tris (cap 3015)
Info: Removed: 0 vertices, 0 edges, 0 faces
Info: Removed: 0 vertices, 0 edges, 0 faces
Info: Removed 0 vertices
Info: Removed: 0 vertices, 0 edges, 0 faces
Info: Removed: 0 vertices, 0 edges, 0 faces
Info: Removed 0 vertices
[m4-helios-hub-v3] helios_gate lod2: tris=4009 objects=2
Info: Removed: 181 vertices, 96 edges, 0 faces
Info: Removed: 0 vertices, 0 edges, 0 faces
Info: Removed 0 vertices
Info: Removed: 230 vertices, 195 edges, 0 faces
Info: Removed: 0 vertices, 0 edges, 0 faces
Info: Removed 0 vertices
Info: Removed: 0 vertices, 0 edges, 0 faces
Info: Removed: 0 vertices, 0 edges, 0 faces
Info: Removed 0 vertices
Info: Removed: 0 vertices, 0 edges, 0 faces
Info: Removed: 0 vertices, 0 edges, 0 faces
Info: Removed 0 vertices
Info: Removed: 0 vertices, 0 edges, 0 faces
Info: Removed: 0 vertices, 0 edges, 0 faces
Info: Removed 0 vertices
Info: Removed: 0 vertices, 0 edges, 0 faces
Info: Removed: 0 vertices, 0 edges, 0 faces
Info: Removed 0 vertices
Info: Removed: 0 vertices, 0 edges, 0 faces
Info: Removed: 0 vertices, 0 edges, 0 faces
Info: Removed 0 vertices
Info: Removed: 0 vertices, 0 edges, 0 faces
Info: Removed: 0 vertices, 0 edges, 0 faces
Info: Removed 0 vertices
Info: Removed: 0 vertices, 0 edges, 0 faces
Info: Removed: 0 vertices, 0 edges, 0 faces
Info: Removed 0 vertices
Info: Removed: 0 vertices, 0 edges, 0 faces
Info: Removed: 0 vertices, 0 edges, 0 faces
Info: Removed 0 vertices
INFO Draco mesh compression is available, use library at C:\Program Files\Blender Foundation\Blender 5.1\5.1\scripts\addons_core\io_scene_gltf2\extern_draco.dll
18:06:13 | INFO: Starting glTF 2.0 export
18:06:13 | INFO: Extracting primitive: LOD0_HOOK_EMISSIVE
18:06:13 | WARNING: More than one shader node tex image used for a texture. The resulting glTF sampler will behave like the first shader node tex image.
18:06:13 | INFO: Primitives created: 1
18:06:13 | INFO: Extracting primitive: LOD0_Merged_Material_Hull
18:06:13 | WARNING: More than one shader node tex image used for a texture. The resulting glTF sampler will behave like the first shader node tex image.
18:06:13 | INFO: Primitives created: 1
18:06:13 | INFO: Extracting primitive: LOD0_Merged_Material_Mechanical
18:06:13 | WARNING: More than one shader node tex image used for a texture. The resulting glTF sampler will behave like the first shader node tex image.
18:06:13 | INFO: Primitives created: 1
18:06:13 | INFO: Extracting primitive: LOD0_Merged_Material_Warm
18:06:13 | WARNING: More than one shader node tex image used for a texture. The resulting glTF sampler will behave like the first shader node tex image.
18:06:13 | INFO: Primitives created: 1
18:06:13 | INFO: Extracting primitive: LOD1_HOOK_EMISSIVE
18:06:13 | INFO: Primitives created: 1
18:06:13 | INFO: Extracting primitive: LOD1_Merged_Material_Hull
18:06:13 | INFO: Primitives created: 1
18:06:13 | INFO: Extracting primitive: LOD1_Merged_Material_Mechanical
18:06:13 | INFO: Primitives created: 1
18:06:13 | INFO: Extracting primitive: LOD1_Merged_Material_Warm
18:06:13 | INFO: Primitives created: 1
18:06:13 | INFO: Extracting primitive: LOD2_HOOK_EMISSIVE
18:06:13 | INFO: Primitives created: 1
18:06:13 | INFO: Extracting primitive: LOD2_Merged_Material_Hull
18:06:13 | INFO: Primitives created: 1
18:06:13 | INFO: Finished glTF 2.0 export in 0.4222548007965088 s

[m4-helios-hub-v3] Exported GLB ΓåÆ C:\Users\93rob\Documents\GitHub\SpaceFace\assets\ships\m4_helios_hub_v7\source\places\helios_gate.glb (7129748 bytes)
C:\Users\93rob\Documents\GitHub\SpaceFace\tools\blender\build_m4_helios_hub_v7.py:465: DeprecationWarning: 'World.use_nodes' is expected to be removed in Blender 6.0
  if world and world.use_nodes:
01:27.813  render           | Saved: 'C:\Users\93rob\Documents\GitHub\SpaceFace\assets\ships\m4_helios_hub_v7\evidence\renders\helios_gate\helios_gate_full.__tmp_52780.png'
Info: Saved as "helios_gate_production.blend"
[m4-helios-hub-v3] Rendered helios_gate_full.png
01:30.000  render           | Saved: 'C:\Users\93rob\Documents\GitHub\SpaceFace\assets\ships\m4_helios_hub_v7\evidence\renders\helios_gate\helios_gate_full.__tmp_52780.png'
[m4-helios-hub-v3] Rendered helios_gate_full.png
01:32.578  render           | Saved: 'C:\Users\93rob\Documents\GitHub\SpaceFace\assets\ships\m4_helios_hub_v7\evidence\renders\helios_gate\helios_gate_full.__tmp_52780.png'
[m4-helios-hub-v3] Rendered helios_gate_full.png
01:34.719  render           | Saved: 'C:\Users\93rob\Documents\GitHub\SpaceFace\assets\ships\m4_helios_hub_v7\evidence\renders\helios_gate\helios_gate_forward_34.__tmp_52780.png'
[m4-helios-hub-v3] Rendered helios_gate_forward_34.png
01:36.391  render           | Saved: 'C:\Users\93rob\Documents\GitHub\SpaceFace\assets\ships\m4_helios_hub_v7\evidence\renders\helios_gate\helios_gate_forward_34.__tmp_52780.png'
[m4-helios-hub-v3] Rendered helios_gate_forward_34.png
01:38.282  render           | Saved: 'C:\Users\93rob\Documents\GitHub\SpaceFace\assets\ships\m4_helios_hub_v7\evidence\renders\helios_gate\helios_gate_forward_34.__tmp_52780.png'
[m4-helios-hub-v3] Rendered helios_gate_forward_34.png
01:39.578  render           | Saved: 'C:\Users\93rob\Documents\GitHub\SpaceFace\assets\ships\m4_helios_hub_v7\evidence\renders\helios_gate\helios_gate_readability_close.__tmp_52780.png'
[m4-helios-hub-v3] Rendered helios_gate_readability_close.png
01:40.735  render           | Saved: 'C:\Users\93rob\Documents\GitHub\SpaceFace\assets\ships\m4_helios_hub_v7\evidence\renders\helios_gate\helios_gate_readability_close.__tmp_52780.png'
[m4-helios-hub-v3] Rendered helios_gate_readability_close.png
01:42.297  render           | Saved: 'C:\Users\93rob\Documents\GitHub\SpaceFace\assets\ships\m4_helios_hub_v7\evidence\renders\helios_gate\helios_gate_readability_120px.__tmp_52780.png'
[m4-helios-hub-v3] Rendered helios_gate_readability_120px.png
01:43.469  render           | Saved: 'C:\Users\93rob\Documents\GitHub\SpaceFace\assets\ships\m4_helios_hub_v7\evidence\renders\helios_gate\helios_gate_readability_under45px.__tmp_52780.png'
[m4-helios-hub-v3] Rendered helios_gate_readability_under45px.png
01:45.219  render           | Saved: 'C:\Users\93rob\Documents\GitHub\SpaceFace\assets\ships\m4_helios_hub_v7\evidence\renders\helios_gate\helios_gate_top.__tmp_52780.png'
[m4-helios-hub-v3] Rendered helios_gate_top.png
01:47.094  render           | Saved: 'C:\Users\93rob\Documents\GitHub\SpaceFace\assets\ships\m4_helios_hub_v7\evidence\renders\helios_gate\helios_gate_rear.__tmp_52780.png'
[m4-helios-hub-v3] Rendered helios_gate_rear.png
01:48.797  render           | Saved: 'C:\Users\93rob\Documents\GitHub\SpaceFace\assets\ships\m4_helios_hub_v7\evidence\renders\helios_gate\helios_gate_rear.__tmp_52780.png'
[m4-helios-hub-v3] Rendered helios_gate_rear.png
01:51.172  render           | Saved: 'C:\Users\93rob\Documents\GitHub\SpaceFace\assets\ships\m4_helios_hub_v7\evidence\renders\helios_gate\helios_gate_rear.__tmp_52780.png'
[m4-helios-hub-v3] Rendered helios_gate_rear.png
01:53.172  render           | Saved: 'C:\Users\93rob\Documents\GitHub\SpaceFace\assets\ships\m4_helios_hub_v7\evidence\renders\helios_gate\helios_gate_rear.__tmp_52780.png'
[m4-helios-hub-v3] Rendered helios_gate_rear.png
01:56.219  render           | Saved: 'C:\Users\93rob\Documents\GitHub\SpaceFace\assets\ships\m4_helios_hub_v7\evidence\renders\helios_gate\helios_gate_rear.__tmp_52780.png'
[m4-helios-hub-v3] Rendered helios_gate_rear.png
01:59.360  render           | Saved: 'C:\Users\93rob\Documents\GitHub\SpaceFace\assets\ships\m4_helios_hub_v7\evidence\renders\helios_gate\helios_gate_rear.__tmp_52780.png'
[m4-helios-hub-v3] Rendered helios_gate_rear.png
02:02.907  render           | Saved: 'C:\Users\93rob\Documents\GitHub\SpaceFace\assets\ships\m4_helios_hub_v7\evidence\renders\helios_gate\helios_gate_rear.__tmp_52780.png'
[m4-helios-hub-v3] Rendered helios_gate_rear.png
02:04.969  render           | Saved: 'C:\Users\93rob\Documents\GitHub\SpaceFace\assets\ships\m4_helios_hub_v7\evidence\renders\helios_gate\helios_gate_rear.__tmp_52780.png'
[m4-helios-hub-v3] Rendered helios_gate_rear.png
02:07.375  render           | Saved: 'C:\Users\93rob\Documents\GitHub\SpaceFace\assets\ships\m4_helios_hub_v7\evidence\renders\helios_gate\helios_gate_rear.__tmp_52780.png'
[m4-helios-hub-v3] Rendered helios_gate_rear.png
02:11.094  render           | Saved: 'C:\Users\93rob\Documents\GitHub\SpaceFace\assets\ships\m4_helios_hub_v7\evidence\renders\helios_gate\helios_gate_rear.__tmp_52780.png'
[m4-helios-hub-v3] Rendered helios_gate_rear.png
02:14.719  render           | Saved: 'C:\Users\93rob\Documents\GitHub\SpaceFace\assets\ships\m4_helios_hub_v7\evidence\renders\helios_gate\helios_gate_rear_34.__tmp_52780.png'
[m4-helios-hub-v3] Rendered helios_gate_rear_34.png
02:19.688  render           | Saved: 'C:\Users\93rob\Documents\GitHub\SpaceFace\assets\ships\m4_helios_hub_v7\evidence\renders\helios_gate\helios_gate_rear_34.__tmp_52780.png'
[m4-helios-hub-v3] Rendered helios_gate_rear_34.png
02:24.516  render           | Saved: 'C:\Users\93rob\Documents\GitHub\SpaceFace\assets\ships\m4_helios_hub_v7\evidence\renders\helios_gate\helios_gate_rear_34.__tmp_52780.png'
[m4-helios-hub-v3] Rendered helios_gate_rear_34.png
02:28.110  render           | Saved: 'C:\Users\93rob\Documents\GitHub\SpaceFace\assets\ships\m4_helios_hub_v7\evidence\renders\helios_gate\helios_gate_rear_34.__tmp_52780.png'
[m4-helios-hub-v3] Rendered helios_gate_rear_34.png
02:30.860  render           | Saved: 'C:\Users\93rob\Documents\GitHub\SpaceFace\assets\ships\m4_helios_hub_v7\evidence\renders\helios_gate\helios_gate_rear_34.__tmp_52780.png'
[m4-helios-hub-v3] Rendered helios_gate_rear_34.png
02:32.953  render           | Saved: 'C:\Users\93rob\Documents\GitHub\SpaceFace\assets\ships\m4_helios_hub_v7\evidence\renders\helios_gate\helios_gate_rear_34.__tmp_52780.png'
[m4-helios-hub-v3] Rendered helios_gate_rear_34.png
02:35.016  render           | Saved: 'C:\Users\93rob\Documents\GitHub\SpaceFace\assets\ships\m4_helios_hub_v7\evidence\renders\helios_gate\helios_gate_rear_34.__tmp_52780.png'
[m4-helios-hub-v3] Rendered helios_gate_rear_34.png
02:37.078  render           | Saved: 'C:\Users\93rob\Documents\GitHub\SpaceFace\assets\ships\m4_helios_hub_v7\evidence\renders\helios_gate\helios_gate_rear_34.__tmp_52780.png'
[m4-helios-hub-v3] Rendered helios_gate_rear_34.png
02:39.172  render           | Saved: 'C:\Users\93rob\Documents\GitHub\SpaceFace\assets\ships\m4_helios_hub_v7\evidence\renders\helios_gate\helios_gate_rear_34.__tmp_52780.png'
[m4-helios-hub-v3] Rendered helios_gate_rear_34.png
02:40.844  render           | Saved: 'C:\Users\93rob\Documents\GitHub\SpaceFace\assets\ships\m4_helios_hub_v7\evidence\renders\helios_gate\helios_gate_rear_34.__tmp_52780.png'
[m4-helios-hub-v3] Rendered helios_gate_rear_34.png
02:42.500  render           | Saved: 'C:\Users\93rob\Documents\GitHub\SpaceFace\assets\ships\m4_helios_hub_v7\evidence\renders\helios_gate\helios_gate_detail.__tmp_52780.png'
[m4-helios-hub-v3] Rendered helios_gate_detail.png
02:44.438  render           | Saved: 'C:\Users\93rob\Documents\GitHub\SpaceFace\assets\ships\m4_helios_hub_v7\evidence\renders\helios_gate\helios_gate_detail.__tmp_52780.png'
[m4-helios-hub-v3] Rendered helios_gate_detail.png
02:46.172  render           | Saved: 'C:\Users\93rob\Documents\GitHub\SpaceFace\assets\ships\m4_helios_hub_v7\evidence\renders\helios_gate\helios_gate_detail.__tmp_52780.png'
[m4-helios-hub-v3] Rendered helios_gate_detail.png
02:48.438  render           | Saved: 'C:\Users\93rob\Documents\GitHub\SpaceFace\assets\ships\m4_helios_hub_v7\evidence\renders\helios_gate\helios_gate_detail.__tmp_52780.png'
[m4-helios-hub-v3] Rendered helios_gate_detail.png
02:52.157  render           | Saved: 'C:\Users\93rob\Documents\GitHub\SpaceFace\assets\ships\m4_helios_hub_v7\evidence\renders\helios_gate\helios_gate_detail.__tmp_52780.png'
[m4-helios-hub-v3] Rendered helios_gate_detail.png
02:56.078  render           | Saved: 'C:\Users\93rob\Documents\GitHub\SpaceFace\assets\ships\m4_helios_hub_v7\evidence\renders\helios_gate\helios_gate_detail.__tmp_52780.png'
[m4-helios-hub-v3] Rendered helios_gate_detail.png
02:59.328  render           | Saved: 'C:\Users\93rob\Documents\GitHub\SpaceFace\assets\ships\m4_helios_hub_v7\evidence\renders\helios_gate\helios_gate_detail.__tmp_52780.png'
[m4-helios-hub-v3] Rendered helios_gate_detail.png
03:03.594  render           | Saved: 'C:\Users\93rob\Documents\GitHub\SpaceFace\assets\ships\m4_helios_hub_v7\evidence\renders\helios_gate\helios_gate_detail.__tmp_52780.png'
[m4-helios-hub-v3] Rendered helios_gate_detail.png
03:09.141  render           | Saved: 'C:\Users\93rob\Documents\GitHub\SpaceFace\assets\ships\m4_helios_hub_v7\evidence\renders\helios_gate\helios_gate_detail.__tmp_52780.png'
[m4-helios-hub-v3] Rendered helios_gate_detail.png
03:15.063  render           | Saved: 'C:\Users\93rob\Documents\GitHub\SpaceFace\assets\ships\m4_helios_hub_v7\evidence\renders\helios_gate\helios_gate_detail.__tmp_52780.png'
[m4-helios-hub-v3] Rendered helios_gate_detail.png
03:18.938  render           | Saved: 'C:\Users\93rob\Documents\GitHub\SpaceFace\assets\ships\m4_helios_hub_v7\evidence\renders\helios_gate\helios_gate_side_ortho.__tmp_52780.png'
[m4-helios-hub-v3] Rendered helios_gate_side_ortho.png
03:24.313  render           | Saved: 'C:\Users\93rob\Documents\GitHub\SpaceFace\assets\ships\m4_helios_hub_v7\evidence\renders\helios_gate\helios_gate_side_ortho.__tmp_52780.png'
[m4-helios-hub-v3] Rendered helios_gate_side_ortho.png
03:30.157  render           | Saved: 'C:\Users\93rob\Documents\GitHub\SpaceFace\assets\ships\m4_helios_hub_v7\evidence\renders\helios_gate\helios_gate_gamesky.__tmp_52780.png'
[m4-helios-hub-v3] Rendered helios_gate_gamesky.png
03:34.969  render           | Saved: 'C:\Users\93rob\Documents\GitHub\SpaceFace\assets\ships\m4_helios_hub_v7\evidence\renders\helios_gate\helios_gate_gamesky_forward_34.__tmp_52780.png'
[m4-helios-hub-v3] Rendered helios_gate_gamesky_forward_34.png
03:38.172  render           | Saved: 'C:\Users\93rob\Documents\GitHub\SpaceFace\assets\ships\m4_helios_hub_v7\evidence\renders\helios_gate\helios_gate_lod_continuity_lod0.__tmp_52780.png'
[m4-helios-hub-v3] Rendered helios_gate_lod_continuity_lod0.png
03:41.985  render           | Saved: 'C:\Users\93rob\Documents\GitHub\SpaceFace\assets\ships\m4_helios_hub_v7\evidence\renders\helios_gate\helios_gate_lod_continuity_lod1.__tmp_52780.png'
[m4-helios-hub-v3] Rendered helios_gate_lod_continuity_lod1.png
03:47.328  render           | Saved: 'C:\Users\93rob\Documents\GitHub\SpaceFace\assets\ships\m4_helios_hub_v7\evidence\renders\helios_gate\helios_gate_lod_continuity_lod2.__tmp_52780.png'
[m4-helios-hub-v3] Rendered helios_gate_lod_continuity_lod2.png
[m4-helios-hub-v3] DONE helios_gate in 214.5s tris=44627 lod0=29368 budget_ok=True
[m4-helios-hub-v3] === Building helios_rock_a: Helios Rock A (slab) ===
18:08:42 | INFO: Data are loaded, start creating Blender stuff
18:08:42 | INFO: Blender create Mesh node rock_PROXY_5m.002
18:08:45 | INFO: glTF import finished in 3.45s
[m4-helios-hub-v3] Decimated V6 rock:V6_Rock_A_Scan: ΓåÆ2760 tris (cap 3000)
[m4-helios-hub-v3] Authored 3 parts; primary trisΓëê12
Info: Removed: 0 vertices, 0 edges, 0 faces
Info: Removed: 0 vertices, 0 edges, 0 faces
Info: Removed 0 vertices
Info: Removed: 0 vertices, 0 edges, 0 faces
Info: Removed: 0 vertices, 0 edges, 0 faces
Info: Removed 0 vertices
Info: Removed: 0 vertices, 0 edges, 0 faces
Info: Removed: 0 vertices, 0 edges, 0 faces
Info: Removed 0 vertices
Info: Removed: 0 vertices, 0 edges, 0 faces
Info: Removed: 0 vertices, 0 edges, 0 faces
Info: Removed 0 vertices
[m4-helios-hub-v3] helios_rock_a lod0: tris=36 objects=2
Info: Removed: 0 vertices, 0 edges, 0 faces
Info: Removed: 0 vertices, 0 edges, 0 faces
Info: Removed 0 vertices
Info: Removed: 0 vertices, 0 edges, 0 faces
Info: Removed: 0 vertices, 0 edges, 0 faces
Info: Removed 0 vertices
Info: Removed: 0 vertices, 0 edges, 0 faces
Info: Removed: 0 vertices, 0 edges, 0 faces
Info: Removed 0 vertices
Info: Removed: 0 vertices, 0 edges, 0 faces
Info: Removed: 0 vertices, 0 edges, 0 faces
Info: Removed 0 vertices
[m4-helios-hub-v3] helios_rock_a lod1: tris=36 objects=2
Info: Removed: 0 vertices, 0 edges, 0 faces
Info: Removed: 0 vertices, 0 edges, 0 faces
Info: Removed 0 vertices
Info: Removed: 0 vertices, 0 edges, 0 faces
Info: Removed: 0 vertices, 0 edges, 0 faces
Info: Removed 0 vertices
[m4-helios-hub-v3] helios_rock_a lod2: tris=12 objects=1
Info: Removed: 0 vertices, 0 edges, 0 faces
Info: Removed: 0 vertices, 0 edges, 0 faces
Info: Removed 0 vertices
Info: Removed: 0 vertices, 0 edges, 0 faces
Info: Removed: 0 vertices, 0 edges, 0 faces
Info: Removed 0 vertices
Info: Removed: 0 vertices, 0 edges, 0 faces
Info: Removed: 0 vertices, 0 edges, 0 faces
Info: Removed 0 vertices
Info: Removed: 0 vertices, 0 edges, 0 faces
Info: Removed: 0 vertices, 0 edges, 0 faces
Info: Removed 0 vertices
Info: Removed: 0 vertices, 0 edges, 0 faces
Info: Removed: 0 vertices, 0 edges, 0 faces
Info: Removed 0 vertices
18:08:48 | INFO: Starting glTF 2.0 export
18:08:48 | INFO: Extracting primitive: LOD0_HOOK_EMISSIVE
18:08:49 | WARNING: More than one shader node tex image used for a texture. The resulting glTF sampler will behave like the first shader node tex image.
18:08:49 | INFO: Primitives created: 1
18:08:49 | INFO: Extracting primitive: LOD0_Merged_Material_Rock
18:08:49 | WARNING: More than one shader node tex image used for a texture. The resulting glTF sampler will behave like the first shader node tex image.
18:08:49 | INFO: Primitives created: 1
18:08:49 | INFO: Extracting primitive: LOD1_HOOK_EMISSIVE
18:08:49 | INFO: Primitives created: 1
18:08:49 | INFO: Extracting primitive: LOD1_Merged_Material_Rock
18:08:49 | INFO: Primitives created: 1
18:08:49 | INFO: Extracting primitive: LOD2_Merged_Material_Rock
18:08:49 | INFO: Primitives created: 1
18:08:49 | INFO: Finished glTF 2.0 export in 0.45403456687927246 s

[m4-helios-hub-v3] Exported GLB ΓåÆ C:\Users\93rob\Documents\GitHub\SpaceFace\assets\ships\m4_helios_hub_v7\source\places\helios_rock_a.glb (2624072 bytes)
04:01.938  render           | Saved: 'C:\Users\93rob\Documents\GitHub\SpaceFace\assets\ships\m4_helios_hub_v7\evidence\renders\helios_rock_a\helios_rock_a_full.__tmp_52780.png'
Info: Saved as "helios_rock_a_production.blend"
[m4-helios-hub-v3] Rendered helios_rock_a_full.png
04:06.610  render           | Saved: 'C:\Users\93rob\Documents\GitHub\SpaceFace\assets\ships\m4_helios_hub_v7\evidence\renders\helios_rock_a\helios_rock_a_forward_34.__tmp_52780.png'
[m4-helios-hub-v3] Rendered helios_rock_a_forward_34.png
04:12.110  render           | Saved: 'C:\Users\93rob\Documents\GitHub\SpaceFace\assets\ships\m4_helios_hub_v7\evidence\renders\helios_rock_a\helios_rock_a_readability_close.__tmp_52780.png'
[m4-helios-hub-v3] Rendered helios_rock_a_readability_close.png
04:15.703  render           | Saved: 'C:\Users\93rob\Documents\GitHub\SpaceFace\assets\ships\m4_helios_hub_v7\evidence\renders\helios_rock_a\helios_rock_a_readability_close.__tmp_52780.png'
[m4-helios-hub-v3] Rendered helios_rock_a_readability_close.png
04:21.110  render           | Saved: 'C:\Users\93rob\Documents\GitHub\SpaceFace\assets\ships\m4_helios_hub_v7\evidence\renders\helios_rock_a\helios_rock_a_readability_close.__tmp_52780.png'
[m4-helios-hub-v3] Rendered helios_rock_a_readability_close.png
04:26.578  render           | Saved: 'C:\Users\93rob\Documents\GitHub\SpaceFace\assets\ships\m4_helios_hub_v7\evidence\renders\helios_rock_a\helios_rock_a_readability_close.__tmp_52780.png'
[m4-helios-hub-v3] Rendered helios_rock_a_readability_close.png
04:36.188  render           | Saved: 'C:\Users\93rob\Documents\GitHub\SpaceFace\assets\ships\m4_helios_hub_v7\evidence\renders\helios_rock_a\helios_rock_a_readability_close.__tmp_52780.png'
[m4-helios-hub-v3] Rendered helios_rock_a_readability_close.png
04:41.672  render           | Saved: 'C:\Users\93rob\Documents\GitHub\SpaceFace\assets\ships\m4_helios_hub_v7\evidence\renders\helios_rock_a\helios_rock_a_readability_close.__tmp_52780.png'
[m4-helios-hub-v3] Rendered helios_rock_a_readability_close.png
04:44.297  render           | Saved: 'C:\Users\93rob\Documents\GitHub\SpaceFace\assets\ships\m4_helios_hub_v7\evidence\renders\helios_rock_a\helios_rock_a_readability_close.__tmp_52780.png'
[m4-helios-hub-v3] Rendered helios_rock_a_readability_close.png
04:47.844  render           | Saved: 'C:\Users\93rob\Documents\GitHub\SpaceFace\assets\ships\m4_helios_hub_v7\evidence\renders\helios_rock_a\helios_rock_a_readability_close.__tmp_52780.png'
[m4-helios-hub-v3] Rendered helios_rock_a_readability_close.png
04:50.953  render           | Saved: 'C:\Users\93rob\Documents\GitHub\SpaceFace\assets\ships\m4_helios_hub_v7\evidence\renders\helios_rock_a\helios_rock_a_readability_close.__tmp_52780.png'
[m4-helios-hub-v3] Rendered helios_rock_a_readability_close.png
04:53.547  render           | Saved: 'C:\Users\93rob\Documents\GitHub\SpaceFace\assets\ships\m4_helios_hub_v7\evidence\renders\helios_rock_a\helios_rock_a_readability_close.__tmp_52780.png'
[m4-helios-hub-v3] Rendered helios_rock_a_readability_close.png
04:56.141  render           | Saved: 'C:\Users\93rob\Documents\GitHub\SpaceFace\assets\ships\m4_helios_hub_v7\evidence\renders\helios_rock_a\helios_rock_a_readability_120px.__tmp_52780.png'
[m4-helios-hub-v3] Rendered helios_rock_a_readability_120px.png
04:57.657  render           | Saved: 'C:\Users\93rob\Documents\GitHub\SpaceFace\assets\ships\m4_helios_hub_v7\evidence\renders\helios_rock_a\helios_rock_a_readability_under45px.__tmp_52780.png'
[m4-helios-hub-v3] Rendered helios_rock_a_readability_under45px.png
04:59.922  render           | Saved: 'C:\Users\93rob\Documents\GitHub\SpaceFace\assets\ships\m4_helios_hub_v7\evidence\renders\helios_rock_a\helios_rock_a_top.__tmp_52780.png'
[m4-helios-hub-v3] Rendered helios_rock_a_top.png
05:03.110  render           | Saved: 'C:\Users\93rob\Documents\GitHub\SpaceFace\assets\ships\m4_helios_hub_v7\evidence\renders\helios_rock_a\helios_rock_a_top.__tmp_52780.png'
[m4-helios-hub-v3] Rendered helios_rock_a_top.png
05:10.438  render           | Saved: 'C:\Users\93rob\Documents\GitHub\SpaceFace\assets\ships\m4_helios_hub_v7\evidence\renders\helios_rock_a\helios_rock_a_top.__tmp_52780.png'
[m4-helios-hub-v3] Rendered helios_rock_a_top.png
05:12.297  render           | Saved: 'C:\Users\93rob\Documents\GitHub\SpaceFace\assets\ships\m4_helios_hub_v7\evidence\renders\helios_rock_a\helios_rock_a_top.__tmp_52780.png'
[m4-helios-hub-v3] Rendered helios_rock_a_top.png
05:13.719  render           | Saved: 'C:\Users\93rob\Documents\GitHub\SpaceFace\assets\ships\m4_helios_hub_v7\evidence\renders\helios_rock_a\helios_rock_a_top.__tmp_52780.png'
[m4-helios-hub-v3] Rendered helios_rock_a_top.png
05:15.157  render           | Saved: 'C:\Users\93rob\Documents\GitHub\SpaceFace\assets\ships\m4_helios_hub_v7\evidence\renders\helios_rock_a\helios_rock_a_top.__tmp_52780.png'
[m4-helios-hub-v3] Rendered helios_rock_a_top.png
05:17.266  render           | Saved: 'C:\Users\93rob\Documents\GitHub\SpaceFace\assets\ships\m4_helios_hub_v7\evidence\renders\helios_rock_a\helios_rock_a_top.__tmp_52780.png'
[m4-helios-hub-v3] Rendered helios_rock_a_top.png
05:18.469  render           | Saved: 'C:\Users\93rob\Documents\GitHub\SpaceFace\assets\ships\m4_helios_hub_v7\evidence\renders\helios_rock_a\helios_rock_a_top.__tmp_52780.png'
[m4-helios-hub-v3] Rendered helios_rock_a_top.png
05:19.828  render           | Saved: 'C:\Users\93rob\Documents\GitHub\SpaceFace\assets\ships\m4_helios_hub_v7\evidence\renders\helios_rock_a\helios_rock_a_top.__tmp_52780.png'
[m4-helios-hub-v3] Rendered helios_rock_a_top.png
05:21.235  render           | Saved: 'C:\Users\93rob\Documents\GitHub\SpaceFace\assets\ships\m4_helios_hub_v7\evidence\renders\helios_rock_a\helios_rock_a_top.__tmp_52780.png'
[m4-helios-hub-v3] Rendered helios_rock_a_top.png
05:22.282  render           | Saved: 'C:\Users\93rob\Documents\GitHub\SpaceFace\assets\ships\m4_helios_hub_v7\evidence\renders\helios_rock_a\helios_rock_a_rear.__tmp_52780.png'
[m4-helios-hub-v3] Rendered helios_rock_a_rear.png
05:23.250  render           | Saved: 'C:\Users\93rob\Documents\GitHub\SpaceFace\assets\ships\m4_helios_hub_v7\evidence\renders\helios_rock_a\helios_rock_a_rear_34.__tmp_52780.png'
[m4-helios-hub-v3] Rendered helios_rock_a_rear_34.png
05:24.657  render           | Saved: 'C:\Users\93rob\Documents\GitHub\SpaceFace\assets\ships\m4_helios_hub_v7\evidence\renders\helios_rock_a\helios_rock_a_detail.__tmp_52780.png'
[m4-helios-hub-v3] Rendered helios_rock_a_detail.png
05:26.563  render           | Saved: 'C:\Users\93rob\Documents\GitHub\SpaceFace\assets\ships\m4_helios_hub_v7\evidence\renders\helios_rock_a\helios_rock_a_detail.__tmp_52780.png'
[m4-helios-hub-v3] Rendered helios_rock_a_detail.png
05:27.735  render           | Saved: 'C:\Users\93rob\Documents\GitHub\SpaceFace\assets\ships\m4_helios_hub_v7\evidence\renders\helios_rock_a\helios_rock_a_detail.__tmp_52780.png'
[m4-helios-hub-v3] Rendered helios_rock_a_detail.png
05:29.266  render           | Saved: 'C:\Users\93rob\Documents\GitHub\SpaceFace\assets\ships\m4_helios_hub_v7\evidence\renders\helios_rock_a\helios_rock_a_detail.__tmp_52780.png'
[m4-helios-hub-v3] Rendered helios_rock_a_detail.png
05:30.422  render           | Saved: 'C:\Users\93rob\Documents\GitHub\SpaceFace\assets\ships\m4_helios_hub_v7\evidence\renders\helios_rock_a\helios_rock_a_detail.__tmp_52780.png'
[m4-helios-hub-v3] Rendered helios_rock_a_detail.png
05:31.688  render           | Saved: 'C:\Users\93rob\Documents\GitHub\SpaceFace\assets\ships\m4_helios_hub_v7\evidence\renders\helios_rock_a\helios_rock_a_detail.__tmp_52780.png'
[m4-helios-hub-v3] Rendered helios_rock_a_detail.png
05:32.844  render           | Saved: 'C:\Users\93rob\Documents\GitHub\SpaceFace\assets\ships\m4_helios_hub_v7\evidence\renders\helios_rock_a\helios_rock_a_detail.__tmp_52780.png'
[m4-helios-hub-v3] Rendered helios_rock_a_detail.png
05:33.922  render           | Saved: 'C:\Users\93rob\Documents\GitHub\SpaceFace\assets\ships\m4_helios_hub_v7\evidence\renders\helios_rock_a\helios_rock_a_detail.__tmp_52780.png'
[m4-helios-hub-v3] Rendered helios_rock_a_detail.png
05:35.172  render           | Saved: 'C:\Users\93rob\Documents\GitHub\SpaceFace\assets\ships\m4_helios_hub_v7\evidence\renders\helios_rock_a\helios_rock_a_detail.__tmp_52780.png'
[m4-helios-hub-v3] Rendered helios_rock_a_detail.png
05:36.328  render           | Saved: 'C:\Users\93rob\Documents\GitHub\SpaceFace\assets\ships\m4_helios_hub_v7\evidence\renders\helios_rock_a\helios_rock_a_detail.__tmp_52780.png'
[m4-helios-hub-v3] Rendered helios_rock_a_detail.png
05:37.422  render           | Saved: 'C:\Users\93rob\Documents\GitHub\SpaceFace\assets\ships\m4_helios_hub_v7\evidence\renders\helios_rock_a\helios_rock_a_side_ortho.__tmp_52780.png'
[m4-helios-hub-v3] Rendered helios_rock_a_side_ortho.png
05:38.438  render           | Saved: 'C:\Users\93rob\Documents\GitHub\SpaceFace\assets\ships\m4_helios_hub_v7\evidence\renders\helios_rock_a\helios_rock_a_side_ortho.__tmp_52780.png'
[m4-helios-hub-v3] Rendered helios_rock_a_side_ortho.png
05:39.313  render           | Saved: 'C:\Users\93rob\Documents\GitHub\SpaceFace\assets\ships\m4_helios_hub_v7\evidence\renders\helios_rock_a\helios_rock_a_side_ortho.__tmp_52780.png'
[m4-helios-hub-v3] Rendered helios_rock_a_side_ortho.png
05:40.250  render           | Saved: 'C:\Users\93rob\Documents\GitHub\SpaceFace\assets\ships\m4_helios_hub_v7\evidence\renders\helios_rock_a\helios_rock_a_side_ortho.__tmp_52780.png'
[m4-helios-hub-v3] Rendered helios_rock_a_side_ortho.png
05:41.141  render           | Saved: 'C:\Users\93rob\Documents\GitHub\SpaceFace\assets\ships\m4_helios_hub_v7\evidence\renders\helios_rock_a\helios_rock_a_side_ortho.__tmp_52780.png'
[m4-helios-hub-v3] Rendered helios_rock_a_side_ortho.png
05:41.985  render           | Saved: 'C:\Users\93rob\Documents\GitHub\SpaceFace\assets\ships\m4_helios_hub_v7\evidence\renders\helios_rock_a\helios_rock_a_side_ortho.__tmp_52780.png'
[m4-helios-hub-v3] Rendered helios_rock_a_side_ortho.png
05:42.797  render           | Saved: 'C:\Users\93rob\Documents\GitHub\SpaceFace\assets\ships\m4_helios_hub_v7\evidence\renders\helios_rock_a\helios_rock_a_side_ortho.__tmp_52780.png'
[m4-helios-hub-v3] Rendered helios_rock_a_side_ortho.png
05:43.688  render           | Saved: 'C:\Users\93rob\Documents\GitHub\SpaceFace\assets\ships\m4_helios_hub_v7\evidence\renders\helios_rock_a\helios_rock_a_side_ortho.__tmp_52780.png'
[m4-helios-hub-v3] Rendered helios_rock_a_side_ortho.png
05:44.594  render           | Saved: 'C:\Users\93rob\Documents\GitHub\SpaceFace\assets\ships\m4_helios_hub_v7\evidence\renders\helios_rock_a\helios_rock_a_side_ortho.__tmp_52780.png'
[m4-helios-hub-v3] Rendered helios_rock_a_side_ortho.png
05:46.969  render           | Saved: 'C:\Users\93rob\Documents\GitHub\SpaceFace\assets\ships\m4_helios_hub_v7\evidence\renders\helios_rock_a\helios_rock_a_side_ortho.__tmp_52780.png'
[m4-helios-hub-v3] Rendered helios_rock_a_side_ortho.png
05:49.547  render           | Saved: 'C:\Users\93rob\Documents\GitHub\SpaceFace\assets\ships\m4_helios_hub_v7\evidence\renders\helios_rock_a\helios_rock_a_gamesky.__tmp_52780.png'
[m4-helios-hub-v3] Rendered helios_rock_a_gamesky.png
05:50.797  render           | Saved: 'C:\Users\93rob\Documents\GitHub\SpaceFace\assets\ships\m4_helios_hub_v7\evidence\renders\helios_rock_a\helios_rock_a_gamesky_forward_34.__tmp_52780.png'
[m4-helios-hub-v3] Rendered helios_rock_a_gamesky_forward_34.png
05:52.360  render           | Saved: 'C:\Users\93rob\Documents\GitHub\SpaceFace\assets\ships\m4_helios_hub_v7\evidence\renders\helios_rock_a\helios_rock_a_lod_continuity_lod0.__tmp_52780.png'
[m4-helios-hub-v3] Rendered helios_rock_a_lod_continuity_lod0.png
05:53.203  render           | Saved: 'C:\Users\93rob\Documents\GitHub\SpaceFace\assets\ships\m4_helios_hub_v7\evidence\renders\helios_rock_a\helios_rock_a_lod_continuity_lod1.__tmp_52780.png'
[m4-helios-hub-v3] Rendered helios_rock_a_lod_continuity_lod1.png
05:54.125  render           | Saved: 'C:\Users\93rob\Documents\GitHub\SpaceFace\assets\ships\m4_helios_hub_v7\evidence\renders\helios_rock_a\helios_rock_a_lod_continuity_lod2.__tmp_52780.png'
[m4-helios-hub-v3] Rendered helios_rock_a_lod_continuity_lod2.png
[m4-helios-hub-v3] DONE helios_rock_a in 126.5s tris=84 lod0=36 budget_ok=True
[m4-helios-hub-v3] === Building helios_rock_b: Helios Rock B (wedge) ===
18:10:47 | INFO: Data are loaded, start creating Blender stuff
18:10:47 | INFO: Blender create Mesh node realCap_Model_1
18:10:48 | INFO: glTF import finished in 0.73s
[m4-helios-hub-v3] Authored 3 parts; primary trisΓëê1248
Info: Removed: 0 vertices, 0 edges, 0 faces
Info: Removed: 0 vertices, 0 edges, 0 faces
Info: Removed 0 vertices
Info: Removed: 0 vertices, 0 edges, 0 faces
Info: Removed: 0 vertices, 0 edges, 0 faces
Info: Removed 0 vertices
Info: Removed: 0 vertices, 0 edges, 0 faces
Info: Removed: 0 vertices, 0 edges, 0 faces
Info: Removed 0 vertices
Info: Removed: 0 vertices, 0 edges, 0 faces
Info: Removed: 0 vertices, 0 edges, 0 faces
Info: Removed 0 vertices
[m4-helios-hub-v3] helios_rock_b lod0: tris=1272 objects=2
[m4-helios-hub-v3] Decimated LOD1_Merged_Material_Rock: ΓåÆ482 tris (cap 524)
Info: Removed: 0 vertices, 0 edges, 0 faces
Info: Removed: 0 vertices, 0 edges, 0 faces
Info: Removed 0 vertices
Info: Removed: 0 vertices, 0 edges, 0 faces
Info: Removed: 0 vertices, 0 edges, 0 faces
Info: Removed 0 vertices
Info: Removed: 0 vertices, 0 edges, 0 faces
Info: Removed: 0 vertices, 0 edges, 0 faces
Info: Removed 0 vertices
Info: Removed: 0 vertices, 0 edges, 0 faces
Info: Removed: 0 vertices, 0 edges, 0 faces
Info: Removed 0 vertices
[m4-helios-hub-v3] helios_rock_b lod1: tris=506 objects=2
[m4-helios-hub-v3] Decimated LOD2_Merged_Material_Rock: ΓåÆ172 tris (cap 187)
Info: Removed: 0 vertices, 0 edges, 0 faces
Info: Removed: 0 vertices, 0 edges, 0 faces
Info: Removed 0 vertices
Info: Removed: 0 vertices, 0 edges, 0 faces
Info: Removed: 0 vertices, 0 edges, 0 faces
Info: Removed 0 vertices
[m4-helios-hub-v3] helios_rock_b lod2: tris=172 objects=1
Info: Removed: 0 vertices, 0 edges, 0 faces
Info: Removed: 0 vertices, 0 edges, 0 faces
Info: Removed 0 vertices
Info: Removed: 0 vertices, 0 edges, 0 faces
Info: Removed: 0 vertices, 0 edges, 0 faces
Info: Removed 0 vertices
Info: Removed: 0 vertices, 0 edges, 0 faces
Info: Removed: 0 vertices, 0 edges, 0 faces
Info: Removed 0 vertices
Info: Removed: 0 vertices, 0 edges, 0 faces
Info: Removed: 0 vertices, 0 edges, 0 faces
Info: Removed 0 vertices
Info: Removed: 0 vertices, 0 edges, 0 faces
Info: Removed: 0 vertices, 0 edges, 0 faces
Info: Removed 0 vertices
18:10:49 | INFO: Starting glTF 2.0 export
18:10:49 | INFO: Extracting primitive: LOD0_HOOK_EMISSIVE
18:10:49 | WARNING: More than one shader node tex image used for a texture. The resulting glTF sampler will behave like the first shader node tex image.
18:10:49 | INFO: Primitives created: 1
18:10:49 | INFO: Extracting primitive: LOD0_Merged_Material_Rock
18:10:49 | WARNING: More than one shader node tex image used for a texture. The resulting glTF sampler will behave like the first shader node tex image.
18:10:49 | INFO: Primitives created: 1
18:10:49 | INFO: Extracting primitive: LOD1_HOOK_EMISSIVE
18:10:49 | INFO: Primitives created: 1
18:10:49 | INFO: Extracting primitive: LOD1_Merged_Material_Rock
18:10:49 | INFO: Primitives created: 1
18:10:49 | INFO: Extracting primitive: LOD2_Merged_Material_Rock
18:10:49 | INFO: Primitives created: 1
18:10:49 | INFO: Finished glTF 2.0 export in 0.08318853378295898 s

[m4-helios-hub-v3] Exported GLB ΓåÆ C:\Users\93rob\Documents\GitHub\SpaceFace\assets\ships\m4_helios_hub_v7\source\places\helios_rock_b.glb (2722524 bytes)
05:57.813  render           | Saved: 'C:\Users\93rob\Documents\GitHub\SpaceFace\assets\ships\m4_helios_hub_v7\evidence\renders\helios_rock_b\helios_rock_b_full.__tmp_52780.png'
Info: Saved as "helios_rock_b_production.blend"
[m4-helios-hub-v3] Rendered helios_rock_b_full.png
05:59.047  render           | Saved: 'C:\Users\93rob\Documents\GitHub\SpaceFace\assets\ships\m4_helios_hub_v7\evidence\renders\helios_rock_b\helios_rock_b_forward_34.__tmp_52780.png'
[m4-helios-hub-v3] Rendered helios_rock_b_forward_34.png
06:00.219  render           | Saved: 'C:\Users\93rob\Documents\GitHub\SpaceFace\assets\ships\m4_helios_hub_v7\evidence\renders\helios_rock_b\helios_rock_b_readability_close.__tmp_52780.png'
[m4-helios-hub-v3] Rendered helios_rock_b_readability_close.png
06:01.172  render           | Saved: 'C:\Users\93rob\Documents\GitHub\SpaceFace\assets\ships\m4_helios_hub_v7\evidence\renders\helios_rock_b\helios_rock_b_readability_close.__tmp_52780.png'
[m4-helios-hub-v3] Rendered helios_rock_b_readability_close.png
06:02.719  render           | Saved: 'C:\Users\93rob\Documents\GitHub\SpaceFace\assets\ships\m4_helios_hub_v7\evidence\renders\helios_rock_b\helios_rock_b_readability_close.__tmp_52780.png'
[m4-helios-hub-v3] Rendered helios_rock_b_readability_close.png
06:03.703  render           | Saved: 'C:\Users\93rob\Documents\GitHub\SpaceFace\assets\ships\m4_helios_hub_v7\evidence\renders\helios_rock_b\helios_rock_b_readability_120px.__tmp_52780.png'
[m4-helios-hub-v3] Rendered helios_rock_b_readability_120px.png
06:04.094  render           | Saved: 'C:\Users\93rob\Documents\GitHub\SpaceFace\assets\ships\m4_helios_hub_v7\evidence\renders\helios_rock_b\helios_rock_b_readability_under45px.__tmp_52780.png'
[m4-helios-hub-v3] Rendered helios_rock_b_readability_under45px.png
06:04.907  render           | Saved: 'C:\Users\93rob\Documents\GitHub\SpaceFace\assets\ships\m4_helios_hub_v7\evidence\renders\helios_rock_b\helios_rock_b_top.__tmp_52780.png'
[m4-helios-hub-v3] Rendered helios_rock_b_top.png
06:06.125  render           | Saved: 'C:\Users\93rob\Documents\GitHub\SpaceFace\assets\ships\m4_helios_hub_v7\evidence\renders\helios_rock_b\helios_rock_b_top.__tmp_52780.png'
[m4-helios-hub-v3] Rendered helios_rock_b_top.png
06:07.157  render           | Saved: 'C:\Users\93rob\Documents\GitHub\SpaceFace\assets\ships\m4_helios_hub_v7\evidence\renders\helios_rock_b\helios_rock_b_top.__tmp_52780.png'
[m4-helios-hub-v3] Rendered helios_rock_b_top.png
06:09.844  render           | Saved: 'C:\Users\93rob\Documents\GitHub\SpaceFace\assets\ships\m4_helios_hub_v7\evidence\renders\helios_rock_b\helios_rock_b_top.__tmp_52780.png'
[m4-helios-hub-v3] Rendered helios_rock_b_top.png
06:12.094  render           | Saved: 'C:\Users\93rob\Documents\GitHub\SpaceFace\assets\ships\m4_helios_hub_v7\evidence\renders\helios_rock_b\helios_rock_b_top.__tmp_52780.png'
[m4-helios-hub-v3] Rendered helios_rock_b_top.png
06:13.657  render           | Saved: 'C:\Users\93rob\Documents\GitHub\SpaceFace\assets\ships\m4_helios_hub_v7\evidence\renders\helios_rock_b\helios_rock_b_top.__tmp_52780.png'
[m4-helios-hub-v3] Rendered helios_rock_b_top.png
06:15.500  render           | Saved: 'C:\Users\93rob\Documents\GitHub\SpaceFace\assets\ships\m4_helios_hub_v7\evidence\renders\helios_rock_b\helios_rock_b_top.__tmp_52780.png'
[m4-helios-hub-v3] Rendered helios_rock_b_top.png
06:17.641  render           | Saved: 'C:\Users\93rob\Documents\GitHub\SpaceFace\assets\ships\m4_helios_hub_v7\evidence\renders\helios_rock_b\helios_rock_b_top.__tmp_52780.png'
[m4-helios-hub-v3] Rendered helios_rock_b_top.png
06:19.328  render           | Saved: 'C:\Users\93rob\Documents\GitHub\SpaceFace\assets\ships\m4_helios_hub_v7\evidence\renders\helios_rock_b\helios_rock_b_top.__tmp_52780.png'
[m4-helios-hub-v3] Rendered helios_rock_b_top.png
06:20.735  render           | Saved: 'C:\Users\93rob\Documents\GitHub\SpaceFace\assets\ships\m4_helios_hub_v7\evidence\renders\helios_rock_b\helios_rock_b_top.__tmp_52780.png'
[m4-helios-hub-v3] Rendered helios_rock_b_top.png
06:22.094  render           | Saved: 'C:\Users\93rob\Documents\GitHub\SpaceFace\assets\ships\m4_helios_hub_v7\evidence\renders\helios_rock_b\helios_rock_b_rear.__tmp_52780.png'
[m4-helios-hub-v3] Rendered helios_rock_b_rear.png
06:23.625  render           | Saved: 'C:\Users\93rob\Documents\GitHub\SpaceFace\assets\ships\m4_helios_hub_v7\evidence\renders\helios_rock_b\helios_rock_b_rear_34.__tmp_52780.png'
[m4-helios-hub-v3] Rendered helios_rock_b_rear_34.png
06:25.344  render           | Saved: 'C:\Users\93rob\Documents\GitHub\SpaceFace\assets\ships\m4_helios_hub_v7\evidence\renders\helios_rock_b\helios_rock_b_detail.__tmp_52780.png'
[m4-helios-hub-v3] Rendered helios_rock_b_detail.png
06:26.766  render           | Saved: 'C:\Users\93rob\Documents\GitHub\SpaceFace\assets\ships\m4_helios_hub_v7\evidence\renders\helios_rock_b\helios_rock_b_detail.__tmp_52780.png'
[m4-helios-hub-v3] Rendered helios_rock_b_detail.png
06:28.219  render           | Saved: 'C:\Users\93rob\Documents\GitHub\SpaceFace\assets\ships\m4_helios_hub_v7\evidence\renders\helios_rock_b\helios_rock_b_detail.__tmp_52780.png'
[m4-helios-hub-v3] Rendered helios_rock_b_detail.png
06:29.625  render           | Saved: 'C:\Users\93rob\Documents\GitHub\SpaceFace\assets\ships\m4_helios_hub_v7\evidence\renders\helios_rock_b\helios_rock_b_detail.__tmp_52780.png'
[m4-helios-hub-v3] Rendered helios_rock_b_detail.png
06:30.657  render           | Saved: 'C:\Users\93rob\Documents\GitHub\SpaceFace\assets\ships\m4_helios_hub_v7\evidence\renders\helios_rock_b\helios_rock_b_detail.__tmp_52780.png'
[m4-helios-hub-v3] Rendered helios_rock_b_detail.png
06:31.641  render           | Saved: 'C:\Users\93rob\Documents\GitHub\SpaceFace\assets\ships\m4_helios_hub_v7\evidence\renders\helios_rock_b\helios_rock_b_detail.__tmp_52780.png'
[m4-helios-hub-v3] Rendered helios_rock_b_detail.png
06:32.266  render           | Saved: 'C:\Users\93rob\Documents\GitHub\SpaceFace\assets\ships\m4_helios_hub_v7\evidence\renders\helios_rock_b\helios_rock_b_detail.__tmp_52780.png'
[m4-helios-hub-v3] Rendered helios_rock_b_detail.png
06:33.391  render           | Saved: 'C:\Users\93rob\Documents\GitHub\SpaceFace\assets\ships\m4_helios_hub_v7\evidence\renders\helios_rock_b\helios_rock_b_detail.__tmp_52780.png'
[m4-helios-hub-v3] Rendered helios_rock_b_detail.png
06:35.828  render           | Saved: 'C:\Users\93rob\Documents\GitHub\SpaceFace\assets\ships\m4_helios_hub_v7\evidence\renders\helios_rock_b\helios_rock_b_detail.__tmp_52780.png'
[m4-helios-hub-v3] Rendered helios_rock_b_detail.png
06:37.969  render           | Saved: 'C:\Users\93rob\Documents\GitHub\SpaceFace\assets\ships\m4_helios_hub_v7\evidence\renders\helios_rock_b\helios_rock_b_detail.__tmp_52780.png'
[m4-helios-hub-v3] Rendered helios_rock_b_detail.png
06:40.828  render           | Saved: 'C:\Users\93rob\Documents\GitHub\SpaceFace\assets\ships\m4_helios_hub_v7\evidence\renders\helios_rock_b\helios_rock_b_side_ortho.__tmp_52780.png'
[m4-helios-hub-v3] Rendered helios_rock_b_side_ortho.png
06:43.953  render           | Saved: 'C:\Users\93rob\Documents\GitHub\SpaceFace\assets\ships\m4_helios_hub_v7\evidence\renders\helios_rock_b\helios_rock_b_side_ortho.__tmp_52780.png'
[m4-helios-hub-v3] Rendered helios_rock_b_side_ortho.png
06:46.672  render           | Saved: 'C:\Users\93rob\Documents\GitHub\SpaceFace\assets\ships\m4_helios_hub_v7\evidence\renders\helios_rock_b\helios_rock_b_side_ortho.__tmp_52780.png'
[m4-helios-hub-v3] Rendered helios_rock_b_side_ortho.png
06:50.516  render           | Saved: 'C:\Users\93rob\Documents\GitHub\SpaceFace\assets\ships\m4_helios_hub_v7\evidence\renders\helios_rock_b\helios_rock_b_gamesky.__tmp_52780.png'
[m4-helios-hub-v3] Rendered helios_rock_b_gamesky.png
06:52.438  render           | Saved: 'C:\Users\93rob\Documents\GitHub\SpaceFace\assets\ships\m4_helios_hub_v7\evidence\renders\helios_rock_b\helios_rock_b_gamesky_forward_34.__tmp_52780.png'
[m4-helios-hub-v3] Rendered helios_rock_b_gamesky_forward_34.png
06:53.938  render           | Saved: 'C:\Users\93rob\Documents\GitHub\SpaceFace\assets\ships\m4_helios_hub_v7\evidence\renders\helios_rock_b\helios_rock_b_lod_continuity_lod0.__tmp_52780.png'
[m4-helios-hub-v3] Rendered helios_rock_b_lod_continuity_lod0.png
06:54.938  render           | Saved: 'C:\Users\93rob\Documents\GitHub\SpaceFace\assets\ships\m4_helios_hub_v7\evidence\renders\helios_rock_b\helios_rock_b_lod_continuity_lod1.__tmp_52780.png'
[m4-helios-hub-v3] Rendered helios_rock_b_lod_continuity_lod1.png
06:55.813  render           | Saved: 'C:\Users\93rob\Documents\GitHub\SpaceFace\assets\ships\m4_helios_hub_v7\evidence\renders\helios_rock_b\helios_rock_b_lod_continuity_lod2.__tmp_52780.png'
[m4-helios-hub-v3] Rendered helios_rock_b_lod_continuity_lod2.png
[m4-helios-hub-v3] DONE helios_rock_b in 61.3s tris=1950 lod0=1272 budget_ok=True
[m4-helios-hub-v3] === Building helios_rock_c: Helios Rock C (cluster) ===
18:11:49 | INFO: Data are loaded, start creating Blender stuff
18:11:49 | INFO: Blender create Mesh node rock_PROXY_5m.002
18:11:50 | INFO: glTF import finished in 0.99s
[m4-helios-hub-v3] Decimated V6 rock:V6_Rock_C_Scan: ΓåÆ2760 tris (cap 3000)
[m4-helios-hub-v3] Authored 3 parts; primary trisΓëê2938
Info: Removed: 0 vertices, 0 edges, 0 faces
Info: Removed: 0 vertices, 0 edges, 0 faces
Info: Removed 0 vertices
Info: Removed: 0 vertices, 0 edges, 0 faces
Info: Removed: 0 vertices, 0 edges, 0 faces
Info: Removed 0 vertices
Info: Removed: 0 vertices, 0 edges, 0 faces
Info: Removed: 0 vertices, 0 edges, 0 faces
Info: Removed 0 vertices
Info: Removed: 0 vertices, 0 edges, 0 faces
Info: Removed: 0 vertices, 0 edges, 0 faces
Info: Removed 0 vertices
[m4-helios-hub-v3] helios_rock_c lod0: tris=2962 objects=2
[m4-helios-hub-v3] Decimated LOD1_Merged_Material_Rock: ΓåÆ1134 tris (cap 1233)
Info: Removed: 0 vertices, 0 edges, 0 faces
Info: Removed: 0 vertices, 0 edges, 0 faces
Info: Removed 0 vertices
Info: Removed: 0 vertices, 0 edges, 0 faces
Info: Removed: 0 vertices, 0 edges, 0 faces
Info: Removed 0 vertices
Info: Removed: 0 vertices, 0 edges, 0 faces
Info: Removed: 0 vertices, 0 edges, 0 faces
Info: Removed 0 vertices
Info: Removed: 0 vertices, 0 edges, 0 faces
Info: Removed: 0 vertices, 0 edges, 0 faces
Info: Removed 0 vertices
[m4-helios-hub-v3] helios_rock_c lod1: tris=1158 objects=2
[m4-helios-hub-v3] Decimated LOD2_Merged_Material_Rock: ΓåÆ404 tris (cap 440)
Info: Removed: 0 vertices, 0 edges, 0 faces
Info: Removed: 0 vertices, 0 edges, 0 faces
Info: Removed 0 vertices
Info: Removed: 0 vertices, 0 edges, 0 faces
Info: Removed: 0 vertices, 0 edges, 0 faces
Info: Removed 0 vertices
[m4-helios-hub-v3] helios_rock_c lod2: tris=404 objects=1
Info: Removed: 0 vertices, 0 edges, 0 faces
Info: Removed: 0 vertices, 0 edges, 0 faces
Info: Removed 0 vertices
Info: Removed: 0 vertices, 0 edges, 0 faces
Info: Removed: 0 vertices, 0 edges, 0 faces
Info: Removed 0 vertices
Info: Removed: 0 vertices, 0 edges, 0 faces
Info: Removed: 0 vertices, 0 edges, 0 faces
Info: Removed 0 vertices
Info: Removed: 0 vertices, 0 edges, 0 faces
Info: Removed: 0 vertices, 0 edges, 0 faces
Info: Removed 0 vertices
Info: Removed: 0 vertices, 0 edges, 0 faces
Info: Removed: 0 vertices, 0 edges, 0 faces
Info: Removed 0 vertices
18:11:54 | INFO: Starting glTF 2.0 export
18:11:54 | INFO: Extracting primitive: LOD0_HOOK_EMISSIVE
18:11:54 | WARNING: More than one shader node tex image used for a texture. The resulting glTF sampler will behave like the first shader node tex image.
18:11:54 | INFO: Primitives created: 1
18:11:54 | INFO: Extracting primitive: LOD0_Merged_Material_Rock
18:11:54 | WARNING: More than one shader node tex image used for a texture. The resulting glTF sampler will behave like the first shader node tex image.
18:11:54 | INFO: Primitives created: 1
18:11:54 | INFO: Extracting primitive: LOD1_HOOK_EMISSIVE
18:11:54 | INFO: Primitives created: 1
18:11:54 | INFO: Extracting primitive: LOD1_Merged_Material_Rock
18:11:54 | INFO: Primitives created: 1
18:11:54 | INFO: Extracting primitive: LOD2_Merged_Material_Rock
18:11:54 | INFO: Primitives created: 1
18:11:54 | INFO: Finished glTF 2.0 export in 0.37842226028442383 s

[m4-helios-hub-v3] Exported GLB ΓåÆ C:\Users\93rob\Documents\GitHub\SpaceFace\assets\ships\m4_helios_hub_v7\source\places\helios_rock_c.glb (2877876 bytes)
07:04.985  render           | Saved: 'C:\Users\93rob\Documents\GitHub\SpaceFace\assets\ships\m4_helios_hub_v7\evidence\renders\helios_rock_c\helios_rock_c_full.__tmp_52780.png'
Info: Saved as "helios_rock_c_production.blend"
[m4-helios-hub-v3] Rendered helios_rock_c_full.png
07:09.313  render           | Saved: 'C:\Users\93rob\Documents\GitHub\SpaceFace\assets\ships\m4_helios_hub_v7\evidence\renders\helios_rock_c\helios_rock_c_forward_34.__tmp_52780.png'
[m4-helios-hub-v3] Rendered helios_rock_c_forward_34.png
07:15.578  render           | Saved: 'C:\Users\93rob\Documents\GitHub\SpaceFace\assets\ships\m4_helios_hub_v7\evidence\renders\helios_rock_c\helios_rock_c_readability_close.__tmp_52780.png'
[m4-helios-hub-v3] Rendered helios_rock_c_readability_close.png
07:21.110  render           | Saved: 'C:\Users\93rob\Documents\GitHub\SpaceFace\assets\ships\m4_helios_hub_v7\evidence\renders\helios_rock_c\helios_rock_c_readability_close.__tmp_52780.png'
[m4-helios-hub-v3] Rendered helios_rock_c_readability_close.png
07:22.907  render           | Saved: 'C:\Users\93rob\Documents\GitHub\SpaceFace\assets\ships\m4_helios_hub_v7\evidence\renders\helios_rock_c\helios_rock_c_readability_120px.__tmp_52780.png'
[m4-helios-hub-v3] Rendered helios_rock_c_readability_120px.png
07:24.797  render           | Saved: 'C:\Users\93rob\Documents\GitHub\SpaceFace\assets\ships\m4_helios_hub_v7\evidence\renders\helios_rock_c\helios_rock_c_readability_under45px.__tmp_52780.png'
[m4-helios-hub-v3] Rendered helios_rock_c_readability_under45px.png
07:27.907  render           | Saved: 'C:\Users\93rob\Documents\GitHub\SpaceFace\assets\ships\m4_helios_hub_v7\evidence\renders\helios_rock_c\helios_rock_c_top.__tmp_52780.png'
[m4-helios-hub-v3] Rendered helios_rock_c_top.png
07:33.000  render           | Saved: 'C:\Users\93rob\Documents\GitHub\SpaceFace\assets\ships\m4_helios_hub_v7\evidence\renders\helios_rock_c\helios_rock_c_top.__tmp_52780.png'
[m4-helios-hub-v3] Rendered helios_rock_c_top.png
07:42.703  render           | Saved: 'C:\Users\93rob\Documents\GitHub\SpaceFace\assets\ships\m4_helios_hub_v7\evidence\renders\helios_rock_c\helios_rock_c_top.__tmp_52780.png'
[m4-helios-hub-v3] Rendered helios_rock_c_top.png
07:50.844  render           | Saved: 'C:\Users\93rob\Documents\GitHub\SpaceFace\assets\ships\m4_helios_hub_v7\evidence\renders\helios_rock_c\helios_rock_c_rear.__tmp_52780.png'
[m4-helios-hub-v3] Rendered helios_rock_c_rear.png
07:54.953  render           | Saved: 'C:\Users\93rob\Documents\GitHub\SpaceFace\assets\ships\m4_helios_hub_v7\evidence\renders\helios_rock_c\helios_rock_c_rear.__tmp_52780.png'
[m4-helios-hub-v3] Rendered helios_rock_c_rear.png
07:58.516  render           | Saved: 'C:\Users\93rob\Documents\GitHub\SpaceFace\assets\ships\m4_helios_hub_v7\evidence\renders\helios_rock_c\helios_rock_c_rear.__tmp_52780.png'
[m4-helios-hub-v3] Rendered helios_rock_c_rear.png
08:02.203  render           | Saved: 'C:\Users\93rob\Documents\GitHub\SpaceFace\assets\ships\m4_helios_hub_v7\evidence\renders\helios_rock_c\helios_rock_c_rear_34.__tmp_52780.png'
[m4-helios-hub-v3] Rendered helios_rock_c_rear_34.png
08:05.891  render           | Saved: 'C:\Users\93rob\Documents\GitHub\SpaceFace\assets\ships\m4_helios_hub_v7\evidence\renders\helios_rock_c\helios_rock_c_rear_34.__tmp_52780.png'
[m4-helios-hub-v3] Rendered helios_rock_c_rear_34.png
08:08.610  render           | Saved: 'C:\Users\93rob\Documents\GitHub\SpaceFace\assets\ships\m4_helios_hub_v7\evidence\renders\helios_rock_c\helios_rock_c_rear_34.__tmp_52780.png'
[m4-helios-hub-v3] Rendered helios_rock_c_rear_34.png
08:14.578  render           | Saved: 'C:\Users\93rob\Documents\GitHub\SpaceFace\assets\ships\m4_helios_hub_v7\evidence\renders\helios_rock_c\helios_rock_c_detail.__tmp_52780.png'
[m4-helios-hub-v3] Rendered helios_rock_c_detail.png
08:25.110  render           | Saved: 'C:\Users\93rob\Documents\GitHub\SpaceFace\assets\ships\m4_helios_hub_v7\evidence\renders\helios_rock_c\helios_rock_c_detail.__tmp_52780.png'
[m4-helios-hub-v3] Rendered helios_rock_c_detail.png
08:32.797  render           | Saved: 'C:\Users\93rob\Documents\GitHub\SpaceFace\assets\ships\m4_helios_hub_v7\evidence\renders\helios_rock_c\helios_rock_c_detail.__tmp_52780.png'
[m4-helios-hub-v3] Rendered helios_rock_c_detail.png
08:38.453  render           | Saved: 'C:\Users\93rob\Documents\GitHub\SpaceFace\assets\ships\m4_helios_hub_v7\evidence\renders\helios_rock_c\helios_rock_c_detail.__tmp_52780.png'
[m4-helios-hub-v3] Rendered helios_rock_c_detail.png
08:40.016  render           | Saved: 'C:\Users\93rob\Documents\GitHub\SpaceFace\assets\ships\m4_helios_hub_v7\evidence\renders\helios_rock_c\helios_rock_c_detail.__tmp_52780.png'
[m4-helios-hub-v3] Rendered helios_rock_c_detail.png
08:42.407  render           | Saved: 'C:\Users\93rob\Documents\GitHub\SpaceFace\assets\ships\m4_helios_hub_v7\evidence\renders\helios_rock_c\helios_rock_c_detail.__tmp_52780.png'
[m4-helios-hub-v3] Rendered helios_rock_c_detail.png
08:44.250  render           | Saved: 'C:\Users\93rob\Documents\GitHub\SpaceFace\assets\ships\m4_helios_hub_v7\evidence\renders\helios_rock_c\helios_rock_c_detail.__tmp_52780.png'
[m4-helios-hub-v3] Rendered helios_rock_c_detail.png
08:46.688  render           | Saved: 'C:\Users\93rob\Documents\GitHub\SpaceFace\assets\ships\m4_helios_hub_v7\evidence\renders\helios_rock_c\helios_rock_c_detail.__tmp_52780.png'
[m4-helios-hub-v3] Rendered helios_rock_c_detail.png
08:48.750  render           | Saved: 'C:\Users\93rob\Documents\GitHub\SpaceFace\assets\ships\m4_helios_hub_v7\evidence\renders\helios_rock_c\helios_rock_c_detail.__tmp_52780.png'
[m4-helios-hub-v3] Rendered helios_rock_c_detail.png
08:50.422  render           | Saved: 'C:\Users\93rob\Documents\GitHub\SpaceFace\assets\ships\m4_helios_hub_v7\evidence\renders\helios_rock_c\helios_rock_c_detail.__tmp_52780.png'
[m4-helios-hub-v3] Rendered helios_rock_c_detail.png
08:52.657  render           | Saved: 'C:\Users\93rob\Documents\GitHub\SpaceFace\assets\ships\m4_helios_hub_v7\evidence\renders\helios_rock_c\helios_rock_c_side_ortho.__tmp_52780.png'
[m4-helios-hub-v3] Rendered helios_rock_c_side_ortho.png
08:54.500  render           | Saved: 'C:\Users\93rob\Documents\GitHub\SpaceFace\assets\ships\m4_helios_hub_v7\evidence\renders\helios_rock_c\helios_rock_c_side_ortho.__tmp_52780.png'
[m4-helios-hub-v3] Rendered helios_rock_c_side_ortho.png
08:56.766  render           | Saved: 'C:\Users\93rob\Documents\GitHub\SpaceFace\assets\ships\m4_helios_hub_v7\evidence\renders\helios_rock_c\helios_rock_c_gamesky.__tmp_52780.png'
[m4-helios-hub-v3] Rendered helios_rock_c_gamesky.png
08:58.453  render           | Saved: 'C:\Users\93rob\Documents\GitHub\SpaceFace\assets\ships\m4_helios_hub_v7\evidence\renders\helios_rock_c\helios_rock_c_gamesky_forward_34.__tmp_52780.png'
[m4-helios-hub-v3] Rendered helios_rock_c_gamesky_forward_34.png
08:59.594  render           | Saved: 'C:\Users\93rob\Documents\GitHub\SpaceFace\assets\ships\m4_helios_hub_v7\evidence\renders\helios_rock_c\helios_rock_c_lod_continuity_lod0.__tmp_52780.png'
[m4-helios-hub-v3] Rendered helios_rock_c_lod_continuity_lod0.png
09:00.657  render           | Saved: 'C:\Users\93rob\Documents\GitHub\SpaceFace\assets\ships\m4_helios_hub_v7\evidence\renders\helios_rock_c\helios_rock_c_lod_continuity_lod1.__tmp_52780.png'
[m4-helios-hub-v3] Rendered helios_rock_c_lod_continuity_lod1.png
09:01.563  render           | Saved: 'C:\Users\93rob\Documents\GitHub\SpaceFace\assets\ships\m4_helios_hub_v7\evidence\renders\helios_rock_c\helios_rock_c_lod_continuity_lod2.__tmp_52780.png'
[m4-helios-hub-v3] Rendered helios_rock_c_lod_continuity_lod2.png
[m4-helios-hub-v3] DONE helios_rock_c in 125.5s tris=4524 lod0=2962 budget_ok=True
[m4-helios-hub-v3] FAMILY DONE in 536.2s ΓÇö ok=4 fail=0 (no acceptance claim)
[m4-helios-hub-v3] Released authoring lock
Blender 5.1.2 (hash ec6e62d40fa9 built 2026-05-19 01:37:34)
