Reloading external rigs...
Reloading external metarigs...
[m4-helios-hub-v3] Acquired authoring lock ΓåÆ C:\Users\93rob\Documents\GitHub\SpaceFace\assets\ships\m4_helios_hub_v7\authoring.__lock
[m4-helios-hub-v3] Packet PROFESSIONAL-HELIOS-HUB-VISUAL-V7-GROK-001 ΓÇö Helios hub V3 professional rebuild (isolated)
[m4-helios-hub-v3] Vendor verify: accepted=11 diskCc0=9
[m4-helios-hub-v3] Vendor components accepted=11 diskCc0=9
[m4-helios-hub-v3] Reusing existing texture atlas under C:\Users\93rob\Documents\GitHub\SpaceFace\assets\ships\m4_helios_hub_v7\textures (force=False)
[m4-helios-hub-v3] === Building helios_hub_station: Helios Hub Station ===
[m4-helios-hub-v3] Decimated V6 donor:Sci-Fi_Station_Interior pods: ΓåÆ8626 tris (cap 9377)
[m4-helios-hub-v3] WARN decimate stalled V6 donor:Sci-Fi_Station_outer ring details: 2234ΓåÆ2234 target=2112
[m4-helios-hub-v3] WARN V6 donor:Sci-Fi_Station_outer ring details still 2234 tris > cap 2112
[m4-helios-hub-v3] WARN decimate stalled V6 donor:Sci-Fi_Station_base ring details: 4542ΓåÆ4528 target=2063
[m4-helios-hub-v3] WARN V6 donor:Sci-Fi_Station_base ring details still 4528 tris > cap 2063
[m4-helios-hub-v3] Decimated V6 donor:Sci-Fi_Station_outer ring pods: ΓåÆ723 tris (cap 786)
[m4-helios-hub-v3] WARN decimate stalled V6 donor:Sci-Fi_Station_lights: 1584ΓåÆ1584 target=160
[m4-helios-hub-v3] WARN V6 donor:Sci-Fi_Station_lights still 1584 tris > cap 160
[m4-helios-hub-v3] REPAIR hub ΓÇö lofted asymmetric orbital-port (not cylinder+box annulus)ΓÇª
18:02:21 | INFO: Data are loaded, start creating Blender stuff
18:02:21 | INFO: Blender create Mesh node Mesh
18:02:21 | INFO: Blender create Mesh node Mesh.001
18:02:21 | INFO: Blender create Mesh node Mesh.002
18:02:21 | INFO: Blender create Mesh node Mesh.004
18:02:22 | INFO: Blender create Mesh node Mesh.005
18:02:22 | INFO: Blender create Mesh node Mesh.006
18:02:22 | INFO: Blender create Mesh node Mesh.007
18:02:22 | INFO: Blender create Mesh node Mesh.011
18:02:22 | INFO: glTF import finished in 0.17s
[m4-helios-hub-v3] Decimated kit:Kit_Pipes_Industrial: ΓåÆ1840 tris (cap 2000)
18:02:22 | INFO: Data are loaded, start creating Blender stuff
18:02:22 | INFO: Blender create Mesh node Cube.016
18:02:22 | INFO: glTF import finished in 0.09s
[m4-helios-hub-v3] Decimated kit:Kit_Utility_Dock: ΓåÆ1104 tris (cap 1200)
18:02:22 | INFO: Data are loaded, start creating Blender stuff
18:02:22 | INFO: Blender create Mesh node Plane
18:02:22 | INFO: Blender create Mesh node Cube.002
18:02:22 | INFO: glTF import finished in 0.13s
[m4-helios-hub-v3] Decimated kit:Kit_Power_Spine: ΓåÆ1103 tris (cap 1200)
18:02:23 | INFO: Data are loaded, start creating Blender stuff
18:02:23 | INFO: Blender create Mesh node exterior_aircon_unit
18:02:23 | INFO: Blender create Mesh node exterior_aircon_unit_rusted
18:02:23 | INFO: glTF import finished in 0.14s
[m4-helios-hub-v3] Decimated kit:Kit_Aircon_Hab: ΓåÆ1287 tris (cap 1400)
18:02:23 | INFO: Data are loaded, start creating Blender stuff
18:02:23 | INFO: Blender create Mesh node Mesh corridor_window
18:02:23 | INFO: glTF import finished in 0.02s
18:02:23 | INFO: Data are loaded, start creating Blender stuff
18:02:23 | INFO: Blender create Mesh node Mesh barrels
18:02:23 | INFO: Blender create Mesh node Mesh barrel
18:02:23 | INFO: glTF import finished in 0.02s
[m4-helios-hub-v3] Authored 210 parts; primary trisΓëê6584
Info: Removed: 4878 vertices, 3029 edges, 0 faces
Info: Removed: 0 vertices, 0 edges, 0 faces
Info: Removed 0 vertices
Info: Removed: 0 vertices, 0 edges, 0 faces
Info: Removed: 0 vertices, 0 edges, 0 faces
Info: Removed 0 vertices
Info: Removed: 0 vertices, 0 edges, 0 faces
Info: Removed: 0 vertices, 0 edges, 0 faces
Info: Removed 0 vertices
Info: Removed: 0 vertices, 0 edges, 0 faces
Info: Removed: 0 vertices, 0 edges, 0 faces
Info: Removed 0 vertices
Info: Removed: 1923 vertices, 2306 edges, 0 faces
Info: Removed: 0 vertices, 0 edges, 0 faces
Info: Removed 0 vertices
Info: Removed: 0 vertices, 0 edges, 0 faces
Info: Removed: 0 vertices, 0 edges, 0 faces
Info: Removed 0 vertices
Info: Removed: 0 vertices, 0 edges, 0 faces
Info: Removed: 0 vertices, 0 edges, 0 faces
Info: Removed 0 vertices
Info: Removed: 0 vertices, 0 edges, 0 faces
Info: Removed: 0 vertices, 0 edges, 0 faces
Info: Removed 0 vertices
Info: Removed: 0 vertices, 0 edges, 0 faces
Info: Removed: 0 vertices, 0 edges, 0 faces
Info: Removed 0 vertices
Info: Removed: 0 vertices, 0 edges, 0 faces
Info: Removed: 0 vertices, 0 edges, 0 faces
Info: Removed 0 vertices
Info: Removed: 0 vertices, 0 edges, 0 faces
Info: Removed: 0 vertices, 0 edges, 0 faces
Info: Removed 0 vertices
Info: Removed: 0 vertices, 0 edges, 0 faces
Info: Removed: 0 vertices, 0 edges, 0 faces
Info: Removed 0 vertices
[m4-helios-hub-v3] helios_hub_station LOD0 38411 > soft budget 35000 ΓÇö adaptive trim
[m4-helios-hub-v3] Decimated budget:LOD0_Merged_Material_Mechanical: ΓåÆ8469 tris (cap 9207)
[m4-helios-hub-v3] helios_hub_station lod0: tris=34262 objects=6
[m4-helios-hub-v3] Decimated LOD1_Merged_Material_Hull: ΓåÆ9203 tris (cap 10004)
Info: Removed: 7090 vertices, 4261 edges, 0 faces
Info: Removed: 0 vertices, 0 edges, 0 faces
Info: Removed 0 vertices
Info: Removed: 0 vertices, 0 edges, 0 faces
Info: Removed: 0 vertices, 0 edges, 0 faces
Info: Removed 0 vertices
[m4-helios-hub-v3] Decimated LOD1_Merged_Material_Glass: ΓåÆ184 tris (cap 201)
Info: Removed: 0 vertices, 0 edges, 0 faces
Info: Removed: 0 vertices, 0 edges, 0 faces
Info: Removed 0 vertices
Info: Removed: 0 vertices, 0 edges, 0 faces
Info: Removed: 0 vertices, 0 edges, 0 faces
Info: Removed 0 vertices
[m4-helios-hub-v3] WARN decimate stalled LOD1_Merged_Material_Mechanical: 6964ΓåÆ6964 target=5299
[m4-helios-hub-v3] WARN LOD1_Merged_Material_Mechanical still 6964 tris > cap 5299
Info: Removed: 1923 vertices, 2306 edges, 0 faces
Info: Removed: 0 vertices, 0 edges, 0 faces
Info: Removed 0 vertices
Info: Removed: 0 vertices, 0 edges, 0 faces
Info: Removed: 0 vertices, 0 edges, 0 faces
Info: Removed 0 vertices
Info: Removed: 0 vertices, 0 edges, 0 faces
Info: Removed: 0 vertices, 0 edges, 0 faces
Info: Removed 0 vertices
Info: Removed: 0 vertices, 0 edges, 0 faces
Info: Removed: 0 vertices, 0 edges, 0 faces
Info: Removed 0 vertices
[m4-helios-hub-v3] Decimated LOD1_Merged_Material_Accent: ΓåÆ144 tris (cap 157)
Info: Removed: 0 vertices, 0 edges, 0 faces
Info: Removed: 0 vertices, 0 edges, 0 faces
Info: Removed 0 vertices
Info: Removed: 0 vertices, 0 edges, 0 faces
Info: Removed: 0 vertices, 0 edges, 0 faces
Info: Removed 0 vertices
[m4-helios-hub-v3] WARN decimate stalled LOD1_HOOK_EMISSIVE: 1650ΓåÆ1650 target=868
[m4-helios-hub-v3] WARN LOD1_HOOK_EMISSIVE still 1650 tris > cap 868
Info: Removed: 0 vertices, 0 edges, 0 faces
Info: Removed: 0 vertices, 0 edges, 0 faces
Info: Removed 0 vertices
Info: Removed: 0 vertices, 0 edges, 0 faces
Info: Removed: 0 vertices, 0 edges, 0 faces
Info: Removed 0 vertices
[m4-helios-hub-v3] helios_hub_station lod1: tris=16869 objects=6
[m4-helios-hub-v3] WARN LOD2_Merged_Material_Hull still 3922 tris > cap 2704
Info: Removed: 136 vertices, 155 edges, 0 faces
Info: Removed: 0 vertices, 0 edges, 0 faces
Info: Removed 0 vertices
Info: Removed: 0 vertices, 0 edges, 0 faces
Info: Removed: 0 vertices, 0 edges, 0 faces
Info: Removed 0 vertices
[m4-helios-hub-v3] WARN decimate stalled LOD2_Merged_Material_Glass: 80ΓåÆ80 target=72
[m4-helios-hub-v3] WARN LOD2_Merged_Material_Glass still 80 tris > cap 72
Info: Removed: 0 vertices, 0 edges, 0 faces
Info: Removed: 0 vertices, 0 edges, 0 faces
Info: Removed 0 vertices
Info: Removed: 0 vertices, 0 edges, 0 faces
Info: Removed: 0 vertices, 0 edges, 0 faces
Info: Removed 0 vertices
[m4-helios-hub-v3] Decimated LOD2_Merged_Material_Mechanical: ΓåÆ552 tris (cap 601)
Info: Removed: 0 vertices, 0 edges, 0 faces
Info: Removed: 0 vertices, 0 edges, 0 faces
Info: Removed 0 vertices
Info: Removed: 0 vertices, 0 edges, 0 faces
Info: Removed: 0 vertices, 0 edges, 0 faces
Info: Removed 0 vertices
[m4-helios-hub-v3] Decimated LOD2_Merged_Material_Warm: ΓåÆ44 tris (cap 48)
Info: Removed: 0 vertices, 0 edges, 0 faces
Info: Removed: 0 vertices, 0 edges, 0 faces
Info: Removed 0 vertices
Info: Removed: 0 vertices, 0 edges, 0 faces
Info: Removed: 0 vertices, 0 edges, 0 faces
Info: Removed 0 vertices
[m4-helios-hub-v3] Decimated LOD2_Merged_Material_Accent: ΓåÆ50 tris (cap 56)
Info: Removed: 0 vertices, 0 edges, 0 faces
Info: Removed: 0 vertices, 0 edges, 0 faces
Info: Removed 0 vertices
Info: Removed: 0 vertices, 0 edges, 0 faces
Info: Removed: 0 vertices, 0 edges, 0 faces
Info: Removed 0 vertices
[m4-helios-hub-v3] Decimated LOD2_HOOK_EMISSIVE: ΓåÆ66 tris (cap 72)
Info: Removed: 0 vertices, 0 edges, 0 faces
Info: Removed: 0 vertices, 0 edges, 0 faces
Info: Removed 0 vertices
Info: Removed: 0 vertices, 0 edges, 0 faces
Info: Removed: 0 vertices, 0 edges, 0 faces
Info: Removed 0 vertices
[m4-helios-hub-v3] helios_hub_station lod2: tris=3912 objects=6
Info: Removed: 0 vertices, 0 edges, 0 faces
Info: Removed: 0 vertices, 0 edges, 0 faces
Info: Removed 0 vertices
Info: Removed: 0 vertices, 0 edges, 0 faces
Info: Removed: 0 vertices, 0 edges, 0 faces
Info: Removed 0 vertices
Info: Removed: 0 vertices, 0 edges, 0 faces
Info: Removed: 0 vertices, 0 edges, 0 faces
Info: Removed 0 vertices
Info: Removed: 0 vertices, 0 edges, 0 faces
Info: Removed: 0 vertices, 0 edges, 0 faces
Info: Removed 0 vertices
Info: Removed: 0 vertices, 0 edges, 0 faces
Info: Removed: 0 vertices, 0 edges, 0 faces
Info: Removed 0 vertices
Info: Removed: 0 vertices, 0 edges, 0 faces
Info: Removed: 0 vertices, 0 edges, 0 faces
Info: Removed 0 vertices
Info: Removed: 0 vertices, 0 edges, 0 faces
Info: Removed: 0 vertices, 0 edges, 0 faces
Info: Removed 0 vertices
Info: Removed: 0 vertices, 0 edges, 0 faces
Info: Removed: 0 vertices, 0 edges, 0 faces
Info: Removed 0 vertices
Info: Removed: 0 vertices, 0 edges, 0 faces
Info: Removed: 0 vertices, 0 edges, 0 faces
Info: Removed 0 vertices
Info: Removed: 0 vertices, 0 edges, 0 faces
Info: Removed: 0 vertices, 0 edges, 0 faces
Info: Removed 0 vertices
Info: Removed: 0 vertices, 0 edges, 0 faces
Info: Removed: 0 vertices, 0 edges, 0 faces
Info: Removed 0 vertices
Info: Removed: 0 vertices, 0 edges, 0 faces
Info: Removed: 0 vertices, 0 edges, 0 faces
Info: Removed 0 vertices
Info: Removed: 0 vertices, 0 edges, 0 faces
Info: Removed: 0 vertices, 0 edges, 0 faces
Info: Removed 0 vertices
Info: Removed: 0 vertices, 0 edges, 0 faces
Info: Removed: 0 vertices, 0 edges, 0 faces
Info: Removed 0 vertices
Info: Removed: 0 vertices, 0 edges, 0 faces
Info: Removed: 0 vertices, 0 edges, 0 faces
Info: Removed 0 vertices
Info: Removed: 0 vertices, 0 edges, 0 faces
Info: Removed: 0 vertices, 0 edges, 0 faces
Info: Removed 0 vertices
Info: Removed: 0 vertices, 0 edges, 0 faces
Info: Removed: 0 vertices, 0 edges, 0 faces
Info: Removed 0 vertices
Info: Removed: 0 vertices, 0 edges, 0 faces
Info: Removed: 0 vertices, 0 edges, 0 faces
Info: Removed 0 vertices
INFO Draco mesh compression is available, use library at C:\Program Files\Blender Foundation\Blender 5.1\5.1\scripts\addons_core\io_scene_gltf2\extern_draco.dll
18:03:16 | INFO: Starting glTF 2.0 export
18:03:16 | INFO: Extracting primitive: LOD0_HOOK_EMISSIVE
18:03:16 | WARNING: More than one shader node tex image used for a texture. The resulting glTF sampler will behave like the first shader node tex image.
18:03:16 | INFO: Primitives created: 1
18:03:16 | INFO: Extracting primitive: LOD0_Merged_Material_Accent
18:03:16 | INFO: Primitives created: 1
18:03:16 | INFO: Extracting primitive: LOD0_Merged_Material_Glass
18:03:16 | WARNING: More than one shader node tex image used for a texture. The resulting glTF sampler will behave like the first shader node tex image.
18:03:16 | INFO: Primitives created: 1
18:03:16 | INFO: Extracting primitive: LOD0_Merged_Material_Hull
18:03:16 | WARNING: More than one shader node tex image used for a texture. The resulting glTF sampler will behave like the first shader node tex image.
18:03:16 | INFO: Primitives created: 1
18:03:16 | INFO: Extracting primitive: LOD0_Merged_Material_Mechanical
18:03:16 | WARNING: More than one shader node tex image used for a texture. The resulting glTF sampler will behave like the first shader node tex image.
18:03:16 | INFO: Primitives created: 1
18:03:16 | INFO: Extracting primitive: LOD0_Merged_Material_Warm
18:03:16 | WARNING: More than one shader node tex image used for a texture. The resulting glTF sampler will behave like the first shader node tex image.
18:03:16 | INFO: Primitives created: 1
18:03:16 | INFO: Extracting primitive: LOD1_HOOK_EMISSIVE
18:03:16 | INFO: Primitives created: 1
18:03:16 | INFO: Extracting primitive: LOD1_Merged_Material_Accent
18:03:16 | INFO: Primitives created: 1
18:03:16 | INFO: Extracting primitive: LOD1_Merged_Material_Glass
18:03:16 | INFO: Primitives created: 1
18:03:16 | INFO: Extracting primitive: LOD1_Merged_Material_Hull
18:03:16 | INFO: Primitives created: 1
18:03:16 | INFO: Extracting primitive: LOD1_Merged_Material_Mechanical
18:03:16 | INFO: Primitives created: 1
18:03:16 | INFO: Extracting primitive: LOD1_Merged_Material_Warm
18:03:16 | INFO: Primitives created: 1
18:03:16 | INFO: Extracting primitive: LOD2_HOOK_EMISSIVE
18:03:16 | INFO: Primitives created: 1
18:03:16 | INFO: Extracting primitive: LOD2_Merged_Material_Accent
18:03:16 | INFO: Primitives created: 1
18:03:16 | INFO: Extracting primitive: LOD2_Merged_Material_Glass
18:03:16 | INFO: Primitives created: 1
18:03:16 | INFO: Extracting primitive: LOD2_Merged_Material_Hull
18:03:16 | INFO: Primitives created: 1
18:03:16 | INFO: Extracting primitive: LOD2_Merged_Material_Mechanical
18:03:16 | INFO: Primitives created: 1
18:03:16 | INFO: Extracting primitive: LOD2_Merged_Material_Warm
18:03:16 | INFO: Primitives created: 1
18:03:16 | INFO: Finished glTF 2.0 export in 0.713886022567749 s

[m4-helios-hub-v3] Exported GLB ΓåÆ C:\Users\93rob\Documents\GitHub\SpaceFace\assets\ships\m4_helios_hub_v7\source\places\helios_hub_station.glb (9852660 bytes)
C:\Users\93rob\Documents\GitHub\SpaceFace\tools\blender\build_m4_helios_hub_v7.py:465: DeprecationWarning: 'World.use_nodes' is expected to be removed in Blender 6.0
  if world and world.use_nodes:
02:17.515  render           | Saved: 'C:\Users\93rob\Documents\GitHub\SpaceFace\assets\ships\m4_helios_hub_v7\evidence\renders\helios_hub_station\helios_hub_station_full.__tmp_54064.png'
Info: Saved as "helios_hub_station_production.blend"
[m4-helios-hub-v3] Rendered helios_hub_station_full.png
02:21.312  render           | Saved: 'C:\Users\93rob\Documents\GitHub\SpaceFace\assets\ships\m4_helios_hub_v7\evidence\renders\helios_hub_station\helios_hub_station_forward_34.__tmp_54064.png'
[m4-helios-hub-v3] Rendered helios_hub_station_forward_34.png
02:24.015  render           | Saved: 'C:\Users\93rob\Documents\GitHub\SpaceFace\assets\ships\m4_helios_hub_v7\evidence\renders\helios_hub_station\helios_hub_station_readability_close.__tmp_54064.png'
[m4-helios-hub-v3] Rendered helios_hub_station_readability_close.png
02:26.640  render           | Saved: 'C:\Users\93rob\Documents\GitHub\SpaceFace\assets\ships\m4_helios_hub_v7\evidence\renders\helios_hub_station\helios_hub_station_readability_close.__tmp_54064.png'
[m4-helios-hub-v3] Rendered helios_hub_station_readability_close.png
02:28.437  render           | Saved: 'C:\Users\93rob\Documents\GitHub\SpaceFace\assets\ships\m4_helios_hub_v7\evidence\renders\helios_hub_station\helios_hub_station_readability_close.__tmp_54064.png'
[m4-helios-hub-v3] Rendered helios_hub_station_readability_close.png
02:30.093  render           | Saved: 'C:\Users\93rob\Documents\GitHub\SpaceFace\assets\ships\m4_helios_hub_v7\evidence\renders\helios_hub_station\helios_hub_station_readability_120px.__tmp_54064.png'
[m4-helios-hub-v3] Rendered helios_hub_station_readability_120px.png
02:31.453  render           | Saved: 'C:\Users\93rob\Documents\GitHub\SpaceFace\assets\ships\m4_helios_hub_v7\evidence\renders\helios_hub_station\helios_hub_station_readability_under45px.__tmp_54064.png'
[m4-helios-hub-v3] Rendered helios_hub_station_readability_under45px.png
02:34.875  render           | Saved: 'C:\Users\93rob\Documents\GitHub\SpaceFace\assets\ships\m4_helios_hub_v7\evidence\renders\helios_hub_station\helios_hub_station_top.__tmp_54064.png'
[m4-helios-hub-v3] Rendered helios_hub_station_top.png
02:38.234  render           | Saved: 'C:\Users\93rob\Documents\GitHub\SpaceFace\assets\ships\m4_helios_hub_v7\evidence\renders\helios_hub_station\helios_hub_station_top.__tmp_54064.png'
[m4-helios-hub-v3] Rendered helios_hub_station_top.png
02:41.187  render           | Saved: 'C:\Users\93rob\Documents\GitHub\SpaceFace\assets\ships\m4_helios_hub_v7\evidence\renders\helios_hub_station\helios_hub_station_rear.__tmp_54064.png'
[m4-helios-hub-v3] Rendered helios_hub_station_rear.png
02:44.390  render           | Saved: 'C:\Users\93rob\Documents\GitHub\SpaceFace\assets\ships\m4_helios_hub_v7\evidence\renders\helios_hub_station\helios_hub_station_rear_34.__tmp_54064.png'
[m4-helios-hub-v3] Rendered helios_hub_station_rear_34.png
02:47.671  render           | Saved: 'C:\Users\93rob\Documents\GitHub\SpaceFace\assets\ships\m4_helios_hub_v7\evidence\renders\helios_hub_station\helios_hub_station_detail.__tmp_54064.png'
[m4-helios-hub-v3] Rendered helios_hub_station_detail.png
02:51.140  render           | Saved: 'C:\Users\93rob\Documents\GitHub\SpaceFace\assets\ships\m4_helios_hub_v7\evidence\renders\helios_hub_station\helios_hub_station_detail.__tmp_54064.png'
[m4-helios-hub-v3] Rendered helios_hub_station_detail.png
02:54.203  render           | Saved: 'C:\Users\93rob\Documents\GitHub\SpaceFace\assets\ships\m4_helios_hub_v7\evidence\renders\helios_hub_station\helios_hub_station_detail.__tmp_54064.png'
[m4-helios-hub-v3] Rendered helios_hub_station_detail.png
02:57.406  render           | Saved: 'C:\Users\93rob\Documents\GitHub\SpaceFace\assets\ships\m4_helios_hub_v7\evidence\renders\helios_hub_station\helios_hub_station_detail.__tmp_54064.png'
[m4-helios-hub-v3] Rendered helios_hub_station_detail.png
03:00.140  render           | Saved: 'C:\Users\93rob\Documents\GitHub\SpaceFace\assets\ships\m4_helios_hub_v7\evidence\renders\helios_hub_station\helios_hub_station_detail.__tmp_54064.png'
[m4-helios-hub-v3] Rendered helios_hub_station_detail.png
03:04.234  render           | Saved: 'C:\Users\93rob\Documents\GitHub\SpaceFace\assets\ships\m4_helios_hub_v7\evidence\renders\helios_hub_station\helios_hub_station_detail.__tmp_54064.png'
[m4-helios-hub-v3] Rendered helios_hub_station_detail.png
03:07.734  render           | Saved: 'C:\Users\93rob\Documents\GitHub\SpaceFace\assets\ships\m4_helios_hub_v7\evidence\renders\helios_hub_station\helios_hub_station_detail.__tmp_54064.png'
[m4-helios-hub-v3] Rendered helios_hub_station_detail.png
03:11.062  render           | Saved: 'C:\Users\93rob\Documents\GitHub\SpaceFace\assets\ships\m4_helios_hub_v7\evidence\renders\helios_hub_station\helios_hub_station_detail.__tmp_54064.png'
[m4-helios-hub-v3] Rendered helios_hub_station_detail.png
03:13.968  render           | Saved: 'C:\Users\93rob\Documents\GitHub\SpaceFace\assets\ships\m4_helios_hub_v7\evidence\renders\helios_hub_station\helios_hub_station_detail.__tmp_54064.png'
[m4-helios-hub-v3] Rendered helios_hub_station_detail.png
03:16.531  render           | Saved: 'C:\Users\93rob\Documents\GitHub\SpaceFace\assets\ships\m4_helios_hub_v7\evidence\renders\helios_hub_station\helios_hub_station_detail.__tmp_54064.png'
[m4-helios-hub-v3] Rendered helios_hub_station_detail.png
03:19.296  render           | Saved: 'C:\Users\93rob\Documents\GitHub\SpaceFace\assets\ships\m4_helios_hub_v7\evidence\renders\helios_hub_station\helios_hub_station_side_ortho.__tmp_54064.png'
[m4-helios-hub-v3] Rendered helios_hub_station_side_ortho.png
03:21.984  render           | Saved: 'C:\Users\93rob\Documents\GitHub\SpaceFace\assets\ships\m4_helios_hub_v7\evidence\renders\helios_hub_station\helios_hub_station_gamesky.__tmp_54064.png'
[m4-helios-hub-v3] Rendered helios_hub_station_gamesky.png
03:24.140  render           | Saved: 'C:\Users\93rob\Documents\GitHub\SpaceFace\assets\ships\m4_helios_hub_v7\evidence\renders\helios_hub_station\helios_hub_station_gamesky_forward_34.__tmp_54064.png'
[m4-helios-hub-v3] Rendered helios_hub_station_gamesky_forward_34.png
03:25.796  render           | Saved: 'C:\Users\93rob\Documents\GitHub\SpaceFace\assets\ships\m4_helios_hub_v7\evidence\renders\helios_hub_station\helios_hub_station_lod_continuity_lod0.__tmp_54064.png'
[m4-helios-hub-v3] Rendered helios_hub_station_lod_continuity_lod0.png
03:27.875  render           | Saved: 'C:\Users\93rob\Documents\GitHub\SpaceFace\assets\ships\m4_helios_hub_v7\evidence\renders\helios_hub_station\helios_hub_station_lod_continuity_lod1.__tmp_54064.png'
[m4-helios-hub-v3] Rendered helios_hub_station_lod_continuity_lod1.png
03:31.937  render           | Saved: 'C:\Users\93rob\Documents\GitHub\SpaceFace\assets\ships\m4_helios_hub_v7\evidence\renders\helios_hub_station\helios_hub_station_lod_continuity_lod2.__tmp_54064.png'
[m4-helios-hub-v3] Rendered helios_hub_station_lod_continuity_lod2.png
[m4-helios-hub-v3] DONE helios_hub_station in 183.1s tris=55043 lod0=34262 budget_ok=True
[m4-helios-hub-v3] FAMILY DONE in 192.4s ΓÇö ok=1 fail=0 (no acceptance claim)
[m4-helios-hub-v3] Released authoring lock
Blender 5.1.2 (hash ec6e62d40fa9 built 2026-05-19 01:37:34)
