✔ Save/reentry at cargo:changed preserves exact original law fact and applies heat once (9.562958ms)
✔ Save/reentry at law:incidentReceipt preserves exact original law fact and applies heat once (1.418941ms)
✔ Save/reentry at law:reportIncidentReceipt preserves exact original law fact and applies heat once (1.168115ms)
✔ narrow cargo callback failure preserves accepted quantity and ordinary addCargo behavior (1.316198ms)
✔ law callback failure cannot duplicate cargo or invent an accepted incident (0.617142ms)
✔ public Save/loadEnvelope from cargo:changed retains witnessed theft once (57.441622ms)
✔ public Save/loadEnvelope from law:incidentReceipt retains witnessed theft once (17.270017ms)
✔ public Save/loadEnvelope from law:reportIncidentReceipt retains witnessed theft once (20.986991ms)
✔ construction is lazy; malformed source is visibly invalid, never unclaimed (5.40439ms)
✔ approach, inspection, scanning and towing never sell or lock the physical lot (1.198911ms)
✔ real release evidence requires source-bound selected scan and correct revision (1.025591ms)
✔ release cannot wipe an unrelated newer claimant (0.542205ms)
✔ claimant, evidence, target, expiry and replacement body invalidate pending offer (2.938554ms)
✔ physical body must fit live receiver volume at strictly under 8 WU/s (1.068385ms)
✔ assessor death rejects its offer and allows explicitly offered station fallback (0.449335ms)
✔ corrected lot honors zero/partial cargo acceptance and leaves the same physical remainder (1.096267ms)
✔ knowing theft uses real law entry, preserves denial, pays nothing, reevaluates each explicit partial take (0.768004ms)
✔ actual lawSecurity may deny jurisdiction without fabricated witnesses or heat (1.359132ms)
✔ cargo-event save journal recovers actual accepted rich-lot quantity exactly once (0.697488ms)
✔ destroyed or lost crate closes finite source permanently; malformed evidence is blocked (0.408594ms)
✔ ordinary collection, beam extraction, source drain and market cannot mint unaccepted crate content (10.214767ms)
✔ ordinary scrap collection remains low-friction through actual mining and cargo owners (0.721855ms)
✔ missing physical release stamp and explicit integrity error both fail closed (0.307542ms)
✔ receiver sensor velocity includes angular motion and stationary station can omit velocity (0.566401ms)
✔ restored partial theft never invents historical witnesses (0.594603ms)
✔ repeat terminal inspection reads final title after body removal without reopening any transaction (2.721429ms)
✔ open, corrected and partially collected title inspection still requires its exact live crate (0.690567ms)
✔ repeated site entry and hard departure keep one exact finite body and one bounded assessor (20.65944ms)
✔ a caller-labelled duplicate cannot claim transition preservation or a second offer (3.9934ms)
✔ dead/consumed crate never respawns; New Game resets the finite encounter (4.573611ms)
✔ selection changes, stale deck callbacks and actor death cancel their old decisions (8.749606ms)
✔ actual public Save/Continue restores the source-bound crate pose once and keeps receiver (31.670702ms)
✔ actual native Save/Continue preserves one tethered title body and physical receiver (144.675826ms)
✔ unprompted scan gesture withdraws on death (3.267079ms)
✔ unprompted scan gesture withdraws on range (9.8435ms)
✔ unprompted scan gesture withdraws on mode (2.372054ms)
✔ three-argument consumer fallback observes real materialized owner and assessment on authored clock (22.248847ms)
✔ fallback gates stamp on accepted economy receipt and returned source, and honors raw-to-authored clock offset (7.004314ms)
✔ removed, same-ID replacement and changed same-object generation cannot retain fallback authority (2.84882ms)
✔ dead actor cannot animate with still-present owner map entry (3.342482ms)
✔ NewGame removes old fallback and binds only fresh encounter occupant (2.804824ms)
✔ public Save/Continue adopts restored occupant, revokes old exact object and retains accepted receipt gating (36.035345ms)
✔ retired runtime revokes fallback even while exact actor remains in entity map (3.20804ms)
✔ restore-in-progress revokes fallback before entity census replacement (2.159395ms)
✔ rejected duplicate adoption invalidates previously bound assessor (9.934476ms)
✔ deserialize suspends binding until actual census adoption (3.122962ms)
✔ duplicate crate census rejects motion binding even with one surviving assessor (2.894969ms)
✔ late teardown of old runtime cannot revoke exact-occupant successor binding (1.606443ms)
✔ selected crate → real Hail → physical delivery → explicit deck confirm pays once (18.565904ms)
✔ real scanner pulse discovers the physical crate release; correction enables ordinary accepted salvage (7.060007ms)
✔ assessor death keeps the same selected crate and actual refinery fallback (3.111325ms)
✔ repeat hails and Continue show the closed receipt without recreating the paid body (31.160216ms)
✔ owned voice cancellation removes only its queued lifetime; stale same-id handles cannot cancel successor (3.985678ms)
✔ active owned voice cancellation preserves pending other speakers and cannot consume later reused ID (1.026502ms)
✔ words/icons and warning survive muted, grayscale and reduced-motion presentation (0.617328ms)
✔ real authored motion bank follows assessment and rejects unaccepted stamp/old actor lifetimes (8.487191ms)
✔ reduced motion damps authored assessment while claim words remain unchanged (3.779228ms)
✔ ten delivery confirmations produce one permanent receipt and one wallet payment (44.462412ms)
✔ credits notification re-entry/save sees source, body, permanent receipt and wallet committed together (3.80735ms)
✔ local 32-receipt ring eviction cannot erase permanent settlement dedupe (0.771119ms)
✔ mismatched receipt and missing terminal source fail closed (0.664198ms)
✔ malformed permanent receipt is blocked, and missing receipt never repays a terminal source (1.641737ms)
✔ credit cap rejects before consuming source or body and new game clears economy receipt (13.294524ms)
✔ source-bound spine projection matches actual body manifest, not visible instrument outline (1.931953ms)
✔ wrong aliases, fit, source scale, radius and solid ownership fail closed (0.684759ms)
✔ changed GLB bytes and relabelled source contracts cannot receive the source seal (31.893863ms)
✔ shrunk, inflated and cosmetic fork-tip native hulls all fail source parity (49.101547ms)
✔ real SG-02 collider is one source-spine convex prism; receiver/V is not a filled collider (59.463825ms)
✔ native crate coasts through V at multiple yaws and near-tolerance offsets, then explicitly delivers (124.075695ms)
✔ outside .25 containment tolerance denies delivery despite a physically clear opening (1.238882ms)
✔ positive control: continuing into the solid spine produces real collision and momentum transfer (6.545074ms)
ℹ tests 71
ℹ suites 0
ℹ pass 71
ℹ fail 0
ℹ cancelled 0
ℹ skipped 0
ℹ todo 0
ℹ duration_ms 1460.459076
