✔ Forge republish preserves explicit Tally motion and existing mixed authored groups (1.401074ms)
✔ Forge missing-row defaults and flight-static no-dynamic policy are unchanged (0.224097ms)
✔ Save/reentry at cargo:changed preserves exact original law fact and applies heat once (16.77637ms)
✔ Save/reentry at law:incidentReceipt preserves exact original law fact and applies heat once (3.74795ms)
✔ Save/reentry at law:reportIncidentReceipt preserves exact original law fact and applies heat once (5.568654ms)
✔ narrow cargo callback failure preserves accepted quantity and ordinary addCargo behavior (1.631701ms)
✔ law callback failure cannot duplicate cargo or invent an accepted incident (0.687753ms)
✔ public Save/loadEnvelope from cargo:changed retains witnessed theft once (103.901577ms)
✔ public Save/loadEnvelope from law:incidentReceipt retains witnessed theft once (26.063866ms)
✔ public Save/loadEnvelope from law:reportIncidentReceipt retains witnessed theft once (17.90783ms)
✔ composite Tally callback selects state before evaluation with real three-argument consumer shape (31.865165ms)
✔ actual composite applies public accepted stamp on its first visible evaluation and rejects dead actor (12.633336ms)
✔ detached retained composite callbacks cannot reanimate or emit; predecessor teardown preserves successor (3.470212ms)
✔ Tally identity with wrong asteroid fit fails strict row gate before generic procedural branch (1.660955ms)
✔ ordinary asteroid still dispatches through its original procedural branch (0.212569ms)
✔ construction is lazy; malformed source is visibly invalid, never unclaimed (15.785301ms)
✔ approach, inspection, scanning and towing never sell or lock the physical lot (1.289217ms)
✔ real release evidence requires source-bound selected scan and correct revision (1.090528ms)
✔ release cannot wipe an unrelated newer claimant (0.588545ms)
✔ claimant, evidence, target, expiry and replacement body invalidate pending offer (3.193617ms)
✔ physical body must fit live receiver volume at strictly under 8 WU/s (0.998369ms)
✔ assessor death rejects its offer and allows explicitly offered station fallback (0.449515ms)
✔ corrected lot honors zero/partial cargo acceptance and leaves the same physical remainder (1.213953ms)
✔ knowing theft uses real law entry, preserves denial, pays nothing, reevaluates each explicit partial take (0.68591ms)
✔ actual lawSecurity may deny jurisdiction without fabricated witnesses or heat (5.922776ms)
✔ cargo-event save journal recovers actual accepted rich-lot quantity exactly once (0.711319ms)
✔ destroyed or lost crate closes finite source permanently; malformed evidence is blocked (0.394212ms)
✔ ordinary collection, beam extraction, source drain and market cannot mint unaccepted crate content (15.516988ms)
✔ ordinary scrap collection remains low-friction through actual mining and cargo owners (0.593912ms)
✔ missing physical release stamp and explicit integrity error both fail closed (0.355063ms)
✔ receiver sensor velocity includes angular motion and stationary station can omit velocity (0.447943ms)
✔ restored partial theft never invents historical witnesses (1.059035ms)
✔ repeat terminal inspection reads final title after body removal without reopening any transaction (2.291172ms)
✔ open, corrected and partially collected title inspection still requires its exact live crate (0.647582ms)
✔ repeated site entry and hard departure keep one exact finite body and one bounded assessor (31.160666ms)
✔ a caller-labelled duplicate cannot claim transition preservation or a second offer (4.592418ms)
✔ dead/consumed crate never respawns; New Game resets the finite encounter (4.395312ms)
✔ selection changes, stale deck callbacks and actor death cancel their old decisions (12.163361ms)
✔ actual public Save/Continue restores the source-bound crate pose once and keeps receiver (73.678423ms)
✔ actual native Save/Continue preserves one tethered title body and physical receiver (304.725759ms)
✔ unprompted scan gesture withdraws on death (3.702201ms)
✔ unprompted scan gesture withdraws on range (2.109548ms)
✔ unprompted scan gesture withdraws on mode (2.936901ms)
✔ three-argument consumer fallback observes real materialized owner and assessment on authored clock (20.310508ms)
✔ fallback gates stamp on accepted economy receipt and returned source, and honors raw-to-authored clock offset (7.192934ms)
✔ removed, same-ID replacement and changed same-object generation cannot retain fallback authority (4.674281ms)
✔ dead actor cannot animate with still-present owner map entry (6.939904ms)
✔ NewGame removes old fallback and binds only fresh encounter occupant (6.685022ms)
✔ public Save/Continue adopts restored occupant, revokes old exact object and retains accepted receipt gating (44.977771ms)
✔ retired runtime revokes fallback even while exact actor remains in entity map (2.609809ms)
✔ restore-in-progress revokes fallback before entity census replacement (6.5904ms)
✔ rejected duplicate adoption invalidates previously bound assessor (2.659905ms)
✔ deserialize suspends binding until actual census adoption (2.736971ms)
✔ duplicate crate census rejects motion binding even with one surviving assessor (2.022738ms)
✔ late teardown of old runtime cannot revoke exact-occupant successor binding (1.969308ms)
✔ selected crate → real Hail → physical delivery → explicit deck confirm pays once (37.536984ms)
✔ real scanner pulse discovers the physical crate release; correction enables ordinary accepted salvage (11.778763ms)
✔ assessor death keeps the same selected crate and actual refinery fallback (24.178039ms)
✔ repeat hails and Continue show the closed receipt without recreating the paid body (60.960619ms)
✔ owned voice cancellation removes only its queued lifetime; stale same-id handles cannot cancel successor (5.980132ms)
✔ active owned voice cancellation preserves pending other speakers and cannot consume later reused ID (2.475739ms)
✔ words/icons and warning survive muted, grayscale and reduced-motion presentation (2.584682ms)
✔ real authored motion bank follows assessment and rejects unaccepted stamp/old actor lifetimes (10.517208ms)
✔ reduced motion damps authored assessment while claim words remain unchanged (7.025243ms)
✔ ten delivery confirmations produce one permanent receipt and one wallet payment (6.35085ms)
✔ credits notification re-entry/save sees source, body, permanent receipt and wallet committed together (3.030722ms)
✔ local 32-receipt ring eviction cannot erase permanent settlement dedupe (1.885021ms)
✔ mismatched receipt and missing terminal source fail closed (0.716236ms)
✔ malformed permanent receipt is blocked, and missing receipt never repays a terminal source (1.487153ms)
✔ credit cap rejects before consuming source or body and new game clears economy receipt (32.164164ms)
✔ source-bound spine projection matches actual body manifest, not visible instrument outline (9.518998ms)
✔ wrong aliases, fit, source scale, radius and solid ownership fail closed (0.970127ms)
✔ changed GLB bytes and relabelled source contracts cannot receive the source seal (46.439066ms)
✔ shrunk, inflated and cosmetic fork-tip native hulls all fail source parity (41.063812ms)
✔ real SG-02 collider is one source-spine convex prism; receiver/V is not a filled collider (53.423057ms)
✔ native crate coasts through V at multiple yaws and near-tolerance offsets, then explicitly delivers (157.722561ms)
✔ outside .25 containment tolerance denies delivery despite a physically clear opening (0.834874ms)
✔ positive control: continuing into the solid spine produces real collision and momentum transfer (4.779289ms)
ℹ tests 78
ℹ suites 0
ℹ pass 78
ℹ fail 0
ℹ cancelled 0
ℹ skipped 0
ℹ todo 0
ℹ duration_ms 1934.818356
