{
  "N": 40,
  "RUNS": 5,
  "PAIRS": 11,
  "runSummaries": [
    {
      "run": 1,
      "median": 4.742862957824971,
      "min": 4.200392447867175,
      "max": 7.381546200789602,
      "absBeforeMedian": 2.6567284333333334
    },
    {
      "run": 2,
      "median": 4.965703439746275,
      "min": 4.130448223434422,
      "max": 5.5648253243065975,
      "absBeforeMedian": 2.7034282666666667
    },
    {
      "run": 3,
      "median": 4.835663733151625,
      "min": 3.8092143645678878,
      "max": 5.240257728315517,
      "absBeforeMedian": 2.5566671
    },
    {
      "run": 4,
      "median": 4.820556649166931,
      "min": 3.04412546536759,
      "max": 5.447281780003095,
      "absBeforeMedian": 2.5621320333333335
    },
    {
      "run": 5,
      "median": 4.804417013966449,
      "min": 4.2822765661448114,
      "max": 5.534640303204829,
      "absBeforeMedian": 2.5793015
    }
  ],
  "medianRange": [
    4.742862957824971,
    4.965703439746275
  ],
  "floorMin": 3.04412546536759
}
