Extensions: writing cache failed ([Errno 30] Read-only file system: '/home/agent/.config/blender').
{'candidate': 'study-c5', 'lod': 0, 'triangles': 3712, 'meshCount': 15, 'boundsBlender': {'min': [-9.699999809265137, -8.133986473083496, -1.2799999713897705], 'max': [11.0, 8.133986473083496, 3.3814001083374023]}, 'decimation': False, 'actualGameLookVerified': False, 'physicsTuningChanged': False}
Info: Saved "charger-LOD0-source.blend"
ERROR Draco mesh compression is not available because library could not be found at /usr/bin/4.3/python/lib/python3.13/site-packages/libextern_draco.so
19:12:01 | INFO: Starting glTF 2.0 export
19:12:01 | INFO: Extracting primitive: CHARGER_fixed_keel
19:12:01 | INFO: Primitives created: 1
19:12:01 | INFO: Extracting primitive: CHARGER_unified_ramming_carapace
19:12:01 | WARNING: More than one shader node tex image used for a texture. The resulting glTF sampler will behave like the first shader node tex image.
19:12:01 | INFO: Primitives created: 2
19:12:01 | INFO: Extracting primitive: CHARGER_central_pronotal_crown
19:12:01 | WARNING: More than one shader node tex image used for a texture. The resulting glTF sampler will behave like the first shader node tex image.
19:12:01 | INFO: Primitives created: 1
19:12:01 | INFO: Extracting primitive: CHARGER_port_ram_shield
19:12:01 | INFO: Primitives created: 1
19:12:01 | INFO: Extracting primitive: CHARGER_starboard_ram_shield
19:12:01 | INFO: Primitives created: 1
19:12:01 | INFO: Extracting primitive: CHARGER_stabilizer_support_PORT
19:12:01 | INFO: Primitives created: 2
19:12:01 | INFO: Extracting primitive: CHARGER_stabilizer_support_STARBOARD
19:12:01 | INFO: Primitives created: 2
19:12:01 | INFO: Extracting primitive: CHARGER_oral_corner_PORT
19:12:01 | INFO: Primitives created: 1
19:12:01 | INFO: Extracting primitive: CHARGER_oral_corner_STARBOARD
19:12:01 | INFO: Primitives created: 1
19:12:01 | INFO: Extracting primitive: CHARGER_labrum
19:12:01 | INFO: Primitives created: 1
19:12:01 | INFO: Extracting primitive: CHARGER_folding_paddle_PORT
19:12:01 | INFO: Primitives created: 1
19:12:01 | INFO: Extracting primitive: CHARGER_folding_paddle_STARBOARD
19:12:01 | INFO: Primitives created: 1
19:12:01 | INFO: Extracting primitive: CHARGER_telescoping_anterior
19:12:01 | INFO: Primitives created: 1
19:12:01 | INFO: Extracting primitive: CHARGER_telescoping_middle
19:12:01 | INFO: Primitives created: 1
19:12:01 | INFO: Extracting primitive: CHARGER_telescoping_posterior
19:12:01 | INFO: Primitives created: 1
19:12:01 | INFO: Finished glTF 2.0 export in 0.046418190002441406 s
Blender 4.3.2
Fra:1 Mem:13.09M (Peak 13.09M) | Time:00:00.00 | Mem:0.00M, Peak:0.00M | Scene, ViewLayer | Synchronizing object | CHARGER_fixed_keel
Fra:1 Mem:13.10M (Peak 13.10M) | Time:00:00.00 | Mem:0.00M, Peak:0.00M | Scene, ViewLayer | Synchronizing object | CHARGER_unified_ramming_carapace
Fra:1 Mem:13.10M (Peak 13.10M) | Time:00:00.00 | Mem:0.00M, Peak:0.00M | Scene, ViewLayer | Synchronizing object | CHARGER_labrum
Fra:1 Mem:15.16M (Peak 15.16M) | Time:00:00.00 | Mem:0.00M, Peak:0.00M | Scene, ViewLayer | Synchronizing object | CHARGER_oral_corner_STARBOARD
Fra:1 Mem:15.17M (Peak 15.17M) | Time:00:00.00 | Mem:0.00M, Peak:0.00M | Scene, ViewLayer | Synchronizing object | CHARGER_oral_corner_PORT
Fra:1 Mem:15.18M (Peak 15.18M) | Time:00:00.00 | Mem:0.00M, Peak:0.00M | Scene, ViewLayer | Synchronizing object | CHARGER_telescoping_anterior
Fra:1 Mem:15.20M (Peak 15.20M) | Time:00:00.00 | Mem:0.00M, Peak:0.00M | Scene, ViewLayer | Synchronizing object | CHARGER_telescoping_middle
Fra:1 Mem:15.24M (Peak 15.24M) | Time:00:00.00 | Mem:0.00M, Peak:0.00M | Scene, ViewLayer | Synchronizing object | CHARGER_telescoping_posterior
Fra:1 Mem:15.24M (Peak 15.24M) | Time:00:00.00 | Mem:0.00M, Peak:0.00M | Scene, ViewLayer | Synchronizing object | CHARGER_central_pronotal_crown
Fra:1 Mem:15.26M (Peak 15.26M) | Time:00:00.00 | Mem:0.00M, Peak:0.00M | Scene, ViewLayer | Synchronizing object | CHARGER_folding_paddle_STARBOARD
Fra:1 Mem:15.30M (Peak 15.30M) | Time:00:00.00 | Mem:0.00M, Peak:0.00M | Scene, ViewLayer | Synchronizing object | CHARGER_stabilizer_support_STARBOARD
Fra:1 Mem:15.34M (Peak 15.34M) | Time:00:00.00 | Mem:0.00M, Peak:0.00M | Scene, ViewLayer | Synchronizing object | CHARGER_folding_paddle_PORT
Fra:1 Mem:15.35M (Peak 15.35M) | Time:00:00.00 | Mem:0.00M, Peak:0.00M | Scene, ViewLayer | Synchronizing object | CHARGER_port_ram_shield
Fra:1 Mem:15.40M (Peak 15.40M) | Time:00:00.00 | Mem:0.00M, Peak:0.00M | Scene, ViewLayer | Synchronizing object | CHARGER_stabilizer_support_PORT
Fra:1 Mem:15.45M (Peak 15.45M) | Time:00:00.00 | Mem:0.00M, Peak:0.00M | Scene, ViewLayer | Synchronizing object | CHARGER_starboard_ram_shield
Fra:1 Mem:15.55M (Peak 15.55M) | Time:00:00.00 | Mem:0.00M, Peak:0.00M | Scene, ViewLayer | Initializing
Fra:1 Mem:15.49M (Peak 15.55M) | Time:00:00.00 | Mem:0.00M, Peak:0.00M | Scene, ViewLayer | Updating Images | Loading BroodChitin_Normal_v1
Fra:1 Mem:15.49M (Peak 15.55M) | Time:00:00.00 | Mem:0.00M, Peak:0.00M | Scene, ViewLayer | Updating Images | Loading BroodChitin_ORM_v1
Fra:1 Mem:15.17M (Peak 15.55M) | Time:00:00.00 | Mem:0.50M, Peak:0.50M | Scene, ViewLayer | Waiting for render to start
Fra:1 Mem:15.17M (Peak 15.55M) | Time:00:00.00 | Mem:0.50M, Peak:0.50M | Scene, ViewLayer | Loading render kernels (may take a few minutes the first time)
Fra:1 Mem:15.17M (Peak 15.55M) | Time:00:00.00 | Mem:0.50M, Peak:0.50M | Scene, ViewLayer | Updating Scene
Fra:1 Mem:15.17M (Peak 15.55M) | Time:00:00.00 | Mem:0.50M, Peak:0.50M | Scene, ViewLayer | Updating Shaders
Fra:1 Mem:15.25M (Peak 15.55M) | Time:00:00.00 | Mem:0.50M, Peak:0.50M | Scene, ViewLayer | Updating Procedurals
Fra:1 Mem:15.25M (Peak 15.55M) | Time:00:00.00 | Mem:0.50M, Peak:0.50M | Scene, ViewLayer | Updating Background
Fra:1 Mem:15.25M (Peak 15.55M) | Time:00:00.00 | Mem:0.50M, Peak:0.50M | Scene, ViewLayer | Updating Camera
Fra:1 Mem:15.25M (Peak 15.55M) | Time:00:00.00 | Mem:0.50M, Peak:0.50M | Scene, ViewLayer | Updating Meshes Flags
Fra:1 Mem:15.25M (Peak 15.55M) | Time:00:00.00 | Mem:0.50M, Peak:0.50M | Scene, ViewLayer | Updating Objects
Fra:1 Mem:15.25M (Peak 15.55M) | Time:00:00.00 | Mem:0.50M, Peak:0.50M | Scene, ViewLayer | Updating Objects | Copying Transformations to device
Fra:1 Mem:15.26M (Peak 15.55M) | Time:00:00.00 | Mem:0.51M, Peak:0.51M | Scene, ViewLayer | Updating Objects | Applying Static Transformations
Fra:1 Mem:15.26M (Peak 15.55M) | Time:00:00.00 | Mem:0.51M, Peak:0.51M | Scene, ViewLayer | Updating Particle Systems
Fra:1 Mem:15.26M (Peak 15.55M) | Time:00:00.00 | Mem:0.51M, Peak:0.51M | Scene, ViewLayer | Updating Particle Systems | Copying Particles to device
Fra:1 Mem:15.26M (Peak 15.55M) | Time:00:00.00 | Mem:0.51M, Peak:0.51M | Scene, ViewLayer | Updating Meshes
Fra:1 Mem:15.31M (Peak 15.55M) | Time:00:00.00 | Mem:0.51M, Peak:0.51M | Scene, ViewLayer | Updating Mesh | Computing attributes
Fra:1 Mem:15.60M (Peak 15.60M) | Time:00:00.00 | Mem:0.51M, Peak:0.51M | Scene, ViewLayer | Updating Mesh | Copying Attributes to device
Fra:1 Mem:15.59M (Peak 15.60M) | Time:00:00.00 | Mem:0.79M, Peak:0.79M | Scene, ViewLayer | Updating Scene BVH | Building
Fra:1 Mem:15.59M (Peak 15.60M) | Time:00:00.00 | Mem:0.79M, Peak:0.79M | Scene, ViewLayer | Updating Scene BVH | Building BVH
Fra:1 Mem:15.59M (Peak 15.60M) | Time:00:00.00 | Mem:0.90M, Peak:0.90M | Scene, ViewLayer | Updating Scene BVH | Building BVH 0%
Fra:1 Mem:15.59M (Peak 15.60M) | Time:00:00.00 | Mem:1.03M, Peak:1.14M | Scene, ViewLayer | Updating Scene BVH | Copying BVH to device
Fra:1 Mem:15.59M (Peak 15.60M) | Time:00:00.00 | Mem:1.03M, Peak:1.14M | Scene, ViewLayer | Updating Mesh | Computing normals
Fra:1 Mem:15.73M (Peak 15.73M) | Time:00:00.00 | Mem:1.03M, Peak:1.14M | Scene, ViewLayer | Updating Mesh | Copying Mesh to device
Fra:1 Mem:15.73M (Peak 15.73M) | Time:00:00.00 | Mem:1.16M, Peak:1.16M | Scene, ViewLayer | Updating Objects Flags
Fra:1 Mem:15.73M (Peak 15.73M) | Time:00:00.00 | Mem:1.16M, Peak:1.16M | Scene, ViewLayer | Updating Primitive Offsets
Fra:1 Mem:15.73M (Peak 15.73M) | Time:00:00.00 | Mem:1.16M, Peak:1.16M | Scene, ViewLayer | Updating Images
Fra:1 Mem:15.73M (Peak 15.73M) | Time:00:00.00 | Mem:1.16M, Peak:1.16M | Scene, ViewLayer | Updating Camera Volume
Fra:1 Mem:15.73M (Peak 15.73M) | Time:00:00.00 | Mem:1.16M, Peak:1.16M | Scene, ViewLayer | Updating Lookup Tables
Fra:1 Mem:15.73M (Peak 15.73M) | Time:00:00.00 | Mem:1.24M, Peak:1.24M | Scene, ViewLayer | Updating Lights
Fra:1 Mem:15.73M (Peak 15.73M) | Time:00:00.00 | Mem:1.24M, Peak:1.24M | Scene, ViewLayer | Updating Lights | Computing tree
Fra:1 Mem:15.73M (Peak 15.73M) | Time:00:00.00 | Mem:1.24M, Peak:1.24M | Scene, ViewLayer | Updating Integrator
Fra:1 Mem:15.73M (Peak 15.73M) | Time:00:00.00 | Mem:1.24M, Peak:1.24M | Scene, ViewLayer | Updating Film
Fra:1 Mem:15.73M (Peak 15.73M) | Time:00:00.00 | Mem:1.16M, Peak:1.24M | Scene, ViewLayer | Updating Lookup Tables
Fra:1 Mem:15.73M (Peak 15.73M) | Time:00:00.00 | Mem:1.24M, Peak:1.24M | Scene, ViewLayer | Updating Baking
Fra:1 Mem:15.73M (Peak 15.73M) | Time:00:00.00 | Mem:1.24M, Peak:1.24M | Scene, ViewLayer | Updating Device | Writing constant memory
Fra:1 Mem:15.73M (Peak 15.73M) | Time:00:00.00 | Mem:1.24M, Peak:1.24M | Scene, ViewLayer | Sample 0/24
Fra:1 Mem:34.78M (Peak 34.78M) | Time:00:00.18 | Remaining:00:03.96 | Mem:20.29M, Peak:20.29M | Scene, ViewLayer | Sample 1/24
Fra:1 Mem:43.24M (Peak 60.16M) | Time:00:02.99 | Mem:20.29M, Peak:20.29M | Scene, ViewLayer | Sample 24/24
Fra:1 Mem:43.24M (Peak 60.16M) | Time:00:02.99 | Mem:20.29M, Peak:20.29M | Scene, ViewLayer | Finished
Saved: '/workspace/scratch/d2415e46e35b/brood-charger-redesign/study-c5/c5-lod0-top.png'
Time: 00:03.14 (Saving: 00:00.15)

Fra:1 Mem:15.11M (Peak 15.11M) | Time:00:00.00 | Mem:0.00M, Peak:0.00M | Scene, ViewLayer | Synchronizing object | CHARGER_labrum
Fra:1 Mem:15.12M (Peak 15.12M) | Time:00:00.00 | Mem:0.00M, Peak:0.00M | Scene, ViewLayer | Synchronizing object | CHARGER_fixed_keel
Fra:1 Mem:15.13M (Peak 15.13M) | Time:00:00.00 | Mem:0.00M, Peak:0.00M | Scene, ViewLayer | Synchronizing object | CHARGER_unified_ramming_carapace
Fra:1 Mem:15.16M (Peak 15.16M) | Time:00:00.00 | Mem:0.00M, Peak:0.00M | Scene, ViewLayer | Synchronizing object | CHARGER_central_pronotal_crown
Fra:1 Mem:15.20M (Peak 15.20M) | Time:00:00.00 | Mem:0.00M, Peak:0.00M | Scene, ViewLayer | Synchronizing object | CHARGER_oral_corner_PORT
Fra:1 Mem:15.27M (Peak 15.27M) | Time:00:00.00 | Mem:0.00M, Peak:0.00M | Scene, ViewLayer | Synchronizing object | CHARGER_telescoping_anterior
Fra:1 Mem:15.31M (Peak 15.31M) | Time:00:00.00 | Mem:0.00M, Peak:0.00M | Scene, ViewLayer | Synchronizing object | CHARGER_port_ram_shield
Fra:1 Mem:15.36M (Peak 15.36M) | Time:00:00.00 | Mem:0.00M, Peak:0.00M | Scene, ViewLayer | Synchronizing object | CHARGER_telescoping_middle
Fra:1 Mem:15.39M (Peak 15.39M) | Time:00:00.00 | Mem:0.00M, Peak:0.00M | Scene, ViewLayer | Synchronizing object | CHARGER_telescoping_posterior
Fra:1 Mem:15.39M (Peak 15.39M) | Time:00:00.00 | Mem:0.00M, Peak:0.00M | Scene, ViewLayer | Synchronizing object | CHARGER_starboard_ram_shield
Fra:1 Mem:15.44M (Peak 15.44M) | Time:00:00.00 | Mem:0.00M, Peak:0.00M | Scene, ViewLayer | Synchronizing object | CHARGER_stabilizer_support_PORT
Fra:1 Mem:15.52M (Peak 15.52M) | Time:00:00.00 | Mem:0.00M, Peak:0.00M | Scene, ViewLayer | Synchronizing object | CHARGER_folding_paddle_STARBOARD
Fra:1 Mem:15.59M (Peak 15.59M) | Time:00:00.00 | Mem:0.00M, Peak:0.00M | Scene, ViewLayer | Synchronizing object | CHARGER_folding_paddle_PORT
Fra:1 Mem:15.60M (Peak 15.60M) | Time:00:00.00 | Mem:0.00M, Peak:0.00M | Scene, ViewLayer | Synchronizing object | CHARGER_stabilizer_support_STARBOARD
Fra:1 Mem:15.55M (Peak 15.60M) | Time:00:00.00 | Mem:0.00M, Peak:0.00M | Scene, ViewLayer | Initializing
Fra:1 Mem:15.49M (Peak 15.60M) | Time:00:00.00 | Mem:0.00M, Peak:0.00M | Scene, ViewLayer | Updating Images | Loading BroodChitin_ORM_v1
Fra:1 Mem:15.17M (Peak 15.60M) | Time:00:00.00 | Mem:0.50M, Peak:0.50M | Scene, ViewLayer | Waiting for render to start
Fra:1 Mem:15.17M (Peak 15.60M) | Time:00:00.00 | Mem:0.50M, Peak:0.50M | Scene, ViewLayer | Loading render kernels (may take a few minutes the first time)
Fra:1 Mem:15.17M (Peak 15.60M) | Time:00:00.00 | Mem:0.50M, Peak:0.50M | Scene, ViewLayer | Updating Scene
Fra:1 Mem:15.17M (Peak 15.60M) | Time:00:00.00 | Mem:0.50M, Peak:0.50M | Scene, ViewLayer | Updating Shaders
Fra:1 Mem:15.25M (Peak 15.60M) | Time:00:00.00 | Mem:0.50M, Peak:0.50M | Scene, ViewLayer | Updating Procedurals
Fra:1 Mem:15.25M (Peak 15.60M) | Time:00:00.00 | Mem:0.50M, Peak:0.50M | Scene, ViewLayer | Updating Background
Fra:1 Mem:15.25M (Peak 15.60M) | Time:00:00.00 | Mem:0.50M, Peak:0.50M | Scene, ViewLayer | Updating Camera
Fra:1 Mem:15.25M (Peak 15.60M) | Time:00:00.00 | Mem:0.50M, Peak:0.50M | Scene, ViewLayer | Updating Meshes Flags
Fra:1 Mem:15.25M (Peak 15.60M) | Time:00:00.00 | Mem:0.50M, Peak:0.50M | Scene, ViewLayer | Updating Objects
Fra:1 Mem:15.25M (Peak 15.60M) | Time:00:00.00 | Mem:0.50M, Peak:0.50M | Scene, ViewLayer | Updating Objects | Copying Transformations to device
Fra:1 Mem:15.26M (Peak 15.60M) | Time:00:00.00 | Mem:0.51M, Peak:0.51M | Scene, ViewLayer | Updating Objects | Applying Static Transformations
Fra:1 Mem:15.26M (Peak 15.60M) | Time:00:00.00 | Mem:0.51M, Peak:0.51M | Scene, ViewLayer | Updating Particle Systems
Fra:1 Mem:15.26M (Peak 15.60M) | Time:00:00.00 | Mem:0.51M, Peak:0.51M | Scene, ViewLayer | Updating Particle Systems | Copying Particles to device
Fra:1 Mem:15.26M (Peak 15.60M) | Time:00:00.00 | Mem:0.51M, Peak:0.51M | Scene, ViewLayer | Updating Meshes
Fra:1 Mem:15.31M (Peak 15.60M) | Time:00:00.00 | Mem:0.51M, Peak:0.51M | Scene, ViewLayer | Updating Mesh | Computing attributes
Fra:1 Mem:15.60M (Peak 15.60M) | Time:00:00.00 | Mem:0.51M, Peak:0.51M | Scene, ViewLayer | Updating Mesh | Copying Attributes to device
Fra:1 Mem:15.59M (Peak 15.60M) | Time:00:00.00 | Mem:0.79M, Peak:0.79M | Scene, ViewLayer | Updating Scene BVH | Building
Fra:1 Mem:15.59M (Peak 15.60M) | Time:00:00.00 | Mem:0.79M, Peak:0.79M | Scene, ViewLayer | Updating Scene BVH | Building BVH
Fra:1 Mem:15.59M (Peak 15.60M) | Time:00:00.00 | Mem:0.90M, Peak:0.90M | Scene, ViewLayer | Updating Scene BVH | Building BVH 0%
Fra:1 Mem:15.59M (Peak 15.60M) | Time:00:00.00 | Mem:1.03M, Peak:1.14M | Scene, ViewLayer | Updating Scene BVH | Copying BVH to device
Fra:1 Mem:15.59M (Peak 15.60M) | Time:00:00.00 | Mem:1.03M, Peak:1.14M | Scene, ViewLayer | Updating Mesh | Computing normals
Fra:1 Mem:15.73M (Peak 15.73M) | Time:00:00.00 | Mem:1.03M, Peak:1.14M | Scene, ViewLayer | Updating Mesh | Copying Mesh to device
Fra:1 Mem:15.73M (Peak 15.73M) | Time:00:00.00 | Mem:1.16M, Peak:1.16M | Scene, ViewLayer | Updating Objects Flags
Fra:1 Mem:15.73M (Peak 15.73M) | Time:00:00.00 | Mem:1.16M, Peak:1.16M | Scene, ViewLayer | Updating Primitive Offsets
Fra:1 Mem:15.73M (Peak 15.73M) | Time:00:00.00 | Mem:1.16M, Peak:1.16M | Scene, ViewLayer | Updating Images
Fra:1 Mem:15.73M (Peak 15.73M) | Time:00:00.00 | Mem:1.16M, Peak:1.16M | Scene, ViewLayer | Updating Camera Volume
Fra:1 Mem:15.73M (Peak 15.73M) | Time:00:00.00 | Mem:1.16M, Peak:1.16M | Scene, ViewLayer | Updating Lookup Tables
Fra:1 Mem:15.73M (Peak 15.73M) | Time:00:00.00 | Mem:1.24M, Peak:1.24M | Scene, ViewLayer | Updating Lights
Fra:1 Mem:15.73M (Peak 15.73M) | Time:00:00.00 | Mem:1.24M, Peak:1.24M | Scene, ViewLayer | Updating Lights | Computing tree
Fra:1 Mem:15.73M (Peak 15.73M) | Time:00:00.00 | Mem:1.24M, Peak:1.24M | Scene, ViewLayer | Updating Integrator
Fra:1 Mem:15.73M (Peak 15.73M) | Time:00:00.00 | Mem:1.24M, Peak:1.24M | Scene, ViewLayer | Updating Film
Fra:1 Mem:15.73M (Peak 15.73M) | Time:00:00.00 | Mem:1.16M, Peak:1.24M | Scene, ViewLayer | Updating Lookup Tables
Fra:1 Mem:15.73M (Peak 15.73M) | Time:00:00.00 | Mem:1.24M, Peak:1.24M | Scene, ViewLayer | Updating Baking
Fra:1 Mem:15.73M (Peak 15.73M) | Time:00:00.00 | Mem:1.24M, Peak:1.24M | Scene, ViewLayer | Updating Device | Writing constant memory
Fra:1 Mem:15.73M (Peak 15.73M) | Time:00:00.00 | Mem:1.24M, Peak:1.24M | Scene, ViewLayer | Sample 0/24
Fra:1 Mem:34.78M (Peak 34.78M) | Time:00:00.14 | Remaining:00:03.23 | Mem:20.29M, Peak:20.29M | Scene, ViewLayer | Sample 1/24
Fra:1 Mem:43.24M (Peak 60.16M) | Time:00:02.91 | Mem:20.29M, Peak:20.29M | Scene, ViewLayer | Sample 24/24
Fra:1 Mem:43.24M (Peak 60.16M) | Time:00:02.91 | Mem:20.29M, Peak:20.29M | Scene, ViewLayer | Finished
Saved: '/workspace/scratch/d2415e46e35b/brood-charger-redesign/study-c5/c5-lod0-chase60.png'
Time: 00:02.97 (Saving: 00:00.05)

Fra:1 Mem:15.10M (Peak 15.10M) | Time:00:00.00 | Mem:0.00M, Peak:0.00M | Scene, ViewLayer | Synchronizing object | CHARGER_fixed_keel
Fra:1 Mem:15.10M (Peak 15.10M) | Time:00:00.00 | Mem:0.00M, Peak:0.00M | Scene, ViewLayer | Synchronizing object | CHARGER_central_pronotal_crown
Fra:1 Mem:15.13M (Peak 15.13M) | Time:00:00.00 | Mem:0.00M, Peak:0.00M | Scene, ViewLayer | Synchronizing object | CHARGER_labrum
Fra:1 Mem:15.23M (Peak 15.23M) | Time:00:00.00 | Mem:0.00M, Peak:0.00M | Scene, ViewLayer | Synchronizing object | CHARGER_oral_corner_STARBOARD
Fra:1 Mem:15.26M (Peak 15.26M) | Time:00:00.00 | Mem:0.00M, Peak:0.00M | Scene, ViewLayer | Synchronizing object | CHARGER_oral_corner_PORT
Fra:1 Mem:15.29M (Peak 15.29M) | Time:00:00.00 | Mem:0.00M, Peak:0.00M | Scene, ViewLayer | Synchronizing object | CHARGER_telescoping_anterior
Fra:1 Mem:15.30M (Peak 15.30M) | Time:00:00.00 | Mem:0.00M, Peak:0.00M | Scene, ViewLayer | Synchronizing object | CHARGER_port_ram_shield
Fra:1 Mem:15.36M (Peak 15.36M) | Time:00:00.00 | Mem:0.00M, Peak:0.00M | Scene, ViewLayer | Synchronizing object | CHARGER_telescoping_middle
Fra:1 Mem:15.45M (Peak 15.45M) | Time:00:00.00 | Mem:0.00M, Peak:0.00M | Scene, ViewLayer | Synchronizing object | CHARGER_telescoping_posterior
Fra:1 Mem:15.47M (Peak 15.47M) | Time:00:00.00 | Mem:0.00M, Peak:0.00M | Scene, ViewLayer | Synchronizing object | CHARGER_starboard_ram_shield
Fra:1 Mem:15.50M (Peak 15.50M) | Time:00:00.00 | Mem:0.00M, Peak:0.00M | Scene, ViewLayer | Synchronizing object | CHARGER_folding_paddle_STARBOARD
Fra:1 Mem:15.53M (Peak 15.53M) | Time:00:00.00 | Mem:0.00M, Peak:0.00M | Scene, ViewLayer | Synchronizing object | CHARGER_stabilizer_support_PORT
Fra:1 Mem:15.53M (Peak 15.53M) | Time:00:00.00 | Mem:0.00M, Peak:0.00M | Scene, ViewLayer | Synchronizing object | CHARGER_stabilizer_support_STARBOARD
Fra:1 Mem:15.55M (Peak 15.55M) | Time:00:00.00 | Mem:0.00M, Peak:0.00M | Scene, ViewLayer | Synchronizing object | CHARGER_folding_paddle_PORT
Fra:1 Mem:15.55M (Peak 15.55M) | Time:00:00.00 | Mem:0.00M, Peak:0.00M | Scene, ViewLayer | Initializing
Fra:1 Mem:15.49M (Peak 15.55M) | Time:00:00.00 | Mem:0.00M, Peak:0.00M | Scene, ViewLayer | Updating Images | Loading BroodChitin_Normal_v1
Fra:1 Mem:15.49M (Peak 15.55M) | Time:00:00.00 | Mem:0.00M, Peak:0.00M | Scene, ViewLayer | Updating Images | Loading BroodChitin_ORM_v1
Fra:1 Mem:15.17M (Peak 15.55M) | Time:00:00.00 | Mem:0.50M, Peak:0.50M | Scene, ViewLayer | Waiting for render to start
Fra:1 Mem:15.17M (Peak 15.55M) | Time:00:00.00 | Mem:0.50M, Peak:0.50M | Scene, ViewLayer | Loading render kernels (may take a few minutes the first time)
Fra:1 Mem:15.17M (Peak 15.55M) | Time:00:00.00 | Mem:0.50M, Peak:0.50M | Scene, ViewLayer | Updating Scene
Fra:1 Mem:15.17M (Peak 15.55M) | Time:00:00.00 | Mem:0.50M, Peak:0.50M | Scene, ViewLayer | Updating Shaders
Fra:1 Mem:15.25M (Peak 15.55M) | Time:00:00.00 | Mem:0.50M, Peak:0.50M | Scene, ViewLayer | Updating Procedurals
Fra:1 Mem:15.25M (Peak 15.55M) | Time:00:00.00 | Mem:0.50M, Peak:0.50M | Scene, ViewLayer | Updating Background
Fra:1 Mem:15.25M (Peak 15.55M) | Time:00:00.00 | Mem:0.50M, Peak:0.50M | Scene, ViewLayer | Updating Camera
Fra:1 Mem:15.25M (Peak 15.55M) | Time:00:00.00 | Mem:0.50M, Peak:0.50M | Scene, ViewLayer | Updating Meshes Flags
Fra:1 Mem:15.25M (Peak 15.55M) | Time:00:00.00 | Mem:0.50M, Peak:0.50M | Scene, ViewLayer | Updating Objects
Fra:1 Mem:15.25M (Peak 15.55M) | Time:00:00.00 | Mem:0.50M, Peak:0.50M | Scene, ViewLayer | Updating Objects | Copying Transformations to device
Fra:1 Mem:15.26M (Peak 15.55M) | Time:00:00.00 | Mem:0.51M, Peak:0.51M | Scene, ViewLayer | Updating Objects | Applying Static Transformations
Fra:1 Mem:15.26M (Peak 15.55M) | Time:00:00.00 | Mem:0.51M, Peak:0.51M | Scene, ViewLayer | Updating Particle Systems
Fra:1 Mem:15.26M (Peak 15.55M) | Time:00:00.00 | Mem:0.51M, Peak:0.51M | Scene, ViewLayer | Updating Particle Systems | Copying Particles to device
Fra:1 Mem:15.26M (Peak 15.55M) | Time:00:00.00 | Mem:0.51M, Peak:0.51M | Scene, ViewLayer | Updating Meshes
Fra:1 Mem:15.31M (Peak 15.55M) | Time:00:00.00 | Mem:0.51M, Peak:0.51M | Scene, ViewLayer | Updating Mesh | Computing attributes
Fra:1 Mem:15.60M (Peak 15.60M) | Time:00:00.00 | Mem:0.51M, Peak:0.51M | Scene, ViewLayer | Updating Mesh | Copying Attributes to device
Fra:1 Mem:15.59M (Peak 15.60M) | Time:00:00.00 | Mem:0.79M, Peak:0.79M | Scene, ViewLayer | Updating Scene BVH | Building
Fra:1 Mem:15.59M (Peak 15.60M) | Time:00:00.00 | Mem:0.79M, Peak:0.79M | Scene, ViewLayer | Updating Scene BVH | Building BVH
Fra:1 Mem:15.59M (Peak 15.60M) | Time:00:00.00 | Mem:0.90M, Peak:0.90M | Scene, ViewLayer | Updating Scene BVH | Building BVH 0%
Fra:1 Mem:15.59M (Peak 15.60M) | Time:00:00.00 | Mem:1.03M, Peak:1.14M | Scene, ViewLayer | Updating Scene BVH | Copying BVH to device
Fra:1 Mem:15.59M (Peak 15.60M) | Time:00:00.00 | Mem:1.03M, Peak:1.14M | Scene, ViewLayer | Updating Mesh | Computing normals
Fra:1 Mem:15.73M (Peak 15.73M) | Time:00:00.00 | Mem:1.03M, Peak:1.14M | Scene, ViewLayer | Updating Mesh | Copying Mesh to device
Fra:1 Mem:15.73M (Peak 15.73M) | Time:00:00.00 | Mem:1.16M, Peak:1.16M | Scene, ViewLayer | Updating Objects Flags
Fra:1 Mem:15.73M (Peak 15.73M) | Time:00:00.00 | Mem:1.16M, Peak:1.16M | Scene, ViewLayer | Updating Primitive Offsets
Fra:1 Mem:15.73M (Peak 15.73M) | Time:00:00.00 | Mem:1.16M, Peak:1.16M | Scene, ViewLayer | Updating Images
Fra:1 Mem:15.73M (Peak 15.73M) | Time:00:00.00 | Mem:1.16M, Peak:1.16M | Scene, ViewLayer | Updating Camera Volume
Fra:1 Mem:15.73M (Peak 15.73M) | Time:00:00.00 | Mem:1.16M, Peak:1.16M | Scene, ViewLayer | Updating Lookup Tables
Fra:1 Mem:15.73M (Peak 15.73M) | Time:00:00.00 | Mem:1.24M, Peak:1.24M | Scene, ViewLayer | Updating Lights
Fra:1 Mem:15.73M (Peak 15.73M) | Time:00:00.00 | Mem:1.24M, Peak:1.24M | Scene, ViewLayer | Updating Lights | Computing tree
Fra:1 Mem:15.73M (Peak 15.73M) | Time:00:00.00 | Mem:1.24M, Peak:1.24M | Scene, ViewLayer | Updating Integrator
Fra:1 Mem:15.73M (Peak 15.73M) | Time:00:00.00 | Mem:1.24M, Peak:1.24M | Scene, ViewLayer | Updating Film
Fra:1 Mem:15.73M (Peak 15.73M) | Time:00:00.00 | Mem:1.16M, Peak:1.24M | Scene, ViewLayer | Updating Lookup Tables
Fra:1 Mem:15.73M (Peak 15.73M) | Time:00:00.00 | Mem:1.24M, Peak:1.24M | Scene, ViewLayer | Updating Baking
Fra:1 Mem:15.73M (Peak 15.73M) | Time:00:00.00 | Mem:1.24M, Peak:1.24M | Scene, ViewLayer | Updating Device | Writing constant memory
Fra:1 Mem:15.73M (Peak 15.73M) | Time:00:00.00 | Mem:1.24M, Peak:1.24M | Scene, ViewLayer | Sample 0/24
Fra:1 Mem:34.78M (Peak 34.78M) | Time:00:00.13 | Remaining:00:02.99 | Mem:20.29M, Peak:20.29M | Scene, ViewLayer | Sample 1/24
Fra:1 Mem:43.24M (Peak 60.16M) | Time:00:02.31 | Mem:20.29M, Peak:20.29M | Scene, ViewLayer | Sample 24/24
Fra:1 Mem:43.24M (Peak 60.16M) | Time:00:02.31 | Mem:20.29M, Peak:20.29M | Scene, ViewLayer | Finished
Saved: '/workspace/scratch/d2415e46e35b/brood-charger-redesign/study-c5/c5-lod0-threequarter.png'
Time: 00:02.36 (Saving: 00:00.04)

Fra:1 Mem:15.10M (Peak 15.10M) | Time:00:00.00 | Mem:0.00M, Peak:0.00M | Scene, ViewLayer | Synchronizing object | CHARGER_fixed_keel
Fra:1 Mem:15.10M (Peak 15.10M) | Time:00:00.00 | Mem:0.00M, Peak:0.00M | Scene, ViewLayer | Synchronizing object | CHARGER_central_pronotal_crown
Fra:1 Mem:15.21M (Peak 15.21M) | Time:00:00.00 | Mem:0.00M, Peak:0.00M | Scene, ViewLayer | Synchronizing object | CHARGER_labrum
Fra:1 Mem:15.29M (Peak 15.29M) | Time:00:00.00 | Mem:0.00M, Peak:0.00M | Scene, ViewLayer | Synchronizing object | CHARGER_oral_corner_STARBOARD
Fra:1 Mem:15.29M (Peak 15.29M) | Time:00:00.00 | Mem:0.00M, Peak:0.00M | Scene, ViewLayer | Synchronizing object | CHARGER_port_ram_shield
Fra:1 Mem:15.34M (Peak 15.34M) | Time:00:00.00 | Mem:0.00M, Peak:0.00M | Scene, ViewLayer | Synchronizing object | CHARGER_oral_corner_PORT
Fra:1 Mem:15.35M (Peak 15.35M) | Time:00:00.00 | Mem:0.00M, Peak:0.00M | Scene, ViewLayer | Synchronizing object | CHARGER_starboard_ram_shield
Fra:1 Mem:15.41M (Peak 15.41M) | Time:00:00.00 | Mem:0.00M, Peak:0.00M | Scene, ViewLayer | Synchronizing object | CHARGER_telescoping_anterior
Fra:1 Mem:15.44M (Peak 15.44M) | Time:00:00.00 | Mem:0.00M, Peak:0.00M | Scene, ViewLayer | Synchronizing object | CHARGER_stabilizer_support_PORT
Fra:1 Mem:15.53M (Peak 15.53M) | Time:00:00.00 | Mem:0.00M, Peak:0.00M | Scene, ViewLayer | Synchronizing object | CHARGER_folding_paddle_PORT
Fra:1 Mem:15.54M (Peak 15.54M) | Time:00:00.00 | Mem:0.00M, Peak:0.00M | Scene, ViewLayer | Synchronizing object | CHARGER_telescoping_middle
Fra:1 Mem:15.57M (Peak 15.57M) | Time:00:00.00 | Mem:0.00M, Peak:0.00M | Scene, ViewLayer | Synchronizing object | CHARGER_stabilizer_support_STARBOARD
Fra:1 Mem:15.60M (Peak 15.60M) | Time:00:00.00 | Mem:0.00M, Peak:0.00M | Scene, ViewLayer | Synchronizing object | CHARGER_folding_paddle_STARBOARD
Fra:1 Mem:15.62M (Peak 15.62M) | Time:00:00.00 | Mem:0.00M, Peak:0.00M | Scene, ViewLayer | Synchronizing object | CHARGER_telescoping_posterior
Fra:1 Mem:15.55M (Peak 15.62M) | Time:00:00.00 | Mem:0.00M, Peak:0.00M | Scene, ViewLayer | Initializing
Fra:1 Mem:15.49M (Peak 15.62M) | Time:00:00.00 | Mem:0.00M, Peak:0.00M | Scene, ViewLayer | Updating Images | Loading BroodChitin_ORM_v1
Fra:1 Mem:15.49M (Peak 15.62M) | Time:00:00.00 | Mem:0.00M, Peak:0.00M | Scene, ViewLayer | Updating Images | Loading BroodChitin_Normal_v1
Fra:1 Mem:15.17M (Peak 15.62M) | Time:00:00.00 | Mem:0.50M, Peak:0.50M | Scene, ViewLayer | Waiting for render to start
Fra:1 Mem:15.17M (Peak 15.62M) | Time:00:00.00 | Mem:0.50M, Peak:0.50M | Scene, ViewLayer | Loading render kernels (may take a few minutes the first time)
Fra:1 Mem:15.17M (Peak 15.62M) | Time:00:00.00 | Mem:0.50M, Peak:0.50M | Scene, ViewLayer | Updating Scene
Fra:1 Mem:15.17M (Peak 15.62M) | Time:00:00.00 | Mem:0.50M, Peak:0.50M | Scene, ViewLayer | Updating Shaders
Fra:1 Mem:15.25M (Peak 15.62M) | Time:00:00.00 | Mem:0.50M, Peak:0.50M | Scene, ViewLayer | Updating Procedurals
Fra:1 Mem:15.25M (Peak 15.62M) | Time:00:00.00 | Mem:0.50M, Peak:0.50M | Scene, ViewLayer | Updating Background
Fra:1 Mem:15.25M (Peak 15.62M) | Time:00:00.00 | Mem:0.50M, Peak:0.50M | Scene, ViewLayer | Updating Camera
Fra:1 Mem:15.25M (Peak 15.62M) | Time:00:00.00 | Mem:0.50M, Peak:0.50M | Scene, ViewLayer | Updating Meshes Flags
Fra:1 Mem:15.25M (Peak 15.62M) | Time:00:00.00 | Mem:0.50M, Peak:0.50M | Scene, ViewLayer | Updating Objects
Fra:1 Mem:15.25M (Peak 15.62M) | Time:00:00.00 | Mem:0.50M, Peak:0.50M | Scene, ViewLayer | Updating Objects | Copying Transformations to device
Fra:1 Mem:15.26M (Peak 15.62M) | Time:00:00.00 | Mem:0.51M, Peak:0.51M | Scene, ViewLayer | Updating Objects | Applying Static Transformations
Fra:1 Mem:15.26M (Peak 15.62M) | Time:00:00.00 | Mem:0.51M, Peak:0.51M | Scene, ViewLayer | Updating Particle Systems
Fra:1 Mem:15.26M (Peak 15.62M) | Time:00:00.00 | Mem:0.51M, Peak:0.51M | Scene, ViewLayer | Updating Particle Systems | Copying Particles to device
Fra:1 Mem:15.26M (Peak 15.62M) | Time:00:00.00 | Mem:0.51M, Peak:0.51M | Scene, ViewLayer | Updating Meshes
Fra:1 Mem:15.31M (Peak 15.62M) | Time:00:00.00 | Mem:0.51M, Peak:0.51M | Scene, ViewLayer | Updating Mesh | Computing attributes
Fra:1 Mem:15.60M (Peak 15.62M) | Time:00:00.00 | Mem:0.51M, Peak:0.51M | Scene, ViewLayer | Updating Mesh | Copying Attributes to device
Fra:1 Mem:15.59M (Peak 15.62M) | Time:00:00.00 | Mem:0.79M, Peak:0.79M | Scene, ViewLayer | Updating Scene BVH | Building
Fra:1 Mem:15.59M (Peak 15.62M) | Time:00:00.00 | Mem:0.79M, Peak:0.79M | Scene, ViewLayer | Updating Scene BVH | Building BVH
Fra:1 Mem:15.59M (Peak 15.62M) | Time:00:00.00 | Mem:0.90M, Peak:0.90M | Scene, ViewLayer | Updating Scene BVH | Building BVH 0%
Fra:1 Mem:15.59M (Peak 15.62M) | Time:00:00.00 | Mem:1.03M, Peak:1.14M | Scene, ViewLayer | Updating Scene BVH | Copying BVH to device
Fra:1 Mem:15.59M (Peak 15.62M) | Time:00:00.00 | Mem:1.03M, Peak:1.14M | Scene, ViewLayer | Updating Mesh | Computing normals
Fra:1 Mem:15.73M (Peak 15.73M) | Time:00:00.00 | Mem:1.03M, Peak:1.14M | Scene, ViewLayer | Updating Mesh | Copying Mesh to device
Fra:1 Mem:15.73M (Peak 15.73M) | Time:00:00.00 | Mem:1.16M, Peak:1.16M | Scene, ViewLayer | Updating Objects Flags
Fra:1 Mem:15.73M (Peak 15.73M) | Time:00:00.00 | Mem:1.16M, Peak:1.16M | Scene, ViewLayer | Updating Primitive Offsets
Fra:1 Mem:15.73M (Peak 15.73M) | Time:00:00.00 | Mem:1.16M, Peak:1.16M | Scene, ViewLayer | Updating Images
Fra:1 Mem:15.73M (Peak 15.73M) | Time:00:00.00 | Mem:1.16M, Peak:1.16M | Scene, ViewLayer | Updating Camera Volume
Fra:1 Mem:15.73M (Peak 15.73M) | Time:00:00.00 | Mem:1.16M, Peak:1.16M | Scene, ViewLayer | Updating Lookup Tables
Fra:1 Mem:15.73M (Peak 15.73M) | Time:00:00.00 | Mem:1.24M, Peak:1.24M | Scene, ViewLayer | Updating Lights
Fra:1 Mem:15.73M (Peak 15.73M) | Time:00:00.00 | Mem:1.24M, Peak:1.24M | Scene, ViewLayer | Updating Lights | Computing tree
Fra:1 Mem:15.73M (Peak 15.73M) | Time:00:00.00 | Mem:1.24M, Peak:1.24M | Scene, ViewLayer | Updating Integrator
Fra:1 Mem:15.73M (Peak 15.73M) | Time:00:00.00 | Mem:1.24M, Peak:1.24M | Scene, ViewLayer | Updating Film
Fra:1 Mem:15.73M (Peak 15.73M) | Time:00:00.00 | Mem:1.16M, Peak:1.24M | Scene, ViewLayer | Updating Lookup Tables
Fra:1 Mem:15.73M (Peak 15.73M) | Time:00:00.00 | Mem:1.24M, Peak:1.24M | Scene, ViewLayer | Updating Baking
Fra:1 Mem:15.73M (Peak 15.73M) | Time:00:00.00 | Mem:1.24M, Peak:1.24M | Scene, ViewLayer | Updating Device | Writing constant memory
Fra:1 Mem:15.73M (Peak 15.73M) | Time:00:00.00 | Mem:1.24M, Peak:1.24M | Scene, ViewLayer | Sample 0/24
Fra:1 Mem:34.78M (Peak 34.78M) | Time:00:00.17 | Remaining:00:03.79 | Mem:20.29M, Peak:20.29M | Scene, ViewLayer | Sample 1/24
Fra:1 Mem:43.24M (Peak 60.16M) | Time:00:03.43 | Mem:20.29M, Peak:20.29M | Scene, ViewLayer | Sample 24/24
Fra:1 Mem:43.24M (Peak 60.16M) | Time:00:03.43 | Mem:20.29M, Peak:20.29M | Scene, ViewLayer | Finished
Saved: '/workspace/scratch/d2415e46e35b/brood-charger-redesign/study-c5/c5-lod0-fork.png'
Time: 00:03.49 (Saving: 00:00.05)

Fra:1 Mem:15.11M (Peak 15.11M) | Time:00:00.00 | Mem:0.00M, Peak:0.00M | Scene, ViewLayer | Synchronizing object | CHARGER_labrum
Fra:1 Mem:15.11M (Peak 15.11M) | Time:00:00.00 | Mem:0.00M, Peak:0.00M | Scene, ViewLayer | Synchronizing object | CHARGER_fixed_keel
Fra:1 Mem:15.13M (Peak 15.13M) | Time:00:00.00 | Mem:0.00M, Peak:0.00M | Scene, ViewLayer | Synchronizing object | CHARGER_unified_ramming_carapace
Fra:1 Mem:15.16M (Peak 15.16M) | Time:00:00.00 | Mem:0.00M, Peak:0.00M | Scene, ViewLayer | Synchronizing object | CHARGER_oral_corner_STARBOARD
Fra:1 Mem:15.21M (Peak 15.21M) | Time:00:00.00 | Mem:0.00M, Peak:0.00M | Scene, ViewLayer | Synchronizing object | CHARGER_oral_corner_PORT
Fra:1 Mem:15.26M (Peak 15.26M) | Time:00:00.00 | Mem:0.00M, Peak:0.00M | Scene, ViewLayer | Synchronizing object | CHARGER_telescoping_anterior
Fra:1 Mem:15.29M (Peak 15.29M) | Time:00:00.00 | Mem:0.00M, Peak:0.00M | Scene, ViewLayer | Synchronizing object | CHARGER_telescoping_middle
Fra:1 Mem:15.32M (Peak 15.32M) | Time:00:00.00 | Mem:0.00M, Peak:0.00M | Scene, ViewLayer | Synchronizing object | CHARGER_central_pronotal_crown
Fra:1 Mem:15.35M (Peak 15.35M) | Time:00:00.00 | Mem:0.00M, Peak:0.00M | Scene, ViewLayer | Synchronizing object | CHARGER_telescoping_posterior
Fra:1 Mem:15.47M (Peak 15.47M) | Time:00:00.00 | Mem:0.00M, Peak:0.00M | Scene, ViewLayer | Synchronizing object | CHARGER_folding_paddle_STARBOARD
Fra:1 Mem:15.49M (Peak 15.49M) | Time:00:00.00 | Mem:0.00M, Peak:0.00M | Scene, ViewLayer | Synchronizing object | CHARGER_port_ram_shield
Fra:1 Mem:15.53M (Peak 15.53M) | Time:00:00.00 | Mem:0.00M, Peak:0.00M | Scene, ViewLayer | Synchronizing object | CHARGER_stabilizer_support_STARBOARD
Fra:1 Mem:15.55M (Peak 15.55M) | Time:00:00.00 | Mem:0.00M, Peak:0.00M | Scene, ViewLayer | Synchronizing object | CHARGER_starboard_ram_shield
Fra:1 Mem:15.59M (Peak 15.59M) | Time:00:00.00 | Mem:0.00M, Peak:0.00M | Scene, ViewLayer | Synchronizing object | CHARGER_folding_paddle_PORT
Fra:1 Mem:15.53M (Peak 15.59M) | Time:00:00.00 | Mem:0.00M, Peak:0.00M | Scene, ViewLayer | Synchronizing object | CHARGER_stabilizer_support_PORT
Fra:1 Mem:15.55M (Peak 15.59M) | Time:00:00.00 | Mem:0.00M, Peak:0.00M | Scene, ViewLayer | Initializing
Fra:1 Mem:15.49M (Peak 15.59M) | Time:00:00.00 | Mem:0.00M, Peak:0.00M | Scene, ViewLayer | Updating Images | Loading BroodChitin_ORM_v1
Fra:1 Mem:15.74M (Peak 15.74M) | Time:00:00.00 | Mem:0.00M, Peak:0.00M | Scene, ViewLayer | Updating Images | Loading BroodChitin_Normal_v1
Fra:1 Mem:15.17M (Peak 15.74M) | Time:00:00.00 | Mem:0.50M, Peak:0.50M | Scene, ViewLayer | Waiting for render to start
Fra:1 Mem:15.17M (Peak 15.74M) | Time:00:00.00 | Mem:0.50M, Peak:0.50M | Scene, ViewLayer | Loading render kernels (may take a few minutes the first time)
Fra:1 Mem:15.17M (Peak 15.74M) | Time:00:00.00 | Mem:0.50M, Peak:0.50M | Scene, ViewLayer | Updating Scene
Fra:1 Mem:15.17M (Peak 15.74M) | Time:00:00.00 | Mem:0.50M, Peak:0.50M | Scene, ViewLayer | Updating Shaders
Fra:1 Mem:15.25M (Peak 15.74M) | Time:00:00.00 | Mem:0.50M, Peak:0.50M | Scene, ViewLayer | Updating Procedurals
Fra:1 Mem:15.25M (Peak 15.74M) | Time:00:00.00 | Mem:0.50M, Peak:0.50M | Scene, ViewLayer | Updating Background
Fra:1 Mem:15.25M (Peak 15.74M) | Time:00:00.00 | Mem:0.50M, Peak:0.50M | Scene, ViewLayer | Updating Camera
Fra:1 Mem:15.25M (Peak 15.74M) | Time:00:00.00 | Mem:0.50M, Peak:0.50M | Scene, ViewLayer | Updating Meshes Flags
Fra:1 Mem:15.25M (Peak 15.74M) | Time:00:00.00 | Mem:0.50M, Peak:0.50M | Scene, ViewLayer | Updating Objects
Fra:1 Mem:15.25M (Peak 15.74M) | Time:00:00.00 | Mem:0.50M, Peak:0.50M | Scene, ViewLayer | Updating Objects | Copying Transformations to device
Fra:1 Mem:15.26M (Peak 15.74M) | Time:00:00.00 | Mem:0.51M, Peak:0.51M | Scene, ViewLayer | Updating Objects | Applying Static Transformations
Fra:1 Mem:15.26M (Peak 15.74M) | Time:00:00.00 | Mem:0.51M, Peak:0.51M | Scene, ViewLayer | Updating Particle Systems
Fra:1 Mem:15.26M (Peak 15.74M) | Time:00:00.00 | Mem:0.51M, Peak:0.51M | Scene, ViewLayer | Updating Particle Systems | Copying Particles to device
Fra:1 Mem:15.26M (Peak 15.74M) | Time:00:00.00 | Mem:0.51M, Peak:0.51M | Scene, ViewLayer | Updating Meshes
Fra:1 Mem:15.31M (Peak 15.74M) | Time:00:00.00 | Mem:0.51M, Peak:0.51M | Scene, ViewLayer | Updating Mesh | Computing attributes
Fra:1 Mem:15.60M (Peak 15.74M) | Time:00:00.00 | Mem:0.51M, Peak:0.51M | Scene, ViewLayer | Updating Mesh | Copying Attributes to device
Fra:1 Mem:15.59M (Peak 15.74M) | Time:00:00.00 | Mem:0.79M, Peak:0.79M | Scene, ViewLayer | Updating Scene BVH | Building
Fra:1 Mem:15.59M (Peak 15.74M) | Time:00:00.00 | Mem:0.79M, Peak:0.79M | Scene, ViewLayer | Updating Scene BVH | Building BVH
Fra:1 Mem:15.59M (Peak 15.74M) | Time:00:00.00 | Mem:0.90M, Peak:0.90M | Scene, ViewLayer | Updating Scene BVH | Building BVH 0%
Fra:1 Mem:15.59M (Peak 15.74M) | Time:00:00.00 | Mem:1.03M, Peak:1.14M | Scene, ViewLayer | Updating Scene BVH | Copying BVH to device
Fra:1 Mem:15.59M (Peak 15.74M) | Time:00:00.00 | Mem:1.03M, Peak:1.14M | Scene, ViewLayer | Updating Mesh | Computing normals
Fra:1 Mem:15.73M (Peak 15.74M) | Time:00:00.00 | Mem:1.03M, Peak:1.14M | Scene, ViewLayer | Updating Mesh | Copying Mesh to device
Fra:1 Mem:15.73M (Peak 15.74M) | Time:00:00.00 | Mem:1.16M, Peak:1.16M | Scene, ViewLayer | Updating Objects Flags
Fra:1 Mem:15.73M (Peak 15.74M) | Time:00:00.00 | Mem:1.16M, Peak:1.16M | Scene, ViewLayer | Updating Primitive Offsets
Fra:1 Mem:15.73M (Peak 15.74M) | Time:00:00.00 | Mem:1.16M, Peak:1.16M | Scene, ViewLayer | Updating Images
Fra:1 Mem:15.73M (Peak 15.74M) | Time:00:00.00 | Mem:1.16M, Peak:1.16M | Scene, ViewLayer | Updating Camera Volume
Fra:1 Mem:15.73M (Peak 15.74M) | Time:00:00.00 | Mem:1.16M, Peak:1.16M | Scene, ViewLayer | Updating Lookup Tables
Fra:1 Mem:15.73M (Peak 15.74M) | Time:00:00.00 | Mem:1.24M, Peak:1.24M | Scene, ViewLayer | Updating Lights
Fra:1 Mem:15.73M (Peak 15.74M) | Time:00:00.00 | Mem:1.24M, Peak:1.24M | Scene, ViewLayer | Updating Lights | Computing tree
Fra:1 Mem:15.73M (Peak 15.74M) | Time:00:00.00 | Mem:1.24M, Peak:1.24M | Scene, ViewLayer | Updating Integrator
Fra:1 Mem:15.73M (Peak 15.74M) | Time:00:00.00 | Mem:1.24M, Peak:1.24M | Scene, ViewLayer | Updating Film
Fra:1 Mem:15.73M (Peak 15.74M) | Time:00:00.00 | Mem:1.16M, Peak:1.24M | Scene, ViewLayer | Updating Lookup Tables
Fra:1 Mem:15.73M (Peak 15.74M) | Time:00:00.00 | Mem:1.24M, Peak:1.24M | Scene, ViewLayer | Updating Baking
Fra:1 Mem:15.73M (Peak 15.74M) | Time:00:00.00 | Mem:1.24M, Peak:1.24M | Scene, ViewLayer | Updating Device | Writing constant memory
Fra:1 Mem:15.73M (Peak 15.74M) | Time:00:00.00 | Mem:1.24M, Peak:1.24M | Scene, ViewLayer | Sample 0/24
Fra:1 Mem:34.78M (Peak 34.78M) | Time:00:00.10 | Remaining:00:02.28 | Mem:20.29M, Peak:20.29M | Scene, ViewLayer | Sample 1/24
Fra:1 Mem:43.24M (Peak 60.16M) | Time:00:01.77 | Mem:20.29M, Peak:20.29M | Scene, ViewLayer | Sample 24/24
Fra:1 Mem:43.24M (Peak 60.16M) | Time:00:01.77 | Mem:20.29M, Peak:20.29M | Scene, ViewLayer | Finished
Saved: '/workspace/scratch/d2415e46e35b/brood-charger-redesign/study-c5/c5-lod0-underside.png'
Time: 00:01.82 (Saving: 00:00.05)

Fra:1 Mem:15.11M (Peak 15.11M) | Time:00:00.00 | Mem:0.00M, Peak:0.00M | Scene, ViewLayer | Synchronizing object | CHARGER_labrum
Fra:1 Mem:15.12M (Peak 15.12M) | Time:00:00.00 | Mem:0.00M, Peak:0.00M | Scene, ViewLayer | Synchronizing object | CHARGER_oral_corner_STARBOARD
Fra:1 Mem:15.13M (Peak 15.13M) | Time:00:00.00 | Mem:0.00M, Peak:0.00M | Scene, ViewLayer | Synchronizing object | CHARGER_oral_corner_PORT
Fra:1 Mem:15.14M (Peak 15.14M) | Time:00:00.00 | Mem:0.00M, Peak:0.00M | Scene, ViewLayer | Synchronizing object | CHARGER_telescoping_anterior
Fra:1 Mem:15.16M (Peak 15.16M) | Time:00:00.00 | Mem:0.00M, Peak:0.00M | Scene, ViewLayer | Synchronizing object | CHARGER_telescoping_middle
Fra:1 Mem:15.18M (Peak 15.18M) | Time:00:00.00 | Mem:0.00M, Peak:0.00M | Scene, ViewLayer | Synchronizing object | CHARGER_telescoping_posterior
Fra:1 Mem:15.19M (Peak 15.19M) | Time:00:00.00 | Mem:0.00M, Peak:0.00M | Scene, ViewLayer | Synchronizing object | CHARGER_folding_paddle_STARBOARD
Fra:1 Mem:15.22M (Peak 15.22M) | Time:00:00.00 | Mem:0.00M, Peak:0.00M | Scene, ViewLayer | Synchronizing object | CHARGER_stabilizer_support_STARBOARD
Fra:1 Mem:15.24M (Peak 15.24M) | Time:00:00.00 | Mem:0.00M, Peak:0.00M | Scene, ViewLayer | Synchronizing object | CHARGER_folding_paddle_PORT
Fra:1 Mem:15.27M (Peak 15.27M) | Time:00:00.00 | Mem:0.00M, Peak:0.00M | Scene, ViewLayer | Synchronizing object | CHARGER_stabilizer_support_PORT
Fra:1 Mem:15.29M (Peak 15.29M) | Time:00:00.00 | Mem:0.00M, Peak:0.00M | Scene, ViewLayer | Synchronizing object | CHARGER_starboard_ram_shield
Fra:1 Mem:15.32M (Peak 15.32M) | Time:00:00.00 | Mem:0.00M, Peak:0.00M | Scene, ViewLayer | Synchronizing object | CHARGER_unified_ramming_carapace
Fra:1 Mem:15.33M (Peak 15.33M) | Time:00:00.00 | Mem:0.00M, Peak:0.00M | Scene, ViewLayer | Synchronizing object | CHARGER_central_pronotal_crown
Fra:1 Mem:15.49M (Peak 15.49M) | Time:00:00.00 | Mem:0.00M, Peak:0.00M | Scene, ViewLayer | Synchronizing object | CHARGER_port_ram_shield
Fra:1 Mem:15.55M (Peak 15.55M) | Time:00:00.00 | Mem:0.00M, Peak:0.00M | Scene, ViewLayer | Initializing
Fra:1 Mem:15.49M (Peak 15.55M) | Time:00:00.00 | Mem:0.00M, Peak:0.00M | Scene, ViewLayer | Updating Images | Loading BroodChitin_ORM_v1
Fra:1 Mem:15.49M (Peak 15.55M) | Time:00:00.00 | Mem:0.00M, Peak:0.00M | Scene, ViewLayer | Updating Images | Loading BroodChitin_Normal_v1
Fra:1 Mem:15.17M (Peak 15.55M) | Time:00:00.00 | Mem:0.50M, Peak:0.50M | Scene, ViewLayer | Waiting for render to start
Fra:1 Mem:15.17M (Peak 15.55M) | Time:00:00.00 | Mem:0.50M, Peak:0.50M | Scene, ViewLayer | Loading render kernels (may take a few minutes the first time)
Fra:1 Mem:15.17M (Peak 15.55M) | Time:00:00.00 | Mem:0.50M, Peak:0.50M | Scene, ViewLayer | Updating Scene
Fra:1 Mem:15.17M (Peak 15.55M) | Time:00:00.00 | Mem:0.50M, Peak:0.50M | Scene, ViewLayer | Updating Shaders
Fra:1 Mem:15.25M (Peak 15.55M) | Time:00:00.00 | Mem:0.50M, Peak:0.50M | Scene, ViewLayer | Updating Procedurals
Fra:1 Mem:15.25M (Peak 15.55M) | Time:00:00.00 | Mem:0.50M, Peak:0.50M | Scene, ViewLayer | Updating Background
Fra:1 Mem:15.25M (Peak 15.55M) | Time:00:00.00 | Mem:0.50M, Peak:0.50M | Scene, ViewLayer | Updating Camera
Fra:1 Mem:15.25M (Peak 15.55M) | Time:00:00.00 | Mem:0.50M, Peak:0.50M | Scene, ViewLayer | Updating Meshes Flags
Fra:1 Mem:15.25M (Peak 15.55M) | Time:00:00.00 | Mem:0.50M, Peak:0.50M | Scene, ViewLayer | Updating Objects
Fra:1 Mem:15.25M (Peak 15.55M) | Time:00:00.00 | Mem:0.50M, Peak:0.50M | Scene, ViewLayer | Updating Objects | Copying Transformations to device
Fra:1 Mem:15.26M (Peak 15.55M) | Time:00:00.00 | Mem:0.51M, Peak:0.51M | Scene, ViewLayer | Updating Objects | Applying Static Transformations
Fra:1 Mem:15.26M (Peak 15.55M) | Time:00:00.00 | Mem:0.51M, Peak:0.51M | Scene, ViewLayer | Updating Particle Systems
Fra:1 Mem:15.26M (Peak 15.55M) | Time:00:00.00 | Mem:0.51M, Peak:0.51M | Scene, ViewLayer | Updating Particle Systems | Copying Particles to device
Fra:1 Mem:15.26M (Peak 15.55M) | Time:00:00.00 | Mem:0.51M, Peak:0.51M | Scene, ViewLayer | Updating Meshes
Fra:1 Mem:15.31M (Peak 15.55M) | Time:00:00.00 | Mem:0.51M, Peak:0.51M | Scene, ViewLayer | Updating Mesh | Computing attributes
Fra:1 Mem:15.60M (Peak 15.60M) | Time:00:00.00 | Mem:0.51M, Peak:0.51M | Scene, ViewLayer | Updating Mesh | Copying Attributes to device
Fra:1 Mem:15.59M (Peak 15.60M) | Time:00:00.00 | Mem:0.79M, Peak:0.79M | Scene, ViewLayer | Updating Scene BVH | Building
Fra:1 Mem:15.59M (Peak 15.60M) | Time:00:00.00 | Mem:0.79M, Peak:0.79M | Scene, ViewLayer | Updating Scene BVH | Building BVH
Fra:1 Mem:15.59M (Peak 15.60M) | Time:00:00.00 | Mem:0.90M, Peak:0.90M | Scene, ViewLayer | Updating Scene BVH | Building BVH 0%
Fra:1 Mem:15.59M (Peak 15.60M) | Time:00:00.00 | Mem:1.03M, Peak:1.14M | Scene, ViewLayer | Updating Scene BVH | Copying BVH to device
Fra:1 Mem:15.59M (Peak 15.60M) | Time:00:00.00 | Mem:1.03M, Peak:1.14M | Scene, ViewLayer | Updating Mesh | Computing normals
Fra:1 Mem:15.73M (Peak 15.73M) | Time:00:00.00 | Mem:1.03M, Peak:1.14M | Scene, ViewLayer | Updating Mesh | Copying Mesh to device
Fra:1 Mem:15.73M (Peak 15.73M) | Time:00:00.00 | Mem:1.16M, Peak:1.16M | Scene, ViewLayer | Updating Objects Flags
Fra:1 Mem:15.73M (Peak 15.73M) | Time:00:00.00 | Mem:1.16M, Peak:1.16M | Scene, ViewLayer | Updating Primitive Offsets
Fra:1 Mem:15.73M (Peak 15.73M) | Time:00:00.00 | Mem:1.16M, Peak:1.16M | Scene, ViewLayer | Updating Images
Fra:1 Mem:15.73M (Peak 15.73M) | Time:00:00.00 | Mem:1.16M, Peak:1.16M | Scene, ViewLayer | Updating Camera Volume
Fra:1 Mem:15.73M (Peak 15.73M) | Time:00:00.00 | Mem:1.16M, Peak:1.16M | Scene, ViewLayer | Updating Lookup Tables
Fra:1 Mem:15.73M (Peak 15.73M) | Time:00:00.00 | Mem:1.24M, Peak:1.24M | Scene, ViewLayer | Updating Lights
Fra:1 Mem:15.73M (Peak 15.73M) | Time:00:00.00 | Mem:1.24M, Peak:1.24M | Scene, ViewLayer | Updating Lights | Computing tree
Fra:1 Mem:15.73M (Peak 15.73M) | Time:00:00.00 | Mem:1.24M, Peak:1.24M | Scene, ViewLayer | Updating Integrator
Fra:1 Mem:15.73M (Peak 15.73M) | Time:00:00.00 | Mem:1.24M, Peak:1.24M | Scene, ViewLayer | Updating Film
Fra:1 Mem:15.73M (Peak 15.73M) | Time:00:00.00 | Mem:1.16M, Peak:1.24M | Scene, ViewLayer | Updating Lookup Tables
Fra:1 Mem:15.73M (Peak 15.73M) | Time:00:00.00 | Mem:1.24M, Peak:1.24M | Scene, ViewLayer | Updating Baking
Fra:1 Mem:15.73M (Peak 15.73M) | Time:00:00.00 | Mem:1.24M, Peak:1.24M | Scene, ViewLayer | Updating Device | Writing constant memory
Fra:1 Mem:15.73M (Peak 15.73M) | Time:00:00.00 | Mem:1.24M, Peak:1.24M | Scene, ViewLayer | Sample 0/24
Fra:1 Mem:34.78M (Peak 34.78M) | Time:00:00.08 | Remaining:00:01.70 | Mem:20.29M, Peak:20.29M | Scene, ViewLayer | Sample 1/24
Fra:1 Mem:43.24M (Peak 60.16M) | Time:00:01.30 | Mem:20.29M, Peak:20.29M | Scene, ViewLayer | Sample 24/24
Fra:1 Mem:43.24M (Peak 60.16M) | Time:00:01.30 | Mem:20.29M, Peak:20.29M | Scene, ViewLayer | Finished
Saved: '/workspace/scratch/d2415e46e35b/brood-charger-redesign/study-c5/c5-lod0-side.png'
Time: 00:01.35 (Saving: 00:00.04)

Fra:1 Mem:15.10M (Peak 15.10M) | Time:00:00.00 | Mem:0.00M, Peak:0.00M | Scene, ViewLayer | Synchronizing object | CHARGER_unified_ramming_carapace
Fra:1 Mem:15.11M (Peak 15.11M) | Time:00:00.00 | Mem:0.00M, Peak:0.00M | Scene, ViewLayer | Synchronizing object | CHARGER_labrum
Fra:1 Mem:15.23M (Peak 15.23M) | Time:00:00.00 | Mem:0.00M, Peak:0.00M | Scene, ViewLayer | Synchronizing object | CHARGER_oral_corner_STARBOARD
Fra:1 Mem:15.30M (Peak 15.30M) | Time:00:00.00 | Mem:0.00M, Peak:0.00M | Scene, ViewLayer | Synchronizing object | CHARGER_oral_corner_PORT
Fra:1 Mem:15.34M (Peak 15.34M) | Time:00:00.00 | Mem:0.00M, Peak:0.00M | Scene, ViewLayer | Synchronizing object | CHARGER_telescoping_anterior
Fra:1 Mem:15.45M (Peak 15.45M) | Time:00:00.00 | Mem:0.00M, Peak:0.00M | Scene, ViewLayer | Synchronizing object | CHARGER_telescoping_middle
Fra:1 Mem:15.45M (Peak 15.45M) | Time:00:00.00 | Mem:0.00M, Peak:0.00M | Scene, ViewLayer | Synchronizing object | CHARGER_port_ram_shield
Fra:1 Mem:15.48M (Peak 15.48M) | Time:00:00.00 | Mem:0.00M, Peak:0.00M | Scene, ViewLayer | Synchronizing object | CHARGER_telescoping_posterior
Fra:1 Mem:15.50M (Peak 15.50M) | Time:00:00.00 | Mem:0.00M, Peak:0.00M | Scene, ViewLayer | Synchronizing object | CHARGER_starboard_ram_shield
Fra:1 Mem:15.51M (Peak 15.51M) | Time:00:00.00 | Mem:0.00M, Peak:0.00M | Scene, ViewLayer | Synchronizing object | CHARGER_folding_paddle_STARBOARD
Fra:1 Mem:15.56M (Peak 15.56M) | Time:00:00.00 | Mem:0.00M, Peak:0.00M | Scene, ViewLayer | Synchronizing object | CHARGER_stabilizer_support_PORT
Fra:1 Mem:15.54M (Peak 15.56M) | Time:00:00.00 | Mem:0.00M, Peak:0.00M | Scene, ViewLayer | Synchronizing object | CHARGER_stabilizer_support_STARBOARD
Fra:1 Mem:15.53M (Peak 15.56M) | Time:00:00.00 | Mem:0.00M, Peak:0.00M | Scene, ViewLayer | Synchronizing object | CHARGER_folding_paddle_PORT
Fra:1 Mem:15.55M (Peak 15.56M) | Time:00:00.00 | Mem:0.00M, Peak:0.00M | Scene, ViewLayer | Initializing
Fra:1 Mem:15.49M (Peak 15.56M) | Time:00:00.00 | Mem:0.00M, Peak:0.00M | Scene, ViewLayer | Updating Images | Loading BroodChitin_ORM_v1
Fra:1 Mem:15.49M (Peak 15.56M) | Time:00:00.00 | Mem:0.00M, Peak:0.00M | Scene, ViewLayer | Updating Images | Loading BroodChitin_Normal_v1
Fra:1 Mem:15.17M (Peak 15.56M) | Time:00:00.00 | Mem:0.50M, Peak:0.50M | Scene, ViewLayer | Waiting for render to start
Fra:1 Mem:15.17M (Peak 15.56M) | Time:00:00.00 | Mem:0.50M, Peak:0.50M | Scene, ViewLayer | Loading render kernels (may take a few minutes the first time)
Fra:1 Mem:15.17M (Peak 15.56M) | Time:00:00.00 | Mem:0.50M, Peak:0.50M | Scene, ViewLayer | Updating Scene
Fra:1 Mem:15.17M (Peak 15.56M) | Time:00:00.00 | Mem:0.50M, Peak:0.50M | Scene, ViewLayer | Updating Shaders
Fra:1 Mem:15.25M (Peak 15.56M) | Time:00:00.00 | Mem:0.50M, Peak:0.50M | Scene, ViewLayer | Updating Procedurals
Fra:1 Mem:15.25M (Peak 15.56M) | Time:00:00.00 | Mem:0.50M, Peak:0.50M | Scene, ViewLayer | Updating Background
Fra:1 Mem:15.25M (Peak 15.56M) | Time:00:00.00 | Mem:0.50M, Peak:0.50M | Scene, ViewLayer | Updating Camera
Fra:1 Mem:15.25M (Peak 15.56M) | Time:00:00.00 | Mem:0.50M, Peak:0.50M | Scene, ViewLayer | Updating Meshes Flags
Fra:1 Mem:15.25M (Peak 15.56M) | Time:00:00.00 | Mem:0.50M, Peak:0.50M | Scene, ViewLayer | Updating Objects
Fra:1 Mem:15.25M (Peak 15.56M) | Time:00:00.00 | Mem:0.50M, Peak:0.50M | Scene, ViewLayer | Updating Objects | Copying Transformations to device
Fra:1 Mem:15.26M (Peak 15.56M) | Time:00:00.00 | Mem:0.51M, Peak:0.51M | Scene, ViewLayer | Updating Objects | Applying Static Transformations
Fra:1 Mem:15.26M (Peak 15.56M) | Time:00:00.00 | Mem:0.51M, Peak:0.51M | Scene, ViewLayer | Updating Particle Systems
Fra:1 Mem:15.26M (Peak 15.56M) | Time:00:00.00 | Mem:0.51M, Peak:0.51M | Scene, ViewLayer | Updating Particle Systems | Copying Particles to device
Fra:1 Mem:15.26M (Peak 15.56M) | Time:00:00.00 | Mem:0.51M, Peak:0.51M | Scene, ViewLayer | Updating Meshes
Fra:1 Mem:15.31M (Peak 15.56M) | Time:00:00.00 | Mem:0.51M, Peak:0.51M | Scene, ViewLayer | Updating Mesh | Computing attributes
Fra:1 Mem:15.60M (Peak 15.60M) | Time:00:00.00 | Mem:0.51M, Peak:0.51M | Scene, ViewLayer | Updating Mesh | Copying Attributes to device
Fra:1 Mem:15.59M (Peak 15.60M) | Time:00:00.00 | Mem:0.79M, Peak:0.79M | Scene, ViewLayer | Updating Scene BVH | Building
Fra:1 Mem:15.59M (Peak 15.60M) | Time:00:00.00 | Mem:0.79M, Peak:0.79M | Scene, ViewLayer | Updating Scene BVH | Building BVH
Fra:1 Mem:15.59M (Peak 15.60M) | Time:00:00.00 | Mem:0.90M, Peak:0.90M | Scene, ViewLayer | Updating Scene BVH | Building BVH 0%
Fra:1 Mem:15.59M (Peak 15.60M) | Time:00:00.00 | Mem:1.03M, Peak:1.14M | Scene, ViewLayer | Updating Scene BVH | Copying BVH to device
Fra:1 Mem:15.59M (Peak 15.60M) | Time:00:00.00 | Mem:1.03M, Peak:1.14M | Scene, ViewLayer | Updating Mesh | Computing normals
Fra:1 Mem:15.73M (Peak 15.73M) | Time:00:00.00 | Mem:1.03M, Peak:1.14M | Scene, ViewLayer | Updating Mesh | Copying Mesh to device
Fra:1 Mem:15.73M (Peak 15.73M) | Time:00:00.00 | Mem:1.16M, Peak:1.16M | Scene, ViewLayer | Updating Objects Flags
Fra:1 Mem:15.73M (Peak 15.73M) | Time:00:00.00 | Mem:1.16M, Peak:1.16M | Scene, ViewLayer | Updating Primitive Offsets
Fra:1 Mem:15.73M (Peak 15.73M) | Time:00:00.00 | Mem:1.16M, Peak:1.16M | Scene, ViewLayer | Updating Images
Fra:1 Mem:15.73M (Peak 15.73M) | Time:00:00.00 | Mem:1.16M, Peak:1.16M | Scene, ViewLayer | Updating Camera Volume
Fra:1 Mem:15.73M (Peak 15.73M) | Time:00:00.00 | Mem:1.16M, Peak:1.16M | Scene, ViewLayer | Updating Lookup Tables
Fra:1 Mem:15.73M (Peak 15.73M) | Time:00:00.00 | Mem:1.24M, Peak:1.24M | Scene, ViewLayer | Updating Lights
Fra:1 Mem:15.73M (Peak 15.73M) | Time:00:00.00 | Mem:1.24M, Peak:1.24M | Scene, ViewLayer | Updating Lights | Computing tree
Fra:1 Mem:15.73M (Peak 15.73M) | Time:00:00.00 | Mem:1.24M, Peak:1.24M | Scene, ViewLayer | Updating Integrator
Fra:1 Mem:15.73M (Peak 15.73M) | Time:00:00.00 | Mem:1.24M, Peak:1.24M | Scene, ViewLayer | Updating Film
Fra:1 Mem:15.73M (Peak 15.73M) | Time:00:00.00 | Mem:1.16M, Peak:1.24M | Scene, ViewLayer | Updating Lookup Tables
Fra:1 Mem:15.73M (Peak 15.73M) | Time:00:00.00 | Mem:1.24M, Peak:1.24M | Scene, ViewLayer | Updating Baking
Fra:1 Mem:15.73M (Peak 15.73M) | Time:00:00.00 | Mem:1.24M, Peak:1.24M | Scene, ViewLayer | Updating Device | Writing constant memory
Fra:1 Mem:15.73M (Peak 15.73M) | Time:00:00.00 | Mem:1.24M, Peak:1.24M | Scene, ViewLayer | Sample 0/24
Fra:1 Mem:34.78M (Peak 34.78M) | Time:00:00.13 | Remaining:00:02.93 | Mem:20.29M, Peak:20.29M | Scene, ViewLayer | Sample 1/24
Fra:1 Mem:43.24M (Peak 60.16M) | Time:00:02.62 | Mem:20.29M, Peak:20.29M | Scene, ViewLayer | Sample 24/24
Fra:1 Mem:43.24M (Peak 60.16M) | Time:00:02.62 | Mem:20.29M, Peak:20.29M | Scene, ViewLayer | Finished
Saved: '/workspace/scratch/d2415e46e35b/brood-charger-redesign/study-c5/c5-lod0-pose-approach.png'
Time: 00:02.67 (Saving: 00:00.04)

Fra:1 Mem:15.11M (Peak 15.11M) | Time:00:00.00 | Mem:0.00M, Peak:0.00M | Scene, ViewLayer | Synchronizing object | CHARGER_labrum
Fra:1 Mem:15.11M (Peak 15.11M) | Time:00:00.00 | Mem:0.00M, Peak:0.00M | Scene, ViewLayer | Synchronizing object | CHARGER_fixed_keel
Fra:1 Mem:15.13M (Peak 15.13M) | Time:00:00.00 | Mem:0.00M, Peak:0.00M | Scene, ViewLayer | Synchronizing object | CHARGER_oral_corner_STARBOARD
Fra:1 Mem:15.17M (Peak 15.17M) | Time:00:00.00 | Mem:0.00M, Peak:0.00M | Scene, ViewLayer | Synchronizing object | CHARGER_oral_corner_PORT
Fra:1 Mem:15.18M (Peak 15.18M) | Time:00:00.00 | Mem:0.00M, Peak:0.00M | Scene, ViewLayer | Synchronizing object | CHARGER_telescoping_anterior
Fra:1 Mem:15.21M (Peak 15.21M) | Time:00:00.00 | Mem:0.00M, Peak:0.00M | Scene, ViewLayer | Synchronizing object | CHARGER_telescoping_middle
Fra:1 Mem:15.22M (Peak 15.22M) | Time:00:00.00 | Mem:0.00M, Peak:0.00M | Scene, ViewLayer | Synchronizing object | CHARGER_unified_ramming_carapace
Fra:1 Mem:15.24M (Peak 15.24M) | Time:00:00.00 | Mem:0.00M, Peak:0.00M | Scene, ViewLayer | Synchronizing object | CHARGER_telescoping_posterior
Fra:1 Mem:15.28M (Peak 15.28M) | Time:00:00.00 | Mem:0.00M, Peak:0.00M | Scene, ViewLayer | Synchronizing object | CHARGER_folding_paddle_STARBOARD
Fra:1 Mem:15.36M (Peak 15.36M) | Time:00:00.00 | Mem:0.00M, Peak:0.00M | Scene, ViewLayer | Synchronizing object | CHARGER_stabilizer_support_STARBOARD
Fra:1 Mem:15.47M (Peak 15.47M) | Time:00:00.00 | Mem:0.00M, Peak:0.00M | Scene, ViewLayer | Synchronizing object | CHARGER_folding_paddle_PORT
Fra:1 Mem:15.50M (Peak 15.50M) | Time:00:00.00 | Mem:0.00M, Peak:0.00M | Scene, ViewLayer | Synchronizing object | CHARGER_stabilizer_support_PORT
Fra:1 Mem:15.53M (Peak 15.53M) | Time:00:00.00 | Mem:0.00M, Peak:0.00M | Scene, ViewLayer | Synchronizing object | CHARGER_starboard_ram_shield
Fra:1 Mem:15.56M (Peak 15.56M) | Time:00:00.00 | Mem:0.00M, Peak:0.00M | Scene, ViewLayer | Synchronizing object | CHARGER_port_ram_shield
Fra:1 Mem:15.52M (Peak 15.56M) | Time:00:00.00 | Mem:0.00M, Peak:0.00M | Scene, ViewLayer | Synchronizing object | CHARGER_central_pronotal_crown
Fra:1 Mem:15.55M (Peak 15.56M) | Time:00:00.00 | Mem:0.00M, Peak:0.00M | Scene, ViewLayer | Initializing
Fra:1 Mem:15.49M (Peak 15.56M) | Time:00:00.00 | Mem:0.00M, Peak:0.00M | Scene, ViewLayer | Updating Images | Loading BroodChitin_ORM_v1
Fra:1 Mem:15.99M (Peak 15.99M) | Time:00:00.00 | Mem:0.00M, Peak:0.00M | Scene, ViewLayer | Updating Images | Loading BroodChitin_Normal_v1
Fra:1 Mem:15.17M (Peak 15.99M) | Time:00:00.00 | Mem:0.50M, Peak:0.50M | Scene, ViewLayer | Waiting for render to start
Fra:1 Mem:15.17M (Peak 15.99M) | Time:00:00.00 | Mem:0.50M, Peak:0.50M | Scene, ViewLayer | Loading render kernels (may take a few minutes the first time)
Fra:1 Mem:15.17M (Peak 15.99M) | Time:00:00.00 | Mem:0.50M, Peak:0.50M | Scene, ViewLayer | Updating Scene
Fra:1 Mem:15.17M (Peak 15.99M) | Time:00:00.00 | Mem:0.50M, Peak:0.50M | Scene, ViewLayer | Updating Shaders
Fra:1 Mem:15.25M (Peak 15.99M) | Time:00:00.00 | Mem:0.50M, Peak:0.50M | Scene, ViewLayer | Updating Procedurals
Fra:1 Mem:15.25M (Peak 15.99M) | Time:00:00.00 | Mem:0.50M, Peak:0.50M | Scene, ViewLayer | Updating Background
Fra:1 Mem:15.25M (Peak 15.99M) | Time:00:00.00 | Mem:0.50M, Peak:0.50M | Scene, ViewLayer | Updating Camera
Fra:1 Mem:15.25M (Peak 15.99M) | Time:00:00.00 | Mem:0.50M, Peak:0.50M | Scene, ViewLayer | Updating Meshes Flags
Fra:1 Mem:15.25M (Peak 15.99M) | Time:00:00.00 | Mem:0.50M, Peak:0.50M | Scene, ViewLayer | Updating Objects
Fra:1 Mem:15.25M (Peak 15.99M) | Time:00:00.00 | Mem:0.50M, Peak:0.50M | Scene, ViewLayer | Updating Objects | Copying Transformations to device
Fra:1 Mem:15.26M (Peak 15.99M) | Time:00:00.00 | Mem:0.51M, Peak:0.51M | Scene, ViewLayer | Updating Objects | Applying Static Transformations
Fra:1 Mem:15.26M (Peak 15.99M) | Time:00:00.00 | Mem:0.51M, Peak:0.51M | Scene, ViewLayer | Updating Particle Systems
Fra:1 Mem:15.26M (Peak 15.99M) | Time:00:00.00 | Mem:0.51M, Peak:0.51M | Scene, ViewLayer | Updating Particle Systems | Copying Particles to device
Fra:1 Mem:15.26M (Peak 15.99M) | Time:00:00.00 | Mem:0.51M, Peak:0.51M | Scene, ViewLayer | Updating Meshes
Fra:1 Mem:15.31M (Peak 15.99M) | Time:00:00.00 | Mem:0.51M, Peak:0.51M | Scene, ViewLayer | Updating Mesh | Computing attributes
Fra:1 Mem:15.60M (Peak 15.99M) | Time:00:00.00 | Mem:0.51M, Peak:0.51M | Scene, ViewLayer | Updating Mesh | Copying Attributes to device
Fra:1 Mem:15.59M (Peak 15.99M) | Time:00:00.00 | Mem:0.79M, Peak:0.79M | Scene, ViewLayer | Updating Scene BVH | Building
Fra:1 Mem:15.59M (Peak 15.99M) | Time:00:00.00 | Mem:0.79M, Peak:0.79M | Scene, ViewLayer | Updating Scene BVH | Building BVH
Fra:1 Mem:15.59M (Peak 15.99M) | Time:00:00.00 | Mem:0.90M, Peak:0.90M | Scene, ViewLayer | Updating Scene BVH | Building BVH 0%
Fra:1 Mem:15.59M (Peak 15.99M) | Time:00:00.00 | Mem:1.03M, Peak:1.14M | Scene, ViewLayer | Updating Scene BVH | Copying BVH to device
Fra:1 Mem:15.59M (Peak 15.99M) | Time:00:00.00 | Mem:1.03M, Peak:1.14M | Scene, ViewLayer | Updating Mesh | Computing normals
Fra:1 Mem:15.73M (Peak 15.99M) | Time:00:00.00 | Mem:1.03M, Peak:1.14M | Scene, ViewLayer | Updating Mesh | Copying Mesh to device
Fra:1 Mem:15.73M (Peak 15.99M) | Time:00:00.00 | Mem:1.16M, Peak:1.16M | Scene, ViewLayer | Updating Objects Flags
Fra:1 Mem:15.73M (Peak 15.99M) | Time:00:00.00 | Mem:1.16M, Peak:1.16M | Scene, ViewLayer | Updating Primitive Offsets
Fra:1 Mem:15.73M (Peak 15.99M) | Time:00:00.00 | Mem:1.16M, Peak:1.16M | Scene, ViewLayer | Updating Images
Fra:1 Mem:15.73M (Peak 15.99M) | Time:00:00.00 | Mem:1.16M, Peak:1.16M | Scene, ViewLayer | Updating Camera Volume
Fra:1 Mem:15.73M (Peak 15.99M) | Time:00:00.00 | Mem:1.16M, Peak:1.16M | Scene, ViewLayer | Updating Lookup Tables
Fra:1 Mem:15.73M (Peak 15.99M) | Time:00:00.00 | Mem:1.24M, Peak:1.24M | Scene, ViewLayer | Updating Lights
Fra:1 Mem:15.73M (Peak 15.99M) | Time:00:00.00 | Mem:1.24M, Peak:1.24M | Scene, ViewLayer | Updating Lights | Computing tree
Fra:1 Mem:15.73M (Peak 15.99M) | Time:00:00.00 | Mem:1.24M, Peak:1.24M | Scene, ViewLayer | Updating Integrator
Fra:1 Mem:15.73M (Peak 15.99M) | Time:00:00.00 | Mem:1.24M, Peak:1.24M | Scene, ViewLayer | Updating Film
Fra:1 Mem:15.73M (Peak 15.99M) | Time:00:00.00 | Mem:1.16M, Peak:1.24M | Scene, ViewLayer | Updating Lookup Tables
Fra:1 Mem:15.73M (Peak 15.99M) | Time:00:00.00 | Mem:1.24M, Peak:1.24M | Scene, ViewLayer | Updating Baking
Fra:1 Mem:15.73M (Peak 15.99M) | Time:00:00.00 | Mem:1.24M, Peak:1.24M | Scene, ViewLayer | Updating Device | Writing constant memory
Fra:1 Mem:15.73M (Peak 15.99M) | Time:00:00.00 | Mem:1.24M, Peak:1.24M | Scene, ViewLayer | Sample 0/24
Fra:1 Mem:34.78M (Peak 34.78M) | Time:00:00.14 | Remaining:00:03.10 | Mem:20.29M, Peak:20.29M | Scene, ViewLayer | Sample 1/24
Fra:1 Mem:43.24M (Peak 60.16M) | Time:00:02.44 | Mem:20.29M, Peak:20.29M | Scene, ViewLayer | Sample 24/24
Fra:1 Mem:43.24M (Peak 60.16M) | Time:00:02.44 | Mem:20.29M, Peak:20.29M | Scene, ViewLayer | Finished
Saved: '/workspace/scratch/d2415e46e35b/brood-charger-redesign/study-c5/c5-lod0-pose-windup.png'
Time: 00:02.49 (Saving: 00:00.04)

Fra:1 Mem:15.11M (Peak 15.11M) | Time:00:00.00 | Mem:0.00M, Peak:0.00M | Scene, ViewLayer | Synchronizing object | CHARGER_labrum
Fra:1 Mem:15.11M (Peak 15.11M) | Time:00:00.00 | Mem:0.00M, Peak:0.00M | Scene, ViewLayer | Synchronizing object | CHARGER_unified_ramming_carapace
Fra:1 Mem:15.14M (Peak 15.14M) | Time:00:00.00 | Mem:0.00M, Peak:0.00M | Scene, ViewLayer | Synchronizing object | CHARGER_oral_corner_STARBOARD
Fra:1 Mem:15.25M (Peak 15.25M) | Time:00:00.00 | Mem:0.00M, Peak:0.00M | Scene, ViewLayer | Synchronizing object | CHARGER_oral_corner_PORT
Fra:1 Mem:15.29M (Peak 15.29M) | Time:00:00.00 | Mem:0.00M, Peak:0.00M | Scene, ViewLayer | Synchronizing object | CHARGER_port_ram_shield
Fra:1 Mem:15.33M (Peak 15.33M) | Time:00:00.00 | Mem:0.00M, Peak:0.00M | Scene, ViewLayer | Synchronizing object | CHARGER_telescoping_anterior
Fra:1 Mem:15.31M (Peak 15.33M) | Time:00:00.00 | Mem:0.00M, Peak:0.00M | Scene, ViewLayer | Synchronizing object | CHARGER_starboard_ram_shield
Fra:1 Mem:15.40M (Peak 15.40M) | Time:00:00.00 | Mem:0.00M, Peak:0.00M | Scene, ViewLayer | Synchronizing object | CHARGER_telescoping_middle
Fra:1 Mem:15.42M (Peak 15.42M) | Time:00:00.00 | Mem:0.00M, Peak:0.00M | Scene, ViewLayer | Synchronizing object | CHARGER_stabilizer_support_PORT
Fra:1 Mem:15.48M (Peak 15.48M) | Time:00:00.00 | Mem:0.00M, Peak:0.00M | Scene, ViewLayer | Synchronizing object | CHARGER_folding_paddle_PORT
Fra:1 Mem:15.48M (Peak 15.48M) | Time:00:00.00 | Mem:0.00M, Peak:0.00M | Scene, ViewLayer | Synchronizing object | CHARGER_telescoping_posterior
Fra:1 Mem:15.60M (Peak 15.60M) | Time:00:00.00 | Mem:0.00M, Peak:0.00M | Scene, ViewLayer | Synchronizing object | CHARGER_folding_paddle_STARBOARD
Fra:1 Mem:15.60M (Peak 15.60M) | Time:00:00.00 | Mem:0.00M, Peak:0.00M | Scene, ViewLayer | Synchronizing object | CHARGER_stabilizer_support_STARBOARD
Fra:1 Mem:15.55M (Peak 15.60M) | Time:00:00.00 | Mem:0.00M, Peak:0.00M | Scene, ViewLayer | Initializing
Fra:1 Mem:15.49M (Peak 15.60M) | Time:00:00.00 | Mem:0.00M, Peak:0.00M | Scene, ViewLayer | Updating Images | Loading BroodChitin_ORM_v1
Fra:1 Mem:15.49M (Peak 15.60M) | Time:00:00.00 | Mem:0.00M, Peak:0.00M | Scene, ViewLayer | Updating Images | Loading BroodChitin_Normal_v1
Fra:1 Mem:15.17M (Peak 15.60M) | Time:00:00.00 | Mem:0.50M, Peak:0.50M | Scene, ViewLayer | Waiting for render to start
Fra:1 Mem:15.17M (Peak 15.60M) | Time:00:00.00 | Mem:0.50M, Peak:0.50M | Scene, ViewLayer | Loading render kernels (may take a few minutes the first time)
Fra:1 Mem:15.17M (Peak 15.60M) | Time:00:00.00 | Mem:0.50M, Peak:0.50M | Scene, ViewLayer | Updating Scene
Fra:1 Mem:15.17M (Peak 15.60M) | Time:00:00.00 | Mem:0.50M, Peak:0.50M | Scene, ViewLayer | Updating Shaders
Fra:1 Mem:15.25M (Peak 15.60M) | Time:00:00.00 | Mem:0.50M, Peak:0.50M | Scene, ViewLayer | Updating Procedurals
Fra:1 Mem:15.25M (Peak 15.60M) | Time:00:00.00 | Mem:0.50M, Peak:0.50M | Scene, ViewLayer | Updating Background
Fra:1 Mem:15.25M (Peak 15.60M) | Time:00:00.00 | Mem:0.50M, Peak:0.50M | Scene, ViewLayer | Updating Camera
Fra:1 Mem:15.25M (Peak 15.60M) | Time:00:00.00 | Mem:0.50M, Peak:0.50M | Scene, ViewLayer | Updating Meshes Flags
Fra:1 Mem:15.25M (Peak 15.60M) | Time:00:00.00 | Mem:0.50M, Peak:0.50M | Scene, ViewLayer | Updating Objects
Fra:1 Mem:15.25M (Peak 15.60M) | Time:00:00.00 | Mem:0.50M, Peak:0.50M | Scene, ViewLayer | Updating Objects | Copying Transformations to device
Fra:1 Mem:15.26M (Peak 15.60M) | Time:00:00.00 | Mem:0.51M, Peak:0.51M | Scene, ViewLayer | Updating Objects | Applying Static Transformations
Fra:1 Mem:15.26M (Peak 15.60M) | Time:00:00.00 | Mem:0.51M, Peak:0.51M | Scene, ViewLayer | Updating Particle Systems
Fra:1 Mem:15.26M (Peak 15.60M) | Time:00:00.00 | Mem:0.51M, Peak:0.51M | Scene, ViewLayer | Updating Particle Systems | Copying Particles to device
Fra:1 Mem:15.26M (Peak 15.60M) | Time:00:00.00 | Mem:0.51M, Peak:0.51M | Scene, ViewLayer | Updating Meshes
Fra:1 Mem:15.31M (Peak 15.60M) | Time:00:00.00 | Mem:0.51M, Peak:0.51M | Scene, ViewLayer | Updating Mesh | Computing attributes
Fra:1 Mem:15.60M (Peak 15.60M) | Time:00:00.00 | Mem:0.51M, Peak:0.51M | Scene, ViewLayer | Updating Mesh | Copying Attributes to device
Fra:1 Mem:15.59M (Peak 15.60M) | Time:00:00.00 | Mem:0.79M, Peak:0.79M | Scene, ViewLayer | Updating Scene BVH | Building
Fra:1 Mem:15.59M (Peak 15.60M) | Time:00:00.00 | Mem:0.79M, Peak:0.79M | Scene, ViewLayer | Updating Scene BVH | Building BVH
Fra:1 Mem:15.59M (Peak 15.60M) | Time:00:00.00 | Mem:0.90M, Peak:0.90M | Scene, ViewLayer | Updating Scene BVH | Building BVH 0%
Fra:1 Mem:15.59M (Peak 15.60M) | Time:00:00.00 | Mem:1.03M, Peak:1.14M | Scene, ViewLayer | Updating Scene BVH | Copying BVH to device
Fra:1 Mem:15.59M (Peak 15.60M) | Time:00:00.00 | Mem:1.03M, Peak:1.14M | Scene, ViewLayer | Updating Mesh | Computing normals
Fra:1 Mem:15.73M (Peak 15.73M) | Time:00:00.00 | Mem:1.03M, Peak:1.14M | Scene, ViewLayer | Updating Mesh | Copying Mesh to device
Fra:1 Mem:15.73M (Peak 15.73M) | Time:00:00.00 | Mem:1.16M, Peak:1.16M | Scene, ViewLayer | Updating Objects Flags
Fra:1 Mem:15.73M (Peak 15.73M) | Time:00:00.00 | Mem:1.16M, Peak:1.16M | Scene, ViewLayer | Updating Primitive Offsets
Fra:1 Mem:15.73M (Peak 15.73M) | Time:00:00.00 | Mem:1.16M, Peak:1.16M | Scene, ViewLayer | Updating Images
Fra:1 Mem:15.73M (Peak 15.73M) | Time:00:00.00 | Mem:1.16M, Peak:1.16M | Scene, ViewLayer | Updating Camera Volume
Fra:1 Mem:15.73M (Peak 15.73M) | Time:00:00.00 | Mem:1.16M, Peak:1.16M | Scene, ViewLayer | Updating Lookup Tables
Fra:1 Mem:15.73M (Peak 15.73M) | Time:00:00.00 | Mem:1.24M, Peak:1.24M | Scene, ViewLayer | Updating Lights
Fra:1 Mem:15.73M (Peak 15.73M) | Time:00:00.00 | Mem:1.24M, Peak:1.24M | Scene, ViewLayer | Updating Lights | Computing tree
Fra:1 Mem:15.73M (Peak 15.73M) | Time:00:00.00 | Mem:1.24M, Peak:1.24M | Scene, ViewLayer | Updating Integrator
Fra:1 Mem:15.73M (Peak 15.73M) | Time:00:00.00 | Mem:1.24M, Peak:1.24M | Scene, ViewLayer | Updating Film
Fra:1 Mem:15.73M (Peak 15.73M) | Time:00:00.00 | Mem:1.16M, Peak:1.24M | Scene, ViewLayer | Updating Lookup Tables
Fra:1 Mem:15.73M (Peak 15.73M) | Time:00:00.00 | Mem:1.24M, Peak:1.24M | Scene, ViewLayer | Updating Baking
Fra:1 Mem:15.73M (Peak 15.73M) | Time:00:00.00 | Mem:1.24M, Peak:1.24M | Scene, ViewLayer | Updating Device | Writing constant memory
Fra:1 Mem:15.73M (Peak 15.73M) | Time:00:00.00 | Mem:1.24M, Peak:1.24M | Scene, ViewLayer | Sample 0/24
Fra:1 Mem:34.78M (Peak 34.78M) | Time:00:00.12 | Remaining:00:02.83 | Mem:20.29M, Peak:20.29M | Scene, ViewLayer | Sample 1/24
Fra:1 Mem:43.24M (Peak 60.16M) | Time:00:02.45 | Mem:20.29M, Peak:20.29M | Scene, ViewLayer | Sample 24/24
Fra:1 Mem:43.24M (Peak 60.16M) | Time:00:02.45 | Mem:20.29M, Peak:20.29M | Scene, ViewLayer | Finished
Saved: '/workspace/scratch/d2415e46e35b/brood-charger-redesign/study-c5/c5-lod0-pose-attack.png'
Time: 00:02.51 (Saving: 00:00.04)

Fra:1 Mem:15.11M (Peak 15.11M) | Time:00:00.00 | Mem:0.00M, Peak:0.00M | Scene, ViewLayer | Synchronizing object | CHARGER_labrum
Fra:1 Mem:15.11M (Peak 15.11M) | Time:00:00.00 | Mem:0.00M, Peak:0.00M | Scene, ViewLayer | Synchronizing object | CHARGER_fixed_keel
Fra:1 Mem:15.13M (Peak 15.13M) | Time:00:00.00 | Mem:0.00M, Peak:0.00M | Scene, ViewLayer | Synchronizing object | CHARGER_unified_ramming_carapace
Fra:1 Mem:15.16M (Peak 15.16M) | Time:00:00.00 | Mem:0.00M, Peak:0.00M | Scene, ViewLayer | Synchronizing object | CHARGER_oral_corner_STARBOARD
Fra:1 Mem:15.19M (Peak 15.19M) | Time:00:00.00 | Mem:0.00M, Peak:0.00M | Scene, ViewLayer | Synchronizing object | CHARGER_oral_corner_PORT
Fra:1 Mem:15.22M (Peak 15.22M) | Time:00:00.00 | Mem:0.00M, Peak:0.00M | Scene, ViewLayer | Synchronizing object | CHARGER_telescoping_anterior
Fra:1 Mem:15.27M (Peak 15.27M) | Time:00:00.00 | Mem:0.00M, Peak:0.00M | Scene, ViewLayer | Synchronizing object | CHARGER_central_pronotal_crown
Fra:1 Mem:15.28M (Peak 15.28M) | Time:00:00.00 | Mem:0.00M, Peak:0.00M | Scene, ViewLayer | Synchronizing object | CHARGER_telescoping_middle
Fra:1 Mem:15.35M (Peak 15.35M) | Time:00:00.00 | Mem:0.00M, Peak:0.00M | Scene, ViewLayer | Synchronizing object | CHARGER_telescoping_posterior
Fra:1 Mem:15.37M (Peak 15.37M) | Time:00:00.00 | Mem:0.00M, Peak:0.00M | Scene, ViewLayer | Synchronizing object | CHARGER_port_ram_shield
Fra:1 Mem:15.43M (Peak 15.43M) | Time:00:00.00 | Mem:0.00M, Peak:0.00M | Scene, ViewLayer | Synchronizing object | CHARGER_folding_paddle_STARBOARD
Fra:1 Mem:15.53M (Peak 15.53M) | Time:00:00.00 | Mem:0.00M, Peak:0.00M | Scene, ViewLayer | Synchronizing object | CHARGER_stabilizer_support_STARBOARD
Fra:1 Mem:15.54M (Peak 15.54M) | Time:00:00.00 | Mem:0.00M, Peak:0.00M | Scene, ViewLayer | Synchronizing object | CHARGER_starboard_ram_shield
Fra:1 Mem:15.59M (Peak 15.59M) | Time:00:00.00 | Mem:0.00M, Peak:0.00M | Scene, ViewLayer | Synchronizing object | CHARGER_folding_paddle_PORT
Fra:1 Mem:15.61M (Peak 15.61M) | Time:00:00.00 | Mem:0.00M, Peak:0.00M | Scene, ViewLayer | Synchronizing object | CHARGER_stabilizer_support_PORT
Fra:1 Mem:15.55M (Peak 15.61M) | Time:00:00.00 | Mem:0.00M, Peak:0.00M | Scene, ViewLayer | Initializing
Fra:1 Mem:15.49M (Peak 15.61M) | Time:00:00.00 | Mem:0.00M, Peak:0.00M | Scene, ViewLayer | Updating Images | Loading BroodChitin_ORM_v1
Fra:1 Mem:15.99M (Peak 15.99M) | Time:00:00.00 | Mem:0.00M, Peak:0.00M | Scene, ViewLayer | Updating Images | Loading BroodChitin_Normal_v1
Fra:1 Mem:15.17M (Peak 15.99M) | Time:00:00.00 | Mem:0.50M, Peak:0.50M | Scene, ViewLayer | Waiting for render to start
Fra:1 Mem:15.17M (Peak 15.99M) | Time:00:00.00 | Mem:0.50M, Peak:0.50M | Scene, ViewLayer | Loading render kernels (may take a few minutes the first time)
Fra:1 Mem:15.17M (Peak 15.99M) | Time:00:00.00 | Mem:0.50M, Peak:0.50M | Scene, ViewLayer | Updating Scene
Fra:1 Mem:15.17M (Peak 15.99M) | Time:00:00.00 | Mem:0.50M, Peak:0.50M | Scene, ViewLayer | Updating Shaders
Fra:1 Mem:15.25M (Peak 15.99M) | Time:00:00.00 | Mem:0.50M, Peak:0.50M | Scene, ViewLayer | Updating Procedurals
Fra:1 Mem:15.25M (Peak 15.99M) | Time:00:00.00 | Mem:0.50M, Peak:0.50M | Scene, ViewLayer | Updating Background
Fra:1 Mem:15.25M (Peak 15.99M) | Time:00:00.00 | Mem:0.50M, Peak:0.50M | Scene, ViewLayer | Updating Camera
Fra:1 Mem:15.25M (Peak 15.99M) | Time:00:00.00 | Mem:0.50M, Peak:0.50M | Scene, ViewLayer | Updating Meshes Flags
Fra:1 Mem:15.25M (Peak 15.99M) | Time:00:00.00 | Mem:0.50M, Peak:0.50M | Scene, ViewLayer | Updating Objects
Fra:1 Mem:15.25M (Peak 15.99M) | Time:00:00.00 | Mem:0.50M, Peak:0.50M | Scene, ViewLayer | Updating Objects | Copying Transformations to device
Fra:1 Mem:15.26M (Peak 15.99M) | Time:00:00.00 | Mem:0.51M, Peak:0.51M | Scene, ViewLayer | Updating Objects | Applying Static Transformations
Fra:1 Mem:15.26M (Peak 15.99M) | Time:00:00.00 | Mem:0.51M, Peak:0.51M | Scene, ViewLayer | Updating Particle Systems
Fra:1 Mem:15.26M (Peak 15.99M) | Time:00:00.00 | Mem:0.51M, Peak:0.51M | Scene, ViewLayer | Updating Particle Systems | Copying Particles to device
Fra:1 Mem:15.26M (Peak 15.99M) | Time:00:00.00 | Mem:0.51M, Peak:0.51M | Scene, ViewLayer | Updating Meshes
Fra:1 Mem:15.31M (Peak 15.99M) | Time:00:00.00 | Mem:0.51M, Peak:0.51M | Scene, ViewLayer | Updating Mesh | Computing attributes
Fra:1 Mem:15.60M (Peak 15.99M) | Time:00:00.00 | Mem:0.51M, Peak:0.51M | Scene, ViewLayer | Updating Mesh | Copying Attributes to device
Fra:1 Mem:15.59M (Peak 15.99M) | Time:00:00.00 | Mem:0.79M, Peak:0.79M | Scene, ViewLayer | Updating Scene BVH | Building
Fra:1 Mem:15.59M (Peak 15.99M) | Time:00:00.00 | Mem:0.79M, Peak:0.79M | Scene, ViewLayer | Updating Scene BVH | Building BVH
Fra:1 Mem:15.59M (Peak 15.99M) | Time:00:00.00 | Mem:0.90M, Peak:0.90M | Scene, ViewLayer | Updating Scene BVH | Building BVH 0%
Fra:1 Mem:15.59M (Peak 15.99M) | Time:00:00.00 | Mem:1.03M, Peak:1.14M | Scene, ViewLayer | Updating Scene BVH | Copying BVH to device
Fra:1 Mem:15.59M (Peak 15.99M) | Time:00:00.00 | Mem:1.03M, Peak:1.14M | Scene, ViewLayer | Updating Mesh | Computing normals
Fra:1 Mem:15.73M (Peak 15.99M) | Time:00:00.00 | Mem:1.03M, Peak:1.14M | Scene, ViewLayer | Updating Mesh | Copying Mesh to device
Fra:1 Mem:15.73M (Peak 15.99M) | Time:00:00.00 | Mem:1.16M, Peak:1.16M | Scene, ViewLayer | Updating Objects Flags
Fra:1 Mem:15.73M (Peak 15.99M) | Time:00:00.00 | Mem:1.16M, Peak:1.16M | Scene, ViewLayer | Updating Primitive Offsets
Fra:1 Mem:15.73M (Peak 15.99M) | Time:00:00.00 | Mem:1.16M, Peak:1.16M | Scene, ViewLayer | Updating Images
Fra:1 Mem:15.73M (Peak 15.99M) | Time:00:00.00 | Mem:1.16M, Peak:1.16M | Scene, ViewLayer | Updating Camera Volume
Fra:1 Mem:15.73M (Peak 15.99M) | Time:00:00.00 | Mem:1.16M, Peak:1.16M | Scene, ViewLayer | Updating Lookup Tables
Fra:1 Mem:15.73M (Peak 15.99M) | Time:00:00.00 | Mem:1.24M, Peak:1.24M | Scene, ViewLayer | Updating Lights
Fra:1 Mem:15.73M (Peak 15.99M) | Time:00:00.00 | Mem:1.24M, Peak:1.24M | Scene, ViewLayer | Updating Lights | Computing tree
Fra:1 Mem:15.73M (Peak 15.99M) | Time:00:00.00 | Mem:1.24M, Peak:1.24M | Scene, ViewLayer | Updating Integrator
Fra:1 Mem:15.73M (Peak 15.99M) | Time:00:00.00 | Mem:1.24M, Peak:1.24M | Scene, ViewLayer | Updating Film
Fra:1 Mem:15.73M (Peak 15.99M) | Time:00:00.00 | Mem:1.16M, Peak:1.24M | Scene, ViewLayer | Updating Lookup Tables
Fra:1 Mem:15.73M (Peak 15.99M) | Time:00:00.00 | Mem:1.24M, Peak:1.24M | Scene, ViewLayer | Updating Baking
Fra:1 Mem:15.73M (Peak 15.99M) | Time:00:00.00 | Mem:1.24M, Peak:1.24M | Scene, ViewLayer | Updating Device | Writing constant memory
Fra:1 Mem:15.73M (Peak 15.99M) | Time:00:00.00 | Mem:1.24M, Peak:1.24M | Scene, ViewLayer | Sample 0/24
Fra:1 Mem:34.78M (Peak 34.78M) | Time:00:00.12 | Remaining:00:02.73 | Mem:20.29M, Peak:20.29M | Scene, ViewLayer | Sample 1/24
Fra:1 Mem:43.24M (Peak 60.16M) | Time:00:02.39 | Mem:20.29M, Peak:20.29M | Scene, ViewLayer | Sample 24/24
Fra:1 Mem:43.24M (Peak 60.16M) | Time:00:02.39 | Mem:20.29M, Peak:20.29M | Scene, ViewLayer | Finished
Saved: '/workspace/scratch/d2415e46e35b/brood-charger-redesign/study-c5/c5-lod0-pose-recovery.png'
Time: 00:02.44 (Saving: 00:00.04)



Blender quit
