✔ reinforcement affordability: 0 finite lives, 0 available seats (91.680362ms)
✔ reinforcement affordability: 0 finite lives, 1 available seats (9.626062ms)
✔ reinforcement affordability: 0 finite lives, 2 available seats (6.632127ms)
✔ reinforcement affordability: 0 finite lives, 3 available seats (7.540124ms)
✔ reinforcement affordability: 0 finite lives, 4 available seats (6.064395ms)
✔ reinforcement affordability: 1 finite lives, 0 available seats (9.760784ms)
✔ reinforcement affordability: 1 finite lives, 1 available seats (7.570639ms)
✔ reinforcement affordability: 1 finite lives, 2 available seats (6.252277ms)
✔ reinforcement affordability: 1 finite lives, 3 available seats (6.894883ms)
✔ reinforcement affordability: 1 finite lives, 4 available seats (5.867958ms)
✔ reinforcement affordability: 2 finite lives, 0 available seats (7.206742ms)
✔ reinforcement affordability: 2 finite lives, 1 available seats (5.522839ms)
✔ reinforcement affordability: 2 finite lives, 2 available seats (6.756145ms)
✔ reinforcement affordability: 2 finite lives, 3 available seats (5.502999ms)
✔ reinforcement affordability: 2 finite lives, 4 available seats (5.597962ms)
✔ reinforcement affordability: 3 finite lives, 0 available seats (5.981589ms)
✔ reinforcement affordability: 3 finite lives, 1 available seats (5.82911ms)
✔ reinforcement affordability: 3 finite lives, 2 available seats (5.903111ms)
✔ reinforcement affordability: 3 finite lives, 3 available seats (14.64336ms)
✔ reinforcement affordability: 3 finite lives, 4 available seats (12.717383ms)
✔ reinforcement affordability: 4 finite lives, 0 available seats (7.296868ms)
✔ reinforcement affordability: 4 finite lives, 1 available seats (6.718908ms)
✔ reinforcement affordability: 4 finite lives, 2 available seats (6.126377ms)
✔ reinforcement affordability: 4 finite lives, 3 available seats (21.360196ms)
✔ reinforcement affordability: 4 finite lives, 4 available seats (17.192881ms)
✔ reinforcement affordability: 5 finite lives, 0 available seats (8.427899ms)
✔ reinforcement affordability: 5 finite lives, 1 available seats (11.364248ms)
✔ reinforcement affordability: 5 finite lives, 2 available seats (6.942044ms)
✔ reinforcement affordability: 5 finite lives, 3 available seats (16.812003ms)
✔ reinforcement affordability: 5 finite lives, 4 available seats (16.09798ms)
✔ authored wave17 debut retains its four-life obligation with 0 available seats (11.670928ms)
✔ authored wave17 debut retains its four-life obligation with 1 available seats (11.929478ms)
✔ authored wave17 debut retains its four-life obligation with 2 available seats (10.930594ms)
✔ authored wave17 debut retains its four-life obligation with 3 available seats (10.446758ms)
✔ authored wave17 debut retains its four-life obligation with 4 available seats (11.3664ms)
Combat doctrine unit checks OK
✔ test/combat-doctrines.test.mjs (876.458001ms)
✔ every unlock wave stages exactly one debut package for its newcomer (5.381937ms)
✔ the opening burst never pre-empts the debut: no group fields the newcomer early (1.211713ms)
✔ the debut gate is its own bearing, distinct from the opening groups (0.270066ms)
✔ the debut seat comes out of the opening burst — the pressure math does not grow (1.152414ms)
✔ the debut flag rides the schedule so materialization can protect it (0.337908ms)
✔ non-debut waves never carry a debut package (1.247898ms)
✔ the stream still fields the newcomer normally on debut wave and after (28.659678ms)
✔ debut composes with build pressure without either eating the other (1.051972ms)
✔ debut is deterministic: same seed, same plan (1.549401ms)
✔ the stream cannot field the newcomer while its debut is owed, and a hold cannot drop it (23.484202ms)
✔ Splitter roster admission leaves authored acts and champion recipes valid through their full cycle (12.177461ms)
ℹ tests 47
ℹ suites 0
ℹ pass 47
ℹ fail 0
ℹ cancelled 0
ℹ skipped 0
ℹ todo 0
ℹ duration_ms 1587.983805
