Extensions: writing cache failed ([Errno 30] Read-only file system: '/home/agent/.config/blender').
19:54:56 | INFO: Data are loaded, start creating Blender stuff
19:54:56 | INFO: Blender create Mesh node LOD0_BODY_Carapace
19:54:56 | INFO: Blender create Mesh node LOD0_BODY_Chitin
19:54:56 | INFO: Blender create Mesh node LOD0_BODY_Membrane
19:54:56 | INFO: Blender create Mesh node LOD0_MOTION_MITE_MEMBRANE_PORT_Carapace
19:54:56 | INFO: Blender create Mesh node LOD0_MOTION_MITE_MEMBRANE_PORT_Chitin
19:54:56 | INFO: Blender create Mesh node LOD0_MOTION_MITE_MEMBRANE_PORT_Membrane
19:54:56 | INFO: Blender create Mesh node LOD0_MOTION_MITE_MEMBRANE_STARBOARD_Carapace
19:54:56 | INFO: Blender create Mesh node LOD0_MOTION_MITE_MEMBRANE_STARBOARD_Chitin
19:54:56 | INFO: Blender create Mesh node LOD0_MOTION_MITE_MEMBRANE_STARBOARD_Membrane
19:54:56 | INFO: glTF import finished in 0.02s
19:54:56 | INFO: Data are loaded, start creating Blender stuff
19:54:56 | INFO: Blender create Mesh node LOD1_BODY_Carapace
19:54:56 | INFO: Blender create Mesh node LOD1_BODY_Chitin
19:54:56 | INFO: Blender create Mesh node LOD1_BODY_Membrane
19:54:56 | INFO: Blender create Mesh node LOD1_MOTION_MITE_MEMBRANE_PORT_Carapace
19:54:56 | INFO: Blender create Mesh node LOD1_MOTION_MITE_MEMBRANE_PORT_Chitin
19:54:56 | INFO: Blender create Mesh node LOD1_MOTION_MITE_MEMBRANE_PORT_Membrane
19:54:56 | INFO: Blender create Mesh node LOD1_MOTION_MITE_MEMBRANE_STARBOARD_Carapace
19:54:56 | INFO: Blender create Mesh node LOD1_MOTION_MITE_MEMBRANE_STARBOARD_Chitin
19:54:56 | INFO: Blender create Mesh node LOD1_MOTION_MITE_MEMBRANE_STARBOARD_Membrane
19:54:56 | INFO: glTF import finished in 0.01s
19:54:56 | INFO: Data are loaded, start creating Blender stuff
19:54:56 | INFO: Blender create Mesh node LOD2_BODY_Carapace
19:54:56 | INFO: Blender create Mesh node LOD2_BODY_Chitin
19:54:56 | INFO: Blender create Mesh node LOD2_BODY_Membrane
19:54:56 | INFO: Blender create Mesh node LOD2_MOTION_MITE_MEMBRANE_PORT_Carapace
19:54:56 | INFO: Blender create Mesh node LOD2_MOTION_MITE_MEMBRANE_PORT_Chitin
19:54:56 | INFO: Blender create Mesh node LOD2_MOTION_MITE_MEMBRANE_PORT_Membrane
19:54:56 | INFO: Blender create Mesh node LOD2_MOTION_MITE_MEMBRANE_STARBOARD_Carapace
19:54:56 | INFO: Blender create Mesh node LOD2_MOTION_MITE_MEMBRANE_STARBOARD_Chitin
19:54:56 | INFO: Blender create Mesh node LOD2_MOTION_MITE_MEMBRANE_STARBOARD_Membrane
19:54:56 | INFO: glTF import finished in 0.01s
ERROR Draco mesh compression is not available because library could not be found at /usr/bin/4.3/python/lib/python3.13/site-packages/libextern_draco.so
19:54:56 | INFO: Starting glTF 2.0 export
19:54:56 | INFO: Extracting primitive: LOD0_BODY_Carapace
19:54:56 | WARNING: More than one shader node tex image used for a texture. The resulting glTF sampler will behave like the first shader node tex image.
19:54:56 | INFO: Primitives created: 1
19:54:56 | INFO: Extracting primitive: LOD0_BODY_Chitin
19:54:56 | WARNING: More than one shader node tex image used for a texture. The resulting glTF sampler will behave like the first shader node tex image.
19:54:56 | INFO: Primitives created: 1
19:54:56 | INFO: Extracting primitive: LOD0_BODY_Membrane
19:54:56 | INFO: Primitives created: 1
19:54:56 | INFO: Extracting primitive: LOD1_BODY_Carapace
19:54:56 | INFO: Primitives created: 1
19:54:56 | INFO: Extracting primitive: LOD1_BODY_Chitin
19:54:56 | INFO: Primitives created: 1
19:54:56 | INFO: Extracting primitive: LOD1_BODY_Membrane
19:54:56 | INFO: Primitives created: 1
19:54:56 | INFO: Extracting primitive: LOD2_BODY_Carapace
19:54:56 | INFO: Primitives created: 1
19:54:56 | INFO: Extracting primitive: LOD2_BODY_Chitin
19:54:56 | INFO: Primitives created: 1
19:54:56 | INFO: Extracting primitive: LOD2_BODY_Membrane
19:54:56 | INFO: Primitives created: 1
19:54:56 | INFO: Extracting primitive: LOD0_MOTION_MITE_MEMBRANE_PORT_Carapace
19:54:56 | INFO: Primitives created: 1
19:54:56 | INFO: Extracting primitive: LOD0_MOTION_MITE_MEMBRANE_PORT_Chitin
19:54:56 | INFO: Primitives created: 1
19:54:56 | INFO: Extracting primitive: LOD0_MOTION_MITE_MEMBRANE_PORT_Membrane
19:54:56 | INFO: Primitives created: 1
19:54:56 | INFO: Extracting primitive: LOD1_MOTION_MITE_MEMBRANE_PORT_Carapace
19:54:56 | INFO: Primitives created: 1
19:54:56 | INFO: Extracting primitive: LOD1_MOTION_MITE_MEMBRANE_PORT_Chitin
19:54:56 | INFO: Primitives created: 1
19:54:56 | INFO: Extracting primitive: LOD1_MOTION_MITE_MEMBRANE_PORT_Membrane
19:54:56 | INFO: Primitives created: 1
19:54:56 | INFO: Extracting primitive: LOD2_MOTION_MITE_MEMBRANE_PORT_Carapace
19:54:56 | INFO: Primitives created: 1
19:54:56 | INFO: Extracting primitive: LOD2_MOTION_MITE_MEMBRANE_PORT_Chitin
19:54:56 | INFO: Primitives created: 1
19:54:56 | INFO: Extracting primitive: LOD2_MOTION_MITE_MEMBRANE_PORT_Membrane
19:54:56 | INFO: Primitives created: 1
19:54:56 | INFO: Extracting primitive: LOD0_MOTION_MITE_MEMBRANE_STARBOARD_Carapace
19:54:56 | INFO: Primitives created: 1
19:54:56 | INFO: Extracting primitive: LOD0_MOTION_MITE_MEMBRANE_STARBOARD_Chitin
19:54:56 | INFO: Primitives created: 1
19:54:56 | INFO: Extracting primitive: LOD0_MOTION_MITE_MEMBRANE_STARBOARD_Membrane
19:54:56 | INFO: Primitives created: 1
19:54:56 | INFO: Extracting primitive: LOD1_MOTION_MITE_MEMBRANE_STARBOARD_Carapace
19:54:56 | INFO: Primitives created: 1
19:54:56 | INFO: Extracting primitive: LOD1_MOTION_MITE_MEMBRANE_STARBOARD_Chitin
19:54:56 | INFO: Primitives created: 1
19:54:56 | INFO: Extracting primitive: LOD1_MOTION_MITE_MEMBRANE_STARBOARD_Membrane
19:54:56 | INFO: Primitives created: 1
19:54:56 | INFO: Extracting primitive: LOD2_MOTION_MITE_MEMBRANE_STARBOARD_Carapace
19:54:56 | INFO: Primitives created: 1
19:54:56 | INFO: Extracting primitive: LOD2_MOTION_MITE_MEMBRANE_STARBOARD_Chitin
19:54:56 | INFO: Primitives created: 1
19:54:56 | INFO: Extracting primitive: LOD2_MOTION_MITE_MEMBRANE_STARBOARD_Membrane
19:54:56 | INFO: Primitives created: 1
19:54:56 | INFO: Finished glTF 2.0 export in 0.06281518936157227 s

Blender 4.3.2

Blender quit
