✔ reinforcement affordability: 0 finite lives, 0 available seats (101.33302ms)
✔ reinforcement affordability: 0 finite lives, 1 available seats (10.396527ms)
✔ reinforcement affordability: 0 finite lives, 2 available seats (6.978048ms)
✔ reinforcement affordability: 0 finite lives, 3 available seats (6.369273ms)
✔ reinforcement affordability: 0 finite lives, 4 available seats (7.347984ms)
✔ reinforcement affordability: 1 finite lives, 0 available seats (12.237433ms)
✔ reinforcement affordability: 1 finite lives, 1 available seats (8.488338ms)
✔ reinforcement affordability: 1 finite lives, 2 available seats (7.069666ms)
✔ reinforcement affordability: 1 finite lives, 3 available seats (6.626609ms)
✔ reinforcement affordability: 1 finite lives, 4 available seats (6.16037ms)
✔ reinforcement affordability: 2 finite lives, 0 available seats (7.336527ms)
✔ reinforcement affordability: 2 finite lives, 1 available seats (6.038256ms)
✔ reinforcement affordability: 2 finite lives, 2 available seats (8.33718ms)
✔ reinforcement affordability: 2 finite lives, 3 available seats (6.736325ms)
✔ reinforcement affordability: 2 finite lives, 4 available seats (6.096674ms)
✔ reinforcement affordability: 3 finite lives, 0 available seats (6.358707ms)
✔ reinforcement affordability: 3 finite lives, 1 available seats (5.667388ms)
✔ reinforcement affordability: 3 finite lives, 2 available seats (6.149994ms)
✔ reinforcement affordability: 3 finite lives, 3 available seats (18.10993ms)
✔ reinforcement affordability: 3 finite lives, 4 available seats (14.562769ms)
✔ reinforcement affordability: 4 finite lives, 0 available seats (7.494805ms)
✔ reinforcement affordability: 4 finite lives, 1 available seats (7.300953ms)
✔ reinforcement affordability: 4 finite lives, 2 available seats (6.430946ms)
✔ reinforcement affordability: 4 finite lives, 3 available seats (23.909045ms)
✔ reinforcement affordability: 4 finite lives, 4 available seats (15.679727ms)
✔ reinforcement affordability: 5 finite lives, 0 available seats (11.432273ms)
✔ reinforcement affordability: 5 finite lives, 1 available seats (7.570629ms)
✔ reinforcement affordability: 5 finite lives, 2 available seats (6.655714ms)
✔ reinforcement affordability: 5 finite lives, 3 available seats (15.981119ms)
✔ reinforcement affordability: 5 finite lives, 4 available seats (15.349652ms)
✔ authored wave17 debut retains its four-life obligation with 0 available seats (11.118121ms)
✔ authored wave17 debut retains its four-life obligation with 1 available seats (12.06935ms)
✔ authored wave17 debut retains its four-life obligation with 2 available seats (11.291631ms)
✔ authored wave17 debut retains its four-life obligation with 3 available seats (10.470768ms)
✔ authored wave17 debut retains its four-life obligation with 4 available seats (11.820406ms)
Combat doctrine unit checks OK
✔ test/combat-doctrines.test.mjs (1122.687807ms)
✔ every unlock wave stages exactly one debut package for its newcomer (5.318753ms)
✔ the opening burst never pre-empts the debut: no group fields the newcomer early (1.258332ms)
✔ the debut gate is its own bearing, distinct from the opening groups (0.40529ms)
✔ the debut seat comes out of the opening burst — the pressure math does not grow (1.324932ms)
✔ the debut flag rides the schedule so materialization can protect it (0.394483ms)
✔ non-debut waves never carry a debut package (1.374516ms)
✔ the stream still fields the newcomer normally on debut wave and after (29.489292ms)
✔ debut composes with build pressure without either eating the other (1.193453ms)
✔ debut is deterministic: same seed, same plan (2.04935ms)
✔ the stream cannot field the newcomer while its debut is owed, and a hold cannot drop it (23.159358ms)
✔ Splitter roster admission leaves authored acts and champion recipes valid through their full cycle (18.441738ms)
ℹ tests 47
ℹ suites 0
ℹ pass 47
ℹ fail 0
ℹ cancelled 0
ℹ skipped 0
ℹ todo 0
ℹ duration_ms 1797.463133
