
> spaceface@0.1.0 probe:smooth-flight:crucible
> node scripts/probe-smooth-flight.mjs --crucible

  fat event payloads:
    bufferFullUpload@238.sourceData 0 KB
    bufferFullUpload@238.sourceData 0 KB
    bufferFullUpload@238.sourceData 6 KB
    bufferFullUpload@238.sourceData 6 KB
    bufferFullUpload@238.sourceData 4 KB
    bufferFullUpload@238.sourceData 7 KB
    bufferFullUpload@238.sourceData 7 KB
    bufferFullUpload@238.sourceData 5 KB
    bufferFullUpload@238.sourceData 7 KB
    bufferFullUpload@238.sourceData 7 KB
    bufferFullUpload@238.sourceData 5 KB
    bufferFullUpload@239.sourceData 1 KB
    bufferFullUpload@239.sourceData 1 KB
    bufferFullUpload@239.sourceData 0 KB
    bufferFullUpload@239.sourceData 0 KB
    bufferFullUpload@239.sourceData 0 KB
    bufferFullUpload@239.sourceData 0 KB
    bufferFullUpload@239.sourceData 0 KB
    bufferFullUpload@239.sourceData 0 KB
    bufferFullUpload@239.sourceData 4 KB

SMOOTH-FLIGHT WITNESS
  GPU                         ANGLE (Google, Vulkan 1.3.0 (SwiftShader Device (Subzero) (0x0000C0DE)), SwiftShader driver)
  whole-machine CPU busy      69 % of 8 logical cores during the sample (the game alone is ~10-15 %)
  route                       CRUCIBLE swarm, seed 4242, default kit; at end: 9 other ships, 3 projectiles, 113 entities, 0 draw calls, 0k triangles
  launch to flight            13.3 s
  sample                      after 0 s of flight: 20 s, 180 frames, 10.2 fps mean
  frame time p50/p95/p99      83.4 / 150.0 / 233.4 ms; worst 983 ms
  frames over 33 / 50 / 100   180 (100.0 %) / 180 (100.0 %) / 39
  typical frame costs (ms)    callback 22.2  sim 10.5  present 11.6  render 7.2  vfx 1.4  ui 2.8  feel 0.1  admission 0.7
  before a LONG frame (ms)    callback 22.2  sim 10.5  present 11.6  render 7.2  vfx 1.4  ui 2.8  feel 0.1  admission 0.7
  long frames paid in JS      155 of 179 (the rest: GPU, compositor or GC outside the game's callback)
  worst freezes (ms): interval <- callback = sim + present(render, vfx, ui) ...
    #  68   983 <- callback   43  sim   10  present   33  (render 27, vfx 2, ui 5)  admission 6  — no wave event within 2s
    #  67   233 <- callback   25  sim    9  present   16  (render 11, vfx 2, ui 3)  admission 3  — 1.7s after run:waveMaterialized w1
    # 150   200 <- callback   23  sim   14  present    9  (render 7, vfx 1, ui 1)  admission 0  — no wave event within 2s
    #  57   167 <- callback   20  sim    6  present   14  (render 6, vfx 3, ui 5)  admission 0  — 0.4s after run:waveMaterialized w1
    #  71   150 <- callback   23  sim    9  present   14  (render 9, vfx 2, ui 4)  admission 4  — no wave event within 2s
    #   5   150 <- callback   22  sim   12  present   11  (render 6, vfx 2, ui 3)  admission 0  — no wave event within 2s
    #  45   150 <- callback   47  sim   33  present   13  (render 8, vfx 2, ui 4)  admission 0  — 0.0s before run:waveMaterialized w1
    #  55   150 <- callback   35  sim   23  present   12  (render 6, vfx 2, ui 4)  admission 0  — 0.1s after run:waveMaterialized w1
    #  60   150 <- callback   34  sim   16  present   18  (render 13, vfx 2, ui 3)  admission 0  — 0.8s after run:waveMaterialized w1
    #  77   150 <- callback   28  sim   14  present   13  (render 8, vfx 2, ui 3)  admission 20  — no wave event within 2s
  wave events (s into sample)   -13.4s run:wavePlanned w1   -13.4s run:waveMaterialized w1 [wasp_swarmer×5]   -13.4s run:waveStarted w1   -0.9s run:waveMaterialized w1 [wasp_swarmer×5]   +8.7s run:waveMaterialized w1 [wasp_swarmer×1]   +9.6s run:waveMaterialized w1 [wasp_swarmer×1]
  wave arrival in window      COVERED — a wave materialized inside the sample; the link count below is about a real spawn
  program links / buffer uploads shaderLinks +11, bufferFullUploads +522, bufferPartialUploads +19644
  link placement                0 frame(s) paid a draw-time link; 11 link(s) landed off-frame (async compile); novelty: 0 NOVEL, 0 RELINK, 0 unkeyed
  admissions queued at flight   pipelines 0, residency 0
  roster prewarm at flight      no exemplar roots mounted
  cook ledger                 opening.rockSurfaceLibrary 23ms resolved | opening.firstPresentAdmission 5ms resolved | opening.planWait 1095ms resolved | opening.plan 0ms skipped (reason=opening-plan-incomplete) | wait.prepareOpeningGpuResources 1125ms resolved
  boundary census at flight   authored×10 loading×50 awaiting-authored-admission×3
  non-terminal at start       ship_wasp(ship,loading->gone) ship_wasp(ship,loading->authored) ship_wasp(ship,loading->loading) ship_wasp(ship,loading->loading) station_helios(station,loading,never-req->authored) station_coalition(station,loading,never-req->loading) place_asteroid_seamed(asteroid,loading,never-req->loading) place_asteroid_rock_a(asteroid,loading,never-req->loading) 74(station,loading,never-req->loading) 75(station,loading,never-req->loading) 76(station,loading,never-req->loading) place_memorial_array(fx,loading,never-req->loading) place_debris_chunk(fx,loading,never-req->loading) place_cold_locker(fx,loading,never-req->loading) station_ceres(station,loading,never-req->loading) station_beltout(station,loading,never-req->loading) place_asteroid_rock_a(asteroid,loading,never-req->loading) place_asteroid_seamed(asteroid,loading,never-req->loading)
  program-key drift (old -> new):
    ship_wasp
      - (no program at start)
      + physical,STANDARD,,highp,srgb-linear,306,1024,false,false,false,false,false,false,false,false,false,false,false,false,false,false,false,false,false,false,false, [NOT warmed — nearest Δ specularColorMapUv:false→ | specularIntensityMapUv:false→∅ | transmissionMapUv:false→∅ | thicknessMapUv:false→∅]
    ship_wasp
      - (no program at start)
      + basic,highp,srgb-linear,false,,false,false,false,false,false,false,false,false,false,false,false,false,false,false,false,false,false,false,false,false,false,fal [NOT warmed — nearest Δ transmissionMapUv:false→fal | thicknessMapUv:false→∅ | combine:0→∅ | fogExp2:true→∅]
    ship_wasp
      - (no program at start)
      + physical,STANDARD,,highp,srgb-linear,306,1024,uv,false,false,false,false,uv,false,false,uv,uv,false,false,false,false,false,false,false,false,false,false,false, [NOT warmed — nearest Δ normalMapUv:false→uv | transmissionMapUv:false→ | thicknessMapUv:false→∅ | fogExp2:true→∅]
    ship_wasp
      - (no program at start)
      + physical,STANDARD,,highp,srgb-linear,306,1024,uv,false,false,false,false,uv,false,false,uv,uv,false,false,false,false,false,false,false,false,false,false,false, [NOT warmed — nearest Δ normalMapUv:false→uv | transmissionMapUv:false→ | thicknessMapUv:false→∅ | fogExp2:true→∅]
    ship_wasp
      - (no program at start)
      + physical,STANDARD,,highp,srgb-linear,306,1024,uv,false,false,false,false,uv,false,false,uv,uv,false,false,false,false,false,false,false,false,false,false,false, [NOT warmed — nearest Δ normalMapUv:false→uv | transmissionMapUv:false→ | thicknessMapUv:false→∅ | fogExp2:true→∅]
    ship_wasp
      - (no program at start)
      + physical,STANDARD,,highp,srgb-linear,306,1024,uv,false,false,false,false,uv,false,false,uv,uv,false,false,false,false,false,false,false,false,false,false,false, [NOT warmed — nearest Δ normalMapUv:false→uv | transmissionMapUv:false→ | thicknessMapUv:false→∅ | fogExp2:true→∅]
    ship_wasp
      - (no program at start)
      + physical,STANDARD,,highp,srgb-linear,306,1024,uv,false,false,uv,false,uv,false,false,uv,uv,false,false,false,false,false,false,false,false,false,false,false,fal [NOT warmed — nearest Δ aoMapUv:false→uv | normalMapUv:false→uv | transmissionMapUv:false→fal | thicknessMapUv:false→∅]
    ship_wasp
      - (no program at start)
      + physical,STANDARD,,highp,srgb-linear,306,1024,uv,false,false,uv,false,uv,false,false,uv,uv,false,false,false,false,false,false,false,false,false,false,false,fal [NOT warmed — nearest Δ aoMapUv:false→uv | normalMapUv:false→uv | transmissionMapUv:false→fal | thicknessMapUv:false→∅]
    ship_wasp
      - (no program at start)
      + physical,STANDARD,,PHYSICAL,,highp,srgb-linear,306,1024,uv,false,false,uv,false,uv,false,false,uv,uv,false,false,false,false,false,false,false,false,false,false [NOT warmed — nearest Δ aoMapUv:false→uv | normalMapUv:false→uv | specularIntensityMapUv:false→∅ | transmissionMapUv:false→∅]
    ship_wasp
      - (no program at start)
      + physical,STANDARD,,highp,srgb-linear,306,1024,uv,false,false,uv,false,uv,false,false,uv,uv,false,false,false,false,false,false,false,false,false,false,false,fal [NOT warmed — nearest Δ aoMapUv:false→uv | normalMapUv:false→uv | transmissionMapUv:false→fal | thicknessMapUv:false→∅]
    ship_wasp
      - (no program at start)
      + physical,STANDARD,,highp,srgb-linear,306,1024,uv,false,false,uv,false,uv,false,false,uv,uv,false,false,false,false,false,false,false,false,false,false,false,fal [NOT warmed — nearest Δ aoMapUv:false→uv | normalMapUv:false→uv | transmissionMapUv:false→fal | thicknessMapUv:false→∅]
    ship_wasp
      - (no program at start)
      + physical,STANDARD,,highp,srgb-linear,306,1024,uv,false,false,false,false,uv,false,false,uv,uv,false,false,false,false,false,false,false,false,false,false,false, [NOT warmed — nearest Δ normalMapUv:false→uv | transmissionMapUv:false→ | thicknessMapUv:false→∅ | fogExp2:true→∅]
    ship_wasp
      - (no program at start)
      + physical,STANDARD,,highp,srgb-linear,306,1024,uv,false,false,uv,false,uv,false,false,uv,uv,false,false,false,false,false,false,false,false,false,false,false,fal [NOT warmed — nearest Δ aoMapUv:false→uv | normalMapUv:false→uv | transmissionMapUv:false→fal | thicknessMapUv:false→∅]
    ship_wasp
      - (no program at start)
      + physical,STANDARD,,PHYSICAL,,highp,srgb-linear,306,1024,uv,false,false,uv,false,uv,false,false,uv,uv,false,false,false,false,false,false,false,false,false,false [NOT warmed — nearest Δ aoMapUv:false→uv | normalMapUv:false→uv | specularIntensityMapUv:false→∅ | transmissionMapUv:false→∅]
  mesh builds in sample:
    +10.9s  build pickup:311
    +10.9s  build wreck:355
    +14.8s  build asteroid:ast_common_rock
    +14.8s  build asteroid:ast_common_rock
    +14.8s  build asteroid:ast_common_rock
    +14.8s  build asteroid:ast_common_rock
    +14.8s  build asteroid:ast_common_rock
    +14.8s  build asteroid:ast_common_rock
    +14.8s  build asteroid:ast_common_rock
    +21.3s  build asteroid:ast_common_rock
    +21.3s  build asteroid:ast_common_rock
    +21.3s  build asteroid:ast_common_rock
    +21.3s  build asteroid:ast_common_rock
    +21.3s  build asteroid:ast_common_rock
    +21.3s  build asteroid:ast_common_rock
    +21.3s  build asteroid:ast_common_rock
    +21.3s  build asteroid:ast_common_rock
  buffer uploads in sample:
    +10s  ×1    bufferData 144B  via res:Mesh  <- Mesh.uv
    +10s  ×1    bufferData 96B  via res:Mesh  <- Mesh.index
    +10s  ×1    bufferData 6480B  via res:Mesh,sf-static-merge  <- Mesh.position
    +10s  ×1    bufferData 6480B  via res:Mesh,sf-static-merge  <- Mesh.normal
    +10s  ×1    bufferData 4320B  via res:Mesh,sf-static-merge  <- Mesh.uv
    +10s  ×2    bufferData 7560B  via res:Mesh,sf-static-merge  <- sf-static-merge.normal
    +10s  ×2    bufferData 7560B  via res:Mesh,sf-static-merge  <- sf-static-merge.position
    +10s  ×2    bufferData 5040B  via res:Mesh,sf-static-merge  <- sf-static-merge.uv
    +10s  ×1    bufferData 756B  via res:GLTFKit_Nav_Lights_port,GLTFKit_BoundsProxy  <- GLTFKit_Nav_Lights_port.position GLTFKit_Nav_Lights_starboard.position
    +10s  ×1    bufferData 756B  via res:GLTFKit_Nav_Lights_port,GLTFKit_BoundsProxy  <- GLTFKit_Nav_Lights_port.normal GLTFKit_Nav_Lights_starboard.normal
    +10s  ×1    bufferData 504B  via res:GLTFKit_Nav_Lights_port,GLTFKit_BoundsProxy  <- GLTFKit_Nav_Lights_port.uv GLTFKit_Nav_Lights_starboard.uv
    +10s  ×1    bufferData 288B  via res:GLTFKit_Nav_Lights_port,GLTFKit_BoundsProxy  <- GLTFKit_BoundsProxy.position
    +10s  ×1    bufferData 288B  via res:GLTFKit_Nav_Lights_port,GLTFKit_BoundsProxy  <- GLTFKit_BoundsProxy.normal
    +10s  ×1    bufferData 192B  via res:GLTFKit_Nav_Lights_port,GLTFKit_BoundsProxy  <- GLTFKit_BoundsProxy.uv
    +10s  ×1    bufferData 480B  via res:GLTFKit_Nav_Lights_port,GLTFKit_BoundsProxy  <- GLTFKit_Nav_Lights_port.index GLTFKit_Nav_Lights_starboard.index
    +10s  ×1    bufferData 72B  via res:GLTFKit_Nav_Lights_port,GLTFKit_BoundsProxy  <- GLTFKit_BoundsProxy.index
    +10s  ×1    bufferData 4096B  via res:GLTFKit_InstancePool_SF_WHOLESHIP_ASHLINE_DART_LOD0_Rema  <- GLTFKit_InstancePool_SF_WHOLESHIP_ASHLINE_DART_LOD0_Remaster_Material_BrushedMet
    +10s  ×2    bufferData 4096B  via res:GLTFKit_InstancePool_SF_WHOLESHIP_ASHLINE_DART_LOD0_Rema  <- GLTFKit_InstancePool_SF_WHOLESHIP_ASHLINE_DART_LOD0_Remaster_Material_Mechanical
    +10s  ×1    bufferData 4096B  via res:GLTFKit_InstancePool_SF_WHOLESHIP_ASHLINE_DART_LOD0_Merg  <- GLTFKit_InstancePool_SF_WHOLESHIP_ASHLINE_DART_LOD0_Merged_Material_Cyan_0.insta
    +10s  ×1    bufferData 4096B  via res:GLTFKit_InstancePool_SF_WHOLESHIP_ASHLINE_DART_LOD0_Merg  <- GLTFKit_InstancePool_SF_WHOLESHIP_ASHLINE_DART_LOD0_Merged_Material_Hull_0.insta
    +10s  ×1    bufferData 4096B  via res:GLTFKit_InstancePool_SF_WHOLESHIP_ASHLINE_DART_LOD0_Merg  <- GLTFKit_InstancePool_SF_WHOLESHIP_ASHLINE_DART_LOD0_Merged_Material_Mechanical_0
    +10s  ×1    bufferData 4096B  via res:GLTFKit_InstancePool_SF_WHOLESHIP_ASHLINE_DART_LOD0_Merg  <- GLTFKit_InstancePool_SF_WHOLESHIP_ASHLINE_DART_LOD0_Merged_Material_Warm_0.insta
    +10s  ×1    bufferData 4096B  via res:GLTFKit_InstancePool_SF_WHOLESHIP_ASHLINE_DART_LOD1_Merg  <- GLTFKit_InstancePool_SF_WHOLESHIP_ASHLINE_DART_LOD1_Merged_Material_Cyan_0.insta
    +10s  ×1    bufferData 4096B  via res:GLTFKit_InstancePool_SF_WHOLESHIP_ASHLINE_DART_LOD1_Merg  <- GLTFKit_InstancePool_SF_WHOLESHIP_ASHLINE_DART_LOD1_Merged_Material_Hull_0.insta
  SHIP LOST ITS PLACE         0 presents redrew an already-drawn moment (must be 0)
  hitch callbacks             50 of 210 (world resumed two ticks on)
  frames that shed sim time   142
  game speed vs real time     48.0 % (hit-stop and hitches are the only things allowed to lower it)
  OS says reduce motion       false
  game motion setting         full -> effects FULL
  rock batches                1/6  2/13  1/9  2/8  1/7
  player speed at end         134 WU/s
  console errors              4
    [log] [render] GPU: %s | tier: %s | pixelRatio: %s | buffer: %dx%d ANGLE (Google, Vulkan 1.3.0 (SwiftShader Device (Subzero) (0x0000C0DE)), SwiftShader driver) software 1.00 1600 900
    [warning] THREE.WebGLRenderer: KHR_parallel_shader_compile extension not supported.
    [error] Failed to load resource: the server responded with a status of 404 (Not Found) (http://127.0.0.1:36121/__spaceface_player_store)
    [warning] [GPU brick] bloomScene 467.1ms {"owners":[{"object":"Parallax_FarDust_Instances","material":"MeshStandardMaterial","root":"Parallax_FarDust","key":"physical,STANDARD,,highp,srgb-linear,306,1024,uv,false,false,uv,false,uv,false,false,uv,uv,false,false,false,false,false,false,false,false,false,false,f

