[duel-audit] wasp_swarmer 1v1 seed:4242...
[duel-audit]   wing_dead 4.92s ttk=4.93 meanDist=227.66 inFrame=0.849765
[duel-audit] wasp_swarmer 1v1 seed:8008...
[duel-audit]   wing_dead 5.22s ttk=5.23 meanDist=211.1 inFrame=0.87013
[duel-audit] wasp_swarmer 1v1 seed:13502...
[duel-audit]   wing_dead 4.9s ttk=4.92 meanDist=213.38 inFrame=0.858491
[duel-audit] wasp_swarmer 2v2 seed:4242...
[duel-audit]   tick_cap 60s ttk=60 meanDist=119.91 inFrame=0.997375
[duel-audit] wasp_swarmer 2v2 seed:8008...
[duel-audit]   wing_dead 7.08s ttk=7.1 meanDist=165.76 inFrame=0.97235
[duel-audit] wasp_swarmer 2v2 seed:13502...
[duel-audit]   tick_cap 60s ttk=60 meanDist=120.78 inFrame=1
[duel-audit] lancer_sniper 1v1 seed:4242...
[duel-audit]   wing_dead 9.25s ttk=9.27 meanDist=202.97 inFrame=0.854545
[duel-audit] lancer_sniper 1v1 seed:8008...
[duel-audit]   wing_dead 8.88s ttk=8.9 meanDist=200.51 inFrame=0.818878
[duel-audit] lancer_sniper 1v1 seed:13502...
[duel-audit]   wing_dead 8.85s ttk=8.87 meanDist=202.7 inFrame=0.805627
[duel-audit] lancer_sniper 2v2 seed:4242...
[duel-audit]   tick_cap 60s ttk=60 meanDist=118.04 inFrame=0.805214
[duel-audit] lancer_sniper 2v2 seed:8008...
[duel-audit]   wing_dead 18.95s ttk=18.97 meanDist=154.16 inFrame=0.972452
[duel-audit] lancer_sniper 2v2 seed:13502...
[duel-audit]   wing_dead 15.78s ttk=15.8 meanDist=165.34 inFrame=0.97076
[duel-audit] bruiser_brawler 1v1 seed:4242...
[duel-audit]   wing_dead 37.88s ttk=37.9 meanDist=108.71 inFrame=0.969559
[duel-audit] bruiser_brawler 1v1 seed:8008...
[duel-audit]   wing_dead 38.57s ttk=38.58 meanDist=114.01 inFrame=0.970143
[duel-audit] bruiser_brawler 1v1 seed:13502...
[duel-audit]   wing_dead 38.88s ttk=38.9 meanDist=105.42 inFrame=0.970367
[duel-audit] bruiser_brawler 2v2 seed:4242...
[duel-audit]   tick_cap 60s ttk=60 meanDist=170.86 inFrame=0.57475
[duel-audit] bruiser_brawler 2v2 seed:8008...
[duel-audit]   tick_cap 60s ttk=60 meanDist=130.62 inFrame=0.798206
[duel-audit] bruiser_brawler 2v2 seed:13502...
[duel-audit]   tick_cap 60s ttk=60 meanDist=138.63 inFrame=0.760495
[duel-audit] reaver_pirate 1v1 seed:4242...
[duel-audit]   wing_dead 13.55s ttk=13.57 meanDist=148.92 inFrame=0.940934
[duel-audit] reaver_pirate 1v1 seed:8008...
[duel-audit]   wing_dead 13.62s ttk=13.63 meanDist=128.92 inFrame=0.939808
[duel-audit] reaver_pirate 1v1 seed:13502...
[duel-audit]   wing_dead 13.27s ttk=13.28 meanDist=128.5 inFrame=0.938375
[duel-audit] reaver_pirate 2v2 seed:4242...
[duel-audit]   wing_dead 19.65s ttk=19.67 meanDist=156.03 inFrame=0.975779
[duel-audit] reaver_pirate 2v2 seed:8008...
[duel-audit]   tick_cap 60s ttk=60 meanDist=114.73 inFrame=0.702434
[duel-audit] reaver_pirate 2v2 seed:13502...
[duel-audit]   wing_dead 26.25s ttk=26.27 meanDist=173.15 inFrame=0.615812
[duel-audit] corsair_raider 1v1 seed:4242...
[duel-audit]   wing_dead 26.37s ttk=26.38 meanDist=129.13 inFrame=0.972612
[duel-audit] corsair_raider 1v1 seed:8008...
[duel-audit]   wing_dead 26.65s ttk=26.67 meanDist=130.04 inFrame=0.972937
[duel-audit] corsair_raider 1v1 seed:13502...
[duel-audit]   wing_dead 26.32s ttk=26.33 meanDist=125.65 inFrame=0.972446
[duel-audit] corsair_raider 2v2 seed:4242...
[duel-audit]   wing_dead 44.27s ttk=44.28 meanDist=195.75 inFrame=0.768379
[duel-audit] corsair_raider 2v2 seed:8008...
[duel-audit]   tick_cap 60s ttk=60 meanDist=131.72 inFrame=0.837903
[duel-audit] corsair_raider 2v2 seed:13502...
[duel-audit]   tick_cap 60s ttk=60 meanDist=3847.08 inFrame=0.853583
[duel-audit] patrol_lawman 1v1 seed:4242...
[duel-audit]   wing_dead 27.87s ttk=27.88 meanDist=113.08 inFrame=0.985834
[duel-audit] patrol_lawman 1v1 seed:8008...
[duel-audit]   wing_dead 27.12s ttk=27.13 meanDist=120.22 inFrame=0.985411
[duel-audit] patrol_lawman 1v1 seed:13502...
[duel-audit]   wing_dead 26.98s ttk=27 meanDist=123.3 inFrame=0.985333
[duel-audit] patrol_lawman 2v2 seed:4242...
[duel-audit]   tick_cap 60s ttk=60 meanDist=401.59 inFrame=0.712891
[duel-audit] patrol_lawman 2v2 seed:8008...
[duel-audit]   tick_cap 60s ttk=60 meanDist=912.43 inFrame=0.854713
[duel-audit] patrol_lawman 2v2 seed:13502...
[duel-audit]   tick_cap 60s ttk=60 meanDist=504.36 inFrame=0.944869
[duel-audit] customs_cutter 1v1 seed:4242...
[duel-audit]   wing_dead 18.7s ttk=18.72 meanDist=126.52 inFrame=0.978066
[duel-audit] customs_cutter 1v1 seed:8008...
[duel-audit]   wing_dead 18.53s ttk=18.55 meanDist=115.68 inFrame=0.977845
[duel-audit] customs_cutter 1v1 seed:13502...
[duel-audit]   wing_dead 18.43s ttk=18.45 meanDist=131.73 inFrame=0.97771
[duel-audit] customs_cutter 2v2 seed:4242...
[duel-audit]   wing_dead 30.72s ttk=30.73 meanDist=169.25 inFrame=0.940694
[duel-audit] customs_cutter 2v2 seed:8008...
[duel-audit]   tick_cap 60s ttk=60 meanDist=158.76 inFrame=0.78172
[duel-audit] customs_cutter 2v2 seed:13502...
[duel-audit]   tick_cap 60s ttk=60 meanDist=158.72 inFrame=0.887504
[duel-audit] mine_layer_jackal 1v1 seed:4242...
[duel-audit]   wing_dead 13.27s ttk=13.28 meanDist=149.5 inFrame=0.954074
[duel-audit] mine_layer_jackal 1v1 seed:8008...
[duel-audit]   wing_dead 13.42s ttk=13.43 meanDist=150.16 inFrame=0.954479
[duel-audit] mine_layer_jackal 1v1 seed:13502...
[duel-audit]   wing_dead 13.02s ttk=13.03 meanDist=152.69 inFrame=0.95303
[duel-audit] mine_layer_jackal 2v2 seed:4242...
[duel-audit]   wing_dead 38.62s ttk=38.63 meanDist=160.36 inFrame=0.83609
[duel-audit] mine_layer_jackal 2v2 seed:8008...
[duel-audit]   wing_dead 35.85s ttk=35.87 meanDist=122.89 inFrame=0.724834
[duel-audit] mine_layer_jackal 2v2 seed:13502...
[duel-audit]   tick_cap 60s ttk=60 meanDist=1473.96 inFrame=0.65003
[duel-audit] pd_screen_escort 1v1 seed:4242...
[duel-audit]   wing_dead 27.9s ttk=27.92 meanDist=125.07 inFrame=0.984343
[duel-audit] pd_screen_escort 1v1 seed:8008...
[duel-audit]   wing_dead 28.18s ttk=28.2 meanDist=127.98 inFrame=0.987179
[duel-audit] pd_screen_escort 1v1 seed:13502...
[duel-audit]   wing_dead 27.33s ttk=27.35 meanDist=123.1 inFrame=0.986851
[duel-audit] pd_screen_escort 2v2 seed:4242...
[duel-audit]   tick_cap 60s ttk=60 meanDist=108.71 inFrame=0.549727
[duel-audit] pd_screen_escort 2v2 seed:8008...
[duel-audit]   wing_dead 29.48s ttk=29.5 meanDist=272.14 inFrame=0.971358
[duel-audit] pd_screen_escort 2v2 seed:13502...
[duel-audit]   tick_cap 60s ttk=60 meanDist=1495.89 inFrame=0.469733
[duel-audit] choir_zealot 1v1 seed:4242...
[duel-audit]   wing_dead 8.52s ttk=8.53 meanDist=147.49 inFrame=0.923077
[duel-audit] choir_zealot 1v1 seed:8008...
[duel-audit]   wing_dead 8.9s ttk=8.92 meanDist=152.68 inFrame=0.933628
[duel-audit] choir_zealot 1v1 seed:13502...
[duel-audit]   wing_dead 8.77s ttk=8.78 meanDist=153.33 inFrame=0.932432
[duel-audit] choir_zealot 2v2 seed:4242...
[duel-audit]   tick_cap 60s ttk=60 meanDist=115.09 inFrame=0.462128
[duel-audit] choir_zealot 2v2 seed:8008...
[duel-audit]   tick_cap 60s ttk=60 meanDist=3070.51 inFrame=1
[duel-audit] choir_zealot 2v2 seed:13502...
[duel-audit]   tick_cap 60s ttk=60 meanDist=114.33 inFrame=0.454924
[duel-audit] quiet_ghost 1v1 seed:4242...
[duel-audit]   wing_dead 13.48s ttk=13.5 meanDist=170.91 inFrame=0.908546
[duel-audit] quiet_ghost 1v1 seed:8008...
[duel-audit]   wing_dead 13.73s ttk=13.75 meanDist=177.8 inFrame=0.86217
[duel-audit] quiet_ghost 1v1 seed:13502...
[duel-audit]   wing_dead 13.32s ttk=13.33 meanDist=164.51 inFrame=0.882979
[duel-audit] quiet_ghost 2v2 seed:4242...
[duel-audit]   tick_cap 60s ttk=60 meanDist=136.69 inFrame=0.973611
[duel-audit] quiet_ghost 2v2 seed:8008...
[duel-audit]   tick_cap 60s ttk=60 meanDist=131.01 inFrame=0.838243
[duel-audit] quiet_ghost 2v2 seed:13502...
[duel-audit]   tick_cap 60s ttk=60 meanDist=2180.05 inFrame=0.964148
[duel-audit] tether_control_raider 1v1 seed:4242...
[duel-audit]   wing_dead 28.62s ttk=28.63 meanDist=87.17 inFrame=0.989987
[duel-audit] tether_control_raider 1v1 seed:8008...
[duel-audit]   wing_dead 33.75s ttk=33.77 meanDist=83.93 inFrame=0.991583
[duel-audit] tether_control_raider 1v1 seed:13502...
[duel-audit]   wing_dead 29.58s ttk=29.6 meanDist=69.57 inFrame=0.989709
[duel-audit] tether_control_raider 2v2 seed:4242...
[duel-audit]   tick_cap 60s ttk=60 meanDist=893.12 inFrame=0.695924
[duel-audit] tether_control_raider 2v2 seed:8008...
ReferenceError: collisionVictims is not defined
    at ingestDuelEvent (file:///C:/Users/93rob/Documents/GitHub/SpaceFace/scripts/lib/bench/crucibleBench.mjs:3149:10)
    at simulateCrucibleDuel (file:///C:/Users/93rob/Documents/GitHub/SpaceFace/scripts/lib/bench/crucibleBench.mjs:2940:35)
    at async runCrucibleDuelAudit (file:///C:/Users/93rob/Documents/GitHub/SpaceFace/scripts/lib/bench/crucibleBench.mjs:3180:26)
