[duel-audit] tether_control_raider 1v1 seed:4242...
[duel-audit]   wing_dead 28.62s ttk=28.63 meanDist=87.17 inFrame=0.989987
[duel-audit] tether_control_raider 1v1 seed:8008...
[duel-audit]   wing_dead 33.75s ttk=33.77 meanDist=83.93 inFrame=0.991583
[duel-audit] tether_control_raider 1v1 seed:13502...
[duel-audit]   wing_dead 29.58s ttk=29.6 meanDist=69.57 inFrame=0.989709
[duel-audit] tether_control_raider 2v2 seed:4242...
[duel-audit]   tick_cap 60s ttk=60 meanDist=131.29 inFrame=0.681234
[duel-audit] tether_control_raider 2v2 seed:8008...
[duel-audit]   tick_cap 60s ttk=60 meanDist=103.62 inFrame=0.593277
[duel-audit] tether_control_raider 2v2 seed:13502...
[duel-audit]   tick_cap 60s ttk=60 meanDist=138.24 inFrame=0.786223
[duel-audit] warden_escort 1v1 seed:4242...
[duel-audit]   wing_dead 56s ttk=56.02 meanDist=114.7 inFrame=0.982525
[duel-audit] warden_escort 1v1 seed:8008...
[duel-audit]   wing_dead 55.88s ttk=55.9 meanDist=112.68 inFrame=0.983855
[duel-audit] warden_escort 1v1 seed:13502...
[duel-audit]   wing_dead 55.52s ttk=55.53 meanDist=117.43 inFrame=0.982253
[duel-audit] warden_escort 2v2 seed:4242...
[duel-audit]   tick_cap 60s ttk=60 meanDist=199.84 inFrame=0.935637
[duel-audit] warden_escort 2v2 seed:8008...
[duel-audit]   wing_dead 56.03s ttk=56.05 meanDist=114.65 inFrame=0.875142
[duel-audit] warden_escort 2v2 seed:13502...
[duel-audit]   wing_dead 54.83s ttk=54.85 meanDist=112.31 inFrame=0.770624
[duel-audit] field_anchor_controller 1v1 seed:4242...
[duel-audit]   tick_cap 60s ttk=null meanDist=116.61 inFrame=0.9723
[duel-audit] field_anchor_controller 1v1 seed:8008...
[duel-audit]   tick_cap 60s ttk=null meanDist=127.46 inFrame=0.97466
[duel-audit] field_anchor_controller 1v1 seed:13502...
[duel-audit]   tick_cap 60s ttk=null meanDist=118.74 inFrame=0.975627
[duel-audit] field_anchor_controller 2v2 seed:4242...
[duel-audit]   tick_cap 60s ttk=60 meanDist=119.21 inFrame=0.990752
[duel-audit] field_anchor_controller 2v2 seed:8008...
[duel-audit]   wing_dead 58.85s ttk=58.87 meanDist=140.95 inFrame=0.960359
[duel-audit] field_anchor_controller 2v2 seed:13502...
[duel-audit]   tick_cap 60s ttk=null meanDist=123.41 inFrame=0.804472
[duel-audit] dreadnought_boss 1v1 seed:4242...
[duel-audit]   player_dead 25.3s ttk=25.3 meanDist=124.23 inFrame=0.950515
[duel-audit] dreadnought_boss 1v1 seed:8008...
[duel-audit]   player_dead 25.17s ttk=25.17 meanDist=113.31 inFrame=0.950242
[duel-audit] dreadnought_boss 1v1 seed:13502...
[duel-audit]   player_dead 10.47s ttk=10.47 meanDist=117.33 inFrame=0.872566
[duel-audit] dreadnought_boss 2v2 seed:4242...
[duel-audit]   player_dead 12.98s ttk=12.98 meanDist=97.46 inFrame=0.974955
[duel-audit] dreadnought_boss 2v2 seed:8008...
[duel-audit]   tick_cap 60s ttk=60 meanDist=116.19 inFrame=0.989182
[duel-audit] dreadnought_boss 2v2 seed:13502...
[duel-audit]   tick_cap 60s ttk=60 meanDist=116.92 inFrame=0.848841

[duel-audit] 24 scripted duels, 8 cells

| cell | ttk s | meanDist | minDist | passes/min | fire/min | dmg taken | counterplay | in-frame |
|---|---|---|---|---|---|---|---|---|
| tether_control_raider:1v1 | 29.6 | 83.93 | 0.14 | 0 | 0 | 0 | attach+cut_line (24) | 0.99 |
| tether_control_raider:2v2 | 60 | 131.29 | 8.41 | 3 | 0 | 12.33 | attach+cut_line (22) | 0.68 |
| warden_escort:1v1 | 55.9 | 114.7 | 21.94 | 0 | 37.83 | 32.33 | — (0) | 0.98 |
| warden_escort:2v2 | 56.05 | 114.65 | 7.71 | 0 | 141.34 | 39.71 | — (0) | 0.88 |
| field_anchor_controller:1v1 | — | 118.74 | 23.65 | 0 | 13 | 0 | snare_field (30) | 0.97 |
| field_anchor_controller:2v2 | 59.44 | 123.41 | 6.55 | 1 | 87 | 16.41 | snare_field (26) | 0.96 |
| dreadnought_boss:1v1 | 25.17 | 117.33 | 26.39 | 0 | 572.19 | 378.14 | — (0) | 0.95 |
| dreadnought_boss:2v2 | 60 | 116.19 | 7.28 | 0 | 588 | 36.98 | — (0) | 0.97 |

SAME-FIGHT pairs (1/12) — differing dimensions <= 2:
  warden_escort:2v2  ==  dreadnought_boss:2v2   [fire_pressure, telegraph_vocabulary]

counterplay behaviors that fired: attach:46, cut_line:46, snare_field:56
