C:\Users\93rob\Documents\GitHub\SpaceFace\tools\blender\build_m4_helios_hub_v8.py:978: DeprecationWarning: 'World.use_nodes' is expected to be removed in Blender 6.0
  if world and world.use_nodes:
Traceback (most recent call last):
  File "C:\Users\93rob\Documents\GitHub\SpaceFace\tools\blender\build_m4_helios_hub_v8.py", line 1344, in <module>
    code = base.main()
  File "C:\Users\93rob\Documents\GitHub\SpaceFace\tools\blender\build_m4_helios_hub_v3.py", line 3845, in main
    (family_dirs['evidence'] / 'source_candidate_hashes.json').write_text(
    ~~~~~~~~~~~~~~~~~~~~~~~~~~~~~~~~~~~~~~~~~~~~~~~~~~~~~~~~~~~~~~~~~~~~~^
        json.dumps(hash_report, indent=2), encoding='utf-8',
        ^^^^^^^^^^^^^^^^^^^^^^^^^^^^^^^^^^^^^^^^^^^^^^^^^^^^
    )
    ^
  File "C:\Program Files\Blender Foundation\Blender 5.1\5.1\python\Lib\pathlib\_local.py", line 555, in write_text
    return PathBase.write_text(self, data, encoding, errors, newline)
           ~~~~~~~~~~~~~~~~~~~^^^^^^^^^^^^^^^^^^^^^^^^^^^^^^^^^^^^^^^
  File "C:\Program Files\Blender Foundation\Blender 5.1\5.1\python\Lib\pathlib\_abc.py", line 651, in write_text
    with self.open(mode='w', encoding=encoding, errors=errors, newline=newline) as f:
         ~~~~~~~~~^^^^^^^^^^^^^^^^^^^^^^^^^^^^^^^^^^^^^^^^^^^^^^^^^^^^^^^^^^^^^
  File "C:\Program Files\Blender Foundation\Blender 5.1\5.1\python\Lib\pathlib\_local.py", line 537, in open
    return io.open(self, mode, buffering, encoding, errors, newline)
           ~~~~~~~^^^^^^^^^^^^^^^^^^^^^^^^^^^^^^^^^^^^^^^^^^^^^^^^^^
OSError: [Errno 22] Invalid argument: 'C:\\Users\\93rob\\Documents\\GitHub\\SpaceFace\\assets\\ships\\m4_helios_hub_v8\\evidence\\source_candidate_hashes.json'
