Reloading external rigs...
Reloading external metarigs...
[m4-helios-hub-v3] WARN existing authoring lock — taking over: {
  "scope": "assets/ships/m4_helios_hub_v8/** only",
  "pid": 1968,
  "phase": "repair1_hub_gate_build",
  "heartbeatAt": "2026-07-14T02:09:26.4336073Z",
  "packet": "M4-HELIOS-V8-NEW-FOUNDATION-GROK
[m4-helios-hub-v3] Acquired authoring lock → C:\Users\93rob\Documents\GitHub\SpaceFace\assets\ships\m4_helios_hub_v8\authoring.__lock
[m4-helios-hub-v3] Packet M4-HELIOS-V8-NEW-FOUNDATION-GROK-001 — Helios hub V3 professional rebuild (isolated)
[m4-helios-hub-v3] Vendor verify: accepted=11 diskCc0=11
[m4-helios-hub-v3] Vendor components accepted=11 diskCc0=11
[m4-helios-hub-v3] Generating 1024 textures: hull
[m4-helios-hub-v3] Generating 1024 textures: mechanical
[m4-helios-hub-v3] Generating 1024 textures: accent
[m4-helios-hub-v3] Generating 1024 textures: warm
[m4-helios-hub-v3] Generating 1024 textures: glass
[m4-helios-hub-v3] Generating 1024 textures: rock
[m4-helios-hub-v3] === Building helios_hub_station: Helios Hub Station ===
[m4-helios-hub-v3] V8 REPAIR1 hub — continuous macro donor body + framed docking anatomy
[m4-helios-hub-v3] Decimated V8 donor:Sci-Fi_Station_Interior pods: →9502 tris (cap 10329)
[m4-helios-hub-v3] Decimated V8 donor:Sci-Fi_Station_outer ring details: →2317 tris (cap 2326)
[m4-helios-hub-v3] WARN decimate stalled V8 donor:Sci-Fi_Station_base ring details: 4501→4484 target=2273
[m4-helios-hub-v3] WARN V8 donor:Sci-Fi_Station_base ring details still 4484 tris > cap 2273
[m4-helios-hub-v3] Decimated V8 donor:Sci-Fi_Station_outer ring pods: →795 tris (cap 865)
[m4-helios-hub-v3] WARN decimate stalled V8 donor:Sci-Fi_Station_lights: 1584→1584 target=176
[m4-helios-hub-v3] WARN V8 donor:Sci-Fi_Station_lights still 1584 tris > cap 176
[m4-helios-hub-v3] Decimated V8 donor:Sci-Fi_Station_outer ring: →58 tris (cap 64)
[m4-helios-hub-v3] Decimated V8 donor:Sci-Fi_Station_base ring: →58 tris (cap 64)
22:12:15 | INFO: Data are loaded, start creating Blender stuff
22:12:15 | INFO: Blender create Mesh node Mesh
22:12:15 | INFO: Blender create Mesh node Mesh.001
22:12:15 | INFO: Blender create Mesh node Mesh.002
22:12:15 | INFO: Blender create Mesh node Mesh.004
22:12:15 | INFO: Blender create Mesh node Mesh.005
22:12:15 | INFO: Blender create Mesh node Mesh.006
22:12:15 | INFO: Blender create Mesh node Mesh.007
22:12:15 | INFO: Blender create Mesh node Mesh.011
22:12:15 | INFO: glTF import finished in 0.13s
[m4-helios-hub-v3] Decimated kit:V8R_Kit_Pipes: →1472 tris (cap 1600)
22:12:15 | INFO: Data are loaded, start creating Blender stuff
22:12:15 | INFO: Blender create Mesh node Cube.016
22:12:16 | INFO: glTF import finished in 0.05s
[m4-helios-hub-v3] Decimated kit:V8R_Kit_Util: →920 tris (cap 1000)
22:12:16 | INFO: Data are loaded, start creating Blender stuff
22:12:16 | INFO: Blender create Mesh node Plane
22:12:16 | INFO: Blender create Mesh node Cube.002
22:12:16 | INFO: glTF import finished in 0.12s
[m4-helios-hub-v3] Decimated kit:V8R_Kit_Power: →920 tris (cap 1000)
22:12:16 | INFO: Data are loaded, start creating Blender stuff
22:12:16 | INFO: Blender create Mesh node exterior_aircon_unit
22:12:16 | INFO: Blender create Mesh node exterior_aircon_unit_rusted
22:12:16 | INFO: glTF import finished in 0.12s
[m4-helios-hub-v3] Decimated kit:V8R_Kit_Aircon: →1104 tris (cap 1200)
22:12:17 | INFO: Data are loaded, start creating Blender stuff
22:12:17 | INFO: Blender create Mesh node Mesh barrels
22:12:17 | INFO: Blender create Mesh node Mesh barrel
22:12:17 | INFO: glTF import finished in 0.05s
[m4-helios-hub-v3] Authored 100 parts; primary tris≈795
Info: Removed: 5491 vertices, 3362 edges, 0 faces
Info: Removed: 0 vertices, 0 edges, 0 faces
Info: Removed 0 vertices
Info: Removed: 0 vertices, 0 edges, 0 faces
Info: Removed: 0 vertices, 0 edges, 0 faces
Info: Removed 0 vertices
Info: Removed: 1946 vertices, 2307 edges, 0 faces
Info: Removed: 0 vertices, 0 edges, 0 faces
Info: Removed 0 vertices
Info: Removed: 0 vertices, 0 edges, 0 faces
Info: Removed: 0 vertices, 0 edges, 0 faces
Info: Removed 0 vertices
Info: Removed: 0 vertices, 0 edges, 0 faces
Info: Removed: 0 vertices, 0 edges, 0 faces
Info: Removed 0 vertices
Info: Removed: 0 vertices, 0 edges, 0 faces
Info: Removed: 0 vertices, 0 edges, 0 faces
Info: Removed 0 vertices
Info: Removed: 0 vertices, 0 edges, 0 faces
Info: Removed: 0 vertices, 0 edges, 0 faces
Info: Removed 0 vertices
Info: Removed: 0 vertices, 0 edges, 0 faces
Info: Removed: 0 vertices, 0 edges, 0 faces
Info: Removed 0 vertices
Info: Removed: 0 vertices, 0 edges, 0 faces
Info: Removed: 0 vertices, 0 edges, 0 faces
Info: Removed 0 vertices
Info: Removed: 0 vertices, 0 edges, 0 faces
Info: Removed: 0 vertices, 0 edges, 0 faces
Info: Removed 0 vertices
[m4-helios-hub-v3] helios_hub_station lod0: tris=28370 objects=5
[m4-helios-hub-v3] Decimated LOD1_Merged_Material_Hull: →6946 tris (cap 7552)
Info: Removed: 7005 vertices, 4202 edges, 0 faces
Info: Removed: 0 vertices, 0 edges, 0 faces
Info: Removed 0 vertices
Info: Removed: 0 vertices, 0 edges, 0 faces
Info: Removed: 0 vertices, 0 edges, 0 faces
Info: Removed 0 vertices
[m4-helios-hub-v3] WARN decimate stalled LOD1_Merged_Material_Mechanical: 6879→6875 target=4039
[m4-helios-hub-v3] WARN LOD1_Merged_Material_Mechanical still 6875 tris > cap 4039
Info: Removed: 1949 vertices, 2310 edges, 0 faces
Info: Removed: 0 vertices, 0 edges, 0 faces
Info: Removed 0 vertices
Info: Removed: 0 vertices, 0 edges, 0 faces
Info: Removed: 0 vertices, 0 edges, 0 faces
Info: Removed 0 vertices
Info: Removed: 0 vertices, 0 edges, 0 faces
Info: Removed: 0 vertices, 0 edges, 0 faces
Info: Removed 0 vertices
Info: Removed: 0 vertices, 0 edges, 0 faces
Info: Removed: 0 vertices, 0 edges, 0 faces
Info: Removed 0 vertices
Info: Removed: 0 vertices, 0 edges, 0 faces
Info: Removed: 0 vertices, 0 edges, 0 faces
Info: Removed 0 vertices
Info: Removed: 0 vertices, 0 edges, 0 faces
Info: Removed: 0 vertices, 0 edges, 0 faces
Info: Removed 0 vertices
[m4-helios-hub-v3] WARN decimate stalled LOD1_HOOK_EMISSIVE: 1600→1600 target=705
[m4-helios-hub-v3] WARN LOD1_HOOK_EMISSIVE still 1600 tris > cap 705
Info: Removed: 0 vertices, 0 edges, 0 faces
Info: Removed: 0 vertices, 0 edges, 0 faces
Info: Removed 0 vertices
Info: Removed: 0 vertices, 0 edges, 0 faces
Info: Removed: 0 vertices, 0 edges, 0 faces
Info: Removed 0 vertices
[m4-helios-hub-v3] helios_hub_station lod1: tris=14300 objects=5
[m4-helios-hub-v3] Decimated LOD2_Merged_Material_Hull: →1833 tris (cap 1994)
Info: Removed: 85 vertices, 89 edges, 0 faces
Info: Removed: 0 vertices, 0 edges, 0 faces
Info: Removed 0 vertices
Info: Removed: 0 vertices, 0 edges, 0 faces
Info: Removed: 0 vertices, 0 edges, 0 faces
Info: Removed 0 vertices
[m4-helios-hub-v3] Decimated LOD2_Merged_Material_Mechanical: →379 tris (cap 413)
Info: Removed: 0 vertices, 0 edges, 0 faces
Info: Removed: 0 vertices, 0 edges, 0 faces
Info: Removed 0 vertices
Info: Removed: 0 vertices, 0 edges, 0 faces
Info: Removed: 0 vertices, 0 edges, 0 faces
Info: Removed 0 vertices
Info: Removed: 0 vertices, 0 edges, 0 faces
Info: Removed: 0 vertices, 0 edges, 0 faces
Info: Removed 0 vertices
Info: Removed: 0 vertices, 0 edges, 0 faces
Info: Removed: 0 vertices, 0 edges, 0 faces
Info: Removed 0 vertices
[m4-helios-hub-v3] Decimated LOD2_Merged_Material_Warm: →44 tris (cap 48)
Info: Removed: 0 vertices, 0 edges, 0 faces
Info: Removed: 0 vertices, 0 edges, 0 faces
Info: Removed 0 vertices
Info: Removed: 0 vertices, 0 edges, 0 faces
Info: Removed: 0 vertices, 0 edges, 0 faces
Info: Removed 0 vertices
[m4-helios-hub-v3] Decimated LOD2_HOOK_EMISSIVE: →44 tris (cap 48)
Info: Removed: 0 vertices, 0 edges, 0 faces
Info: Removed: 0 vertices, 0 edges, 0 faces
Info: Removed 0 vertices
Info: Removed: 0 vertices, 0 edges, 0 faces
Info: Removed: 0 vertices, 0 edges, 0 faces
Info: Removed 0 vertices
[m4-helios-hub-v3] helios_hub_station lod2: tris=1622 objects=5
Info: Removed: 0 vertices, 0 edges, 0 faces
Info: Removed: 0 vertices, 0 edges, 0 faces
Info: Removed 0 vertices
Info: Removed: 0 vertices, 0 edges, 0 faces
Info: Removed: 0 vertices, 0 edges, 0 faces
Info: Removed 0 vertices
Info: Removed: 0 vertices, 0 edges, 0 faces
Info: Removed: 0 vertices, 0 edges, 0 faces
Info: Removed 0 vertices
Info: Removed: 0 vertices, 0 edges, 0 faces
Info: Removed: 0 vertices, 0 edges, 0 faces
Info: Removed 0 vertices
Info: Removed: 0 vertices, 0 edges, 0 faces
Info: Removed: 0 vertices, 0 edges, 0 faces
Info: Removed 0 vertices
Info: Removed: 0 vertices, 0 edges, 0 faces
Info: Removed: 0 vertices, 0 edges, 0 faces
Info: Removed 0 vertices
Info: Removed: 0 vertices, 0 edges, 0 faces
Info: Removed: 0 vertices, 0 edges, 0 faces
Info: Removed 0 vertices
Info: Removed: 0 vertices, 0 edges, 0 faces
Info: Removed: 0 vertices, 0 edges, 0 faces
Info: Removed 0 vertices
Info: Removed: 0 vertices, 0 edges, 0 faces
Info: Removed: 0 vertices, 0 edges, 0 faces
Info: Removed 0 vertices
Info: Removed: 0 vertices, 0 edges, 0 faces
Info: Removed: 0 vertices, 0 edges, 0 faces
Info: Removed 0 vertices
Info: Removed: 0 vertices, 0 edges, 0 faces
Info: Removed: 0 vertices, 0 edges, 0 faces
Info: Removed 0 vertices
Info: Removed: 0 vertices, 0 edges, 0 faces
Info: Removed: 0 vertices, 0 edges, 0 faces
Info: Removed 0 vertices
Info: Removed: 0 vertices, 0 edges, 0 faces
Info: Removed: 0 vertices, 0 edges, 0 faces
Info: Removed 0 vertices
Info: Removed: 0 vertices, 0 edges, 0 faces
Info: Removed: 0 vertices, 0 edges, 0 faces
Info: Removed 0 vertices
Info: Removed: 0 vertices, 0 edges, 0 faces
Info: Removed: 0 vertices, 0 edges, 0 faces
Info: Removed 0 vertices
INFO Draco mesh compression is available, use library at C:\Program Files\Blender Foundation\Blender 5.1\5.1\scripts\addons_core\io_scene_gltf2\extern_draco.dll
22:12:34 | INFO: Starting glTF 2.0 export
22:12:34 | INFO: Extracting primitive: LOD0_HOOK_EMISSIVE
22:12:34 | WARNING: More than one shader node tex image used for a texture. The resulting glTF sampler will behave like the first shader node tex image.
22:12:34 | INFO: Primitives created: 1
22:12:34 | INFO: Extracting primitive: LOD0_Merged_Material_Glass
22:12:34 | WARNING: More than one shader node tex image used for a texture. The resulting glTF sampler will behave like the first shader node tex image.
22:12:34 | INFO: Primitives created: 1
22:12:34 | INFO: Extracting primitive: LOD0_Merged_Material_Hull
22:12:35 | WARNING: More than one shader node tex image used for a texture. The resulting glTF sampler will behave like the first shader node tex image.
22:12:35 | INFO: Primitives created: 1
22:12:35 | INFO: Extracting primitive: LOD0_Merged_Material_Mechanical
22:12:35 | WARNING: More than one shader node tex image used for a texture. The resulting glTF sampler will behave like the first shader node tex image.
22:12:35 | INFO: Primitives created: 1
22:12:35 | INFO: Extracting primitive: LOD0_Merged_Material_Warm
22:12:35 | WARNING: More than one shader node tex image used for a texture. The resulting glTF sampler will behave like the first shader node tex image.
22:12:35 | INFO: Primitives created: 1
22:12:35 | INFO: Extracting primitive: LOD1_HOOK_EMISSIVE
22:12:35 | INFO: Primitives created: 1
22:12:35 | INFO: Extracting primitive: LOD1_Merged_Material_Glass
22:12:35 | INFO: Primitives created: 1
22:12:35 | INFO: Extracting primitive: LOD1_Merged_Material_Hull
22:12:35 | INFO: Primitives created: 1
22:12:35 | INFO: Extracting primitive: LOD1_Merged_Material_Mechanical
22:12:35 | INFO: Primitives created: 1
22:12:35 | INFO: Extracting primitive: LOD1_Merged_Material_Warm
22:12:35 | INFO: Primitives created: 1
22:12:35 | INFO: Extracting primitive: LOD2_HOOK_EMISSIVE
22:12:35 | INFO: Primitives created: 1
22:12:35 | INFO: Extracting primitive: LOD2_Merged_Material_Glass
22:12:35 | INFO: Primitives created: 1
22:12:35 | INFO: Extracting primitive: LOD2_Merged_Material_Hull
22:12:35 | INFO: Primitives created: 1
22:12:35 | INFO: Extracting primitive: LOD2_Merged_Material_Mechanical
22:12:35 | INFO: Primitives created: 1
22:12:35 | INFO: Extracting primitive: LOD2_Merged_Material_Warm
22:12:35 | INFO: Primitives created: 1
22:12:35 | INFO: Finished glTF 2.0 export in 0.8579878807067871 s

[m4-helios-hub-v3] Exported GLB → C:\Users\93rob\Documents\GitHub\SpaceFace\assets\ships\m4_helios_hub_v8\source\places\helios_hub_station.glb (9121796 bytes)
03:23.860  render           | Saved: 'C:\Users\93rob\Documents\GitHub\SpaceFace\assets\ships\m4_helios_hub_v8\evidence\renders\helios_hub_station\helios_hub_station_full.__tmp_41632.png'
Info: Saved as "helios_hub_station_production.blend"
[m4-helios-hub-v3] Rendered helios_hub_station_full.png
03:28.407  render           | Saved: 'C:\Users\93rob\Documents\GitHub\SpaceFace\assets\ships\m4_helios_hub_v8\evidence\renders\helios_hub_station\helios_hub_station_full.__tmp_41632.png'
[m4-helios-hub-v3] Rendered helios_hub_station_full.png
03:32.422  render           | Saved: 'C:\Users\93rob\Documents\GitHub\SpaceFace\assets\ships\m4_helios_hub_v8\evidence\renders\helios_hub_station\helios_hub_station_full.__tmp_41632.png'
[m4-helios-hub-v3] Rendered helios_hub_station_full.png
03:36.688  render           | Saved: 'C:\Users\93rob\Documents\GitHub\SpaceFace\assets\ships\m4_helios_hub_v8\evidence\renders\helios_hub_station\helios_hub_station_forward_34.__tmp_41632.png'
[m4-helios-hub-v3] Rendered helios_hub_station_forward_34.png
03:40.782  render           | Saved: 'C:\Users\93rob\Documents\GitHub\SpaceFace\assets\ships\m4_helios_hub_v8\evidence\renders\helios_hub_station\helios_hub_station_forward_34.__tmp_41632.png'
[m4-helios-hub-v3] Rendered helios_hub_station_forward_34.png
03:45.282  render           | Saved: 'C:\Users\93rob\Documents\GitHub\SpaceFace\assets\ships\m4_helios_hub_v8\evidence\renders\helios_hub_station\helios_hub_station_forward_34.__tmp_41632.png'
[m4-helios-hub-v3] Rendered helios_hub_station_forward_34.png
03:47.813  render           | Saved: 'C:\Users\93rob\Documents\GitHub\SpaceFace\assets\ships\m4_helios_hub_v8\evidence\renders\helios_hub_station\helios_hub_station_readability_close.__tmp_41632.png'
[m4-helios-hub-v3] Rendered helios_hub_station_readability_close.png
03:49.250  render           | Saved: 'C:\Users\93rob\Documents\GitHub\SpaceFace\assets\ships\m4_helios_hub_v8\evidence\renders\helios_hub_station\helios_hub_station_readability_close.__tmp_41632.png'
[m4-helios-hub-v3] Rendered helios_hub_station_readability_close.png
03:50.688  render           | Saved: 'C:\Users\93rob\Documents\GitHub\SpaceFace\assets\ships\m4_helios_hub_v8\evidence\renders\helios_hub_station\helios_hub_station_readability_120px.__tmp_41632.png'
[m4-helios-hub-v3] Rendered helios_hub_station_readability_120px.png
03:51.969  render           | Saved: 'C:\Users\93rob\Documents\GitHub\SpaceFace\assets\ships\m4_helios_hub_v8\evidence\renders\helios_hub_station\helios_hub_station_readability_under45px.__tmp_41632.png'
[m4-helios-hub-v3] Rendered helios_hub_station_readability_under45px.png
03:55.032  render           | Saved: 'C:\Users\93rob\Documents\GitHub\SpaceFace\assets\ships\m4_helios_hub_v8\evidence\renders\helios_hub_station\helios_hub_station_top.__tmp_41632.png'
[m4-helios-hub-v3] Rendered helios_hub_station_top.png
03:59.813  render           | Saved: 'C:\Users\93rob\Documents\GitHub\SpaceFace\assets\ships\m4_helios_hub_v8\evidence\renders\helios_hub_station\helios_hub_station_top.__tmp_41632.png'
[m4-helios-hub-v3] Rendered helios_hub_station_top.png
04:04.907  render           | Saved: 'C:\Users\93rob\Documents\GitHub\SpaceFace\assets\ships\m4_helios_hub_v8\evidence\renders\helios_hub_station\helios_hub_station_rear.__tmp_41632.png'
[m4-helios-hub-v3] Rendered helios_hub_station_rear.png
04:10.532  render           | Saved: 'C:\Users\93rob\Documents\GitHub\SpaceFace\assets\ships\m4_helios_hub_v8\evidence\renders\helios_hub_station\helios_hub_station_rear_34.__tmp_41632.png'
[m4-helios-hub-v3] Rendered helios_hub_station_rear_34.png
04:14.828  render           | Saved: 'C:\Users\93rob\Documents\GitHub\SpaceFace\assets\ships\m4_helios_hub_v8\evidence\renders\helios_hub_station\helios_hub_station_detail.__tmp_41632.png'
[m4-helios-hub-v3] Rendered helios_hub_station_detail.png
04:18.438  render           | Saved: 'C:\Users\93rob\Documents\GitHub\SpaceFace\assets\ships\m4_helios_hub_v8\evidence\renders\helios_hub_station\helios_hub_station_detail.__tmp_41632.png'
[m4-helios-hub-v3] Rendered helios_hub_station_detail.png
04:21.422  render           | Saved: 'C:\Users\93rob\Documents\GitHub\SpaceFace\assets\ships\m4_helios_hub_v8\evidence\renders\helios_hub_station\helios_hub_station_detail.__tmp_41632.png'
[m4-helios-hub-v3] Rendered helios_hub_station_detail.png
04:23.485  render           | Saved: 'C:\Users\93rob\Documents\GitHub\SpaceFace\assets\ships\m4_helios_hub_v8\evidence\renders\helios_hub_station\helios_hub_station_detail.__tmp_41632.png'
[m4-helios-hub-v3] Rendered helios_hub_station_detail.png
04:26.453  render           | Saved: 'C:\Users\93rob\Documents\GitHub\SpaceFace\assets\ships\m4_helios_hub_v8\evidence\renders\helios_hub_station\helios_hub_station_detail.__tmp_41632.png'
[m4-helios-hub-v3] Rendered helios_hub_station_detail.png
04:29.375  render           | Saved: 'C:\Users\93rob\Documents\GitHub\SpaceFace\assets\ships\m4_helios_hub_v8\evidence\renders\helios_hub_station\helios_hub_station_detail.__tmp_41632.png'
[m4-helios-hub-v3] Rendered helios_hub_station_detail.png
04:31.485  render           | Saved: 'C:\Users\93rob\Documents\GitHub\SpaceFace\assets\ships\m4_helios_hub_v8\evidence\renders\helios_hub_station\helios_hub_station_detail.__tmp_41632.png'
[m4-helios-hub-v3] Rendered helios_hub_station_detail.png
04:33.672  render           | Saved: 'C:\Users\93rob\Documents\GitHub\SpaceFace\assets\ships\m4_helios_hub_v8\evidence\renders\helios_hub_station\helios_hub_station_detail.__tmp_41632.png'
[m4-helios-hub-v3] Rendered helios_hub_station_detail.png
04:36.375  render           | Saved: 'C:\Users\93rob\Documents\GitHub\SpaceFace\assets\ships\m4_helios_hub_v8\evidence\renders\helios_hub_station\helios_hub_station_detail.__tmp_41632.png'
[m4-helios-hub-v3] Rendered helios_hub_station_detail.png
04:38.532  render           | Saved: 'C:\Users\93rob\Documents\GitHub\SpaceFace\assets\ships\m4_helios_hub_v8\evidence\renders\helios_hub_station\helios_hub_station_detail.__tmp_41632.png'
[m4-helios-hub-v3] Rendered helios_hub_station_detail.png
04:40.688  render           | Saved: 'C:\Users\93rob\Documents\GitHub\SpaceFace\assets\ships\m4_helios_hub_v8\evidence\renders\helios_hub_station\helios_hub_station_side_ortho.__tmp_41632.png'
[m4-helios-hub-v3] Rendered helios_hub_station_side_ortho.png
04:42.563  render           | Saved: 'C:\Users\93rob\Documents\GitHub\SpaceFace\assets\ships\m4_helios_hub_v8\evidence\renders\helios_hub_station\helios_hub_station_gamesky.__tmp_41632.png'
[m4-helios-hub-v3] Rendered helios_hub_station_gamesky.png
04:43.969  render           | Saved: 'C:\Users\93rob\Documents\GitHub\SpaceFace\assets\ships\m4_helios_hub_v8\evidence\renders\helios_hub_station\helios_hub_station_gamesky_forward_34.__tmp_41632.png'
[m4-helios-hub-v3] Rendered helios_hub_station_gamesky_forward_34.png
04:45.407  render           | Saved: 'C:\Users\93rob\Documents\GitHub\SpaceFace\assets\ships\m4_helios_hub_v8\evidence\renders\helios_hub_station\helios_hub_station_gamesky_close.__tmp_41632.png'
[m4-helios-hub-v3] Rendered helios_hub_station_gamesky_close.png
04:47.063  render           | Saved: 'C:\Users\93rob\Documents\GitHub\SpaceFace\assets\ships\m4_helios_hub_v8\evidence\renders\helios_hub_station\helios_hub_station_gameplay.__tmp_41632.png'
[m4-helios-hub-v3] Rendered helios_hub_station_gameplay.png
04:48.047  render           | Saved: 'C:\Users\93rob\Documents\GitHub\SpaceFace\assets\ships\m4_helios_hub_v8\evidence\renders\helios_hub_station\helios_hub_station_lod_continuity_lod0.__tmp_41632.png'
[m4-helios-hub-v3] Rendered helios_hub_station_lod_continuity_lod0.png
04:49.047  render           | Saved: 'C:\Users\93rob\Documents\GitHub\SpaceFace\assets\ships\m4_helios_hub_v8\evidence\renders\helios_hub_station\helios_hub_station_lod_continuity_lod1.__tmp_41632.png'
[m4-helios-hub-v3] Rendered helios_hub_station_lod_continuity_lod1.png
04:49.891  render           | Saved: 'C:\Users\93rob\Documents\GitHub\SpaceFace\assets\ships\m4_helios_hub_v8\evidence\renders\helios_hub_station\helios_hub_station_lod_continuity_lod2.__tmp_41632.png'
[m4-helios-hub-v3] Rendered helios_hub_station_lod_continuity_lod2.png
[m4-helios-hub-v3] DONE helios_hub_station in 156.0s tris=44292 lod0=28370 budget_ok=True
[m4-helios-hub-v3] === Building helios_gate: Helios Gate Landmark ===
[m4-helios-hub-v3] V8 REPAIR1 gate — structural portal + recessed coils + power plants
[m4-helios-hub-v3] Decimated V8 donor:Sci-Fi_Station_outer ring details: →2726 tris (cap 2964)
[m4-helios-hub-v3] WARN decimate stalled V8 donor:Sci-Fi_Station_base ring details: 4522→4517 target=2896
[m4-helios-hub-v3] WARN V8 donor:Sci-Fi_Station_base ring details still 4517 tris > cap 2896
[m4-helios-hub-v3] Decimated V8 donor:Sci-Fi_Station_outer ring pods: →1014 tris (cap 1103)
[m4-helios-hub-v3] Decimated V8 donor:Sci-Fi_Station_outer ring: →58 tris (cap 64)
[m4-helios-hub-v3] Decimated V8 donor:Sci-Fi_Station_base ring: →58 tris (cap 64)
[m4-helios-hub-v3] Authored 96 parts; primary tris≈108
Info: Removed: 8 vertices, 6 edges, 0 faces
Info: Removed: 0 vertices, 0 edges, 0 faces
Info: Removed 0 vertices
Info: Removed: 0 vertices, 0 edges, 0 faces
Info: Removed: 0 vertices, 0 edges, 0 faces
Info: Removed 0 vertices
Info: Removed: 2053 vertices, 2400 edges, 0 faces
Info: Removed: 0 vertices, 0 edges, 0 faces
Info: Removed 0 vertices
Info: Removed: 0 vertices, 0 edges, 0 faces
Info: Removed: 0 vertices, 0 edges, 0 faces
Info: Removed 0 vertices
Info: Removed: 0 vertices, 0 edges, 0 faces
Info: Removed: 0 vertices, 0 edges, 0 faces
Info: Removed 0 vertices
Info: Removed: 0 vertices, 0 edges, 0 faces
Info: Removed: 0 vertices, 0 edges, 0 faces
Info: Removed 0 vertices
Info: Removed: 0 vertices, 0 edges, 0 faces
Info: Removed: 0 vertices, 0 edges, 0 faces
Info: Removed 0 vertices
Info: Removed: 0 vertices, 0 edges, 0 faces
Info: Removed: 0 vertices, 0 edges, 0 faces
Info: Removed 0 vertices
[m4-helios-hub-v3] helios_gate lod0: tris=17849 objects=4
Info: Removed: 0 vertices, 0 edges, 0 faces
Info: Removed: 0 vertices, 0 edges, 0 faces
Info: Removed 0 vertices
Info: Removed: 0 vertices, 0 edges, 0 faces
Info: Removed: 0 vertices, 0 edges, 0 faces
Info: Removed 0 vertices
Info: Removed: 0 vertices, 0 edges, 0 faces
Info: Removed: 0 vertices, 0 edges, 0 faces
Info: Removed 0 vertices
Info: Removed: 0 vertices, 0 edges, 0 faces
Info: Removed: 0 vertices, 0 edges, 0 faces
Info: Removed 0 vertices
[m4-helios-hub-v3] Decimated LOD1_HOOK_EMISSIVE: →298 tris (cap 325)
Info: Removed: 0 vertices, 0 edges, 0 faces
Info: Removed: 0 vertices, 0 edges, 0 faces
Info: Removed 0 vertices
Info: Removed: 0 vertices, 0 edges, 0 faces
Info: Removed: 0 vertices, 0 edges, 0 faces
Info: Removed 0 vertices
[m4-helios-hub-v3] helios_gate lod1: tris=3914 objects=3
Info: Removed: 0 vertices, 0 edges, 0 faces
Info: Removed: 0 vertices, 0 edges, 0 faces
Info: Removed 0 vertices
Info: Removed: 0 vertices, 0 edges, 0 faces
Info: Removed: 0 vertices, 0 edges, 0 faces
Info: Removed 0 vertices
[m4-helios-hub-v3] Decimated LOD2_HOOK_EMISSIVE: →106 tris (cap 116)
Info: Removed: 0 vertices, 0 edges, 0 faces
Info: Removed: 0 vertices, 0 edges, 0 faces
Info: Removed 0 vertices
Info: Removed: 0 vertices, 0 edges, 0 faces
Info: Removed: 0 vertices, 0 edges, 0 faces
Info: Removed 0 vertices
[m4-helios-hub-v3] helios_gate lod2: tris=1339 objects=2
Info: Removed: 0 vertices, 0 edges, 0 faces
Info: Removed: 0 vertices, 0 edges, 0 faces
Info: Removed 0 vertices
Info: Removed: 0 vertices, 0 edges, 0 faces
Info: Removed: 0 vertices, 0 edges, 0 faces
Info: Removed 0 vertices
Info: Removed: 0 vertices, 0 edges, 0 faces
Info: Removed: 0 vertices, 0 edges, 0 faces
Info: Removed 0 vertices
Info: Removed: 0 vertices, 0 edges, 0 faces
Info: Removed: 0 vertices, 0 edges, 0 faces
Info: Removed 0 vertices
Info: Removed: 0 vertices, 0 edges, 0 faces
Info: Removed: 0 vertices, 0 edges, 0 faces
Info: Removed 0 vertices
Info: Removed: 0 vertices, 0 edges, 0 faces
Info: Removed: 0 vertices, 0 edges, 0 faces
Info: Removed 0 vertices
Info: Removed: 0 vertices, 0 edges, 0 faces
Info: Removed: 0 vertices, 0 edges, 0 faces
Info: Removed 0 vertices
Info: Removed: 0 vertices, 0 edges, 0 faces
Info: Removed: 0 vertices, 0 edges, 0 faces
Info: Removed 0 vertices
Info: Removed: 0 vertices, 0 edges, 0 faces
Info: Removed: 0 vertices, 0 edges, 0 faces
Info: Removed 0 vertices
22:14:36 | INFO: Starting glTF 2.0 export
22:14:36 | INFO: Extracting primitive: LOD0_HOOK_EMISSIVE
22:14:36 | WARNING: More than one shader node tex image used for a texture. The resulting glTF sampler will behave like the first shader node tex image.
22:14:36 | INFO: Primitives created: 1
22:14:36 | INFO: Extracting primitive: LOD0_Merged_Material_Hull
22:14:36 | WARNING: More than one shader node tex image used for a texture. The resulting glTF sampler will behave like the first shader node tex image.
22:14:36 | INFO: Primitives created: 1
22:14:36 | INFO: Extracting primitive: LOD0_Merged_Material_Mechanical
22:14:36 | WARNING: More than one shader node tex image used for a texture. The resulting glTF sampler will behave like the first shader node tex image.
22:14:36 | INFO: Primitives created: 1
22:14:36 | INFO: Extracting primitive: LOD0_Merged_Material_Warm
22:14:36 | WARNING: More than one shader node tex image used for a texture. The resulting glTF sampler will behave like the first shader node tex image.
22:14:36 | INFO: Primitives created: 1
22:14:36 | INFO: Extracting primitive: LOD1_HOOK_EMISSIVE
22:14:36 | INFO: Primitives created: 1
22:14:36 | INFO: Extracting primitive: LOD1_Merged_Material_Hull
22:14:36 | INFO: Primitives created: 1
22:14:36 | INFO: Extracting primitive: LOD1_Merged_Material_Mechanical
22:14:36 | INFO: Primitives created: 1
22:14:36 | INFO: Extracting primitive: LOD2_HOOK_EMISSIVE
22:14:36 | INFO: Primitives created: 1
22:14:36 | INFO: Extracting primitive: LOD2_Merged_Material_Hull
22:14:36 | INFO: Primitives created: 1
22:14:36 | INFO: Finished glTF 2.0 export in 0.26529407501220703 s

[m4-helios-hub-v3] Exported GLB → C:\Users\93rob\Documents\GitHub\SpaceFace\assets\ships\m4_helios_hub_v8\source\places\helios_gate.glb (5612648 bytes)
05:12.219  render           | Saved: 'C:\Users\93rob\Documents\GitHub\SpaceFace\assets\ships\m4_helios_hub_v8\evidence\renders\helios_gate\helios_gate_full.__tmp_41632.png'
Info: Saved as "helios_gate_production.blend"
[m4-helios-hub-v3] Rendered helios_gate_full.png
05:14.407  render           | Saved: 'C:\Users\93rob\Documents\GitHub\SpaceFace\assets\ships\m4_helios_hub_v8\evidence\renders\helios_gate\helios_gate_full.__tmp_41632.png'
[m4-helios-hub-v3] Rendered helios_gate_full.png
05:16.672  render           | Saved: 'C:\Users\93rob\Documents\GitHub\SpaceFace\assets\ships\m4_helios_hub_v8\evidence\renders\helios_gate\helios_gate_full.__tmp_41632.png'
[m4-helios-hub-v3] Rendered helios_gate_full.png
05:19.938  render           | Saved: 'C:\Users\93rob\Documents\GitHub\SpaceFace\assets\ships\m4_helios_hub_v8\evidence\renders\helios_gate\helios_gate_full.__tmp_41632.png'
[m4-helios-hub-v3] Rendered helios_gate_full.png
05:23.500  render           | Saved: 'C:\Users\93rob\Documents\GitHub\SpaceFace\assets\ships\m4_helios_hub_v8\evidence\renders\helios_gate\helios_gate_full.__tmp_41632.png'
[m4-helios-hub-v3] Rendered helios_gate_full.png
05:25.657  render           | Saved: 'C:\Users\93rob\Documents\GitHub\SpaceFace\assets\ships\m4_helios_hub_v8\evidence\renders\helios_gate\helios_gate_full.__tmp_41632.png'
[m4-helios-hub-v3] Rendered helios_gate_full.png
05:27.688  render           | Saved: 'C:\Users\93rob\Documents\GitHub\SpaceFace\assets\ships\m4_helios_hub_v8\evidence\renders\helios_gate\helios_gate_full.__tmp_41632.png'
[m4-helios-hub-v3] Rendered helios_gate_full.png
05:29.672  render           | Saved: 'C:\Users\93rob\Documents\GitHub\SpaceFace\assets\ships\m4_helios_hub_v8\evidence\renders\helios_gate\helios_gate_full.__tmp_41632.png'
[m4-helios-hub-v3] Rendered helios_gate_full.png
05:32.016  render           | Saved: 'C:\Users\93rob\Documents\GitHub\SpaceFace\assets\ships\m4_helios_hub_v8\evidence\renders\helios_gate\helios_gate_full.__tmp_41632.png'
[m4-helios-hub-v3] Rendered helios_gate_full.png
05:36.375  render           | Saved: 'C:\Users\93rob\Documents\GitHub\SpaceFace\assets\ships\m4_helios_hub_v8\evidence\renders\helios_gate\helios_gate_full.__tmp_41632.png'
[m4-helios-hub-v3] Rendered helios_gate_full.png
05:40.188  render           | Saved: 'C:\Users\93rob\Documents\GitHub\SpaceFace\assets\ships\m4_helios_hub_v8\evidence\renders\helios_gate\helios_gate_forward_34.__tmp_41632.png'
[m4-helios-hub-v3] Rendered helios_gate_forward_34.png
05:42.875  render           | Saved: 'C:\Users\93rob\Documents\GitHub\SpaceFace\assets\ships\m4_helios_hub_v8\evidence\renders\helios_gate\helios_gate_forward_34.__tmp_41632.png'
[m4-helios-hub-v3] Rendered helios_gate_forward_34.png
05:45.844  render           | Saved: 'C:\Users\93rob\Documents\GitHub\SpaceFace\assets\ships\m4_helios_hub_v8\evidence\renders\helios_gate\helios_gate_forward_34.__tmp_41632.png'
[m4-helios-hub-v3] Rendered helios_gate_forward_34.png
05:49.625  render           | Saved: 'C:\Users\93rob\Documents\GitHub\SpaceFace\assets\ships\m4_helios_hub_v8\evidence\renders\helios_gate\helios_gate_forward_34.__tmp_41632.png'
[m4-helios-hub-v3] Rendered helios_gate_forward_34.png
05:52.953  render           | Saved: 'C:\Users\93rob\Documents\GitHub\SpaceFace\assets\ships\m4_helios_hub_v8\evidence\renders\helios_gate\helios_gate_forward_34.__tmp_41632.png'
[m4-helios-hub-v3] Rendered helios_gate_forward_34.png
05:56.688  render           | Saved: 'C:\Users\93rob\Documents\GitHub\SpaceFace\assets\ships\m4_helios_hub_v8\evidence\renders\helios_gate\helios_gate_forward_34.__tmp_41632.png'
[m4-helios-hub-v3] Rendered helios_gate_forward_34.png
06:00.782  render           | Saved: 'C:\Users\93rob\Documents\GitHub\SpaceFace\assets\ships\m4_helios_hub_v8\evidence\renders\helios_gate\helios_gate_forward_34.__tmp_41632.png'
[m4-helios-hub-v3] Rendered helios_gate_forward_34.png
06:04.485  render           | Saved: 'C:\Users\93rob\Documents\GitHub\SpaceFace\assets\ships\m4_helios_hub_v8\evidence\renders\helios_gate\helios_gate_forward_34.__tmp_41632.png'
[m4-helios-hub-v3] Rendered helios_gate_forward_34.png
06:07.125  render           | Saved: 'C:\Users\93rob\Documents\GitHub\SpaceFace\assets\ships\m4_helios_hub_v8\evidence\renders\helios_gate\helios_gate_forward_34.__tmp_41632.png'
[m4-helios-hub-v3] Rendered helios_gate_forward_34.png
06:09.797  render           | Saved: 'C:\Users\93rob\Documents\GitHub\SpaceFace\assets\ships\m4_helios_hub_v8\evidence\renders\helios_gate\helios_gate_forward_34.__tmp_41632.png'
[m4-helios-hub-v3] Rendered helios_gate_forward_34.png
06:12.203  render           | Saved: 'C:\Users\93rob\Documents\GitHub\SpaceFace\assets\ships\m4_helios_hub_v8\evidence\renders\helios_gate\helios_gate_readability_close.__tmp_41632.png'
[m4-helios-hub-v3] Rendered helios_gate_readability_close.png
06:15.032  render           | Saved: 'C:\Users\93rob\Documents\GitHub\SpaceFace\assets\ships\m4_helios_hub_v8\evidence\renders\helios_gate\helios_gate_readability_close.__tmp_41632.png'
[m4-helios-hub-v3] Rendered helios_gate_readability_close.png
06:17.094  render           | Saved: 'C:\Users\93rob\Documents\GitHub\SpaceFace\assets\ships\m4_helios_hub_v8\evidence\renders\helios_gate\helios_gate_readability_close.__tmp_41632.png'
[m4-helios-hub-v3] Rendered helios_gate_readability_close.png
06:18.578  render           | Saved: 'C:\Users\93rob\Documents\GitHub\SpaceFace\assets\ships\m4_helios_hub_v8\evidence\renders\helios_gate\helios_gate_readability_120px.__tmp_41632.png'
[m4-helios-hub-v3] Rendered helios_gate_readability_120px.png
06:19.875  render           | Saved: 'C:\Users\93rob\Documents\GitHub\SpaceFace\assets\ships\m4_helios_hub_v8\evidence\renders\helios_gate\helios_gate_readability_under45px.__tmp_41632.png'
[m4-helios-hub-v3] Rendered helios_gate_readability_under45px.png
06:22.188  render           | Saved: 'C:\Users\93rob\Documents\GitHub\SpaceFace\assets\ships\m4_helios_hub_v8\evidence\renders\helios_gate\helios_gate_top.__tmp_41632.png'
[m4-helios-hub-v3] Rendered helios_gate_top.png
06:25.125  render           | Saved: 'C:\Users\93rob\Documents\GitHub\SpaceFace\assets\ships\m4_helios_hub_v8\evidence\renders\helios_gate\helios_gate_top.__tmp_41632.png'
[m4-helios-hub-v3] Rendered helios_gate_top.png
06:28.078  render           | Saved: 'C:\Users\93rob\Documents\GitHub\SpaceFace\assets\ships\m4_helios_hub_v8\evidence\renders\helios_gate\helios_gate_top.__tmp_41632.png'
[m4-helios-hub-v3] Rendered helios_gate_top.png
06:30.750  render           | Saved: 'C:\Users\93rob\Documents\GitHub\SpaceFace\assets\ships\m4_helios_hub_v8\evidence\renders\helios_gate\helios_gate_top.__tmp_41632.png'
[m4-helios-hub-v3] Rendered helios_gate_top.png
06:33.625  render           | Saved: 'C:\Users\93rob\Documents\GitHub\SpaceFace\assets\ships\m4_helios_hub_v8\evidence\renders\helios_gate\helios_gate_top.__tmp_41632.png'
[m4-helios-hub-v3] Rendered helios_gate_top.png
06:36.313  render           | Saved: 'C:\Users\93rob\Documents\GitHub\SpaceFace\assets\ships\m4_helios_hub_v8\evidence\renders\helios_gate\helios_gate_top.__tmp_41632.png'
[m4-helios-hub-v3] Rendered helios_gate_top.png
06:38.875  render           | Saved: 'C:\Users\93rob\Documents\GitHub\SpaceFace\assets\ships\m4_helios_hub_v8\evidence\renders\helios_gate\helios_gate_top.__tmp_41632.png'
[m4-helios-hub-v3] Rendered helios_gate_top.png
06:41.532  render           | Saved: 'C:\Users\93rob\Documents\GitHub\SpaceFace\assets\ships\m4_helios_hub_v8\evidence\renders\helios_gate\helios_gate_top.__tmp_41632.png'
[m4-helios-hub-v3] Rendered helios_gate_top.png
06:44.782  render           | Saved: 'C:\Users\93rob\Documents\GitHub\SpaceFace\assets\ships\m4_helios_hub_v8\evidence\renders\helios_gate\helios_gate_top.__tmp_41632.png'
[m4-helios-hub-v3] Rendered helios_gate_top.png
06:46.907  render           | Saved: 'C:\Users\93rob\Documents\GitHub\SpaceFace\assets\ships\m4_helios_hub_v8\evidence\renders\helios_gate\helios_gate_top.__tmp_41632.png'
[m4-helios-hub-v3] Rendered helios_gate_top.png
06:49.735  render           | Saved: 'C:\Users\93rob\Documents\GitHub\SpaceFace\assets\ships\m4_helios_hub_v8\evidence\renders\helios_gate\helios_gate_rear.__tmp_41632.png'
[m4-helios-hub-v3] Rendered helios_gate_rear.png
06:51.500  render           | Saved: 'C:\Users\93rob\Documents\GitHub\SpaceFace\assets\ships\m4_helios_hub_v8\evidence\renders\helios_gate\helios_gate_rear.__tmp_41632.png'
[m4-helios-hub-v3] Rendered helios_gate_rear.png
06:54.438  render           | Saved: 'C:\Users\93rob\Documents\GitHub\SpaceFace\assets\ships\m4_helios_hub_v8\evidence\renders\helios_gate\helios_gate_rear.__tmp_41632.png'
[m4-helios-hub-v3] Rendered helios_gate_rear.png
06:56.828  render           | Saved: 'C:\Users\93rob\Documents\GitHub\SpaceFace\assets\ships\m4_helios_hub_v8\evidence\renders\helios_gate\helios_gate_rear.__tmp_41632.png'
[m4-helios-hub-v3] Rendered helios_gate_rear.png
06:58.891  render           | Saved: 'C:\Users\93rob\Documents\GitHub\SpaceFace\assets\ships\m4_helios_hub_v8\evidence\renders\helios_gate\helios_gate_rear.__tmp_41632.png'
[m4-helios-hub-v3] Rendered helios_gate_rear.png
07:02.250  render           | Saved: 'C:\Users\93rob\Documents\GitHub\SpaceFace\assets\ships\m4_helios_hub_v8\evidence\renders\helios_gate\helios_gate_rear.__tmp_41632.png'
[m4-helios-hub-v3] Rendered helios_gate_rear.png
07:05.594  render           | Saved: 'C:\Users\93rob\Documents\GitHub\SpaceFace\assets\ships\m4_helios_hub_v8\evidence\renders\helios_gate\helios_gate_rear.__tmp_41632.png'
[m4-helios-hub-v3] Rendered helios_gate_rear.png
07:08.188  render           | Saved: 'C:\Users\93rob\Documents\GitHub\SpaceFace\assets\ships\m4_helios_hub_v8\evidence\renders\helios_gate\helios_gate_rear.__tmp_41632.png'
[m4-helios-hub-v3] Rendered helios_gate_rear.png
07:10.735  render           | Saved: 'C:\Users\93rob\Documents\GitHub\SpaceFace\assets\ships\m4_helios_hub_v8\evidence\renders\helios_gate\helios_gate_rear.__tmp_41632.png'
[m4-helios-hub-v3] Rendered helios_gate_rear.png
07:12.922  render           | Saved: 'C:\Users\93rob\Documents\GitHub\SpaceFace\assets\ships\m4_helios_hub_v8\evidence\renders\helios_gate\helios_gate_rear.__tmp_41632.png'
[m4-helios-hub-v3] Rendered helios_gate_rear.png
07:14.782  render           | Saved: 'C:\Users\93rob\Documents\GitHub\SpaceFace\assets\ships\m4_helios_hub_v8\evidence\renders\helios_gate\helios_gate_rear_34.__tmp_41632.png'
[m4-helios-hub-v3] Rendered helios_gate_rear_34.png
07:16.782  render           | Saved: 'C:\Users\93rob\Documents\GitHub\SpaceFace\assets\ships\m4_helios_hub_v8\evidence\renders\helios_gate\helios_gate_rear_34.__tmp_41632.png'
[m4-helios-hub-v3] Rendered helios_gate_rear_34.png
07:20.594  render           | Saved: 'C:\Users\93rob\Documents\GitHub\SpaceFace\assets\ships\m4_helios_hub_v8\evidence\renders\helios_gate\helios_gate_rear_34.__tmp_41632.png'
[m4-helios-hub-v3] Rendered helios_gate_rear_34.png
07:23.922  render           | Saved: 'C:\Users\93rob\Documents\GitHub\SpaceFace\assets\ships\m4_helios_hub_v8\evidence\renders\helios_gate\helios_gate_rear_34.__tmp_41632.png'
[m4-helios-hub-v3] Rendered helios_gate_rear_34.png
07:26.907  render           | Saved: 'C:\Users\93rob\Documents\GitHub\SpaceFace\assets\ships\m4_helios_hub_v8\evidence\renders\helios_gate\helios_gate_rear_34.__tmp_41632.png'
[m4-helios-hub-v3] Rendered helios_gate_rear_34.png
07:29.594  render           | Saved: 'C:\Users\93rob\Documents\GitHub\SpaceFace\assets\ships\m4_helios_hub_v8\evidence\renders\helios_gate\helios_gate_rear_34.__tmp_41632.png'
[m4-helios-hub-v3] Rendered helios_gate_rear_34.png
07:32.188  render           | Saved: 'C:\Users\93rob\Documents\GitHub\SpaceFace\assets\ships\m4_helios_hub_v8\evidence\renders\helios_gate\helios_gate_rear_34.__tmp_41632.png'
[m4-helios-hub-v3] Rendered helios_gate_rear_34.png
07:34.594  render           | Saved: 'C:\Users\93rob\Documents\GitHub\SpaceFace\assets\ships\m4_helios_hub_v8\evidence\renders\helios_gate\helios_gate_rear_34.__tmp_41632.png'
[m4-helios-hub-v3] Rendered helios_gate_rear_34.png
07:36.891  render           | Saved: 'C:\Users\93rob\Documents\GitHub\SpaceFace\assets\ships\m4_helios_hub_v8\evidence\renders\helios_gate\helios_gate_rear_34.__tmp_41632.png'
[m4-helios-hub-v3] Rendered helios_gate_rear_34.png
07:40.625  render           | Saved: 'C:\Users\93rob\Documents\GitHub\SpaceFace\assets\ships\m4_helios_hub_v8\evidence\renders\helios_gate\helios_gate_rear_34.__tmp_41632.png'
[m4-helios-hub-v3] Rendered helios_gate_rear_34.png
07:44.907  render           | Saved: 'C:\Users\93rob\Documents\GitHub\SpaceFace\assets\ships\m4_helios_hub_v8\evidence\renders\helios_gate\helios_gate_detail.__tmp_41632.png'
[m4-helios-hub-v3] Rendered helios_gate_detail.png
07:48.907  render           | Saved: 'C:\Users\93rob\Documents\GitHub\SpaceFace\assets\ships\m4_helios_hub_v8\evidence\renders\helios_gate\helios_gate_detail.__tmp_41632.png'
[m4-helios-hub-v3] Rendered helios_gate_detail.png
07:52.672  render           | Saved: 'C:\Users\93rob\Documents\GitHub\SpaceFace\assets\ships\m4_helios_hub_v8\evidence\renders\helios_gate\helios_gate_detail.__tmp_41632.png'
[m4-helios-hub-v3] Rendered helios_gate_detail.png
07:57.250  render           | Saved: 'C:\Users\93rob\Documents\GitHub\SpaceFace\assets\ships\m4_helios_hub_v8\evidence\renders\helios_gate\helios_gate_detail.__tmp_41632.png'
[m4-helios-hub-v3] Rendered helios_gate_detail.png
08:01.547  render           | Saved: 'C:\Users\93rob\Documents\GitHub\SpaceFace\assets\ships\m4_helios_hub_v8\evidence\renders\helios_gate\helios_gate_detail.__tmp_41632.png'
[m4-helios-hub-v3] Rendered helios_gate_detail.png
08:05.110  render           | Saved: 'C:\Users\93rob\Documents\GitHub\SpaceFace\assets\ships\m4_helios_hub_v8\evidence\renders\helios_gate\helios_gate_detail.__tmp_41632.png'
[m4-helios-hub-v3] Rendered helios_gate_detail.png
08:08.985  render           | Saved: 'C:\Users\93rob\Documents\GitHub\SpaceFace\assets\ships\m4_helios_hub_v8\evidence\renders\helios_gate\helios_gate_detail.__tmp_41632.png'
[m4-helios-hub-v3] Rendered helios_gate_detail.png
08:12.438  render           | Saved: 'C:\Users\93rob\Documents\GitHub\SpaceFace\assets\ships\m4_helios_hub_v8\evidence\renders\helios_gate\helios_gate_detail.__tmp_41632.png'
[m4-helios-hub-v3] Rendered helios_gate_detail.png
08:16.391  render           | Saved: 'C:\Users\93rob\Documents\GitHub\SpaceFace\assets\ships\m4_helios_hub_v8\evidence\renders\helios_gate\helios_gate_detail.__tmp_41632.png'
[m4-helios-hub-v3] Rendered helios_gate_detail.png
08:19.875  render           | Saved: 'C:\Users\93rob\Documents\GitHub\SpaceFace\assets\ships\m4_helios_hub_v8\evidence\renders\helios_gate\helios_gate_detail.__tmp_41632.png'
[m4-helios-hub-v3] Rendered helios_gate_detail.png
08:22.266  render           | Saved: 'C:\Users\93rob\Documents\GitHub\SpaceFace\assets\ships\m4_helios_hub_v8\evidence\renders\helios_gate\helios_gate_side_ortho.__tmp_41632.png'
[m4-helios-hub-v3] Rendered helios_gate_side_ortho.png
08:24.766  render           | Saved: 'C:\Users\93rob\Documents\GitHub\SpaceFace\assets\ships\m4_helios_hub_v8\evidence\renders\helios_gate\helios_gate_side_ortho.__tmp_41632.png'
[m4-helios-hub-v3] Rendered helios_gate_side_ortho.png
08:27.094  render           | Saved: 'C:\Users\93rob\Documents\GitHub\SpaceFace\assets\ships\m4_helios_hub_v8\evidence\renders\helios_gate\helios_gate_side_ortho.__tmp_41632.png'
[m4-helios-hub-v3] Rendered helios_gate_side_ortho.png
08:30.875  render           | Saved: 'C:\Users\93rob\Documents\GitHub\SpaceFace\assets\ships\m4_helios_hub_v8\evidence\renders\helios_gate\helios_gate_side_ortho.__tmp_41632.png'
[m4-helios-hub-v3] Rendered helios_gate_side_ortho.png
08:34.110  render           | Saved: 'C:\Users\93rob\Documents\GitHub\SpaceFace\assets\ships\m4_helios_hub_v8\evidence\renders\helios_gate\helios_gate_side_ortho.__tmp_41632.png'
[m4-helios-hub-v3] Rendered helios_gate_side_ortho.png
08:37.157  render           | Saved: 'C:\Users\93rob\Documents\GitHub\SpaceFace\assets\ships\m4_helios_hub_v8\evidence\renders\helios_gate\helios_gate_side_ortho.__tmp_41632.png'
[m4-helios-hub-v3] Rendered helios_gate_side_ortho.png
08:41.000  render           | Saved: 'C:\Users\93rob\Documents\GitHub\SpaceFace\assets\ships\m4_helios_hub_v8\evidence\renders\helios_gate\helios_gate_side_ortho.__tmp_41632.png'
[m4-helios-hub-v3] Rendered helios_gate_side_ortho.png
08:44.625  render           | Saved: 'C:\Users\93rob\Documents\GitHub\SpaceFace\assets\ships\m4_helios_hub_v8\evidence\renders\helios_gate\helios_gate_side_ortho.__tmp_41632.png'
[m4-helios-hub-v3] Rendered helios_gate_side_ortho.png
08:47.578  render           | Saved: 'C:\Users\93rob\Documents\GitHub\SpaceFace\assets\ships\m4_helios_hub_v8\evidence\renders\helios_gate\helios_gate_side_ortho.__tmp_41632.png'
[m4-helios-hub-v3] Rendered helios_gate_side_ortho.png
08:50.735  render           | Saved: 'C:\Users\93rob\Documents\GitHub\SpaceFace\assets\ships\m4_helios_hub_v8\evidence\renders\helios_gate\helios_gate_side_ortho.__tmp_41632.png'
[m4-helios-hub-v3] Rendered helios_gate_side_ortho.png
[m4-helios-hub-v3] FAIL helios_gate: [WinError 1224] The requested operation cannot be performed on a file with a user-mapped section open
[m4-helios-hub-v3] Released authoring lock → C:\Users\93rob\Documents\GitHub\SpaceFace\assets\ships\m4_helios_hub_v8\authoring.__lock
Blender 5.1.2 (hash ec6e62d40fa9 built 2026-05-19 01:37:34)

Blender quit
