Reloading external rigs...
Reloading external metarigs...
[m4-helios-hub-v3] WARN existing authoring lock — taking over: {
  "phase": "repair1b_hub_gate",
  "heartbeatAt": "2026-07-14T02:20:05.6335433Z",
  "owner": "build_m4_helios_hub_v8.py repair1b",
  "pid": 27700,
  "scope": "assets/ships/m4_helios_hub_v8/**",
  "pa
[m4-helios-hub-v3] Acquired authoring lock → C:\Users\93rob\Documents\GitHub\SpaceFace\assets\ships\m4_helios_hub_v8\authoring.__lock
[m4-helios-hub-v3] Packet M4-HELIOS-V8-NEW-FOUNDATION-GROK-001 — Helios hub V3 professional rebuild (isolated)
[m4-helios-hub-v3] Vendor verify: accepted=11 diskCc0=11
[m4-helios-hub-v3] Vendor components accepted=11 diskCc0=11
[m4-helios-hub-v3] Generating 1024 textures: hull
[m4-helios-hub-v3] Generating 1024 textures: mechanical
[m4-helios-hub-v3] Generating 1024 textures: accent
01:06.890  image.write      | ERROR OpenImageIO write failed: Could not open file "C:\Users\93rob\Documents\GitHub\SpaceFace\assets\ships\m4_helios_hub_v8\textures\accent_basecolor.png"
[m4-helios-hub-v3] Released authoring lock → C:\Users\93rob\Documents\GitHub\SpaceFace\assets\ships\m4_helios_hub_v8\authoring.__lock
Blender 5.1.2 (hash ec6e62d40fa9 built 2026-05-19 01:37:34)

Blender quit
