Reloading external rigs...
Reloading external metarigs...
[m4-helios-hub-v3] WARN existing authoring lock — taking over: {
  "pid": 19816,
  "owner": "M4-HELIOS-V8-NEW-FOUNDATION-GROK-001",
  "packet": "M4-HELIOS-V8-NEW-FOUNDATION-GROK-001",
  "scope": "assets/ships/m4_helios_hub_v8/** ; assets/third_party/helios_v8/** 
[m4-helios-hub-v3] Acquired authoring lock → C:\Users\93rob\Documents\GitHub\SpaceFace\assets\ships\m4_helios_hub_v8\authoring.__lock
[m4-helios-hub-v3] Packet M4-HELIOS-V8-NEW-FOUNDATION-GROK-001 — Helios hub V3 professional rebuild (isolated)
[m4-helios-hub-v3] Vendor verify: accepted=11 diskCc0=11
[m4-helios-hub-v3] Vendor components accepted=11 diskCc0=11
[m4-helios-hub-v3] Generating 1024 textures: hull
[m4-helios-hub-v3] Generating 1024 textures: mechanical
[m4-helios-hub-v3] Generating 1024 textures: accent
[m4-helios-hub-v3] Generating 1024 textures: warm
[m4-helios-hub-v3] Generating 1024 textures: glass
[m4-helios-hub-v3] Generating 1024 textures: rock
[m4-helios-hub-v3] === Building helios_hub_station: Helios Hub Station ===
[m4-helios-hub-v3] V8 NEW FOUNDATION hub — continuous CC0 macro donor + asymmetric anatomy
[m4-helios-hub-v3] Decimated V8 donor:Sci-Fi_Station_Interior pods: →9502 tris (cap 10329)
[m4-helios-hub-v3] Decimated V8 donor:Sci-Fi_Station_outer ring details: →2317 tris (cap 2326)
[m4-helios-hub-v3] WARN decimate stalled V8 donor:Sci-Fi_Station_base ring details: 4501→4484 target=2273
[m4-helios-hub-v3] WARN V8 donor:Sci-Fi_Station_base ring details still 4484 tris > cap 2273
[m4-helios-hub-v3] Decimated V8 donor:Sci-Fi_Station_outer ring pods: →795 tris (cap 865)
[m4-helios-hub-v3] WARN decimate stalled V8 donor:Sci-Fi_Station_lights: 1584→1584 target=176
[m4-helios-hub-v3] WARN V8 donor:Sci-Fi_Station_lights still 1584 tris > cap 176
[m4-helios-hub-v3] Decimated V8 donor:Sci-Fi_Station_outer ring: →58 tris (cap 64)
[m4-helios-hub-v3] Decimated V8 donor:Sci-Fi_Station_base ring: →58 tris (cap 64)
21:34:22 | INFO: Data are loaded, start creating Blender stuff
21:34:22 | INFO: Blender create Mesh node Mesh
21:34:22 | INFO: Blender create Mesh node Mesh.001
21:34:22 | INFO: Blender create Mesh node Mesh.002
21:34:22 | INFO: Blender create Mesh node Mesh.004
21:34:22 | INFO: Blender create Mesh node Mesh.005
21:34:22 | INFO: Blender create Mesh node Mesh.006
21:34:22 | INFO: Blender create Mesh node Mesh.007
21:34:22 | INFO: Blender create Mesh node Mesh.011
21:34:22 | INFO: glTF import finished in 0.21s
[m4-helios-hub-v3] Decimated kit:V8_Kit_Pipes: →1472 tris (cap 1600)
21:34:23 | INFO: Data are loaded, start creating Blender stuff
21:34:23 | INFO: Blender create Mesh node Cube.016
21:34:23 | INFO: glTF import finished in 0.06s
[m4-helios-hub-v3] Decimated kit:V8_Kit_Utility: →920 tris (cap 1000)
21:34:23 | INFO: Data are loaded, start creating Blender stuff
21:34:23 | INFO: Blender create Mesh node Plane
21:34:23 | INFO: Blender create Mesh node Cube.002
21:34:23 | INFO: glTF import finished in 0.21s
[m4-helios-hub-v3] Decimated kit:V8_Kit_Power: →920 tris (cap 1000)
21:34:24 | INFO: Data are loaded, start creating Blender stuff
21:34:24 | INFO: Blender create Mesh node exterior_aircon_unit
21:34:24 | INFO: Blender create Mesh node exterior_aircon_unit_rusted
21:34:24 | INFO: glTF import finished in 0.17s
[m4-helios-hub-v3] Decimated kit:V8_Kit_Aircon: →1104 tris (cap 1200)
21:34:25 | INFO: Data are loaded, start creating Blender stuff
21:34:25 | INFO: Blender create Mesh node Mesh barrels
21:34:25 | INFO: Blender create Mesh node Mesh barrel
21:34:25 | INFO: glTF import finished in 0.03s
[m4-helios-hub-v3] Authored 95 parts; primary tris≈795
Info: Removed: 5485 vertices, 3358 edges, 0 faces
Info: Removed: 0 vertices, 0 edges, 0 faces
Info: Removed 0 vertices
Info: Removed: 0 vertices, 0 edges, 0 faces
Info: Removed: 0 vertices, 0 edges, 0 faces
Info: Removed 0 vertices
Info: Removed: 1946 vertices, 2307 edges, 0 faces
Info: Removed: 0 vertices, 0 edges, 0 faces
Info: Removed 0 vertices
Info: Removed: 0 vertices, 0 edges, 0 faces
Info: Removed: 0 vertices, 0 edges, 0 faces
Info: Removed 0 vertices
Info: Removed: 0 vertices, 0 edges, 0 faces
Info: Removed: 0 vertices, 0 edges, 0 faces
Info: Removed 0 vertices
Info: Removed: 0 vertices, 0 edges, 0 faces
Info: Removed: 0 vertices, 0 edges, 0 faces
Info: Removed 0 vertices
Info: Removed: 0 vertices, 0 edges, 0 faces
Info: Removed: 0 vertices, 0 edges, 0 faces
Info: Removed 0 vertices
Info: Removed: 0 vertices, 0 edges, 0 faces
Info: Removed: 0 vertices, 0 edges, 0 faces
Info: Removed 0 vertices
Info: Removed: 0 vertices, 0 edges, 0 faces
Info: Removed: 0 vertices, 0 edges, 0 faces
Info: Removed 0 vertices
Info: Removed: 0 vertices, 0 edges, 0 faces
Info: Removed: 0 vertices, 0 edges, 0 faces
Info: Removed 0 vertices
[m4-helios-hub-v3] helios_hub_station lod0: tris=27006 objects=5
[m4-helios-hub-v3] Decimated LOD1_Merged_Material_Hull: →6093 tris (cap 6624)
Info: Removed: 7022 vertices, 4207 edges, 0 faces
Info: Removed: 0 vertices, 0 edges, 0 faces
Info: Removed 0 vertices
Info: Removed: 0 vertices, 0 edges, 0 faces
Info: Removed: 0 vertices, 0 edges, 0 faces
Info: Removed 0 vertices
[m4-helios-hub-v3] WARN decimate stalled LOD1_Merged_Material_Mechanical: 6895→6881 target=4123
[m4-helios-hub-v3] WARN LOD1_Merged_Material_Mechanical still 6881 tris > cap 4123
Info: Removed: 1949 vertices, 2310 edges, 0 faces
Info: Removed: 0 vertices, 0 edges, 0 faces
Info: Removed 0 vertices
Info: Removed: 0 vertices, 0 edges, 0 faces
Info: Removed: 0 vertices, 0 edges, 0 faces
Info: Removed 0 vertices
[m4-helios-hub-v3] Decimated LOD1_Merged_Material_Warm: →88 tris (cap 96)
Info: Removed: 0 vertices, 0 edges, 0 faces
Info: Removed: 0 vertices, 0 edges, 0 faces
Info: Removed 0 vertices
Info: Removed: 0 vertices, 0 edges, 0 faces
Info: Removed: 0 vertices, 0 edges, 0 faces
Info: Removed 0 vertices
[m4-helios-hub-v3] Decimated LOD1_Merged_Material_Glass: →166 tris (cap 181)
Info: Removed: 0 vertices, 0 edges, 0 faces
Info: Removed: 0 vertices, 0 edges, 0 faces
Info: Removed 0 vertices
Info: Removed: 0 vertices, 0 edges, 0 faces
Info: Removed: 0 vertices, 0 edges, 0 faces
Info: Removed 0 vertices
[m4-helios-hub-v3] WARN decimate stalled LOD1_HOOK_EMISSIVE: 1624→1624 target=779
[m4-helios-hub-v3] WARN LOD1_HOOK_EMISSIVE still 1624 tris > cap 779
Info: Removed: 0 vertices, 0 edges, 0 faces
Info: Removed: 0 vertices, 0 edges, 0 faces
Info: Removed 0 vertices
Info: Removed: 0 vertices, 0 edges, 0 faces
Info: Removed: 0 vertices, 0 edges, 0 faces
Info: Removed 0 vertices
[m4-helios-hub-v3] helios_hub_station lod1: tris=13588 objects=5
[m4-helios-hub-v3] Decimated LOD2_Merged_Material_Hull: →1627 tris (cap 1663)
Info: Removed: 104 vertices, 127 edges, 0 faces
Info: Removed: 0 vertices, 0 edges, 0 faces
Info: Removed 0 vertices
Info: Removed: 0 vertices, 0 edges, 0 faces
Info: Removed: 0 vertices, 0 edges, 0 faces
Info: Removed 0 vertices
[m4-helios-hub-v3] Decimated LOD2_Merged_Material_Mechanical: →408 tris (cap 445)
Info: Removed: 0 vertices, 0 edges, 0 faces
Info: Removed: 0 vertices, 0 edges, 0 faces
Info: Removed 0 vertices
Info: Removed: 0 vertices, 0 edges, 0 faces
Info: Removed: 0 vertices, 0 edges, 0 faces
Info: Removed 0 vertices
[m4-helios-hub-v3] Decimated LOD2_Merged_Material_Warm: →44 tris (cap 48)
Info: Removed: 0 vertices, 0 edges, 0 faces
Info: Removed: 0 vertices, 0 edges, 0 faces
Info: Removed 0 vertices
Info: Removed: 0 vertices, 0 edges, 0 faces
Info: Removed: 0 vertices, 0 edges, 0 faces
Info: Removed 0 vertices
[m4-helios-hub-v3] Decimated LOD2_Merged_Material_Glass: →58 tris (cap 64)
Info: Removed: 0 vertices, 0 edges, 0 faces
Info: Removed: 0 vertices, 0 edges, 0 faces
Info: Removed 0 vertices
Info: Removed: 0 vertices, 0 edges, 0 faces
Info: Removed: 0 vertices, 0 edges, 0 faces
Info: Removed 0 vertices
[m4-helios-hub-v3] Decimated LOD2_HOOK_EMISSIVE: →44 tris (cap 48)
Info: Removed: 0 vertices, 0 edges, 0 faces
Info: Removed: 0 vertices, 0 edges, 0 faces
Info: Removed 0 vertices
Info: Removed: 0 vertices, 0 edges, 0 faces
Info: Removed: 0 vertices, 0 edges, 0 faces
Info: Removed 0 vertices
[m4-helios-hub-v3] helios_hub_station lod2: tris=1448 objects=5
Info: Removed: 0 vertices, 0 edges, 0 faces
Info: Removed: 0 vertices, 0 edges, 0 faces
Info: Removed 0 vertices
Info: Removed: 0 vertices, 0 edges, 0 faces
Info: Removed: 0 vertices, 0 edges, 0 faces
Info: Removed 0 vertices
Info: Removed: 0 vertices, 0 edges, 0 faces
Info: Removed: 0 vertices, 0 edges, 0 faces
Info: Removed 0 vertices
Info: Removed: 0 vertices, 0 edges, 0 faces
Info: Removed: 0 vertices, 0 edges, 0 faces
Info: Removed 0 vertices
Info: Removed: 0 vertices, 0 edges, 0 faces
Info: Removed: 0 vertices, 0 edges, 0 faces
Info: Removed 0 vertices
Info: Removed: 0 vertices, 0 edges, 0 faces
Info: Removed: 0 vertices, 0 edges, 0 faces
Info: Removed 0 vertices
Info: Removed: 0 vertices, 0 edges, 0 faces
Info: Removed: 0 vertices, 0 edges, 0 faces
Info: Removed 0 vertices
Info: Removed: 0 vertices, 0 edges, 0 faces
Info: Removed: 0 vertices, 0 edges, 0 faces
Info: Removed 0 vertices
Info: Removed: 0 vertices, 0 edges, 0 faces
Info: Removed: 0 vertices, 0 edges, 0 faces
Info: Removed 0 vertices
Info: Removed: 0 vertices, 0 edges, 0 faces
Info: Removed: 0 vertices, 0 edges, 0 faces
Info: Removed 0 vertices
Info: Removed: 0 vertices, 0 edges, 0 faces
Info: Removed: 0 vertices, 0 edges, 0 faces
Info: Removed 0 vertices
Info: Removed: 0 vertices, 0 edges, 0 faces
Info: Removed: 0 vertices, 0 edges, 0 faces
Info: Removed 0 vertices
Info: Removed: 0 vertices, 0 edges, 0 faces
Info: Removed: 0 vertices, 0 edges, 0 faces
Info: Removed 0 vertices
Info: Removed: 0 vertices, 0 edges, 0 faces
Info: Removed: 0 vertices, 0 edges, 0 faces
Info: Removed 0 vertices
Info: Removed: 0 vertices, 0 edges, 0 faces
Info: Removed: 0 vertices, 0 edges, 0 faces
Info: Removed 0 vertices
INFO Draco mesh compression is available, use library at C:\Program Files\Blender Foundation\Blender 5.1\5.1\scripts\addons_core\io_scene_gltf2\extern_draco.dll
21:34:38 | INFO: Starting glTF 2.0 export
21:34:38 | INFO: Extracting primitive: LOD0_HOOK_EMISSIVE
21:34:38 | WARNING: More than one shader node tex image used for a texture. The resulting glTF sampler will behave like the first shader node tex image.
21:34:38 | INFO: Primitives created: 1
21:34:38 | INFO: Extracting primitive: LOD0_Merged_Material_Glass
21:34:38 | WARNING: More than one shader node tex image used for a texture. The resulting glTF sampler will behave like the first shader node tex image.
21:34:38 | INFO: Primitives created: 1
21:34:38 | INFO: Extracting primitive: LOD0_Merged_Material_Hull
21:34:38 | WARNING: More than one shader node tex image used for a texture. The resulting glTF sampler will behave like the first shader node tex image.
21:34:38 | INFO: Primitives created: 1
21:34:38 | INFO: Extracting primitive: LOD0_Merged_Material_Mechanical
21:34:38 | WARNING: More than one shader node tex image used for a texture. The resulting glTF sampler will behave like the first shader node tex image.
21:34:38 | INFO: Primitives created: 1
21:34:38 | INFO: Extracting primitive: LOD0_Merged_Material_Warm
21:34:38 | WARNING: More than one shader node tex image used for a texture. The resulting glTF sampler will behave like the first shader node tex image.
21:34:38 | INFO: Primitives created: 1
21:34:38 | INFO: Extracting primitive: LOD1_HOOK_EMISSIVE
21:34:38 | INFO: Primitives created: 1
21:34:38 | INFO: Extracting primitive: LOD1_Merged_Material_Glass
21:34:38 | INFO: Primitives created: 1
21:34:38 | INFO: Extracting primitive: LOD1_Merged_Material_Hull
21:34:38 | INFO: Primitives created: 1
21:34:38 | INFO: Extracting primitive: LOD1_Merged_Material_Mechanical
21:34:38 | INFO: Primitives created: 1
21:34:38 | INFO: Extracting primitive: LOD1_Merged_Material_Warm
21:34:38 | INFO: Primitives created: 1
21:34:38 | INFO: Extracting primitive: LOD2_HOOK_EMISSIVE
21:34:38 | INFO: Primitives created: 1
21:34:38 | INFO: Extracting primitive: LOD2_Merged_Material_Glass
21:34:38 | INFO: Primitives created: 1
21:34:38 | INFO: Extracting primitive: LOD2_Merged_Material_Hull
21:34:38 | INFO: Primitives created: 1
21:34:38 | INFO: Extracting primitive: LOD2_Merged_Material_Mechanical
21:34:38 | INFO: Primitives created: 1
21:34:38 | INFO: Extracting primitive: LOD2_Merged_Material_Warm
21:34:38 | INFO: Primitives created: 1
21:34:39 | INFO: Finished glTF 2.0 export in 0.594555139541626 s

[m4-helios-hub-v3] Exported GLB → C:\Users\93rob\Documents\GitHub\SpaceFace\assets\ships\m4_helios_hub_v8\source\places\helios_hub_station.glb (8984752 bytes)
03:51.015  render           | Saved: 'C:\Users\93rob\Documents\GitHub\SpaceFace\assets\ships\m4_helios_hub_v8\evidence\renders\helios_hub_station\helios_hub_station_full.__tmp_27428.png'
Info: Saved as "helios_hub_station_production.blend"
[m4-helios-hub-v3] Rendered helios_hub_station_full.png
03:52.890  render           | Saved: 'C:\Users\93rob\Documents\GitHub\SpaceFace\assets\ships\m4_helios_hub_v8\evidence\renders\helios_hub_station\helios_hub_station_full.__tmp_27428.png'
[m4-helios-hub-v3] Rendered helios_hub_station_full.png
03:54.672  render           | Saved: 'C:\Users\93rob\Documents\GitHub\SpaceFace\assets\ships\m4_helios_hub_v8\evidence\renders\helios_hub_station\helios_hub_station_full.__tmp_27428.png'
[m4-helios-hub-v3] Rendered helios_hub_station_full.png
03:56.390  render           | Saved: 'C:\Users\93rob\Documents\GitHub\SpaceFace\assets\ships\m4_helios_hub_v8\evidence\renders\helios_hub_station\helios_hub_station_full.__tmp_27428.png'
[m4-helios-hub-v3] Rendered helios_hub_station_full.png
03:58.812  render           | Saved: 'C:\Users\93rob\Documents\GitHub\SpaceFace\assets\ships\m4_helios_hub_v8\evidence\renders\helios_hub_station\helios_hub_station_full.__tmp_27428.png'
[m4-helios-hub-v3] Rendered helios_hub_station_full.png
04:00.844  render           | Saved: 'C:\Users\93rob\Documents\GitHub\SpaceFace\assets\ships\m4_helios_hub_v8\evidence\renders\helios_hub_station\helios_hub_station_full.__tmp_27428.png'
[m4-helios-hub-v3] Rendered helios_hub_station_full.png
04:02.765  render           | Saved: 'C:\Users\93rob\Documents\GitHub\SpaceFace\assets\ships\m4_helios_hub_v8\evidence\renders\helios_hub_station\helios_hub_station_full.__tmp_27428.png'
[m4-helios-hub-v3] Rendered helios_hub_station_full.png
04:05.156  render           | Saved: 'C:\Users\93rob\Documents\GitHub\SpaceFace\assets\ships\m4_helios_hub_v8\evidence\renders\helios_hub_station\helios_hub_station_full.__tmp_27428.png'
[m4-helios-hub-v3] Rendered helios_hub_station_full.png
04:07.219  render           | Saved: 'C:\Users\93rob\Documents\GitHub\SpaceFace\assets\ships\m4_helios_hub_v8\evidence\renders\helios_hub_station\helios_hub_station_full.__tmp_27428.png'
[m4-helios-hub-v3] Rendered helios_hub_station_full.png
04:09.547  render           | Saved: 'C:\Users\93rob\Documents\GitHub\SpaceFace\assets\ships\m4_helios_hub_v8\evidence\renders\helios_hub_station\helios_hub_station_full.__tmp_27428.png'
[m4-helios-hub-v3] Rendered helios_hub_station_full.png
04:11.875  render           | Saved: 'C:\Users\93rob\Documents\GitHub\SpaceFace\assets\ships\m4_helios_hub_v8\evidence\renders\helios_hub_station\helios_hub_station_forward_34.__tmp_27428.png'
[m4-helios-hub-v3] Rendered helios_hub_station_forward_34.png
04:14.219  render           | Saved: 'C:\Users\93rob\Documents\GitHub\SpaceFace\assets\ships\m4_helios_hub_v8\evidence\renders\helios_hub_station\helios_hub_station_forward_34.__tmp_27428.png'
[m4-helios-hub-v3] Rendered helios_hub_station_forward_34.png
04:16.469  render           | Saved: 'C:\Users\93rob\Documents\GitHub\SpaceFace\assets\ships\m4_helios_hub_v8\evidence\renders\helios_hub_station\helios_hub_station_forward_34.__tmp_27428.png'
[m4-helios-hub-v3] Rendered helios_hub_station_forward_34.png
04:18.953  render           | Saved: 'C:\Users\93rob\Documents\GitHub\SpaceFace\assets\ships\m4_helios_hub_v8\evidence\renders\helios_hub_station\helios_hub_station_forward_34.__tmp_27428.png'
[m4-helios-hub-v3] Rendered helios_hub_station_forward_34.png
04:21.000  render           | Saved: 'C:\Users\93rob\Documents\GitHub\SpaceFace\assets\ships\m4_helios_hub_v8\evidence\renders\helios_hub_station\helios_hub_station_forward_34.__tmp_27428.png'
[m4-helios-hub-v3] Rendered helios_hub_station_forward_34.png
04:23.015  render           | Saved: 'C:\Users\93rob\Documents\GitHub\SpaceFace\assets\ships\m4_helios_hub_v8\evidence\renders\helios_hub_station\helios_hub_station_forward_34.__tmp_27428.png'
[m4-helios-hub-v3] Rendered helios_hub_station_forward_34.png
04:25.437  render           | Saved: 'C:\Users\93rob\Documents\GitHub\SpaceFace\assets\ships\m4_helios_hub_v8\evidence\renders\helios_hub_station\helios_hub_station_forward_34.__tmp_27428.png'
[m4-helios-hub-v3] Rendered helios_hub_station_forward_34.png
04:27.797  render           | Saved: 'C:\Users\93rob\Documents\GitHub\SpaceFace\assets\ships\m4_helios_hub_v8\evidence\renders\helios_hub_station\helios_hub_station_forward_34.__tmp_27428.png'
[m4-helios-hub-v3] Rendered helios_hub_station_forward_34.png
04:29.672  render           | Saved: 'C:\Users\93rob\Documents\GitHub\SpaceFace\assets\ships\m4_helios_hub_v8\evidence\renders\helios_hub_station\helios_hub_station_forward_34.__tmp_27428.png'
[m4-helios-hub-v3] Rendered helios_hub_station_forward_34.png
04:31.953  render           | Saved: 'C:\Users\93rob\Documents\GitHub\SpaceFace\assets\ships\m4_helios_hub_v8\evidence\renders\helios_hub_station\helios_hub_station_forward_34.__tmp_27428.png'
[m4-helios-hub-v3] Rendered helios_hub_station_forward_34.png
04:33.953  render           | Saved: 'C:\Users\93rob\Documents\GitHub\SpaceFace\assets\ships\m4_helios_hub_v8\evidence\renders\helios_hub_station\helios_hub_station_readability_close.__tmp_27428.png'
[m4-helios-hub-v3] Rendered helios_hub_station_readability_close.png
04:35.484  render           | Saved: 'C:\Users\93rob\Documents\GitHub\SpaceFace\assets\ships\m4_helios_hub_v8\evidence\renders\helios_hub_station\helios_hub_station_readability_close.__tmp_27428.png'
[m4-helios-hub-v3] Rendered helios_hub_station_readability_close.png
04:36.390  render           | Saved: 'C:\Users\93rob\Documents\GitHub\SpaceFace\assets\ships\m4_helios_hub_v8\evidence\renders\helios_hub_station\helios_hub_station_readability_120px.__tmp_27428.png'
[m4-helios-hub-v3] Rendered helios_hub_station_readability_120px.png
04:37.390  render           | Saved: 'C:\Users\93rob\Documents\GitHub\SpaceFace\assets\ships\m4_helios_hub_v8\evidence\renders\helios_hub_station\helios_hub_station_readability_under45px.__tmp_27428.png'
[m4-helios-hub-v3] Rendered helios_hub_station_readability_under45px.png
04:39.484  render           | Saved: 'C:\Users\93rob\Documents\GitHub\SpaceFace\assets\ships\m4_helios_hub_v8\evidence\renders\helios_hub_station\helios_hub_station_top.__tmp_27428.png'
[m4-helios-hub-v3] Rendered helios_hub_station_top.png
04:41.453  render           | Saved: 'C:\Users\93rob\Documents\GitHub\SpaceFace\assets\ships\m4_helios_hub_v8\evidence\renders\helios_hub_station\helios_hub_station_rear.__tmp_27428.png'
[m4-helios-hub-v3] Rendered helios_hub_station_rear.png
04:43.797  render           | Saved: 'C:\Users\93rob\Documents\GitHub\SpaceFace\assets\ships\m4_helios_hub_v8\evidence\renders\helios_hub_station\helios_hub_station_rear_34.__tmp_27428.png'
[m4-helios-hub-v3] Rendered helios_hub_station_rear_34.png
04:46.500  render           | Saved: 'C:\Users\93rob\Documents\GitHub\SpaceFace\assets\ships\m4_helios_hub_v8\evidence\renders\helios_hub_station\helios_hub_station_detail.__tmp_27428.png'
[m4-helios-hub-v3] Rendered helios_hub_station_detail.png
04:48.469  render           | Saved: 'C:\Users\93rob\Documents\GitHub\SpaceFace\assets\ships\m4_helios_hub_v8\evidence\renders\helios_hub_station\helios_hub_station_detail.__tmp_27428.png'
[m4-helios-hub-v3] Rendered helios_hub_station_detail.png
04:50.625  render           | Saved: 'C:\Users\93rob\Documents\GitHub\SpaceFace\assets\ships\m4_helios_hub_v8\evidence\renders\helios_hub_station\helios_hub_station_detail.__tmp_27428.png'
[m4-helios-hub-v3] Rendered helios_hub_station_detail.png
04:52.969  render           | Saved: 'C:\Users\93rob\Documents\GitHub\SpaceFace\assets\ships\m4_helios_hub_v8\evidence\renders\helios_hub_station\helios_hub_station_detail.__tmp_27428.png'
[m4-helios-hub-v3] Rendered helios_hub_station_detail.png
04:55.359  render           | Saved: 'C:\Users\93rob\Documents\GitHub\SpaceFace\assets\ships\m4_helios_hub_v8\evidence\renders\helios_hub_station\helios_hub_station_detail.__tmp_27428.png'
[m4-helios-hub-v3] Rendered helios_hub_station_detail.png
04:57.140  render           | Saved: 'C:\Users\93rob\Documents\GitHub\SpaceFace\assets\ships\m4_helios_hub_v8\evidence\renders\helios_hub_station\helios_hub_station_detail.__tmp_27428.png'
[m4-helios-hub-v3] Rendered helios_hub_station_detail.png
04:59.140  render           | Saved: 'C:\Users\93rob\Documents\GitHub\SpaceFace\assets\ships\m4_helios_hub_v8\evidence\renders\helios_hub_station\helios_hub_station_detail.__tmp_27428.png'
[m4-helios-hub-v3] Rendered helios_hub_station_detail.png
05:01.156  render           | Saved: 'C:\Users\93rob\Documents\GitHub\SpaceFace\assets\ships\m4_helios_hub_v8\evidence\renders\helios_hub_station\helios_hub_station_detail.__tmp_27428.png'
[m4-helios-hub-v3] Rendered helios_hub_station_detail.png
05:03.109  render           | Saved: 'C:\Users\93rob\Documents\GitHub\SpaceFace\assets\ships\m4_helios_hub_v8\evidence\renders\helios_hub_station\helios_hub_station_detail.__tmp_27428.png'
[m4-helios-hub-v3] Rendered helios_hub_station_detail.png
05:05.047  render           | Saved: 'C:\Users\93rob\Documents\GitHub\SpaceFace\assets\ships\m4_helios_hub_v8\evidence\renders\helios_hub_station\helios_hub_station_detail.__tmp_27428.png'
[m4-helios-hub-v3] Rendered helios_hub_station_detail.png
05:06.453  render           | Saved: 'C:\Users\93rob\Documents\GitHub\SpaceFace\assets\ships\m4_helios_hub_v8\evidence\renders\helios_hub_station\helios_hub_station_side_ortho.__tmp_27428.png'
[m4-helios-hub-v3] Rendered helios_hub_station_side_ortho.png
05:08.390  render           | Saved: 'C:\Users\93rob\Documents\GitHub\SpaceFace\assets\ships\m4_helios_hub_v8\evidence\renders\helios_hub_station\helios_hub_station_gamesky.__tmp_27428.png'
[m4-helios-hub-v3] Rendered helios_hub_station_gamesky.png
05:10.094  render           | Saved: 'C:\Users\93rob\Documents\GitHub\SpaceFace\assets\ships\m4_helios_hub_v8\evidence\renders\helios_hub_station\helios_hub_station_gamesky_forward_34.__tmp_27428.png'
[m4-helios-hub-v3] Rendered helios_hub_station_gamesky_forward_34.png
05:11.859  render           | Saved: 'C:\Users\93rob\Documents\GitHub\SpaceFace\assets\ships\m4_helios_hub_v8\evidence\renders\helios_hub_station\helios_hub_station_gamesky_close.__tmp_27428.png'
[m4-helios-hub-v3] Rendered helios_hub_station_gamesky_close.png
05:13.500  render           | Saved: 'C:\Users\93rob\Documents\GitHub\SpaceFace\assets\ships\m4_helios_hub_v8\evidence\renders\helios_hub_station\helios_hub_station_gameplay.__tmp_27428.png'
[m4-helios-hub-v3] Rendered helios_hub_station_gameplay.png
05:14.687  render           | Saved: 'C:\Users\93rob\Documents\GitHub\SpaceFace\assets\ships\m4_helios_hub_v8\evidence\renders\helios_hub_station\helios_hub_station_lod_continuity_lod0.__tmp_27428.png'
[m4-helios-hub-v3] Rendered helios_hub_station_lod_continuity_lod0.png
05:15.656  render           | Saved: 'C:\Users\93rob\Documents\GitHub\SpaceFace\assets\ships\m4_helios_hub_v8\evidence\renders\helios_hub_station\helios_hub_station_lod_continuity_lod1.__tmp_27428.png'
[m4-helios-hub-v3] Rendered helios_hub_station_lod_continuity_lod1.png
05:16.797  render           | Saved: 'C:\Users\93rob\Documents\GitHub\SpaceFace\assets\ships\m4_helios_hub_v8\evidence\renders\helios_hub_station\helios_hub_station_lod_continuity_lod2.__tmp_27428.png'
[m4-helios-hub-v3] Rendered helios_hub_station_lod_continuity_lod2.png
[m4-helios-hub-v3] FAIL helios_hub_station: FRAMING HARD FAIL helios_hub_station: hero shots outside margin: full, forward_34
[m4-helios-hub-v3] === Building helios_gate: Helios Gate Landmark ===
[m4-helios-hub-v3] V8 NEW FOUNDATION gate — structural portal + nested emitters/coils
[m4-helios-hub-v3] Decimated V8 donor:Sci-Fi_Station_outer ring details: →2726 tris (cap 2964)
[m4-helios-hub-v3] WARN decimate stalled V8 donor:Sci-Fi_Station_base ring details: 4522→4517 target=2896
[m4-helios-hub-v3] WARN V8 donor:Sci-Fi_Station_base ring details still 4517 tris > cap 2896
[m4-helios-hub-v3] Decimated V8 donor:Sci-Fi_Station_outer ring pods: →1014 tris (cap 1103)
[m4-helios-hub-v3] Decimated V8 donor:Sci-Fi_Station_outer ring: →58 tris (cap 64)
[m4-helios-hub-v3] Decimated V8 donor:Sci-Fi_Station_base ring: →58 tris (cap 64)
[m4-helios-hub-v3] Authored 75 parts; primary tris≈108
Info: Removed: 8 vertices, 6 edges, 0 faces
Info: Removed: 0 vertices, 0 edges, 0 faces
Info: Removed 0 vertices
Info: Removed: 0 vertices, 0 edges, 0 faces
Info: Removed: 0 vertices, 0 edges, 0 faces
Info: Removed 0 vertices
Info: Removed: 2053 vertices, 2400 edges, 0 faces
Info: Removed: 0 vertices, 0 edges, 0 faces
Info: Removed 0 vertices
Info: Removed: 0 vertices, 0 edges, 0 faces
Info: Removed: 0 vertices, 0 edges, 0 faces
Info: Removed 0 vertices
Info: Removed: 0 vertices, 0 edges, 0 faces
Info: Removed: 0 vertices, 0 edges, 0 faces
Info: Removed 0 vertices
Info: Removed: 0 vertices, 0 edges, 0 faces
Info: Removed: 0 vertices, 0 edges, 0 faces
Info: Removed 0 vertices
[m4-helios-hub-v3] helios_gate lod0: tris=18213 objects=3
Info: Removed: 0 vertices, 0 edges, 0 faces
Info: Removed: 0 vertices, 0 edges, 0 faces
Info: Removed 0 vertices
Info: Removed: 0 vertices, 0 edges, 0 faces
Info: Removed: 0 vertices, 0 edges, 0 faces
Info: Removed 0 vertices
Info: Removed: 0 vertices, 0 edges, 0 faces
Info: Removed: 0 vertices, 0 edges, 0 faces
Info: Removed 0 vertices
Info: Removed: 0 vertices, 0 edges, 0 faces
Info: Removed: 0 vertices, 0 edges, 0 faces
Info: Removed 0 vertices
[m4-helios-hub-v3] Decimated LOD1_HOOK_EMISSIVE: →1164 tris (cap 1266)
Info: Removed: 0 vertices, 0 edges, 0 faces
Info: Removed: 0 vertices, 0 edges, 0 faces
Info: Removed 0 vertices
Info: Removed: 0 vertices, 0 edges, 0 faces
Info: Removed: 0 vertices, 0 edges, 0 faces
Info: Removed 0 vertices
[m4-helios-hub-v3] helios_gate lod1: tris=4780 objects=3
Info: Removed: 0 vertices, 0 edges, 0 faces
Info: Removed: 0 vertices, 0 edges, 0 faces
Info: Removed 0 vertices
Info: Removed: 0 vertices, 0 edges, 0 faces
Info: Removed: 0 vertices, 0 edges, 0 faces
Info: Removed 0 vertices
[m4-helios-hub-v3] Decimated LOD2_HOOK_EMISSIVE: →414 tris (cap 452)
Info: Removed: 0 vertices, 0 edges, 0 faces
Info: Removed: 0 vertices, 0 edges, 0 faces
Info: Removed 0 vertices
Info: Removed: 0 vertices, 0 edges, 0 faces
Info: Removed: 0 vertices, 0 edges, 0 faces
Info: Removed 0 vertices
[m4-helios-hub-v3] helios_gate lod2: tris=1650 objects=2
Info: Removed: 0 vertices, 0 edges, 0 faces
Info: Removed: 0 vertices, 0 edges, 0 faces
Info: Removed 0 vertices
Info: Removed: 0 vertices, 0 edges, 0 faces
Info: Removed: 0 vertices, 0 edges, 0 faces
Info: Removed 0 vertices
Info: Removed: 0 vertices, 0 edges, 0 faces
Info: Removed: 0 vertices, 0 edges, 0 faces
Info: Removed 0 vertices
Info: Removed: 0 vertices, 0 edges, 0 faces
Info: Removed: 0 vertices, 0 edges, 0 faces
Info: Removed 0 vertices
Info: Removed: 0 vertices, 0 edges, 0 faces
Info: Removed: 0 vertices, 0 edges, 0 faces
Info: Removed 0 vertices
Info: Removed: 0 vertices, 0 edges, 0 faces
Info: Removed: 0 vertices, 0 edges, 0 faces
Info: Removed 0 vertices
Info: Removed: 0 vertices, 0 edges, 0 faces
Info: Removed: 0 vertices, 0 edges, 0 faces
Info: Removed 0 vertices
Info: Removed: 0 vertices, 0 edges, 0 faces
Info: Removed: 0 vertices, 0 edges, 0 faces
Info: Removed 0 vertices
21:36:30 | INFO: Starting glTF 2.0 export
21:36:30 | INFO: Extracting primitive: LOD0_HOOK_EMISSIVE
21:36:30 | WARNING: More than one shader node tex image used for a texture. The resulting glTF sampler will behave like the first shader node tex image.
21:36:30 | INFO: Primitives created: 1
21:36:30 | INFO: Extracting primitive: LOD0_Merged_Material_Hull
21:36:30 | WARNING: More than one shader node tex image used for a texture. The resulting glTF sampler will behave like the first shader node tex image.
21:36:30 | INFO: Primitives created: 1
21:36:30 | INFO: Extracting primitive: LOD0_Merged_Material_Mechanical
21:36:30 | WARNING: More than one shader node tex image used for a texture. The resulting glTF sampler will behave like the first shader node tex image.
21:36:30 | INFO: Primitives created: 1
21:36:30 | INFO: Extracting primitive: LOD1_HOOK_EMISSIVE
21:36:30 | INFO: Primitives created: 1
21:36:30 | INFO: Extracting primitive: LOD1_Merged_Material_Hull
21:36:30 | INFO: Primitives created: 1
21:36:30 | INFO: Extracting primitive: LOD1_Merged_Material_Mechanical
21:36:30 | INFO: Primitives created: 1
21:36:30 | INFO: Extracting primitive: LOD2_HOOK_EMISSIVE
21:36:30 | INFO: Primitives created: 1
21:36:30 | INFO: Extracting primitive: LOD2_Merged_Material_Hull
21:36:30 | INFO: Primitives created: 1
21:36:30 | INFO: Finished glTF 2.0 export in 0.24390029907226562 s

[m4-helios-hub-v3] Exported GLB → C:\Users\93rob\Documents\GitHub\SpaceFace\assets\ships\m4_helios_hub_v8\source\places\helios_gate.glb (4742372 bytes)
05:35.687  render           | Saved: 'C:\Users\93rob\Documents\GitHub\SpaceFace\assets\ships\m4_helios_hub_v8\evidence\renders\helios_gate\helios_gate_full.__tmp_27428.png'
Info: Saved as "helios_gate_production.blend"
[m4-helios-hub-v3] Rendered helios_gate_full.png
05:37.937  render           | Saved: 'C:\Users\93rob\Documents\GitHub\SpaceFace\assets\ships\m4_helios_hub_v8\evidence\renders\helios_gate\helios_gate_full.__tmp_27428.png'
[m4-helios-hub-v3] Rendered helios_gate_full.png
05:40.687  render           | Saved: 'C:\Users\93rob\Documents\GitHub\SpaceFace\assets\ships\m4_helios_hub_v8\evidence\renders\helios_gate\helios_gate_full.__tmp_27428.png'
[m4-helios-hub-v3] Rendered helios_gate_full.png
05:43.172  render           | Saved: 'C:\Users\93rob\Documents\GitHub\SpaceFace\assets\ships\m4_helios_hub_v8\evidence\renders\helios_gate\helios_gate_full.__tmp_27428.png'
[m4-helios-hub-v3] Rendered helios_gate_full.png
05:45.140  render           | Saved: 'C:\Users\93rob\Documents\GitHub\SpaceFace\assets\ships\m4_helios_hub_v8\evidence\renders\helios_gate\helios_gate_full.__tmp_27428.png'
[m4-helios-hub-v3] Rendered helios_gate_full.png
05:47.172  render           | Saved: 'C:\Users\93rob\Documents\GitHub\SpaceFace\assets\ships\m4_helios_hub_v8\evidence\renders\helios_gate\helios_gate_full.__tmp_27428.png'
[m4-helios-hub-v3] Rendered helios_gate_full.png
05:49.094  render           | Saved: 'C:\Users\93rob\Documents\GitHub\SpaceFace\assets\ships\m4_helios_hub_v8\evidence\renders\helios_gate\helios_gate_full.__tmp_27428.png'
[m4-helios-hub-v3] Rendered helios_gate_full.png
05:50.687  render           | Saved: 'C:\Users\93rob\Documents\GitHub\SpaceFace\assets\ships\m4_helios_hub_v8\evidence\renders\helios_gate\helios_gate_full.__tmp_27428.png'
[m4-helios-hub-v3] Rendered helios_gate_full.png
05:51.969  render           | Saved: 'C:\Users\93rob\Documents\GitHub\SpaceFace\assets\ships\m4_helios_hub_v8\evidence\renders\helios_gate\helios_gate_full.__tmp_27428.png'
[m4-helios-hub-v3] Rendered helios_gate_full.png
05:53.312  render           | Saved: 'C:\Users\93rob\Documents\GitHub\SpaceFace\assets\ships\m4_helios_hub_v8\evidence\renders\helios_gate\helios_gate_full.__tmp_27428.png'
[m4-helios-hub-v3] Rendered helios_gate_full.png
05:54.734  render           | Saved: 'C:\Users\93rob\Documents\GitHub\SpaceFace\assets\ships\m4_helios_hub_v8\evidence\renders\helios_gate\helios_gate_forward_34.__tmp_27428.png'
[m4-helios-hub-v3] Rendered helios_gate_forward_34.png
05:56.890  render           | Saved: 'C:\Users\93rob\Documents\GitHub\SpaceFace\assets\ships\m4_helios_hub_v8\evidence\renders\helios_gate\helios_gate_forward_34.__tmp_27428.png'
[m4-helios-hub-v3] Rendered helios_gate_forward_34.png
05:58.844  render           | Saved: 'C:\Users\93rob\Documents\GitHub\SpaceFace\assets\ships\m4_helios_hub_v8\evidence\renders\helios_gate\helios_gate_forward_34.__tmp_27428.png'
[m4-helios-hub-v3] Rendered helios_gate_forward_34.png
06:01.297  render           | Saved: 'C:\Users\93rob\Documents\GitHub\SpaceFace\assets\ships\m4_helios_hub_v8\evidence\renders\helios_gate\helios_gate_forward_34.__tmp_27428.png'
[m4-helios-hub-v3] Rendered helios_gate_forward_34.png
06:03.140  render           | Saved: 'C:\Users\93rob\Documents\GitHub\SpaceFace\assets\ships\m4_helios_hub_v8\evidence\renders\helios_gate\helios_gate_forward_34.__tmp_27428.png'
[m4-helios-hub-v3] Rendered helios_gate_forward_34.png
06:05.047  render           | Saved: 'C:\Users\93rob\Documents\GitHub\SpaceFace\assets\ships\m4_helios_hub_v8\evidence\renders\helios_gate\helios_gate_forward_34.__tmp_27428.png'
[m4-helios-hub-v3] Rendered helios_gate_forward_34.png
06:07.031  render           | Saved: 'C:\Users\93rob\Documents\GitHub\SpaceFace\assets\ships\m4_helios_hub_v8\evidence\renders\helios_gate\helios_gate_forward_34.__tmp_27428.png'
[m4-helios-hub-v3] Rendered helios_gate_forward_34.png
06:09.125  render           | Saved: 'C:\Users\93rob\Documents\GitHub\SpaceFace\assets\ships\m4_helios_hub_v8\evidence\renders\helios_gate\helios_gate_forward_34.__tmp_27428.png'
[m4-helios-hub-v3] Rendered helios_gate_forward_34.png
06:10.875  render           | Saved: 'C:\Users\93rob\Documents\GitHub\SpaceFace\assets\ships\m4_helios_hub_v8\evidence\renders\helios_gate\helios_gate_forward_34.__tmp_27428.png'
[m4-helios-hub-v3] Rendered helios_gate_forward_34.png
06:12.656  render           | Saved: 'C:\Users\93rob\Documents\GitHub\SpaceFace\assets\ships\m4_helios_hub_v8\evidence\renders\helios_gate\helios_gate_forward_34.__tmp_27428.png'
[m4-helios-hub-v3] Rendered helios_gate_forward_34.png
06:14.578  render           | Saved: 'C:\Users\93rob\Documents\GitHub\SpaceFace\assets\ships\m4_helios_hub_v8\evidence\renders\helios_gate\helios_gate_readability_close.__tmp_27428.png'
[m4-helios-hub-v3] Rendered helios_gate_readability_close.png
06:15.953  render           | Saved: 'C:\Users\93rob\Documents\GitHub\SpaceFace\assets\ships\m4_helios_hub_v8\evidence\renders\helios_gate\helios_gate_readability_close.__tmp_27428.png'
[m4-helios-hub-v3] Rendered helios_gate_readability_close.png
06:17.187  render           | Saved: 'C:\Users\93rob\Documents\GitHub\SpaceFace\assets\ships\m4_helios_hub_v8\evidence\renders\helios_gate\helios_gate_readability_close.__tmp_27428.png'
[m4-helios-hub-v3] Rendered helios_gate_readability_close.png
06:18.547  render           | Saved: 'C:\Users\93rob\Documents\GitHub\SpaceFace\assets\ships\m4_helios_hub_v8\evidence\renders\helios_gate\helios_gate_readability_120px.__tmp_27428.png'
[m4-helios-hub-v3] Rendered helios_gate_readability_120px.png
06:19.219  render           | Saved: 'C:\Users\93rob\Documents\GitHub\SpaceFace\assets\ships\m4_helios_hub_v8\evidence\renders\helios_gate\helios_gate_readability_under45px.__tmp_27428.png'
[m4-helios-hub-v3] Rendered helios_gate_readability_under45px.png
06:20.672  render           | Saved: 'C:\Users\93rob\Documents\GitHub\SpaceFace\assets\ships\m4_helios_hub_v8\evidence\renders\helios_gate\helios_gate_top.__tmp_27428.png'
[m4-helios-hub-v3] Rendered helios_gate_top.png
06:23.000  render           | Saved: 'C:\Users\93rob\Documents\GitHub\SpaceFace\assets\ships\m4_helios_hub_v8\evidence\renders\helios_gate\helios_gate_top.__tmp_27428.png'
[m4-helios-hub-v3] Rendered helios_gate_top.png
06:25.015  render           | Saved: 'C:\Users\93rob\Documents\GitHub\SpaceFace\assets\ships\m4_helios_hub_v8\evidence\renders\helios_gate\helios_gate_top.__tmp_27428.png'
[m4-helios-hub-v3] Rendered helios_gate_top.png
06:26.859  render           | Saved: 'C:\Users\93rob\Documents\GitHub\SpaceFace\assets\ships\m4_helios_hub_v8\evidence\renders\helios_gate\helios_gate_top.__tmp_27428.png'
[m4-helios-hub-v3] Rendered helios_gate_top.png
06:28.469  render           | Saved: 'C:\Users\93rob\Documents\GitHub\SpaceFace\assets\ships\m4_helios_hub_v8\evidence\renders\helios_gate\helios_gate_top.__tmp_27428.png'
[m4-helios-hub-v3] Rendered helios_gate_top.png
06:30.406  render           | Saved: 'C:\Users\93rob\Documents\GitHub\SpaceFace\assets\ships\m4_helios_hub_v8\evidence\renders\helios_gate\helios_gate_top.__tmp_27428.png'
[m4-helios-hub-v3] Rendered helios_gate_top.png
06:32.172  render           | Saved: 'C:\Users\93rob\Documents\GitHub\SpaceFace\assets\ships\m4_helios_hub_v8\evidence\renders\helios_gate\helios_gate_top.__tmp_27428.png'
[m4-helios-hub-v3] Rendered helios_gate_top.png
06:33.953  render           | Saved: 'C:\Users\93rob\Documents\GitHub\SpaceFace\assets\ships\m4_helios_hub_v8\evidence\renders\helios_gate\helios_gate_top.__tmp_27428.png'
[m4-helios-hub-v3] Rendered helios_gate_top.png
06:35.609  render           | Saved: 'C:\Users\93rob\Documents\GitHub\SpaceFace\assets\ships\m4_helios_hub_v8\evidence\renders\helios_gate\helios_gate_top.__tmp_27428.png'
[m4-helios-hub-v3] Rendered helios_gate_top.png
06:37.125  render           | Saved: 'C:\Users\93rob\Documents\GitHub\SpaceFace\assets\ships\m4_helios_hub_v8\evidence\renders\helios_gate\helios_gate_top.__tmp_27428.png'
[m4-helios-hub-v3] Rendered helios_gate_top.png
06:38.640  render           | Saved: 'C:\Users\93rob\Documents\GitHub\SpaceFace\assets\ships\m4_helios_hub_v8\evidence\renders\helios_gate\helios_gate_rear.__tmp_27428.png'
[m4-helios-hub-v3] Rendered helios_gate_rear.png
06:40.781  render           | Saved: 'C:\Users\93rob\Documents\GitHub\SpaceFace\assets\ships\m4_helios_hub_v8\evidence\renders\helios_gate\helios_gate_rear.__tmp_27428.png'
[m4-helios-hub-v3] Rendered helios_gate_rear.png
06:43.000  render           | Saved: 'C:\Users\93rob\Documents\GitHub\SpaceFace\assets\ships\m4_helios_hub_v8\evidence\renders\helios_gate\helios_gate_rear_34.__tmp_27428.png'
[m4-helios-hub-v3] Rendered helios_gate_rear_34.png
06:44.797  render           | Saved: 'C:\Users\93rob\Documents\GitHub\SpaceFace\assets\ships\m4_helios_hub_v8\evidence\renders\helios_gate\helios_gate_rear_34.__tmp_27428.png'
[m4-helios-hub-v3] Rendered helios_gate_rear_34.png
06:46.594  render           | Saved: 'C:\Users\93rob\Documents\GitHub\SpaceFace\assets\ships\m4_helios_hub_v8\evidence\renders\helios_gate\helios_gate_detail.__tmp_27428.png'
[m4-helios-hub-v3] Rendered helios_gate_detail.png
06:48.484  render           | Saved: 'C:\Users\93rob\Documents\GitHub\SpaceFace\assets\ships\m4_helios_hub_v8\evidence\renders\helios_gate\helios_gate_detail.__tmp_27428.png'
[m4-helios-hub-v3] Rendered helios_gate_detail.png
06:50.156  render           | Saved: 'C:\Users\93rob\Documents\GitHub\SpaceFace\assets\ships\m4_helios_hub_v8\evidence\renders\helios_gate\helios_gate_detail.__tmp_27428.png'
[m4-helios-hub-v3] Rendered helios_gate_detail.png
06:51.765  render           | Saved: 'C:\Users\93rob\Documents\GitHub\SpaceFace\assets\ships\m4_helios_hub_v8\evidence\renders\helios_gate\helios_gate_detail.__tmp_27428.png'
[m4-helios-hub-v3] Rendered helios_gate_detail.png
06:53.265  render           | Saved: 'C:\Users\93rob\Documents\GitHub\SpaceFace\assets\ships\m4_helios_hub_v8\evidence\renders\helios_gate\helios_gate_detail.__tmp_27428.png'
[m4-helios-hub-v3] Rendered helios_gate_detail.png
06:55.000  render           | Saved: 'C:\Users\93rob\Documents\GitHub\SpaceFace\assets\ships\m4_helios_hub_v8\evidence\renders\helios_gate\helios_gate_detail.__tmp_27428.png'
[m4-helios-hub-v3] Rendered helios_gate_detail.png
06:56.500  render           | Saved: 'C:\Users\93rob\Documents\GitHub\SpaceFace\assets\ships\m4_helios_hub_v8\evidence\renders\helios_gate\helios_gate_detail.__tmp_27428.png'
[m4-helios-hub-v3] Rendered helios_gate_detail.png
06:58.000  render           | Saved: 'C:\Users\93rob\Documents\GitHub\SpaceFace\assets\ships\m4_helios_hub_v8\evidence\renders\helios_gate\helios_gate_detail.__tmp_27428.png'
[m4-helios-hub-v3] Rendered helios_gate_detail.png
06:59.422  render           | Saved: 'C:\Users\93rob\Documents\GitHub\SpaceFace\assets\ships\m4_helios_hub_v8\evidence\renders\helios_gate\helios_gate_detail.__tmp_27428.png'
[m4-helios-hub-v3] Rendered helios_gate_detail.png
07:01.656  render           | Saved: 'C:\Users\93rob\Documents\GitHub\SpaceFace\assets\ships\m4_helios_hub_v8\evidence\renders\helios_gate\helios_gate_detail.__tmp_27428.png'
[m4-helios-hub-v3] Rendered helios_gate_detail.png
07:04.562  render           | Saved: 'C:\Users\93rob\Documents\GitHub\SpaceFace\assets\ships\m4_helios_hub_v8\evidence\renders\helios_gate\helios_gate_side_ortho.__tmp_27428.png'
[m4-helios-hub-v3] Rendered helios_gate_side_ortho.png
07:07.078  render           | Saved: 'C:\Users\93rob\Documents\GitHub\SpaceFace\assets\ships\m4_helios_hub_v8\evidence\renders\helios_gate\helios_gate_side_ortho.__tmp_27428.png'
[m4-helios-hub-v3] Rendered helios_gate_side_ortho.png
07:09.219  render           | Saved: 'C:\Users\93rob\Documents\GitHub\SpaceFace\assets\ships\m4_helios_hub_v8\evidence\renders\helios_gate\helios_gate_side_ortho.__tmp_27428.png'
[m4-helios-hub-v3] Rendered helios_gate_side_ortho.png
07:11.203  render           | Saved: 'C:\Users\93rob\Documents\GitHub\SpaceFace\assets\ships\m4_helios_hub_v8\evidence\renders\helios_gate\helios_gate_side_ortho.__tmp_27428.png'
[m4-helios-hub-v3] Rendered helios_gate_side_ortho.png
07:13.906  render           | Saved: 'C:\Users\93rob\Documents\GitHub\SpaceFace\assets\ships\m4_helios_hub_v8\evidence\renders\helios_gate\helios_gate_side_ortho.__tmp_27428.png'
[m4-helios-hub-v3] Rendered helios_gate_side_ortho.png
07:15.719  render           | Saved: 'C:\Users\93rob\Documents\GitHub\SpaceFace\assets\ships\m4_helios_hub_v8\evidence\renders\helios_gate\helios_gate_side_ortho.__tmp_27428.png'
[m4-helios-hub-v3] Rendered helios_gate_side_ortho.png
07:17.422  render           | Saved: 'C:\Users\93rob\Documents\GitHub\SpaceFace\assets\ships\m4_helios_hub_v8\evidence\renders\helios_gate\helios_gate_side_ortho.__tmp_27428.png'
[m4-helios-hub-v3] Rendered helios_gate_side_ortho.png
07:18.984  render           | Saved: 'C:\Users\93rob\Documents\GitHub\SpaceFace\assets\ships\m4_helios_hub_v8\evidence\renders\helios_gate\helios_gate_side_ortho.__tmp_27428.png'
[m4-helios-hub-v3] Rendered helios_gate_side_ortho.png
07:20.797  render           | Saved: 'C:\Users\93rob\Documents\GitHub\SpaceFace\assets\ships\m4_helios_hub_v8\evidence\renders\helios_gate\helios_gate_side_ortho.__tmp_27428.png'
[m4-helios-hub-v3] Rendered helios_gate_side_ortho.png
07:22.672  render           | Saved: 'C:\Users\93rob\Documents\GitHub\SpaceFace\assets\ships\m4_helios_hub_v8\evidence\renders\helios_gate\helios_gate_side_ortho.__tmp_27428.png'
[m4-helios-hub-v3] Rendered helios_gate_side_ortho.png
07:24.906  render           | Saved: 'C:\Users\93rob\Documents\GitHub\SpaceFace\assets\ships\m4_helios_hub_v8\evidence\renders\helios_gate\helios_gate_gamesky.__tmp_27428.png'
[m4-helios-hub-v3] Rendered helios_gate_gamesky.png
07:27.234  render           | Saved: 'C:\Users\93rob\Documents\GitHub\SpaceFace\assets\ships\m4_helios_hub_v8\evidence\renders\helios_gate\helios_gate_gamesky_forward_34.__tmp_27428.png'
[m4-helios-hub-v3] Rendered helios_gate_gamesky_forward_34.png
07:29.000  render           | Saved: 'C:\Users\93rob\Documents\GitHub\SpaceFace\assets\ships\m4_helios_hub_v8\evidence\renders\helios_gate\helios_gate_gamesky_close.__tmp_27428.png'
[m4-helios-hub-v3] Rendered helios_gate_gamesky_close.png
07:30.672  render           | Saved: 'C:\Users\93rob\Documents\GitHub\SpaceFace\assets\ships\m4_helios_hub_v8\evidence\renders\helios_gate\helios_gate_gameplay.__tmp_27428.png'
[m4-helios-hub-v3] Rendered helios_gate_gameplay.png
07:31.890  render           | Saved: 'C:\Users\93rob\Documents\GitHub\SpaceFace\assets\ships\m4_helios_hub_v8\evidence\renders\helios_gate\helios_gate_lod_continuity_lod0.__tmp_27428.png'
[m4-helios-hub-v3] Rendered helios_gate_lod_continuity_lod0.png
07:33.250  render           | Saved: 'C:\Users\93rob\Documents\GitHub\SpaceFace\assets\ships\m4_helios_hub_v8\evidence\renders\helios_gate\helios_gate_lod_continuity_lod1.__tmp_27428.png'
[m4-helios-hub-v3] Rendered helios_gate_lod_continuity_lod1.png
07:34.515  render           | Saved: 'C:\Users\93rob\Documents\GitHub\SpaceFace\assets\ships\m4_helios_hub_v8\evidence\renders\helios_gate\helios_gate_lod_continuity_lod2.__tmp_27428.png'
[m4-helios-hub-v3] Rendered helios_gate_lod_continuity_lod2.png
[m4-helios-hub-v3] FAIL helios_gate: FRAMING HARD FAIL helios_gate: hero shots outside margin: full, forward_34
[m4-helios-hub-v3] === Building helios_rock_a: Helios Rock A (slab) ===
[m4-helios-hub-v3] V8 NEW FOUNDATION rock a — scan remesh geology + ore seams
21:38:31 | INFO: Data are loaded, start creating Blender stuff
21:38:31 | INFO: Blender create Mesh node rock_PROXY_5m.002
21:38:31 | INFO: glTF import finished in 0.45s
[m4-helios-hub-v3] Decimated V6 rock:V8_Rock_A_Scan: →3312 tris (cap 3600)
[m4-helios-hub-v3] Decimated V8 rock budget:a: →3864 tris (cap 4200)
[m4-helios-hub-v3] Authored 4 parts; primary tris≈3864
Info: Removed: 0 vertices, 0 edges, 0 faces
Info: Removed: 0 vertices, 0 edges, 0 faces
Info: Removed 0 vertices
Info: Removed: 0 vertices, 0 edges, 0 faces
Info: Removed: 0 vertices, 0 edges, 0 faces
Info: Removed 0 vertices
Info: Removed: 0 vertices, 0 edges, 0 faces
Info: Removed: 0 vertices, 0 edges, 0 faces
Info: Removed 0 vertices
Info: Removed: 0 vertices, 0 edges, 0 faces
Info: Removed: 0 vertices, 0 edges, 0 faces
Info: Removed 0 vertices
[m4-helios-hub-v3] helios_rock_a LOD0 3900 > soft budget 3500 — adaptive trim
[m4-helios-hub-v3] Decimated budget:LOD0_Merged_Material_Rock: →3186 tris (cap 3464)
[m4-helios-hub-v3] helios_rock_a lod0: tris=3222 objects=2
[m4-helios-hub-v3] Decimated LOD1_Merged_Material_Rock: →1422 tris (cap 1546)
Info: Removed: 0 vertices, 0 edges, 0 faces
Info: Removed: 0 vertices, 0 edges, 0 faces
Info: Removed 0 vertices
Info: Removed: 0 vertices, 0 edges, 0 faces
Info: Removed: 0 vertices, 0 edges, 0 faces
Info: Removed 0 vertices
Info: Removed: 0 vertices, 0 edges, 0 faces
Info: Removed: 0 vertices, 0 edges, 0 faces
Info: Removed 0 vertices
Info: Removed: 0 vertices, 0 edges, 0 faces
Info: Removed: 0 vertices, 0 edges, 0 faces
Info: Removed 0 vertices
[m4-helios-hub-v3] helios_rock_a lod1: tris=1458 objects=2
[m4-helios-hub-v3] Decimated LOD2_Merged_Material_Rock: →532 tris (cap 579)
Info: Removed: 0 vertices, 0 edges, 0 faces
Info: Removed: 0 vertices, 0 edges, 0 faces
Info: Removed 0 vertices
Info: Removed: 0 vertices, 0 edges, 0 faces
Info: Removed: 0 vertices, 0 edges, 0 faces
Info: Removed 0 vertices
Info: Removed: 0 vertices, 0 edges, 0 faces
Info: Removed: 0 vertices, 0 edges, 0 faces
Info: Removed 0 vertices
Info: Removed: 0 vertices, 0 edges, 0 faces
Info: Removed: 0 vertices, 0 edges, 0 faces
Info: Removed 0 vertices
[m4-helios-hub-v3] helios_rock_a lod2: tris=568 objects=2
Info: Removed: 0 vertices, 0 edges, 0 faces
Info: Removed: 0 vertices, 0 edges, 0 faces
Info: Removed 0 vertices
Info: Removed: 0 vertices, 0 edges, 0 faces
Info: Removed: 0 vertices, 0 edges, 0 faces
Info: Removed 0 vertices
Info: Removed: 0 vertices, 0 edges, 0 faces
Info: Removed: 0 vertices, 0 edges, 0 faces
Info: Removed 0 vertices
Info: Removed: 0 vertices, 0 edges, 0 faces
Info: Removed: 0 vertices, 0 edges, 0 faces
Info: Removed 0 vertices
Info: Removed: 0 vertices, 0 edges, 0 faces
Info: Removed: 0 vertices, 0 edges, 0 faces
Info: Removed 0 vertices
Info: Removed: 0 vertices, 0 edges, 0 faces
Info: Removed: 0 vertices, 0 edges, 0 faces
Info: Removed 0 vertices
21:38:57 | INFO: Starting glTF 2.0 export
21:38:57 | INFO: Extracting primitive: LOD0_Merged_Material_Rock
21:38:57 | WARNING: More than one shader node tex image used for a texture. The resulting glTF sampler will behave like the first shader node tex image.
21:38:57 | INFO: Primitives created: 1
21:38:57 | INFO: Extracting primitive: LOD0_Merged_Material_Warm
21:38:57 | WARNING: More than one shader node tex image used for a texture. The resulting glTF sampler will behave like the first shader node tex image.
21:38:57 | INFO: Primitives created: 1
21:38:57 | INFO: Extracting primitive: LOD1_Merged_Material_Rock
21:38:57 | INFO: Primitives created: 1
21:38:57 | INFO: Extracting primitive: LOD1_Merged_Material_Warm
21:38:57 | INFO: Primitives created: 1
21:38:57 | INFO: Extracting primitive: LOD2_Merged_Material_Rock
21:38:57 | INFO: Primitives created: 1
21:38:57 | INFO: Extracting primitive: LOD2_Merged_Material_Warm
21:38:57 | INFO: Primitives created: 1
21:38:57 | INFO: Finished glTF 2.0 export in 0.10738658905029297 s

[m4-helios-hub-v3] Exported GLB → C:\Users\93rob\Documents\GitHub\SpaceFace\assets\ships\m4_helios_hub_v8\source\places\helios_rock_a.glb (3077876 bytes)
08:03.640  render           | Saved: 'C:\Users\93rob\Documents\GitHub\SpaceFace\assets\ships\m4_helios_hub_v8\evidence\renders\helios_rock_a\helios_rock_a_full.__tmp_27428.png'
Info: Saved as "helios_rock_a_production.blend"
[m4-helios-hub-v3] Rendered helios_rock_a_full.png
08:05.875  render           | Saved: 'C:\Users\93rob\Documents\GitHub\SpaceFace\assets\ships\m4_helios_hub_v8\evidence\renders\helios_rock_a\helios_rock_a_full.__tmp_27428.png'
[m4-helios-hub-v3] Rendered helios_rock_a_full.png
08:07.640  render           | Saved: 'C:\Users\93rob\Documents\GitHub\SpaceFace\assets\ships\m4_helios_hub_v8\evidence\renders\helios_rock_a\helios_rock_a_full.__tmp_27428.png'
[m4-helios-hub-v3] Rendered helios_rock_a_full.png
08:09.656  render           | Saved: 'C:\Users\93rob\Documents\GitHub\SpaceFace\assets\ships\m4_helios_hub_v8\evidence\renders\helios_rock_a\helios_rock_a_full.__tmp_27428.png'
[m4-helios-hub-v3] Rendered helios_rock_a_full.png
08:11.406  render           | Saved: 'C:\Users\93rob\Documents\GitHub\SpaceFace\assets\ships\m4_helios_hub_v8\evidence\renders\helios_rock_a\helios_rock_a_full.__tmp_27428.png'
[m4-helios-hub-v3] Rendered helios_rock_a_full.png
08:13.297  render           | Saved: 'C:\Users\93rob\Documents\GitHub\SpaceFace\assets\ships\m4_helios_hub_v8\evidence\renders\helios_rock_a\helios_rock_a_full.__tmp_27428.png'
[m4-helios-hub-v3] Rendered helios_rock_a_full.png
08:14.844  render           | Saved: 'C:\Users\93rob\Documents\GitHub\SpaceFace\assets\ships\m4_helios_hub_v8\evidence\renders\helios_rock_a\helios_rock_a_full.__tmp_27428.png'
[m4-helios-hub-v3] Rendered helios_rock_a_full.png
08:16.265  render           | Saved: 'C:\Users\93rob\Documents\GitHub\SpaceFace\assets\ships\m4_helios_hub_v8\evidence\renders\helios_rock_a\helios_rock_a_full.__tmp_27428.png'
[m4-helios-hub-v3] Rendered helios_rock_a_full.png
08:18.219  render           | Saved: 'C:\Users\93rob\Documents\GitHub\SpaceFace\assets\ships\m4_helios_hub_v8\evidence\renders\helios_rock_a\helios_rock_a_full.__tmp_27428.png'
[m4-helios-hub-v3] Rendered helios_rock_a_full.png
08:20.765  render           | Saved: 'C:\Users\93rob\Documents\GitHub\SpaceFace\assets\ships\m4_helios_hub_v8\evidence\renders\helios_rock_a\helios_rock_a_full.__tmp_27428.png'
[m4-helios-hub-v3] Rendered helios_rock_a_full.png
08:23.562  render           | Saved: 'C:\Users\93rob\Documents\GitHub\SpaceFace\assets\ships\m4_helios_hub_v8\evidence\renders\helios_rock_a\helios_rock_a_forward_34.__tmp_27428.png'
[m4-helios-hub-v3] Rendered helios_rock_a_forward_34.png
08:25.750  render           | Saved: 'C:\Users\93rob\Documents\GitHub\SpaceFace\assets\ships\m4_helios_hub_v8\evidence\renders\helios_rock_a\helios_rock_a_forward_34.__tmp_27428.png'
[m4-helios-hub-v3] Rendered helios_rock_a_forward_34.png
08:28.078  render           | Saved: 'C:\Users\93rob\Documents\GitHub\SpaceFace\assets\ships\m4_helios_hub_v8\evidence\renders\helios_rock_a\helios_rock_a_forward_34.__tmp_27428.png'
[m4-helios-hub-v3] Rendered helios_rock_a_forward_34.png
08:30.890  render           | Saved: 'C:\Users\93rob\Documents\GitHub\SpaceFace\assets\ships\m4_helios_hub_v8\evidence\renders\helios_rock_a\helios_rock_a_forward_34.__tmp_27428.png'
[m4-helios-hub-v3] Rendered helios_rock_a_forward_34.png
08:34.156  render           | Saved: 'C:\Users\93rob\Documents\GitHub\SpaceFace\assets\ships\m4_helios_hub_v8\evidence\renders\helios_rock_a\helios_rock_a_forward_34.__tmp_27428.png'
[m4-helios-hub-v3] Rendered helios_rock_a_forward_34.png
08:36.734  render           | Saved: 'C:\Users\93rob\Documents\GitHub\SpaceFace\assets\ships\m4_helios_hub_v8\evidence\renders\helios_rock_a\helios_rock_a_forward_34.__tmp_27428.png'
[m4-helios-hub-v3] Rendered helios_rock_a_forward_34.png
08:38.703  render           | Saved: 'C:\Users\93rob\Documents\GitHub\SpaceFace\assets\ships\m4_helios_hub_v8\evidence\renders\helios_rock_a\helios_rock_a_forward_34.__tmp_27428.png'
[m4-helios-hub-v3] Rendered helios_rock_a_forward_34.png
08:41.594  render           | Saved: 'C:\Users\93rob\Documents\GitHub\SpaceFace\assets\ships\m4_helios_hub_v8\evidence\renders\helios_rock_a\helios_rock_a_forward_34.__tmp_27428.png'
[m4-helios-hub-v3] Rendered helios_rock_a_forward_34.png
08:44.094  render           | Saved: 'C:\Users\93rob\Documents\GitHub\SpaceFace\assets\ships\m4_helios_hub_v8\evidence\renders\helios_rock_a\helios_rock_a_forward_34.__tmp_27428.png'
[m4-helios-hub-v3] Rendered helios_rock_a_forward_34.png
08:46.125  render           | Saved: 'C:\Users\93rob\Documents\GitHub\SpaceFace\assets\ships\m4_helios_hub_v8\evidence\renders\helios_rock_a\helios_rock_a_forward_34.__tmp_27428.png'
[m4-helios-hub-v3] Rendered helios_rock_a_forward_34.png
08:47.906  render           | Saved: 'C:\Users\93rob\Documents\GitHub\SpaceFace\assets\ships\m4_helios_hub_v8\evidence\renders\helios_rock_a\helios_rock_a_readability_close.__tmp_27428.png'
[m4-helios-hub-v3] Rendered helios_rock_a_readability_close.png
08:50.234  render           | Saved: 'C:\Users\93rob\Documents\GitHub\SpaceFace\assets\ships\m4_helios_hub_v8\evidence\renders\helios_rock_a\helios_rock_a_readability_close.__tmp_27428.png'
[m4-helios-hub-v3] Rendered helios_rock_a_readability_close.png
08:51.172  render           | Saved: 'C:\Users\93rob\Documents\GitHub\SpaceFace\assets\ships\m4_helios_hub_v8\evidence\renders\helios_rock_a\helios_rock_a_readability_120px.__tmp_27428.png'
[m4-helios-hub-v3] Rendered helios_rock_a_readability_120px.png
08:51.859  render           | Saved: 'C:\Users\93rob\Documents\GitHub\SpaceFace\assets\ships\m4_helios_hub_v8\evidence\renders\helios_rock_a\helios_rock_a_readability_under45px.__tmp_27428.png'
[m4-helios-hub-v3] Rendered helios_rock_a_readability_under45px.png
08:53.250  render           | Saved: 'C:\Users\93rob\Documents\GitHub\SpaceFace\assets\ships\m4_helios_hub_v8\evidence\renders\helios_rock_a\helios_rock_a_top.__tmp_27428.png'
[m4-helios-hub-v3] Rendered helios_rock_a_top.png
08:54.828  render           | Saved: 'C:\Users\93rob\Documents\GitHub\SpaceFace\assets\ships\m4_helios_hub_v8\evidence\renders\helios_rock_a\helios_rock_a_rear.__tmp_27428.png'
[m4-helios-hub-v3] Rendered helios_rock_a_rear.png
08:56.375  render           | Saved: 'C:\Users\93rob\Documents\GitHub\SpaceFace\assets\ships\m4_helios_hub_v8\evidence\renders\helios_rock_a\helios_rock_a_rear_34.__tmp_27428.png'
[m4-helios-hub-v3] Rendered helios_rock_a_rear_34.png
08:58.359  render           | Saved: 'C:\Users\93rob\Documents\GitHub\SpaceFace\assets\ships\m4_helios_hub_v8\evidence\renders\helios_rock_a\helios_rock_a_detail.__tmp_27428.png'
[m4-helios-hub-v3] Rendered helios_rock_a_detail.png
09:00.500  render           | Saved: 'C:\Users\93rob\Documents\GitHub\SpaceFace\assets\ships\m4_helios_hub_v8\evidence\renders\helios_rock_a\helios_rock_a_detail.__tmp_27428.png'
[m4-helios-hub-v3] Rendered helios_rock_a_detail.png
09:02.344  render           | Saved: 'C:\Users\93rob\Documents\GitHub\SpaceFace\assets\ships\m4_helios_hub_v8\evidence\renders\helios_rock_a\helios_rock_a_detail.__tmp_27428.png'
[m4-helios-hub-v3] Rendered helios_rock_a_detail.png
09:04.078  render           | Saved: 'C:\Users\93rob\Documents\GitHub\SpaceFace\assets\ships\m4_helios_hub_v8\evidence\renders\helios_rock_a\helios_rock_a_detail.__tmp_27428.png'
[m4-helios-hub-v3] Rendered helios_rock_a_detail.png
09:05.937  render           | Saved: 'C:\Users\93rob\Documents\GitHub\SpaceFace\assets\ships\m4_helios_hub_v8\evidence\renders\helios_rock_a\helios_rock_a_detail.__tmp_27428.png'
[m4-helios-hub-v3] Rendered helios_rock_a_detail.png
09:07.578  render           | Saved: 'C:\Users\93rob\Documents\GitHub\SpaceFace\assets\ships\m4_helios_hub_v8\evidence\renders\helios_rock_a\helios_rock_a_detail.__tmp_27428.png'
[m4-helios-hub-v3] Rendered helios_rock_a_detail.png
09:09.156  render           | Saved: 'C:\Users\93rob\Documents\GitHub\SpaceFace\assets\ships\m4_helios_hub_v8\evidence\renders\helios_rock_a\helios_rock_a_detail.__tmp_27428.png'
[m4-helios-hub-v3] Rendered helios_rock_a_detail.png
09:11.140  render           | Saved: 'C:\Users\93rob\Documents\GitHub\SpaceFace\assets\ships\m4_helios_hub_v8\evidence\renders\helios_rock_a\helios_rock_a_detail.__tmp_27428.png'
[m4-helios-hub-v3] Rendered helios_rock_a_detail.png
09:12.953  render           | Saved: 'C:\Users\93rob\Documents\GitHub\SpaceFace\assets\ships\m4_helios_hub_v8\evidence\renders\helios_rock_a\helios_rock_a_detail.__tmp_27428.png'
[m4-helios-hub-v3] Rendered helios_rock_a_detail.png
09:14.469  render           | Saved: 'C:\Users\93rob\Documents\GitHub\SpaceFace\assets\ships\m4_helios_hub_v8\evidence\renders\helios_rock_a\helios_rock_a_detail.__tmp_27428.png'
[m4-helios-hub-v3] Rendered helios_rock_a_detail.png
09:15.953  render           | Saved: 'C:\Users\93rob\Documents\GitHub\SpaceFace\assets\ships\m4_helios_hub_v8\evidence\renders\helios_rock_a\helios_rock_a_side_ortho.__tmp_27428.png'
[m4-helios-hub-v3] Rendered helios_rock_a_side_ortho.png
09:17.265  render           | Saved: 'C:\Users\93rob\Documents\GitHub\SpaceFace\assets\ships\m4_helios_hub_v8\evidence\renders\helios_rock_a\helios_rock_a_side_ortho.__tmp_27428.png'
[m4-helios-hub-v3] Rendered helios_rock_a_side_ortho.png
09:18.422  render           | Saved: 'C:\Users\93rob\Documents\GitHub\SpaceFace\assets\ships\m4_helios_hub_v8\evidence\renders\helios_rock_a\helios_rock_a_gamesky.__tmp_27428.png'
[m4-helios-hub-v3] Rendered helios_rock_a_gamesky.png
09:19.328  render           | Saved: 'C:\Users\93rob\Documents\GitHub\SpaceFace\assets\ships\m4_helios_hub_v8\evidence\renders\helios_rock_a\helios_rock_a_gamesky_forward_34.__tmp_27428.png'
[m4-helios-hub-v3] Rendered helios_rock_a_gamesky_forward_34.png
09:20.484  render           | Saved: 'C:\Users\93rob\Documents\GitHub\SpaceFace\assets\ships\m4_helios_hub_v8\evidence\renders\helios_rock_a\helios_rock_a_gamesky_close.__tmp_27428.png'
[m4-helios-hub-v3] Rendered helios_rock_a_gamesky_close.png
09:21.765  render           | Saved: 'C:\Users\93rob\Documents\GitHub\SpaceFace\assets\ships\m4_helios_hub_v8\evidence\renders\helios_rock_a\helios_rock_a_gameplay.__tmp_27428.png'
[m4-helios-hub-v3] Rendered helios_rock_a_gameplay.png
09:22.640  render           | Saved: 'C:\Users\93rob\Documents\GitHub\SpaceFace\assets\ships\m4_helios_hub_v8\evidence\renders\helios_rock_a\helios_rock_a_lod_continuity_lod0.__tmp_27428.png'
[m4-helios-hub-v3] Rendered helios_rock_a_lod_continuity_lod0.png
09:23.469  render           | Saved: 'C:\Users\93rob\Documents\GitHub\SpaceFace\assets\ships\m4_helios_hub_v8\evidence\renders\helios_rock_a\helios_rock_a_lod_continuity_lod1.__tmp_27428.png'
[m4-helios-hub-v3] Rendered helios_rock_a_lod_continuity_lod1.png
09:24.234  render           | Saved: 'C:\Users\93rob\Documents\GitHub\SpaceFace\assets\ships\m4_helios_hub_v8\evidence\renders\helios_rock_a\helios_rock_a_lod_continuity_lod2.__tmp_27428.png'
[m4-helios-hub-v3] Rendered helios_rock_a_lod_continuity_lod2.png
[m4-helios-hub-v3] FAIL helios_rock_a: FRAMING HARD FAIL helios_rock_a: hero shots outside margin: full, forward_34
[m4-helios-hub-v3] === Building helios_rock_b: Helios Rock B (wedge) ===
[m4-helios-hub-v3] V8 NEW FOUNDATION rock b — scan remesh geology + ore seams
21:40:20 | INFO: Data are loaded, start creating Blender stuff
21:40:20 | INFO: Blender create Mesh node realCap_Model_1
21:40:20 | INFO: glTF import finished in 0.06s
[m4-helios-hub-v3] Decimated V8 rock budget:b: →3864 tris (cap 4200)
[m4-helios-hub-v3] Authored 4 parts; primary tris≈3864
Info: Removed: 0 vertices, 0 edges, 0 faces
Info: Removed: 0 vertices, 0 edges, 0 faces
Info: Removed 0 vertices
Info: Removed: 0 vertices, 0 edges, 0 faces
Info: Removed: 0 vertices, 0 edges, 0 faces
Info: Removed 0 vertices
Info: Removed: 0 vertices, 0 edges, 0 faces
Info: Removed: 0 vertices, 0 edges, 0 faces
Info: Removed 0 vertices
Info: Removed: 0 vertices, 0 edges, 0 faces
Info: Removed: 0 vertices, 0 edges, 0 faces
Info: Removed 0 vertices
[m4-helios-hub-v3] helios_rock_b LOD0 3900 > soft budget 3500 — adaptive trim
[m4-helios-hub-v3] Decimated budget:LOD0_Merged_Material_Rock: →3186 tris (cap 3464)
[m4-helios-hub-v3] helios_rock_b lod0: tris=3222 objects=2
[m4-helios-hub-v3] Decimated LOD1_Merged_Material_Rock: →1422 tris (cap 1546)
Info: Removed: 0 vertices, 0 edges, 0 faces
Info: Removed: 0 vertices, 0 edges, 0 faces
Info: Removed 0 vertices
Info: Removed: 0 vertices, 0 edges, 0 faces
Info: Removed: 0 vertices, 0 edges, 0 faces
Info: Removed 0 vertices
Info: Removed: 0 vertices, 0 edges, 0 faces
Info: Removed: 0 vertices, 0 edges, 0 faces
Info: Removed 0 vertices
Info: Removed: 0 vertices, 0 edges, 0 faces
Info: Removed: 0 vertices, 0 edges, 0 faces
Info: Removed 0 vertices
[m4-helios-hub-v3] helios_rock_b lod1: tris=1458 objects=2
[m4-helios-hub-v3] Decimated LOD2_Merged_Material_Rock: →532 tris (cap 579)
Info: Removed: 0 vertices, 0 edges, 0 faces
Info: Removed: 0 vertices, 0 edges, 0 faces
Info: Removed 0 vertices
Info: Removed: 0 vertices, 0 edges, 0 faces
Info: Removed: 0 vertices, 0 edges, 0 faces
Info: Removed 0 vertices
Info: Removed: 0 vertices, 0 edges, 0 faces
Info: Removed: 0 vertices, 0 edges, 0 faces
Info: Removed 0 vertices
Info: Removed: 0 vertices, 0 edges, 0 faces
Info: Removed: 0 vertices, 0 edges, 0 faces
Info: Removed 0 vertices
[m4-helios-hub-v3] helios_rock_b lod2: tris=568 objects=2
Info: Removed: 0 vertices, 0 edges, 0 faces
Info: Removed: 0 vertices, 0 edges, 0 faces
Info: Removed 0 vertices
Info: Removed: 0 vertices, 0 edges, 0 faces
Info: Removed: 0 vertices, 0 edges, 0 faces
Info: Removed 0 vertices
Info: Removed: 0 vertices, 0 edges, 0 faces
Info: Removed: 0 vertices, 0 edges, 0 faces
Info: Removed 0 vertices
Info: Removed: 0 vertices, 0 edges, 0 faces
Info: Removed: 0 vertices, 0 edges, 0 faces
Info: Removed 0 vertices
Info: Removed: 0 vertices, 0 edges, 0 faces
Info: Removed: 0 vertices, 0 edges, 0 faces
Info: Removed 0 vertices
Info: Removed: 0 vertices, 0 edges, 0 faces
Info: Removed: 0 vertices, 0 edges, 0 faces
Info: Removed 0 vertices
21:40:22 | INFO: Starting glTF 2.0 export
21:40:22 | INFO: Extracting primitive: LOD0_Merged_Material_Rock
21:40:22 | WARNING: More than one shader node tex image used for a texture. The resulting glTF sampler will behave like the first shader node tex image.
21:40:22 | INFO: Primitives created: 1
21:40:22 | INFO: Extracting primitive: LOD0_Merged_Material_Warm
21:40:22 | WARNING: More than one shader node tex image used for a texture. The resulting glTF sampler will behave like the first shader node tex image.
21:40:22 | INFO: Primitives created: 1
21:40:22 | INFO: Extracting primitive: LOD1_Merged_Material_Rock
21:40:22 | INFO: Primitives created: 1
21:40:22 | INFO: Extracting primitive: LOD1_Merged_Material_Warm
21:40:22 | INFO: Primitives created: 1
21:40:22 | INFO: Extracting primitive: LOD2_Merged_Material_Rock
21:40:22 | INFO: Primitives created: 1
21:40:22 | INFO: Extracting primitive: LOD2_Merged_Material_Warm
21:40:22 | INFO: Primitives created: 1
21:40:22 | INFO: Finished glTF 2.0 export in 0.09757399559020996 s

[m4-helios-hub-v3] Exported GLB → C:\Users\93rob\Documents\GitHub\SpaceFace\assets\ships\m4_helios_hub_v8\source\places\helios_rock_b.glb (2978776 bytes)
09:27.797  render           | Saved: 'C:\Users\93rob\Documents\GitHub\SpaceFace\assets\ships\m4_helios_hub_v8\evidence\renders\helios_rock_b\helios_rock_b_full.__tmp_27428.png'
Info: Saved as "helios_rock_b_production.blend"
[m4-helios-hub-v3] Rendered helios_rock_b_full.png
09:29.484  render           | Saved: 'C:\Users\93rob\Documents\GitHub\SpaceFace\assets\ships\m4_helios_hub_v8\evidence\renders\helios_rock_b\helios_rock_b_forward_34.__tmp_27428.png'
[m4-helios-hub-v3] Rendered helios_rock_b_forward_34.png
09:30.859  render           | Saved: 'C:\Users\93rob\Documents\GitHub\SpaceFace\assets\ships\m4_helios_hub_v8\evidence\renders\helios_rock_b\helios_rock_b_readability_close.__tmp_27428.png'
[m4-helios-hub-v3] Rendered helios_rock_b_readability_close.png
09:31.890  render           | Saved: 'C:\Users\93rob\Documents\GitHub\SpaceFace\assets\ships\m4_helios_hub_v8\evidence\renders\helios_rock_b\helios_rock_b_readability_close.__tmp_27428.png'
[m4-helios-hub-v3] Rendered helios_rock_b_readability_close.png
09:33.406  render           | Saved: 'C:\Users\93rob\Documents\GitHub\SpaceFace\assets\ships\m4_helios_hub_v8\evidence\renders\helios_rock_b\helios_rock_b_readability_close.__tmp_27428.png'
[m4-helios-hub-v3] Rendered helios_rock_b_readability_close.png
09:34.734  render           | Saved: 'C:\Users\93rob\Documents\GitHub\SpaceFace\assets\ships\m4_helios_hub_v8\evidence\renders\helios_rock_b\helios_rock_b_readability_close.__tmp_27428.png'
[m4-helios-hub-v3] Rendered helios_rock_b_readability_close.png
09:35.875  render           | Saved: 'C:\Users\93rob\Documents\GitHub\SpaceFace\assets\ships\m4_helios_hub_v8\evidence\renders\helios_rock_b\helios_rock_b_readability_close.__tmp_27428.png'
[m4-helios-hub-v3] Rendered helios_rock_b_readability_close.png
09:37.047  render           | Saved: 'C:\Users\93rob\Documents\GitHub\SpaceFace\assets\ships\m4_helios_hub_v8\evidence\renders\helios_rock_b\helios_rock_b_readability_close.__tmp_27428.png'
[m4-helios-hub-v3] Rendered helios_rock_b_readability_close.png
09:38.344  render           | Saved: 'C:\Users\93rob\Documents\GitHub\SpaceFace\assets\ships\m4_helios_hub_v8\evidence\renders\helios_rock_b\helios_rock_b_readability_close.__tmp_27428.png'
[m4-helios-hub-v3] Rendered helios_rock_b_readability_close.png
09:39.547  render           | Saved: 'C:\Users\93rob\Documents\GitHub\SpaceFace\assets\ships\m4_helios_hub_v8\evidence\renders\helios_rock_b\helios_rock_b_readability_close.__tmp_27428.png'
[m4-helios-hub-v3] Rendered helios_rock_b_readability_close.png
09:40.797  render           | Saved: 'C:\Users\93rob\Documents\GitHub\SpaceFace\assets\ships\m4_helios_hub_v8\evidence\renders\helios_rock_b\helios_rock_b_readability_close.__tmp_27428.png'
[m4-helios-hub-v3] Rendered helios_rock_b_readability_close.png
09:41.922  render           | Saved: 'C:\Users\93rob\Documents\GitHub\SpaceFace\assets\ships\m4_helios_hub_v8\evidence\renders\helios_rock_b\helios_rock_b_readability_close.__tmp_27428.png'
[m4-helios-hub-v3] Rendered helios_rock_b_readability_close.png
09:42.719  render           | Saved: 'C:\Users\93rob\Documents\GitHub\SpaceFace\assets\ships\m4_helios_hub_v8\evidence\renders\helios_rock_b\helios_rock_b_readability_120px.__tmp_27428.png'
[m4-helios-hub-v3] Rendered helios_rock_b_readability_120px.png
09:43.406  render           | Saved: 'C:\Users\93rob\Documents\GitHub\SpaceFace\assets\ships\m4_helios_hub_v8\evidence\renders\helios_rock_b\helios_rock_b_readability_under45px.__tmp_27428.png'
[m4-helios-hub-v3] Rendered helios_rock_b_readability_under45px.png
09:44.609  render           | Saved: 'C:\Users\93rob\Documents\GitHub\SpaceFace\assets\ships\m4_helios_hub_v8\evidence\renders\helios_rock_b\helios_rock_b_top.__tmp_27428.png'
[m4-helios-hub-v3] Rendered helios_rock_b_top.png
09:47.453  render           | Saved: 'C:\Users\93rob\Documents\GitHub\SpaceFace\assets\ships\m4_helios_hub_v8\evidence\renders\helios_rock_b\helios_rock_b_top.__tmp_27428.png'
[m4-helios-hub-v3] Rendered helios_rock_b_top.png
09:49.422  render           | Saved: 'C:\Users\93rob\Documents\GitHub\SpaceFace\assets\ships\m4_helios_hub_v8\evidence\renders\helios_rock_b\helios_rock_b_top.__tmp_27428.png'
[m4-helios-hub-v3] Rendered helios_rock_b_top.png
09:50.734  render           | Saved: 'C:\Users\93rob\Documents\GitHub\SpaceFace\assets\ships\m4_helios_hub_v8\evidence\renders\helios_rock_b\helios_rock_b_top.__tmp_27428.png'
[m4-helios-hub-v3] Rendered helios_rock_b_top.png
09:52.390  render           | Saved: 'C:\Users\93rob\Documents\GitHub\SpaceFace\assets\ships\m4_helios_hub_v8\evidence\renders\helios_rock_b\helios_rock_b_top.__tmp_27428.png'
[m4-helios-hub-v3] Rendered helios_rock_b_top.png
09:54.625  render           | Saved: 'C:\Users\93rob\Documents\GitHub\SpaceFace\assets\ships\m4_helios_hub_v8\evidence\renders\helios_rock_b\helios_rock_b_top.__tmp_27428.png'
[m4-helios-hub-v3] Rendered helios_rock_b_top.png
09:56.250  render           | Saved: 'C:\Users\93rob\Documents\GitHub\SpaceFace\assets\ships\m4_helios_hub_v8\evidence\renders\helios_rock_b\helios_rock_b_top.__tmp_27428.png'
[m4-helios-hub-v3] Rendered helios_rock_b_top.png
09:58.031  render           | Saved: 'C:\Users\93rob\Documents\GitHub\SpaceFace\assets\ships\m4_helios_hub_v8\evidence\renders\helios_rock_b\helios_rock_b_top.__tmp_27428.png'
[m4-helios-hub-v3] Rendered helios_rock_b_top.png
10:01.500  render           | Saved: 'C:\Users\93rob\Documents\GitHub\SpaceFace\assets\ships\m4_helios_hub_v8\evidence\renders\helios_rock_b\helios_rock_b_top.__tmp_27428.png'
[m4-helios-hub-v3] Rendered helios_rock_b_top.png
10:03.703  render           | Saved: 'C:\Users\93rob\Documents\GitHub\SpaceFace\assets\ships\m4_helios_hub_v8\evidence\renders\helios_rock_b\helios_rock_b_top.__tmp_27428.png'
[m4-helios-hub-v3] Rendered helios_rock_b_top.png
10:05.453  render           | Saved: 'C:\Users\93rob\Documents\GitHub\SpaceFace\assets\ships\m4_helios_hub_v8\evidence\renders\helios_rock_b\helios_rock_b_rear.__tmp_27428.png'
[m4-helios-hub-v3] Rendered helios_rock_b_rear.png
10:06.953  render           | Saved: 'C:\Users\93rob\Documents\GitHub\SpaceFace\assets\ships\m4_helios_hub_v8\evidence\renders\helios_rock_b\helios_rock_b_rear_34.__tmp_27428.png'
[m4-helios-hub-v3] Rendered helios_rock_b_rear_34.png
10:08.437  render           | Saved: 'C:\Users\93rob\Documents\GitHub\SpaceFace\assets\ships\m4_helios_hub_v8\evidence\renders\helios_rock_b\helios_rock_b_detail.__tmp_27428.png'
[m4-helios-hub-v3] Rendered helios_rock_b_detail.png
10:09.859  render           | Saved: 'C:\Users\93rob\Documents\GitHub\SpaceFace\assets\ships\m4_helios_hub_v8\evidence\renders\helios_rock_b\helios_rock_b_detail.__tmp_27428.png'
[m4-helios-hub-v3] Rendered helios_rock_b_detail.png
10:11.531  render           | Saved: 'C:\Users\93rob\Documents\GitHub\SpaceFace\assets\ships\m4_helios_hub_v8\evidence\renders\helios_rock_b\helios_rock_b_detail.__tmp_27428.png'
[m4-helios-hub-v3] Rendered helios_rock_b_detail.png
10:14.187  render           | Saved: 'C:\Users\93rob\Documents\GitHub\SpaceFace\assets\ships\m4_helios_hub_v8\evidence\renders\helios_rock_b\helios_rock_b_detail.__tmp_27428.png'
[m4-helios-hub-v3] Rendered helios_rock_b_detail.png
10:16.515  render           | Saved: 'C:\Users\93rob\Documents\GitHub\SpaceFace\assets\ships\m4_helios_hub_v8\evidence\renders\helios_rock_b\helios_rock_b_detail.__tmp_27428.png'
[m4-helios-hub-v3] Rendered helios_rock_b_detail.png
10:18.578  render           | Saved: 'C:\Users\93rob\Documents\GitHub\SpaceFace\assets\ships\m4_helios_hub_v8\evidence\renders\helios_rock_b\helios_rock_b_detail.__tmp_27428.png'
[m4-helios-hub-v3] Rendered helios_rock_b_detail.png
10:20.265  render           | Saved: 'C:\Users\93rob\Documents\GitHub\SpaceFace\assets\ships\m4_helios_hub_v8\evidence\renders\helios_rock_b\helios_rock_b_detail.__tmp_27428.png'
[m4-helios-hub-v3] Rendered helios_rock_b_detail.png
10:21.703  render           | Saved: 'C:\Users\93rob\Documents\GitHub\SpaceFace\assets\ships\m4_helios_hub_v8\evidence\renders\helios_rock_b\helios_rock_b_detail.__tmp_27428.png'
[m4-helios-hub-v3] Rendered helios_rock_b_detail.png
10:23.031  render           | Saved: 'C:\Users\93rob\Documents\GitHub\SpaceFace\assets\ships\m4_helios_hub_v8\evidence\renders\helios_rock_b\helios_rock_b_detail.__tmp_27428.png'
[m4-helios-hub-v3] Rendered helios_rock_b_detail.png
10:24.437  render           | Saved: 'C:\Users\93rob\Documents\GitHub\SpaceFace\assets\ships\m4_helios_hub_v8\evidence\renders\helios_rock_b\helios_rock_b_detail.__tmp_27428.png'
[m4-helios-hub-v3] Rendered helios_rock_b_detail.png
10:26.297  render           | Saved: 'C:\Users\93rob\Documents\GitHub\SpaceFace\assets\ships\m4_helios_hub_v8\evidence\renders\helios_rock_b\helios_rock_b_side_ortho.__tmp_27428.png'
[m4-helios-hub-v3] Rendered helios_rock_b_side_ortho.png
10:28.187  render           | Saved: 'C:\Users\93rob\Documents\GitHub\SpaceFace\assets\ships\m4_helios_hub_v8\evidence\renders\helios_rock_b\helios_rock_b_side_ortho.__tmp_27428.png'
[m4-helios-hub-v3] Rendered helios_rock_b_side_ortho.png
10:30.578  render           | Saved: 'C:\Users\93rob\Documents\GitHub\SpaceFace\assets\ships\m4_helios_hub_v8\evidence\renders\helios_rock_b\helios_rock_b_side_ortho.__tmp_27428.png'
[m4-helios-hub-v3] Rendered helios_rock_b_side_ortho.png
10:32.844  render           | Saved: 'C:\Users\93rob\Documents\GitHub\SpaceFace\assets\ships\m4_helios_hub_v8\evidence\renders\helios_rock_b\helios_rock_b_side_ortho.__tmp_27428.png'
[m4-helios-hub-v3] Rendered helios_rock_b_side_ortho.png
10:34.953  render           | Saved: 'C:\Users\93rob\Documents\GitHub\SpaceFace\assets\ships\m4_helios_hub_v8\evidence\renders\helios_rock_b\helios_rock_b_side_ortho.__tmp_27428.png'
[m4-helios-hub-v3] Rendered helios_rock_b_side_ortho.png
10:36.859  render           | Saved: 'C:\Users\93rob\Documents\GitHub\SpaceFace\assets\ships\m4_helios_hub_v8\evidence\renders\helios_rock_b\helios_rock_b_side_ortho.__tmp_27428.png'
[m4-helios-hub-v3] Rendered helios_rock_b_side_ortho.png
10:38.844  render           | Saved: 'C:\Users\93rob\Documents\GitHub\SpaceFace\assets\ships\m4_helios_hub_v8\evidence\renders\helios_rock_b\helios_rock_b_side_ortho.__tmp_27428.png'
[m4-helios-hub-v3] Rendered helios_rock_b_side_ortho.png
10:41.156  render           | Saved: 'C:\Users\93rob\Documents\GitHub\SpaceFace\assets\ships\m4_helios_hub_v8\evidence\renders\helios_rock_b\helios_rock_b_side_ortho.__tmp_27428.png'
[m4-helios-hub-v3] Rendered helios_rock_b_side_ortho.png
10:42.844  render           | Saved: 'C:\Users\93rob\Documents\GitHub\SpaceFace\assets\ships\m4_helios_hub_v8\evidence\renders\helios_rock_b\helios_rock_b_side_ortho.__tmp_27428.png'
[m4-helios-hub-v3] Rendered helios_rock_b_side_ortho.png
10:44.156  render           | Saved: 'C:\Users\93rob\Documents\GitHub\SpaceFace\assets\ships\m4_helios_hub_v8\evidence\renders\helios_rock_b\helios_rock_b_side_ortho.__tmp_27428.png'
[m4-helios-hub-v3] Rendered helios_rock_b_side_ortho.png
10:45.187  render           | Saved: 'C:\Users\93rob\Documents\GitHub\SpaceFace\assets\ships\m4_helios_hub_v8\evidence\renders\helios_rock_b\helios_rock_b_gamesky.__tmp_27428.png'
[m4-helios-hub-v3] Rendered helios_rock_b_gamesky.png
10:46.312  render           | Saved: 'C:\Users\93rob\Documents\GitHub\SpaceFace\assets\ships\m4_helios_hub_v8\evidence\renders\helios_rock_b\helios_rock_b_gamesky_forward_34.__tmp_27428.png'
[m4-helios-hub-v3] Rendered helios_rock_b_gamesky_forward_34.png
10:47.281  render           | Saved: 'C:\Users\93rob\Documents\GitHub\SpaceFace\assets\ships\m4_helios_hub_v8\evidence\renders\helios_rock_b\helios_rock_b_gamesky_close.__tmp_27428.png'
[m4-helios-hub-v3] Rendered helios_rock_b_gamesky_close.png
10:48.469  render           | Saved: 'C:\Users\93rob\Documents\GitHub\SpaceFace\assets\ships\m4_helios_hub_v8\evidence\renders\helios_rock_b\helios_rock_b_gameplay.__tmp_27428.png'
[m4-helios-hub-v3] Rendered helios_rock_b_gameplay.png
10:49.453  render           | Saved: 'C:\Users\93rob\Documents\GitHub\SpaceFace\assets\ships\m4_helios_hub_v8\evidence\renders\helios_rock_b\helios_rock_b_lod_continuity_lod0.__tmp_27428.png'
[m4-helios-hub-v3] Rendered helios_rock_b_lod_continuity_lod0.png
10:50.219  render           | Saved: 'C:\Users\93rob\Documents\GitHub\SpaceFace\assets\ships\m4_helios_hub_v8\evidence\renders\helios_rock_b\helios_rock_b_lod_continuity_lod1.__tmp_27428.png'
[m4-helios-hub-v3] Rendered helios_rock_b_lod_continuity_lod1.png
10:51.062  render           | Saved: 'C:\Users\93rob\Documents\GitHub\SpaceFace\assets\ships\m4_helios_hub_v8\evidence\renders\helios_rock_b\helios_rock_b_lod_continuity_lod2.__tmp_27428.png'
[m4-helios-hub-v3] Rendered helios_rock_b_lod_continuity_lod2.png
[m4-helios-hub-v3] FAIL helios_rock_b: FRAMING HARD FAIL helios_rock_b: hero shots outside margin: readability_close
[m4-helios-hub-v3] === Building helios_rock_c: Helios Rock C (cluster) ===
[m4-helios-hub-v3] V8 NEW FOUNDATION rock c — scan remesh geology + ore seams
21:41:47 | INFO: Data are loaded, start creating Blender stuff
21:41:47 | INFO: Blender create Mesh node rock_PROXY_5m.002
21:41:48 | INFO: glTF import finished in 0.38s
21:42:10 | INFO: Data are loaded, start creating Blender stuff
21:42:10 | INFO: Blender create Mesh node realCap_Model_1
21:42:10 | INFO: glTF import finished in 0.05s
[m4-helios-hub-v3] Decimated kit:V8_Rock_C_Knuckle_0: →2208 tris (cap 2400)
21:42:15 | INFO: Data are loaded, start creating Blender stuff
21:42:15 | INFO: Blender create Mesh node realCap_Model_1
21:42:15 | INFO: glTF import finished in 0.06s
[m4-helios-hub-v3] Decimated kit:V8_Rock_C_Knuckle_1: →2208 tris (cap 2400)
21:42:20 | INFO: Data are loaded, start creating Blender stuff
21:42:20 | INFO: Blender create Mesh node realCap_Model_1
21:42:20 | INFO: glTF import finished in 0.05s
[m4-helios-hub-v3] Decimated kit:V8_Rock_C_Knuckle_2: →2208 tris (cap 2400)
21:42:24 | INFO: Data are loaded, start creating Blender stuff
21:42:24 | INFO: Blender create Mesh node realCap_Model_1
21:42:24 | INFO: glTF import finished in 0.07s
[m4-helios-hub-v3] Decimated kit:V8_Rock_C_Knuckle_3: →2208 tris (cap 2400)
[m4-helios-hub-v3] Decimated V6 rock:V8_Rock_C_Scan: →3678 tris (cap 4000)
[m4-helios-hub-v3] Decimated V8 rock budget:c: →3864 tris (cap 4200)
[m4-helios-hub-v3] Authored 5 parts; primary tris≈3864
Info: Removed: 0 vertices, 0 edges, 0 faces
Info: Removed: 0 vertices, 0 edges, 0 faces
Info: Removed 0 vertices
Info: Removed: 0 vertices, 0 edges, 0 faces
Info: Removed: 0 vertices, 0 edges, 0 faces
Info: Removed 0 vertices
Info: Removed: 0 vertices, 0 edges, 0 faces
Info: Removed: 0 vertices, 0 edges, 0 faces
Info: Removed 0 vertices
Info: Removed: 0 vertices, 0 edges, 0 faces
Info: Removed: 0 vertices, 0 edges, 0 faces
Info: Removed 0 vertices
Info: Removed: 0 vertices, 0 edges, 0 faces
Info: Removed: 0 vertices, 0 edges, 0 faces
Info: Removed 0 vertices
Info: Removed: 0 vertices, 0 edges, 0 faces
Info: Removed: 0 vertices, 0 edges, 0 faces
Info: Removed 0 vertices
[m4-helios-hub-v3] helios_rock_c LOD0 3936 > soft budget 3500 — adaptive trim
[m4-helios-hub-v3] Decimated budget:LOD0_Merged_Material_Rock: →3152 tris (cap 3428)
[m4-helios-hub-v3] helios_rock_c lod0: tris=3224 objects=3
[m4-helios-hub-v3] Decimated LOD1_Merged_Material_Rock: →1422 tris (cap 1547)
Info: Removed: 0 vertices, 0 edges, 0 faces
Info: Removed: 0 vertices, 0 edges, 0 faces
Info: Removed 0 vertices
Info: Removed: 0 vertices, 0 edges, 0 faces
Info: Removed: 0 vertices, 0 edges, 0 faces
Info: Removed 0 vertices
Info: Removed: 0 vertices, 0 edges, 0 faces
Info: Removed: 0 vertices, 0 edges, 0 faces
Info: Removed 0 vertices
Info: Removed: 0 vertices, 0 edges, 0 faces
Info: Removed: 0 vertices, 0 edges, 0 faces
Info: Removed 0 vertices
Info: Removed: 0 vertices, 0 edges, 0 faces
Info: Removed: 0 vertices, 0 edges, 0 faces
Info: Removed 0 vertices
Info: Removed: 0 vertices, 0 edges, 0 faces
Info: Removed: 0 vertices, 0 edges, 0 faces
Info: Removed 0 vertices
[m4-helios-hub-v3] helios_rock_c lod1: tris=1494 objects=3
[m4-helios-hub-v3] Decimated LOD2_Merged_Material_Rock: →532 tris (cap 579)
Info: Removed: 0 vertices, 0 edges, 0 faces
Info: Removed: 0 vertices, 0 edges, 0 faces
Info: Removed 0 vertices
Info: Removed: 0 vertices, 0 edges, 0 faces
Info: Removed: 0 vertices, 0 edges, 0 faces
Info: Removed 0 vertices
Info: Removed: 0 vertices, 0 edges, 0 faces
Info: Removed: 0 vertices, 0 edges, 0 faces
Info: Removed 0 vertices
Info: Removed: 0 vertices, 0 edges, 0 faces
Info: Removed: 0 vertices, 0 edges, 0 faces
Info: Removed 0 vertices
Info: Removed: 0 vertices, 0 edges, 0 faces
Info: Removed: 0 vertices, 0 edges, 0 faces
Info: Removed 0 vertices
Info: Removed: 0 vertices, 0 edges, 0 faces
Info: Removed: 0 vertices, 0 edges, 0 faces
Info: Removed 0 vertices
[m4-helios-hub-v3] helios_rock_c lod2: tris=604 objects=3
Info: Removed: 0 vertices, 0 edges, 0 faces
Info: Removed: 0 vertices, 0 edges, 0 faces
Info: Removed 0 vertices
Info: Removed: 0 vertices, 0 edges, 0 faces
Info: Removed: 0 vertices, 0 edges, 0 faces
Info: Removed 0 vertices
Info: Removed: 0 vertices, 0 edges, 0 faces
Info: Removed: 0 vertices, 0 edges, 0 faces
Info: Removed 0 vertices
Info: Removed: 0 vertices, 0 edges, 0 faces
Info: Removed: 0 vertices, 0 edges, 0 faces
Info: Removed 0 vertices
Info: Removed: 0 vertices, 0 edges, 0 faces
Info: Removed: 0 vertices, 0 edges, 0 faces
Info: Removed 0 vertices
Info: Removed: 0 vertices, 0 edges, 0 faces
Info: Removed: 0 vertices, 0 edges, 0 faces
Info: Removed 0 vertices
Info: Removed: 0 vertices, 0 edges, 0 faces
Info: Removed: 0 vertices, 0 edges, 0 faces
Info: Removed 0 vertices
Info: Removed: 0 vertices, 0 edges, 0 faces
Info: Removed: 0 vertices, 0 edges, 0 faces
Info: Removed 0 vertices
Info: Removed: 0 vertices, 0 edges, 0 faces
Info: Removed: 0 vertices, 0 edges, 0 faces
Info: Removed 0 vertices
21:42:34 | INFO: Starting glTF 2.0 export
21:42:34 | INFO: Extracting primitive: LOD0_Merged_Material_Mechanical
21:42:34 | WARNING: More than one shader node tex image used for a texture. The resulting glTF sampler will behave like the first shader node tex image.
21:42:34 | INFO: Primitives created: 1
21:42:34 | INFO: Extracting primitive: LOD0_Merged_Material_Rock
21:42:34 | WARNING: More than one shader node tex image used for a texture. The resulting glTF sampler will behave like the first shader node tex image.
21:42:34 | INFO: Primitives created: 1
21:42:34 | INFO: Extracting primitive: LOD0_Merged_Material_Warm
21:42:34 | WARNING: More than one shader node tex image used for a texture. The resulting glTF sampler will behave like the first shader node tex image.
21:42:34 | INFO: Primitives created: 1
21:42:34 | INFO: Extracting primitive: LOD1_Merged_Material_Mechanical
21:42:34 | INFO: Primitives created: 1
21:42:34 | INFO: Extracting primitive: LOD1_Merged_Material_Rock
21:42:34 | INFO: Primitives created: 1
21:42:34 | INFO: Extracting primitive: LOD1_Merged_Material_Warm
21:42:34 | INFO: Primitives created: 1
21:42:34 | INFO: Extracting primitive: LOD2_Merged_Material_Mechanical
21:42:34 | INFO: Primitives created: 1
21:42:34 | INFO: Extracting primitive: LOD2_Merged_Material_Rock
21:42:34 | INFO: Primitives created: 1
21:42:34 | INFO: Extracting primitive: LOD2_Merged_Material_Warm
21:42:34 | INFO: Primitives created: 1
21:42:34 | INFO: Finished glTF 2.0 export in 0.15358948707580566 s

[m4-helios-hub-v3] Exported GLB → C:\Users\93rob\Documents\GitHub\SpaceFace\assets\ships\m4_helios_hub_v8\source\places\helios_rock_c.glb (3886220 bytes)
11:40.109  render           | Saved: 'C:\Users\93rob\Documents\GitHub\SpaceFace\assets\ships\m4_helios_hub_v8\evidence\renders\helios_rock_c\helios_rock_c_full.__tmp_27428.png'
Info: Saved as "helios_rock_c_production.blend"
[m4-helios-hub-v3] Rendered helios_rock_c_full.png
11:42.328  render           | Saved: 'C:\Users\93rob\Documents\GitHub\SpaceFace\assets\ships\m4_helios_hub_v8\evidence\renders\helios_rock_c\helios_rock_c_full.__tmp_27428.png'
[m4-helios-hub-v3] Rendered helios_rock_c_full.png
11:44.719  render           | Saved: 'C:\Users\93rob\Documents\GitHub\SpaceFace\assets\ships\m4_helios_hub_v8\evidence\renders\helios_rock_c\helios_rock_c_full.__tmp_27428.png'
[m4-helios-hub-v3] Rendered helios_rock_c_full.png
11:46.500  render           | Saved: 'C:\Users\93rob\Documents\GitHub\SpaceFace\assets\ships\m4_helios_hub_v8\evidence\renders\helios_rock_c\helios_rock_c_full.__tmp_27428.png'
[m4-helios-hub-v3] Rendered helios_rock_c_full.png
11:47.906  render           | Saved: 'C:\Users\93rob\Documents\GitHub\SpaceFace\assets\ships\m4_helios_hub_v8\evidence\renders\helios_rock_c\helios_rock_c_full.__tmp_27428.png'
[m4-helios-hub-v3] Rendered helios_rock_c_full.png
11:49.187  render           | Saved: 'C:\Users\93rob\Documents\GitHub\SpaceFace\assets\ships\m4_helios_hub_v8\evidence\renders\helios_rock_c\helios_rock_c_full.__tmp_27428.png'
[m4-helios-hub-v3] Rendered helios_rock_c_full.png
11:50.656  render           | Saved: 'C:\Users\93rob\Documents\GitHub\SpaceFace\assets\ships\m4_helios_hub_v8\evidence\renders\helios_rock_c\helios_rock_c_full.__tmp_27428.png'
[m4-helios-hub-v3] Rendered helios_rock_c_full.png
11:52.890  render           | Saved: 'C:\Users\93rob\Documents\GitHub\SpaceFace\assets\ships\m4_helios_hub_v8\evidence\renders\helios_rock_c\helios_rock_c_full.__tmp_27428.png'
[m4-helios-hub-v3] Rendered helios_rock_c_full.png
11:55.250  render           | Saved: 'C:\Users\93rob\Documents\GitHub\SpaceFace\assets\ships\m4_helios_hub_v8\evidence\renders\helios_rock_c\helios_rock_c_full.__tmp_27428.png'
[m4-helios-hub-v3] Rendered helios_rock_c_full.png
11:57.109  render           | Saved: 'C:\Users\93rob\Documents\GitHub\SpaceFace\assets\ships\m4_helios_hub_v8\evidence\renders\helios_rock_c\helios_rock_c_full.__tmp_27428.png'
[m4-helios-hub-v3] Rendered helios_rock_c_full.png
11:58.719  render           | Saved: 'C:\Users\93rob\Documents\GitHub\SpaceFace\assets\ships\m4_helios_hub_v8\evidence\renders\helios_rock_c\helios_rock_c_forward_34.__tmp_27428.png'
[m4-helios-hub-v3] Rendered helios_rock_c_forward_34.png
12:00.453  render           | Saved: 'C:\Users\93rob\Documents\GitHub\SpaceFace\assets\ships\m4_helios_hub_v8\evidence\renders\helios_rock_c\helios_rock_c_forward_34.__tmp_27428.png'
[m4-helios-hub-v3] Rendered helios_rock_c_forward_34.png
12:02.953  render           | Saved: 'C:\Users\93rob\Documents\GitHub\SpaceFace\assets\ships\m4_helios_hub_v8\evidence\renders\helios_rock_c\helios_rock_c_forward_34.__tmp_27428.png'
[m4-helios-hub-v3] Rendered helios_rock_c_forward_34.png
12:05.906  render           | Saved: 'C:\Users\93rob\Documents\GitHub\SpaceFace\assets\ships\m4_helios_hub_v8\evidence\renders\helios_rock_c\helios_rock_c_forward_34.__tmp_27428.png'
[m4-helios-hub-v3] Rendered helios_rock_c_forward_34.png
12:07.937  render           | Saved: 'C:\Users\93rob\Documents\GitHub\SpaceFace\assets\ships\m4_helios_hub_v8\evidence\renders\helios_rock_c\helios_rock_c_forward_34.__tmp_27428.png'
[m4-helios-hub-v3] Rendered helios_rock_c_forward_34.png
12:09.531  render           | Saved: 'C:\Users\93rob\Documents\GitHub\SpaceFace\assets\ships\m4_helios_hub_v8\evidence\renders\helios_rock_c\helios_rock_c_forward_34.__tmp_27428.png'
[m4-helios-hub-v3] Rendered helios_rock_c_forward_34.png
12:11.422  render           | Saved: 'C:\Users\93rob\Documents\GitHub\SpaceFace\assets\ships\m4_helios_hub_v8\evidence\renders\helios_rock_c\helios_rock_c_forward_34.__tmp_27428.png'
[m4-helios-hub-v3] Rendered helios_rock_c_forward_34.png
12:13.125  render           | Saved: 'C:\Users\93rob\Documents\GitHub\SpaceFace\assets\ships\m4_helios_hub_v8\evidence\renders\helios_rock_c\helios_rock_c_forward_34.__tmp_27428.png'
[m4-helios-hub-v3] Rendered helios_rock_c_forward_34.png
12:15.047  render           | Saved: 'C:\Users\93rob\Documents\GitHub\SpaceFace\assets\ships\m4_helios_hub_v8\evidence\renders\helios_rock_c\helios_rock_c_forward_34.__tmp_27428.png'
[m4-helios-hub-v3] Rendered helios_rock_c_forward_34.png
12:16.719  render           | Saved: 'C:\Users\93rob\Documents\GitHub\SpaceFace\assets\ships\m4_helios_hub_v8\evidence\renders\helios_rock_c\helios_rock_c_forward_34.__tmp_27428.png'
[m4-helios-hub-v3] Rendered helios_rock_c_forward_34.png
12:18.250  render           | Saved: 'C:\Users\93rob\Documents\GitHub\SpaceFace\assets\ships\m4_helios_hub_v8\evidence\renders\helios_rock_c\helios_rock_c_readability_close.__tmp_27428.png'
[m4-helios-hub-v3] Rendered helios_rock_c_readability_close.png
12:19.422  render           | Saved: 'C:\Users\93rob\Documents\GitHub\SpaceFace\assets\ships\m4_helios_hub_v8\evidence\renders\helios_rock_c\helios_rock_c_readability_close.__tmp_27428.png'
[m4-helios-hub-v3] Rendered helios_rock_c_readability_close.png
12:20.765  render           | Saved: 'C:\Users\93rob\Documents\GitHub\SpaceFace\assets\ships\m4_helios_hub_v8\evidence\renders\helios_rock_c\helios_rock_c_readability_120px.__tmp_27428.png'
[m4-helios-hub-v3] Rendered helios_rock_c_readability_120px.png
12:21.312  render           | Saved: 'C:\Users\93rob\Documents\GitHub\SpaceFace\assets\ships\m4_helios_hub_v8\evidence\renders\helios_rock_c\helios_rock_c_readability_under45px.__tmp_27428.png'
[m4-helios-hub-v3] Rendered helios_rock_c_readability_under45px.png
12:22.531  render           | Saved: 'C:\Users\93rob\Documents\GitHub\SpaceFace\assets\ships\m4_helios_hub_v8\evidence\renders\helios_rock_c\helios_rock_c_top.__tmp_27428.png'
[m4-helios-hub-v3] Rendered helios_rock_c_top.png
12:24.750  render           | Saved: 'C:\Users\93rob\Documents\GitHub\SpaceFace\assets\ships\m4_helios_hub_v8\evidence\renders\helios_rock_c\helios_rock_c_top.__tmp_27428.png'
[m4-helios-hub-v3] Rendered helios_rock_c_top.png
12:26.547  render           | Saved: 'C:\Users\93rob\Documents\GitHub\SpaceFace\assets\ships\m4_helios_hub_v8\evidence\renders\helios_rock_c\helios_rock_c_rear.__tmp_27428.png'
[m4-helios-hub-v3] Rendered helios_rock_c_rear.png
12:28.203  render           | Saved: 'C:\Users\93rob\Documents\GitHub\SpaceFace\assets\ships\m4_helios_hub_v8\evidence\renders\helios_rock_c\helios_rock_c_rear.__tmp_27428.png'
[m4-helios-hub-v3] Rendered helios_rock_c_rear.png
12:29.672  render           | Saved: 'C:\Users\93rob\Documents\GitHub\SpaceFace\assets\ships\m4_helios_hub_v8\evidence\renders\helios_rock_c\helios_rock_c_rear.__tmp_27428.png'
[m4-helios-hub-v3] Rendered helios_rock_c_rear.png
12:31.031  render           | Saved: 'C:\Users\93rob\Documents\GitHub\SpaceFace\assets\ships\m4_helios_hub_v8\evidence\renders\helios_rock_c\helios_rock_c_rear_34.__tmp_27428.png'
[m4-helios-hub-v3] Rendered helios_rock_c_rear_34.png
12:32.656  render           | Saved: 'C:\Users\93rob\Documents\GitHub\SpaceFace\assets\ships\m4_helios_hub_v8\evidence\renders\helios_rock_c\helios_rock_c_rear_34.__tmp_27428.png'
[m4-helios-hub-v3] Rendered helios_rock_c_rear_34.png
12:34.469  render           | Saved: 'C:\Users\93rob\Documents\GitHub\SpaceFace\assets\ships\m4_helios_hub_v8\evidence\renders\helios_rock_c\helios_rock_c_rear_34.__tmp_27428.png'
[m4-helios-hub-v3] Rendered helios_rock_c_rear_34.png
12:36.312  render           | Saved: 'C:\Users\93rob\Documents\GitHub\SpaceFace\assets\ships\m4_helios_hub_v8\evidence\renders\helios_rock_c\helios_rock_c_detail.__tmp_27428.png'
[m4-helios-hub-v3] Rendered helios_rock_c_detail.png
12:38.719  render           | Saved: 'C:\Users\93rob\Documents\GitHub\SpaceFace\assets\ships\m4_helios_hub_v8\evidence\renders\helios_rock_c\helios_rock_c_detail.__tmp_27428.png'
[m4-helios-hub-v3] Rendered helios_rock_c_detail.png
12:40.500  render           | Saved: 'C:\Users\93rob\Documents\GitHub\SpaceFace\assets\ships\m4_helios_hub_v8\evidence\renders\helios_rock_c\helios_rock_c_detail.__tmp_27428.png'
[m4-helios-hub-v3] Rendered helios_rock_c_detail.png
12:42.640  render           | Saved: 'C:\Users\93rob\Documents\GitHub\SpaceFace\assets\ships\m4_helios_hub_v8\evidence\renders\helios_rock_c\helios_rock_c_detail.__tmp_27428.png'
[m4-helios-hub-v3] Rendered helios_rock_c_detail.png
12:44.562  render           | Saved: 'C:\Users\93rob\Documents\GitHub\SpaceFace\assets\ships\m4_helios_hub_v8\evidence\renders\helios_rock_c\helios_rock_c_detail.__tmp_27428.png'
[m4-helios-hub-v3] Rendered helios_rock_c_detail.png
12:46.453  render           | Saved: 'C:\Users\93rob\Documents\GitHub\SpaceFace\assets\ships\m4_helios_hub_v8\evidence\renders\helios_rock_c\helios_rock_c_detail.__tmp_27428.png'
[m4-helios-hub-v3] Rendered helios_rock_c_detail.png
12:48.984  render           | Saved: 'C:\Users\93rob\Documents\GitHub\SpaceFace\assets\ships\m4_helios_hub_v8\evidence\renders\helios_rock_c\helios_rock_c_detail.__tmp_27428.png'
[m4-helios-hub-v3] Rendered helios_rock_c_detail.png
12:52.859  render           | Saved: 'C:\Users\93rob\Documents\GitHub\SpaceFace\assets\ships\m4_helios_hub_v8\evidence\renders\helios_rock_c\helios_rock_c_detail.__tmp_27428.png'
[m4-helios-hub-v3] Rendered helios_rock_c_detail.png
12:55.406  render           | Saved: 'C:\Users\93rob\Documents\GitHub\SpaceFace\assets\ships\m4_helios_hub_v8\evidence\renders\helios_rock_c\helios_rock_c_detail.__tmp_27428.png'
[m4-helios-hub-v3] Rendered helios_rock_c_detail.png
12:57.187  render           | Saved: 'C:\Users\93rob\Documents\GitHub\SpaceFace\assets\ships\m4_helios_hub_v8\evidence\renders\helios_rock_c\helios_rock_c_detail.__tmp_27428.png'
[m4-helios-hub-v3] Rendered helios_rock_c_detail.png
12:59.234  render           | Saved: 'C:\Users\93rob\Documents\GitHub\SpaceFace\assets\ships\m4_helios_hub_v8\evidence\renders\helios_rock_c\helios_rock_c_side_ortho.__tmp_27428.png'
[m4-helios-hub-v3] Rendered helios_rock_c_side_ortho.png
13:00.922  render           | Saved: 'C:\Users\93rob\Documents\GitHub\SpaceFace\assets\ships\m4_helios_hub_v8\evidence\renders\helios_rock_c\helios_rock_c_side_ortho.__tmp_27428.png'
[m4-helios-hub-v3] Rendered helios_rock_c_side_ortho.png
13:02.781  render           | Saved: 'C:\Users\93rob\Documents\GitHub\SpaceFace\assets\ships\m4_helios_hub_v8\evidence\renders\helios_rock_c\helios_rock_c_gamesky.__tmp_27428.png'
[m4-helios-hub-v3] Rendered helios_rock_c_gamesky.png
13:03.844  render           | Saved: 'C:\Users\93rob\Documents\GitHub\SpaceFace\assets\ships\m4_helios_hub_v8\evidence\renders\helios_rock_c\helios_rock_c_gamesky_forward_34.__tmp_27428.png'
[m4-helios-hub-v3] Rendered helios_rock_c_gamesky_forward_34.png
13:04.781  render           | Saved: 'C:\Users\93rob\Documents\GitHub\SpaceFace\assets\ships\m4_helios_hub_v8\evidence\renders\helios_rock_c\helios_rock_c_gamesky_close.__tmp_27428.png'
[m4-helios-hub-v3] Rendered helios_rock_c_gamesky_close.png
13:05.719  render           | Saved: 'C:\Users\93rob\Documents\GitHub\SpaceFace\assets\ships\m4_helios_hub_v8\evidence\renders\helios_rock_c\helios_rock_c_gameplay.__tmp_27428.png'
[m4-helios-hub-v3] Rendered helios_rock_c_gameplay.png
13:06.422  render           | Saved: 'C:\Users\93rob\Documents\GitHub\SpaceFace\assets\ships\m4_helios_hub_v8\evidence\renders\helios_rock_c\helios_rock_c_lod_continuity_lod0.__tmp_27428.png'
[m4-helios-hub-v3] Rendered helios_rock_c_lod_continuity_lod0.png
13:07.078  render           | Saved: 'C:\Users\93rob\Documents\GitHub\SpaceFace\assets\ships\m4_helios_hub_v8\evidence\renders\helios_rock_c\helios_rock_c_lod_continuity_lod1.__tmp_27428.png'
[m4-helios-hub-v3] Rendered helios_rock_c_lod_continuity_lod1.png
13:07.719  render           | Saved: 'C:\Users\93rob\Documents\GitHub\SpaceFace\assets\ships\m4_helios_hub_v8\evidence\renders\helios_rock_c\helios_rock_c_lod_continuity_lod2.__tmp_27428.png'
[m4-helios-hub-v3] Rendered helios_rock_c_lod_continuity_lod2.png
[m4-helios-hub-v3] FAIL helios_rock_c: FRAMING HARD FAIL helios_rock_c: hero shots outside margin: full, forward_34
[m4-helios-hub-v3] FAMILY DONE in 774.1s — ok=0 fail=5 (no acceptance claim)
[m4-helios-hub-v3] Released authoring lock
Blender 5.1.2 (hash ec6e62d40fa9 built 2026-05-19 01:37:34)
