
> spaceface@0.1.0 probe:smooth-flight:crucible
> node scripts/probe-smooth-flight.mjs --crucible --seed=4242

  fat event payloads:
    bufferFullUpload@144.sourceData 5 KB
    bufferFullUpload@144.sourceData 2 KB
    bufferFullUpload@144.sourceData 5 KB
    bufferFullUpload@144.sourceData 5 KB
    bufferFullUpload@144.sourceData 0 KB
    bufferFullUpload@144.sourceData 0 KB
    bufferFullUpload@144.sourceData 0 KB
    bufferFullUpload@144.sourceData 0 KB
    bufferFullUpload@144.sourceData 6 KB
    bufferFullUpload@144.sourceData 6 KB
    bufferFullUpload@144.sourceData 4 KB
    bufferFullUpload@144.sourceData 7 KB
    bufferFullUpload@144.sourceData 7 KB
    bufferFullUpload@144.sourceData 5 KB
    bufferFullUpload@145.sourceData 7 KB
    bufferFullUpload@145.sourceData 7 KB
    bufferFullUpload@145.sourceData 5 KB
    bufferFullUpload@146.sourceData 0 KB
    bufferFullUpload@146.sourceData 0 KB
    bufferFullUpload@146.sourceData 0 KB

SMOOTH-FLIGHT WITNESS
  GPU                         ANGLE (Google, Vulkan 1.3.0 (SwiftShader Device (Subzero) (0x0000C0DE)), SwiftShader driver)
  whole-machine CPU busy      66 % of 8 logical cores during the sample (the game alone is ~10-15 %)
  route                       CRUCIBLE swarm, seed 4242, default kit; at end: 10 other ships, 3 projectiles, 104 entities, 0 draw calls, 0k triangles
  launch to flight            14.6 s
  sample                      after 0 s of flight: 30 s, 312 frames, 11.6 fps mean
  frame time p50/p95/p99      83.3 / 116.7 / 216.7 ms; worst 267 ms
  frames over 33 / 50 / 100   312 (100.0 %) / 303 (97.1 %) / 42
  typical frame costs (ms)    callback 20.0  sim 9.8  present 10.1  render 6.3  vfx 1.2  ui 2.4  feel 0.1  admission 0.5
  before a LONG frame (ms)    callback 20.0  sim 9.8  present 10.1  render 6.3  vfx 1.2  ui 2.4  feel 0.1  admission 0.5
  long frames paid in JS      255 of 311 (the rest: GPU, compositor or GC outside the game's callback)
  worst freezes (ms): interval <- callback = sim + present(render, vfx, ui) ...
    # 230   267 <- callback   19  sim    9  present    9  (render 6, vfx 1, ui 3)  admission 0  — no wave event within 2s
    #  18   233 <- callback   25  sim   15  present   10  (render 7, vfx 2, ui 1)  admission 0  — no wave event within 2s
    # 190   217 <- callback   19  sim   10  present   10  (render 6, vfx 1, ui 3)  admission 0  — no wave event within 2s
    # 280   167 <- callback   15  sim    9  present    7  (render 5, vfx 1, ui 1)  admission 0  — no wave event within 2s
    #  72   150 <- callback   18  sim    7  present   11  (render 7, vfx 1, ui 3)  admission 0  — no wave event within 2s
    #   3   150 <- callback   20  sim   12  present    8  (render 6, vfx 1, ui 1)  admission 0  — no wave event within 2s
    #  12   133 <- callback   22  sim   11  present   11  (render 7, vfx 2, ui 2)  admission 0  — no wave event within 2s
    #   8   133 <- callback   19  sim    5  present   14  (render 10, vfx 2, ui 3)  admission 1  — no wave event within 2s
    #  15   133 <- callback   20  sim    6  present   14  (render 9, vfx 2, ui 4)  admission 0  — no wave event within 2s
    #  40   133 <- callback   17  sim    6  present   12  (render 7, vfx 2, ui 3)  admission 0  — no wave event within 2s
  wave events (s into sample)   -14.3s run:wavePlanned w1   -14.3s run:waveMaterialized w1 [wasp_swarmer×5]   -14.3s run:waveStarted w1   -7.7s run:waveMaterialized w1 [wasp_swarmer×5]
  wave arrival in window      COVERED (edge) — the wave materialized on the first flight ticks just before the sample clock started; its spawn cost lands inside the window via deferred mesh builds.
  program links / buffer uploads shaderLinks +15, bufferFullUploads +406, bufferPartialUploads +30674
  link placement                1 frame(s) paid a draw-time link; 14 link(s) landed off-frame (async compile); novelty: 10 NOVEL, 0 RELINK, 0 unkeyed
  admissions queued at flight   pipelines 27, residency 0
  roster prewarm at flight      no exemplar roots mounted
  roster catalog at flight    n/a; queues pipelines 0, residency 21
  cook ledger                 opening.rockSurfaceLibrary 21ms resolved | opening.firstPresentAdmission 4ms resolved | opening.planWait 2970ms resolved | opening.residency 4ms resolved (subjects=57,textureRefs=69,textures=69) | opening.postResources 2ms resolved (route=bloom) | opening.capturedPipelineDrain 0ms skipped (captured=0,stillPending=0) | opening.drainWait 0ms resolved | opening.receipt 1ms resolved | wait.prepareOpeningGpuResources 3003ms resolved
    +0.4s  [NOVEL] ?  (78,79,highp,srgb-linear,false,,false,false,false,false,false,false,false,false,false,false,false,false,false,false,false,false,false,false,false,false,false,false,false,,true,false,0,,3,9,0,0,0,0,0,0,0,0,0,1,0,0,0,0,0,2049,srgb,onBeforeCompile( /* shaderobject, renderer */ ) {})  via Asteroid_334  [at getProgram () <- at prepareMaterial () <- at  <- at Mesh.traverse ()]
        owners: ShaderMaterial@Mesh
    +0.7s  [NOVEL] ?  (basic,highp,srgb-linear,false,,false,false,false,false,false,false,false,false,false,false,false,false,false,false,false,false,false,false,false,false,false,false,false,0,true,false,0,,3,9,0,0,0,0,0,0,0,0,0,1,0,0,0,0,1024,3,srgb,onBeforeCompile( /* shaderobject, renderer */ ) {})  via GLTFKit_ship_wasp  drew slipstream-ribbon  [at getProgram () <- at setProgram () <- at WebGLRenderer.renderBufferDirect () <- at WebGLRenderer.renderBufferDirect ()]
        Δ custom:sf-beam-structure-sheath→onBeforeCompile( /* shaderobject
        owners: MeshBasicMaterial@slipstream-ribbon
    +9.2s  [NOVEL] SF_Shared_mechanical_none_native  (physical,STANDARD,,PHYSICAL,,highp,srgb-linear,306,1024,uv,false,false,uv,false,uv,false,false,uv,uv,false,false,false,false,false,false,false,false,false,false,false,false,false,,true,false,0,,3,9,0,0,0,0,0,0,0,0,0,1,0,0,0,0,8421456,147459,srgb,spaceface-surface-breakup-v4-file-scope|spaceface-illustrated-surface-v8)  via GLTFKit_SF_PLACE_STATION_TRADE_HUB
        owners: SF_Shared_mechanical_none_native@LOD2_HeliosGolden02_Batch_Mesh_4  SF_Shared_mechanical_none_native@LOD2_HeliosGolden02_Batch_Mesh_6  SF_Shared_none_textured_none_native@LOD2_HeliosGolden02_Batch_Mesh_9  SF_Shared_none_textured_none_native@LOD2_HeliosGolden02_Batch_Mesh_10
    +9.2s  [NOVEL] SF_Shared_canopy_none_native  (physical,STANDARD,,PHYSICAL,,highp,srgb-linear,306,1024,uv,false,false,uv,false,uv,false,false,uv,uv,false,false,false,false,false,false,false,false,false,false,false,false,false,,true,false,0,,3,9,0,0,0,0,0,0,0,0,0,1,0,0,0,0,8421584,16387,srgb,)  via GLTFKit_SF_PLACE_STATION_TRADE_HUB
        Δ doubleSided:on→off
        owners: SF_Shared_canopy_none_native@LOD2_HeliosGolden02_Batch_Mesh_8  SF_Shared_canopy_none_native@HeliosGolden02_CommonBatch_Mesh_5  SF_Shared_canopy_none_native@rendersfrenderhelios-trade-hubflight-static-lane1_9  SF_Shared_canopy_none_native@rendersfrenderhelios-trade-hubflight-static-lane2_9
    +9.3s  [NOVEL] SF_Shared_none_textured_none_native  (physical,STANDARD,,PHYSICAL,,highp,srgb-linear,306,1024,uv,false,false,uv,false,uv,false,false,uv,uv,false,false,false,false,false,false,false,false,false,false,false,false,false,,true,false,0,,3,9,0,0,0,0,0,0,0,0,0,1,0,0,0,0,8421584,147459,srgb,spaceface-illustrated-surface-v8)  via GLTFKit_SF_PLACE_STATION_TRADE_HUB
        Δ doubleSided:on→off
        owners: SF_Shared_none_textured_none_native@rendersfrenderhelios-trade-hubflight-static-lane1  SF_Shared_none_textured_none_native@rendersfrenderhelios-trade-hubflight-static-lane2
    +11.8s  [NOVEL] ?  (physical,STANDARD,,highp,srgb-linear,306,1024,false,false,false,false,false,false,false,false,false,false,false,false,false,false,false,false,false,false,false,false,false,false,false,,true,false,0,,3,9,0,0,0,0,0,0,0,0,0,1,0,0,0,0,8388624,131075,srgb,onBeforeCompile( /* shaderobject, renderer */ ) {})  via Asteroid_316,ship_wasp_DirectAuthoredAdmission_AuthoredAsset  [at getProgram () <- at prepareMaterial () <- at  <- at Mesh.traverse ()]
        Δ custom:spaceface-illustrated-surface-v8→onBeforeCompile( /* shaderobject
        owners: MeshStandardMaterial@GLTFKit_Nav_Lights_port  MeshStandardMaterial@GLTFKit_Nav_Lights_starboard
    +23.3s  [NOVEL] SF_Shared_none_textured_none_native  (physical,STANDARD,,highp,srgb-linear,306,1024,uv,false,false,uv,false,uv,false,false,uv,uv,false,false,false,false,false,false,false,false,false,false,false,false,false,,true,false,0,,3,9,0,0,0,0,0,0,0,0,0,1,0,0,0,0,8421456,149507,srgb,spaceface-illustrated-surface-v8)  via GLTFKit_SF_PLACE_STATION_MILITARY
        Δ aoMapUv:false→uv
        owners: SF_Shared_none_textured_none_native@LOD0_Station_Material_Warning  SF_Shared_none_textured_none_native@LOD1_Station_Material_Warning  SF_Shared_none_textured_none_native@LOD2_Station_Material_Warning  SF_Shared_none_textured_none_native@GLTFKit_StaticGroup_14_12
    +26.5s  [NOVEL] SF_Shared_none_textured_none_native  (physical,STANDARD,,PHYSICAL,,highp,srgb-linear,306,1024,uv,false,false,uv,false,uv,false,false,uv,uv,false,false,false,false,false,false,false,false,false,false,false,false,false,,true,false,0,,3,9,0,0,0,0,0,0,0,0,0,1,0,0,0,0,8421456,149507,srgb,spaceface-illustrated-surface-v8)  via Asteroid_311,GLTFKit_place_asteroid_seamed
        Δ aoMapUv:false→uv
        owners: SF_Shared_none_textured_none_native@LOD0_Seamed_Material_Fracture  SF_Shared_none_textured_none_native@LOD1_Seamed_Material_Fracture  SF_Shared_none_textured_none_native@LOD2_Seamed_Material_Fracture  SF_Shared_none_textured_none_native@GLTFKit_StaticGroup_5_5
    +26.5s  [NOVEL] SF_Shared_none_textured_none_native  (physical,STANDARD,,highp,srgb-linear,306,1024,uv,false,false,uv,false,uv,false,false,uv,uv,false,false,false,false,false,false,false,false,false,false,false,false,false,,true,false,0,,3,9,0,0,0,0,0,0,0,0,0,1,0,0,0,0,8422480,149507,srgb,spaceface-illustrated-surface-v8)  via Asteroid_311,GLTFKit_place_asteroid_seamed
        Δ aoMapUv:false→uv | vertexColors:off→on
        owners: SF_Shared_none_textured_none_native@LOD0_Seamed_Material_Mineral  SF_Shared_none_textured_none_native@LOD1_Seamed_Material_Mineral  SF_Shared_none_textured_none_native@LOD2_Seamed_Material_Mineral  SF_Shared_none_textured_none_native@GLTFKit_StaticGroup_5_5
    +26.5s  [NOVEL] SF_Shared_none_textured_none_native  (physical,STANDARD,,PHYSICAL,,highp,srgb-linear,306,1024,uv,false,false,uv,false,uv,false,false,uv,uv,false,false,false,false,false,false,false,false,false,false,false,false,false,,true,false,0,,3,9,0,0,0,0,0,0,0,0,0,1,0,0,0,0,8422480,149507,srgb,spaceface-illustrated-surface-v8)  via Asteroid_311,GLTFKit_place_asteroid_seamed
        Δ aoMapUv:false→uv | vertexColors:off→on
        owners: SF_Shared_none_textured_none_native@LOD0_Seamed_Material_Regolith  SF_Shared_none_textured_none_native@LOD1_Seamed_Material_Regolith  SF_Shared_none_textured_none_native@LOD2_Seamed_Material_Regolith  SF_Shared_none_textured_none_native@GLTFKit_StaticGroup_5_5
  boundary census at flight   authored×11 loading×49 awaiting-authored-admission×4
  non-terminal at start       ship_wasp(ship,loading->authored) ship_wasp(ship,loading->authored) ship_wasp(ship,loading->authored) station_helios(station,loading,never-req->authored) station_coalition(station,loading,never-req->authored) place_asteroid_seamed(asteroid,loading,never-req->authored) place_asteroid_rock_a(asteroid,loading,never-req->authored) 74(station,loading,never-req->authored) 75(station,loading,never-req->authored) 76(station,loading,never-req->compiling-pipelines) place_memorial_array(fx,loading,never-req->loading) place_debris_chunk(fx,loading,never-req->loading) place_cold_locker(fx,loading,never-req->loading) station_ceres(station,loading,never-req->loading) station_beltout(station,loading,never-req->loading) place_asteroid_rock_a(asteroid,loading,never-req->loading) place_asteroid_seamed(asteroid,loading,never-req->loading) place_asteroid_rock_a(asteroid,loading,never-req->loading)
  program-key drift (old -> new):
    ship_wasp
      - (no program at start)
      + physical,STANDARD,,highp,srgb-linear,306,1024,false,false,false,false,false,false,false,false,false,false,false,false,false,false,false,false,false,false,false, [NOT warmed — nearest Δ specularColorMapUv:false→ | specularIntensityMapUv:false→∅ | transmissionMapUv:false→∅ | thicknessMapUv:false→∅]
    ship_wasp
      - (no program at start)
      + basic,highp,srgb-linear,false,,false,false,false,false,false,false,false,false,false,false,false,false,false,false,false,false,false,false,false,false,false,fal [NOT warmed — nearest Δ transmissionMapUv:false→fal | thicknessMapUv:false→∅ | combine:0→∅ | fogExp2:true→∅]
    ship_wasp
      - (no program at start)
      + physical,STANDARD,,highp,srgb-linear,306,1024,uv,false,false,false,false,uv,false,false,uv,uv,false,false,false,false,false,false,false,false,false,false,false, [NOT warmed — nearest Δ normalMapUv:false→uv | transmissionMapUv:false→ | thicknessMapUv:false→∅ | fogExp2:true→∅]
    ship_wasp
      - (no program at start)
      + physical,STANDARD,,highp,srgb-linear,306,1024,uv,false,false,false,false,uv,false,false,uv,uv,false,false,false,false,false,false,false,false,false,false,false, [NOT warmed — nearest Δ normalMapUv:false→uv | transmissionMapUv:false→ | thicknessMapUv:false→∅ | fogExp2:true→∅]
    ship_wasp
      - (no program at start)
      + physical,STANDARD,,highp,srgb-linear,306,1024,uv,false,false,false,false,uv,false,false,uv,uv,false,false,false,false,false,false,false,false,false,false,false, [NOT warmed — nearest Δ normalMapUv:false→uv | transmissionMapUv:false→ | thicknessMapUv:false→∅ | fogExp2:true→∅]
    ship_wasp
      - (no program at start)
      + physical,STANDARD,,highp,srgb-linear,306,1024,uv,false,false,false,false,uv,false,false,uv,uv,false,false,false,false,false,false,false,false,false,false,false, [NOT warmed — nearest Δ normalMapUv:false→uv | transmissionMapUv:false→ | thicknessMapUv:false→∅ | fogExp2:true→∅]
    ship_wasp
      - (no program at start)
      + physical,STANDARD,,highp,srgb-linear,306,1024,uv,false,false,uv,false,uv,false,false,uv,uv,false,false,false,false,false,false,false,false,false,false,false,fal [NOT warmed — nearest Δ aoMapUv:false→uv | normalMapUv:false→uv | transmissionMapUv:false→fal | thicknessMapUv:false→∅]
    ship_wasp
      - (no program at start)
      + physical,STANDARD,,highp,srgb-linear,306,1024,uv,false,false,uv,false,uv,false,false,uv,uv,false,false,false,false,false,false,false,false,false,false,false,fal [NOT warmed — nearest Δ aoMapUv:false→uv | normalMapUv:false→uv | transmissionMapUv:false→fal | thicknessMapUv:false→∅]
    ship_wasp
      - (no program at start)
      + physical,STANDARD,,PHYSICAL,,highp,srgb-linear,306,1024,uv,false,false,uv,false,uv,false,false,uv,uv,false,false,false,false,false,false,false,false,false,false [NOT warmed — nearest Δ aoMapUv:false→uv | normalMapUv:false→uv | specularIntensityMapUv:false→∅ | transmissionMapUv:false→∅]
    ship_wasp
      - (no program at start)
      + physical,STANDARD,,highp,srgb-linear,306,1024,uv,false,false,uv,false,uv,false,false,uv,uv,false,false,false,false,false,false,false,false,false,false,false,fal [NOT warmed — nearest Δ aoMapUv:false→uv | normalMapUv:false→uv | transmissionMapUv:false→fal | thicknessMapUv:false→∅]
    ship_wasp
      - (no program at start)
      + physical,STANDARD,,highp,srgb-linear,306,1024,uv,false,false,uv,false,uv,false,false,uv,uv,false,false,false,false,false,false,false,false,false,false,false,fal [NOT warmed — nearest Δ aoMapUv:false→uv | normalMapUv:false→uv | transmissionMapUv:false→fal | thicknessMapUv:false→∅]
    ship_wasp
      - (no program at start)
      + physical,STANDARD,,highp,srgb-linear,306,1024,uv,false,false,false,false,uv,false,false,uv,uv,false,false,false,false,false,false,false,false,false,false,false, [NOT warmed — nearest Δ normalMapUv:false→uv | transmissionMapUv:false→ | thicknessMapUv:false→∅ | fogExp2:true→∅]
    ship_wasp
      - (no program at start)
      + physical,STANDARD,,highp,srgb-linear,306,1024,uv,false,false,uv,false,uv,false,false,uv,uv,false,false,false,false,false,false,false,false,false,false,false,fal [NOT warmed — nearest Δ aoMapUv:false→uv | normalMapUv:false→uv | transmissionMapUv:false→fal | thicknessMapUv:false→∅]
    ship_wasp
      - (no program at start)
      + physical,STANDARD,,PHYSICAL,,highp,srgb-linear,306,1024,uv,false,false,uv,false,uv,false,false,uv,uv,false,false,false,false,false,false,false,false,false,false [NOT warmed — nearest Δ aoMapUv:false→uv | normalMapUv:false→uv | specularIntensityMapUv:false→∅ | transmissionMapUv:false→∅]
  mesh builds in sample:
    +2.0s  build ship:ship_wasp
    +2.0s  build asteroid:ast_common_rock
    +2.0s  build asteroid:ast_common_rock
    +11.6s  build asteroid:ast_common_rock
    +11.6s  build asteroid:ast_common_rock
    +11.6s  build asteroid:ast_common_rock
    +11.6s  build asteroid:ast_common_rock
    +11.6s  build asteroid:ast_common_rock
    +11.6s  build asteroid:ast_common_rock
    +11.6s  build asteroid:ast_common_rock
    +15.4s  build asteroid:ast_common_rock
    +15.4s  build asteroid:ast_common_rock
    +15.4s  build asteroid:ast_common_rock
    +15.4s  build asteroid:ast_common_rock
    +15.4s  build asteroid:ast_common_rock
    +15.4s  build asteroid:ast_common_rock
    +15.4s  build asteroid:ast_common_rock
    +21.2s  build asteroid:ast_common_rock
    +21.2s  build asteroid:ast_common_rock
    +21.2s  build asteroid:ast_common_rock
    +21.2s  build asteroid:ast_common_rock
    +21.2s  build asteroid:ast_common_rock
    +21.2s  build asteroid:ast_common_rock
    +21.2s  build asteroid:ast_common_rock
    +21.2s  build asteroid:ast_common_rock
    +21.8s  build asteroid:ast_common_rock
    +26.4s  build asteroid:ast_common_rock
    +26.4s  build asteroid:ast_common_rock
    +26.4s  build asteroid:ast_common_rock
  buffer uploads in sample:
    +0s  ×1    bufferData 5220B  via res:sf-retro-jets-plume-0,sf-retro-jets-forge-0,sf-retro-jet  <- sf-retro-jets-forge-1.position
    +0s  ×1    bufferData 1740B  via res:sf-retro-jets-plume-0,sf-retro-jets-forge-0,sf-retro-jet  <- sf-retro-jets-forge-1.aTube
    +0s  ×1    bufferData 4704B  via res:sf-retro-jets-plume-0,sf-retro-jets-forge-0,sf-retro-jet  <- sf-retro-jets-forge-0.index
    +0s  ×1    bufferData 4704B  via res:sf-retro-jets-plume-0,sf-retro-jets-forge-0,sf-retro-jet  <- sf-retro-jets-forge-1.index
    +0s  ×1    bufferData 216B  via res:Mesh  <- Mesh.position
    +0s  ×1    bufferData 216B  via res:Mesh  <- Mesh.normal
    +0s  ×1    bufferData 144B  via res:Mesh  <- Mesh.uv
    +0s  ×1    bufferData 96B  via res:Mesh  <- Mesh.index
    +0s  ×1    bufferData 6480B  via res:Mesh,sf-static-merge  <- Mesh.position
    +0s  ×1    bufferData 6480B  via res:Mesh,sf-static-merge  <- Mesh.normal
    +0s  ×1    bufferData 4320B  via res:Mesh,sf-static-merge  <- Mesh.uv
    +0s  ×2    bufferData 7560B  via res:Mesh,sf-static-merge
    +0s  ×1    bufferData 5040B  via res:Mesh,sf-static-merge
    +0s  ×1    bufferData 7560B  via res:Mesh,sf-static-merge  <- sf-static-merge.normal
    +0s  ×1    bufferData 7560B  via res:Mesh,sf-static-merge  <- sf-static-merge.position
    +0s  ×1    bufferData 5040B  via res:Mesh,sf-static-merge  <- sf-static-merge.uv
    +0s  ×1    bufferData 72B  via GLTFKit_ship_wasp  <- rcs-layer:core.position
    +0s  ×1    bufferData 72B  via GLTFKit_ship_wasp  <- rcs-layer:core.normal
    +0s  ×1    bufferData 48B  via GLTFKit_ship_wasp  <- rcs-layer:core.uv
    +0s  ×1    bufferData 144B  via GLTFKit_ship_wasp  <- rcs-layer:core.instanceOffset
    +0s  ×1    bufferData 192B  via GLTFKit_ship_wasp  <- rcs-layer:core.instanceAxisScale
    +0s  ×1    bufferData 192B  via GLTFKit_ship_wasp  <- rcs-layer:core.instanceParams
    +0s  ×1    bufferData 192B  via GLTFKit_ship_wasp  <- rcs-layer:core.instanceDynamics
    +0s  ×1    bufferData 144B  via GLTFKit_ship_wasp  <- rcs-layer:core.instanceColor
  SHIP LOST ITS PLACE         0 presents redrew an already-drawn moment (must be 0)
  hitch callbacks             51 of 342 (world resumed two ticks on)
  frames that shed sim time   197
  game speed vs real time     58.2 % (hit-stop and hitches are the only things allowed to lower it)
  OS says reduce motion       false
  game motion setting         full -> effects FULL
  rock batches                0/5  1/13  0/11  0/9  0/8
  player speed at end         121 WU/s
  console errors              4
    [log] [render] GPU: %s | tier: %s | pixelRatio: %s | buffer: %dx%d ANGLE (Google, Vulkan 1.3.0 (SwiftShader Device (Subzero) (0x0000C0DE)), SwiftShader driver) software 1.00 1600 900
    [warning] THREE.WebGLRenderer: KHR_parallel_shader_compile extension not supported.
    [error] Failed to load resource: the server responded with a status of 404 (Not Found) (http://127.0.0.1:37367/__spaceface_player_store)
    [warning] [GPU brick] bloomScene 482.2ms {"owners":[{"object":"Parallax_FarDust_Instances","material":"MeshStandardMaterial","root":"Parallax_FarDust","key":"physical,STANDARD,,highp,srgb-linear,306,1024,uv,false,false,uv,false,uv,false,false,uv,uv,false,false,false,false,false,false,false,false,false,false,f

CRUCIBLE_EXIT:0
