node:internal/modules/run_main:107
    triggerUncaughtException(
    ^

browserType.launch: Target page, context or browser has been closed
Browser logs:

<launching> /usr/bin/chromium --disable-field-trial-config --disable-background-networking --disable-background-timer-throttling --disable-backgrounding-occluded-windows --disable-back-forward-cache --disable-breakpad --disable-client-side-phishing-detection --disable-component-extensions-with-background-pages --disable-component-update --no-default-browser-check --disable-default-apps --disable-dev-shm-usage --disable-edgeupdater --disable-extensions --disable-features=AvoidUnnecessaryBeforeUnloadCheckSync,BoundaryEventDispatchTracksNodeRemoval,DestroyProfileOnBrowserClose,DialMediaRouteProvider,GlobalMediaControls,HttpsUpgrades,LensOverlay,MediaRouter,PaintHolding,ThirdPartyStoragePartitioning,Translate,AutoDeElevate,RenderDocument,OptimizationHints,msForceBrowserSignIn,msEdgeUpdateLaunchServicesPreferredVersion --enable-features=CDPScreenshotNewSurface --allow-pre-commit-input --disable-hang-monitor --disable-ipc-flooding-protection --disable-popup-blocking --disable-prompt-on-repost --disable-renderer-backgrounding --force-color-profile=srgb --metrics-recording-only --no-first-run --password-store=basic --use-mock-keychain --no-service-autorun --export-tagged-pdf --disable-search-engine-choice-screen --unsafely-disable-devtools-self-xss-warnings --edge-skip-compat-layer-relaunch --disable-infobars --disable-search-engine-choice-screen --disable-sync --enable-unsafe-swiftshader --headless --hide-scrollbars --mute-audio --blink-settings=primaryHoverType=2,availableHoverTypes=2,primaryPointerType=4,availablePointerTypes=4 --no-sandbox --mute-audio --use-gl=angle --use-angle=swiftshader --enable-unsafe-swiftshader --ignore-gpu-blocklist --disable-background-timer-throttling --user-data-dir=/tmp/playwright_chromiumdev_profile-MKR3Lm --remote-debugging-pipe --no-startup-window
<launched> pid=32
[pid=32][err] [32:32:1004/063952.818894:ERROR:third_party/crashpad/crashpad/util/file/filesystem_posix.cc:63] mkdir : No such file or directory (2)
[pid=32][err] chrome_crashpad_handler: --database is required
[pid=32][err] Try 'chrome_crashpad_handler --help' for more information.
[pid=32][err] [32:32:1004/063952.860701:FATAL:chrome/browser/process_singleton_posix.cc:297] Check failed: . socket() failed: Operation not permitted (1)
Call log:
[2m  - <launching> /usr/bin/chromium --disable-field-trial-config --disable-background-networking --disable-background-timer-throttling --disable-backgrounding-occluded-windows --disable-back-forward-cache --disable-breakpad --disable-client-side-phishing-detection --disable-component-extensions-with-background-pages --disable-component-update --no-default-browser-check --disable-default-apps --disable-dev-shm-usage --disable-edgeupdater --disable-extensions --disable-features=AvoidUnnecessaryBeforeUnloadCheckSync,BoundaryEventDispatchTracksNodeRemoval,DestroyProfileOnBrowserClose,DialMediaRouteProvider,GlobalMediaControls,HttpsUpgrades,LensOverlay,MediaRouter,PaintHolding,ThirdPartyStoragePartitioning,Translate,AutoDeElevate,RenderDocument,OptimizationHints,msForceBrowserSignIn,msEdgeUpdateLaunchServicesPreferredVersion --enable-features=CDPScreenshotNewSurface --allow-pre-commit-input --disable-hang-monitor --disable-ipc-flooding-protection --disable-popup-blocking --disable-prompt-on-repost --disable-renderer-backgrounding --force-color-profile=srgb --metrics-recording-only --no-first-run --password-store=basic --use-mock-keychain --no-service-autorun --export-tagged-pdf --disable-search-engine-choice-screen --unsafely-disable-devtools-self-xss-warnings --edge-skip-compat-layer-relaunch --disable-infobars --disable-search-engine-choice-screen --disable-sync --enable-unsafe-swiftshader --headless --hide-scrollbars --mute-audio --blink-settings=primaryHoverType=2,availableHoverTypes=2,primaryPointerType=4,availablePointerTypes=4 --no-sandbox --mute-audio --use-gl=angle --use-angle=swiftshader --enable-unsafe-swiftshader --ignore-gpu-blocklist --disable-background-timer-throttling --user-data-dir=/tmp/playwright_chromiumdev_profile-MKR3Lm --remote-debugging-pipe --no-startup-window[22m
[2m  - <launched> pid=32[22m
[2m  - [pid=32][err] [32:32:1004/063952.818894:ERROR:third_party/crashpad/crashpad/util/file/filesystem_posix.cc:63] mkdir : No such file or directory (2)[22m
[2m  - [pid=32][err] chrome_crashpad_handler: --database is required[22m
[2m  - [pid=32][err] Try 'chrome_crashpad_handler --help' for more information.[22m
[2m  - [pid=32][err] [32:32:1004/063952.860701:FATAL:chrome/browser/process_singleton_posix.cc:297] Check failed: . socket() failed: Operation not permitted (1)[22m
[2m  - [pid=32] <gracefully close start>[22m
[2m  - [pid=32] <kill>[22m
[2m  - [pid=32] <will force kill>[22m
[2m  - [pid=32] <process did exit: exitCode=null, signal=SIGABRT>[22m
[2m  - [pid=32] starting temporary directories cleanup[22m
[2m  - [pid=32] finished temporary directories cleanup[22m
[2m  - [pid=32] <gracefully close end>[22m

    at BrowserType2.value (/workspace/scratch/d2415e46e35b/spaceface-recovery-composition-v1/scripts/lib/load-playwright.mjs:59:36)
    at /workspace/scratch/d2415e46e35b/mite-recovery-candidate-n1/look-runtime/scripts/fleet-look.mjs:90:32 {
  log: [
    '  - <launching> /usr/bin/chromium --disable-field-trial-config --disable-background-networking --disable-background-timer-throttling --disable-backgrounding-occluded-windows --disable-back-forward-cache --disable-breakpad --disable-client-side-phishing-detection --disable-component-extensions-with-background-pages --disable-component-update --no-default-browser-check --disable-default-apps --disable-dev-shm-usage --disable-edgeupdater --disable-extensions --disable-features=AvoidUnnecessaryBeforeUnloadCheckSync,BoundaryEventDispatchTracksNodeRemoval,DestroyProfileOnBrowserClose,DialMediaRouteProvider,GlobalMediaControls,HttpsUpgrades,LensOverlay,MediaRouter,PaintHolding,ThirdPartyStoragePartitioning,Translate,AutoDeElevate,RenderDocument,OptimizationHints,msForceBrowserSignIn,msEdgeUpdateLaunchServicesPreferredVersion --enable-features=CDPScreenshotNewSurface --allow-pre-commit-input --disable-hang-monitor --disable-ipc-flooding-protection --disable-popup-blocking --disable-prompt-on-repost --disable-renderer-backgrounding --force-color-profile=srgb --metrics-recording-only --no-first-run --password-store=basic --use-mock-keychain --no-service-autorun --export-tagged-pdf --disable-search-engine-choice-screen --unsafely-disable-devtools-self-xss-warnings --edge-skip-compat-layer-relaunch --disable-infobars --disable-search-engine-choice-screen --disable-sync --enable-unsafe-swiftshader --headless --hide-scrollbars --mute-audio --blink-settings=primaryHoverType=2,availableHoverTypes=2,primaryPointerType=4,availablePointerTypes=4 --no-sandbox --mute-audio --use-gl=angle --use-angle=swiftshader --enable-unsafe-swiftshader --ignore-gpu-blocklist --disable-background-timer-throttling --user-data-dir=/tmp/playwright_chromiumdev_profile-MKR3Lm --remote-debugging-pipe --no-startup-window',
    '  - <launched> pid=32',
    '  - [pid=32][err] [32:32:1004/063952.818894:ERROR:third_party/crashpad/crashpad/util/file/filesystem_posix.cc:63] mkdir : No such file or directory (2)',
    '  - [pid=32][err] chrome_crashpad_handler: --database is required',
    "  - [pid=32][err] Try 'chrome_crashpad_handler --help' for more information.",
    '  - [pid=32][err] [32:32:1004/063952.860701:FATAL:chrome/browser/process_singleton_posix.cc:297] Check failed: . socket() failed: Operation not permitted (1)',
    '  - [pid=32] <gracefully close start>',
    '  - [pid=32] <kill>',
    '  - [pid=32] <will force kill>',
    '  - [pid=32] <process did exit: exitCode=null, signal=SIGABRT>',
    '  - [pid=32] starting temporary directories cleanup',
    '  - [pid=32] finished temporary directories cleanup',
    '  - [pid=32] <gracefully close end>'
  ]
}

Node.js v24.19.0
