
> spaceface@0.1.0 check:assets:live
> node scripts/probe-authored-assets-live.mjs

Authored GLB live probe PASS
{
  "mode": "flight",
  "tick": 22,
  "shipCount": 10,
  "authoredShipCount": 10,
  "instancePoolCount": 0,
  "instancePoolLiveCount": 0,
  "staticBatchCount": 53,
  "loaderDiagnostics": {
    "available": true,
    "release": true,
    "partRoot": "assets/ships/release/parts/",
    "declaredCount": 63,
    "loadedCount": 63,
    "failureCount": 0,
    "wholeShipDeclaredCount": 0,
    "wholeShipLoadedCount": 0,
    "wholeShipFailureCount": 0
  },
  "player": {
    "id": 1,
    "defId": "ship_kestrel",
    "scenarioActorId": "player_kestrel",
    "state": "authored",
    "requiredSlotMode": "modular",
    "slots": {
      "hull": [
        "assets/ships/release/parts/hulls/hull_starter.glb"
      ],
      "cockpit": [
        "assets/ships/release/parts/cockpits/cockpit_recessed.glb"
      ],
      "engine": [
        "assets/ships/release/parts/engines/engine_ion_twin.glb"
      ],
      "fin": [
        "assets/ships/release/parts/fins/fin_wedge.glb"
      ],
      "weapon": [
        "assets/ships/release/parts/weapons/weapon_pulse_cannon.glb"
      ],
      "pod": [
        "assets/ships/release/parts/pods/pod_utility.glb",
        "assets/ships/release/parts/pods/pod_repair_patch.glb"
      ],
      "gear": [
        "assets/ships/release/parts/gear/skid_trio.glb"
      ],
      "greeble": [
        "assets/ships/release/parts/greebles/greeble_hatches.glb",
        "assets/ships/release/parts/greebles/greeble_antennas.glb"
      ]
    },
    "wholeShipBodyUrls": [],
    "fallbackParts": [],
    "partObjectCount": 36,
    "instanceProxyCount": 0,
    "staticBatchCount": 4,
    "authoredBodyProof": {
      "ok": true,
      "failures": [],
      "thresholds": {
        "minSurfaceCount": 1,
        "minRadiusRatio": 0.2,
        "minDiagonalRatio": 0.5,
        "minBodyToReadabilityDiagonalRatio": 0.35
      },
      "entityRadius": 14,
      "bodySurfaceCount": 22,
      "visibleBodySurfaceCount": 19,
      "bodyTriangleCount": 156339,
      "bodyBounds": {
        "size": [
          27.72,
          12.086,
          13.6
        ],
        "diagonal": 33.158,
        "radius": 16.579,
        "maxAxis": 27.72
      },
      "readabilitySurfaceCount": 1,
      "visibleReadabilitySurfaceCount": 0,
      "readabilityBounds": {
        "size": [
          24.797,
          7.509,
          11.491
        ],
        "diagonal": 28.343,
        "radius": 14.171,
        "maxAxis": 24.797
      },
      "bodyRadiusRatio": 1.184,
      "bodyDiagonalRatio": 2.368,
      "bodyToReadabilityDiagonalRatio": 1.17
    }
  },
  "authoredShips": [
    {
      "id": 1,
      "defId": "ship_kestrel",
      "scenarioActorId": "player_kestrel",
      "state": "authored",
      "requiredSlotMode": "modular",
      "slots": {
        "hull": [
          "assets/ships/release/parts/hulls/hull_starter.glb"
        ],
        "cockpit": [
          "assets/ships/release/parts/cockpits/cockpit_recessed.glb"
        ],
        "engine": [
          "assets/ships/release/parts/engines/engine_ion_twin.glb"
        ],
        "fin": [
          "assets/ships/release/parts/fins/fin_wedge.glb"
        ],
        "weapon": [
          "assets/ships/release/parts/weapons/weapon_pulse_cannon.glb"
        ],
        "pod": [
          "assets/ships/release/parts/pods/pod_utility.glb",
          "assets/ships/release/parts/pods/pod_repair_patch.glb"
        ],
        "gear": [
          "assets/ships/release/parts/gear/skid_trio.glb"
        ],
        "greeble": [
          "assets/ships/release/parts/greebles/greeble_hatches.glb",
          "assets/ships/release/parts/greebles/greeble_antennas.glb"
        ]
      },
      "wholeShipBodyUrls": [],
      "fallbackParts": [],
      "partObjectCount": 36,
      "instanceProxyCount": 0,
      "staticBatchCount": 4,
      "authoredBodyProof": {
        "ok": true,
        "failures": [],
        "thresholds": {
          "minSurfaceCount": 1,
          "minRadiusRatio": 0.2,
          "minDiagonalRatio": 0.5,
          "minBodyToReadabilityDiagonalRatio": 0.35
        },
        "entityRadius": 14,
        "bodySurfaceCount": 22,
        "visibleBodySurfaceCount": 19,
        "bodyTriangleCount": 156339,
        "bodyBounds": {
          "size": [
            27.72,
            12.086,
            13.6
          ],
          "diagonal": 33.158,
          "radius": 16.579,
          "maxAxis": 27.72
        },
        "readabilitySurfaceCount": 1,
        "visibleReadabilitySurfaceCount": 0,
        "readabilityBounds": {
          "size": [
            24.797,
            7.509,
            11.491
          ],
          "diagonal": 28.343,
          "radius": 14.171,
          "maxAxis": 24.797
        },
        "bodyRadiusRatio": 1.184,
        "bodyDiagonalRatio": 2.368,
        "bodyToReadabilityDiagonalRatio": 1.17
      }
    },
    {
      "id": 33,
      "defId": "ship_hornet",
      "scenarioActorId": null,
      "state": "authored",
      "requiredSlotMode": "modular",
      "slots": {
        "hull": [
          "assets/ships/release/parts/hulls/hull_interceptor.glb"
        ],
        "cockpit": [
          "assets/ships/release/parts/cockpits/cockpit_recessed.glb"
        ],
        "engine": [
          "assets/ships/release/parts/engines/engine_ion_small.glb"
        ],
        "fin": [
          "assets/ships/release/parts/fins/fin_stabilator.glb"
        ],
        "weapon": [
          "assets/ships/release/parts/weapons/weapon_pulse_cannon.glb",
          "assets/ships/release/parts/weapons/weapon_turret_dual.glb"
        ],
        "pod": [
          "assets/ships/release/parts/pods/pod_utility.glb",
          "assets/ships/release/parts/pods/pod_repair_patch.glb"
        ],
        "gear": [
          "assets/ships/release/parts/gear/skid_quad.glb"
        ],
        "greeble": [
          "assets/ships/release/parts/greebles/greeble_nav_lights.glb",
          "assets/ships/release/parts/greebles/greeble_rcs.glb"
        ]
      },
      "wholeShipBodyUrls": [],
      "fallbackParts": [],
      "partObjectCount": 11,
      "instanceProxyCount": 0,
      "staticBatchCount": 4,
      "authoredBodyProof": {
        "ok": true,
        "failures": [],
        "thresholds": {
          "minSurfaceCount": 1,
          "minRadiusRatio": 0.2,
          "minDiagonalRatio": 0.5,
          "minBodyToReadabilityDiagonalRatio": 0.35
        },
        "entityRadius": 18,
        "bodySurfaceCount": 3,
        "visibleBodySurfaceCount": 1,
        "bodyTriangleCount": 22546,
        "bodyBounds": {
          "size": [
            30.547,
            15.696,
            18.143
          ],
          "diagonal": 38.842,
          "radius": 19.421,
          "maxAxis": 30.547
        },
        "readabilitySurfaceCount": 1,
        "visibleReadabilitySurfaceCount": 0,
        "readabilityBounds": {
          "size": [
            31.882,
            9.654,
            14.774
          ],
          "diagonal": 36.441,
          "radius": 18.22,
          "maxAxis": 31.882
        },
        "bodyRadiusRatio": 1.079,
        "bodyDiagonalRatio": 2.158,
        "bodyToReadabilityDiagonalRatio": 1.066
      }
    },
    {
      "id": 34,
      "defId": "ship_kestrel",
      "scenarioActorId": null,
      "state": "authored",
      "requiredSlotMode": "modular",
      "slots": {
        "hull": [
          "assets/ships/release/parts/hulls/hull_starter.glb"
        ],
        "cockpit": [
          "assets/ships/release/parts/cockpits/cockpit_recessed.glb"
        ],
        "engine": [
          "assets/ships/release/parts/engines/engine_ion_twin.glb"
        ],
        "fin": [
          "assets/ships/release/parts/fins/fin_swept_smuggler.glb"
        ],
        "weapon": [
          "assets/ships/release/parts/weapons/weapon_pulse_cannon.glb"
        ],
        "pod": [
          "assets/ships/release/parts/pods/pod_utility.glb",
          "assets/ships/release/parts/pods/pod_repair_patch.glb"
        ],
        "gear": [
          "assets/ships/release/parts/gear/skid_trio.glb"
        ],
        "greeble": [
          "assets/ships/release/parts/greebles/greeble_hatches.glb",
          "assets/ships/release/parts/greebles/greeble_antennas.glb"
        ]
      },
      "wholeShipBodyUrls": [],
      "fallbackParts": [],
      "partObjectCount": 17,
      "instanceProxyCount": 0,
      "staticBatchCount": 4,
      "authoredBodyProof": {
        "ok": true,
        "failures": [],
        "thresholds": {
          "minSurfaceCount": 1,
          "minRadiusRatio": 0.2,
          "minDiagonalRatio": 0.5,
          "minBodyToReadabilityDiagonalRatio": 0.35
        },
        "entityRadius": 14,
        "bodySurfaceCount": 3,
        "visibleBodySurfaceCount": 1,
        "bodyTriangleCount": 154457,
        "bodyBounds": {
          "size": [
            19.479,
            12.874,
            16.099
          ],
          "diagonal": 28.361,
          "radius": 14.181,
          "maxAxis": 19.479
        },
        "readabilitySurfaceCount": 1,
        "visibleReadabilitySurfaceCount": 0,
        "readabilityBounds": {
          "size": [
            27.028,
            8.318,
            17.889
          ],
          "diagonal": 33.462,
          "radius": 16.731,
          "maxAxis": 27.028
        },
        "bodyRadiusRatio": 1.013,
        "bodyDiagonalRatio": 2.026,
        "bodyToReadabilityDiagonalRatio": 0.848
      }
    },
    {
      "id": 35,
      "defId": "ship_mule",
      "scenarioActorId": null,
      "state": "authored",
      "requiredSlotMode": "modular",
      "slots": {
        "hull": [
          "assets/ships/release/parts/hulls/hull_freighter.glb"
        ],
        "cockpit": [
          "assets/ships/release/parts/cockpits/cockpit_slab.glb"
        ],
        "engine": [
          "assets/ships/release/parts/engines/engine_plasma_ring.glb"
        ],
        "fin": [
          "assets/ships/release/parts/fins/fin_wedge.glb"
        ],
        "weapon": [
          "assets/ships/release/parts/weapons/weapon_pulse_cannon.glb"
        ],
        "pod": [
          "assets/ships/release/parts/pods/pod_cargo_container.glb",
          "assets/ships/release/parts/pods/pod_utility.glb"
        ],
        "gear": [
          "assets/ships/release/parts/gear/skid_quad.glb"
        ],
        "greeble": [
          "assets/ships/release/parts/greebles/greeble_pipes.glb",
          "assets/ships/release/parts/greebles/greeble_armor_plates.glb"
        ]
      },
      "wholeShipBodyUrls": [],
      "fallbackParts": [],
      "partObjectCount": 11,
      "instanceProxyCount": 0,
      "staticBatchCount": 4,
      "authoredBodyProof": {
        "ok": true,
        "failures": [],
        "thresholds": {
          "minSurfaceCount": 1,
          "minRadiusRatio": 0.2,
          "minDiagonalRatio": 0.5,
          "minBodyToReadabilityDiagonalRatio": 0.35
        },
        "entityRadius": 18,
        "bodySurfaceCount": 3,
        "visibleBodySurfaceCount": 1,
        "bodyTriangleCount": 17019,
        "bodyBounds": {
          "size": [
            22.756,
            16.305,
            17.932
          ],
          "diagonal": 33.245,
          "radius": 16.623,
          "maxAxis": 22.756
        },
        "readabilitySurfaceCount": 1,
        "visibleReadabilitySurfaceCount": 0,
        "readabilityBounds": {
          "size": [
            33.224,
            10.054,
            18.142
          ],
          "diagonal": 39.166,
          "radius": 19.583,
          "maxAxis": 33.224
        },
        "bodyRadiusRatio": 0.924,
        "bodyDiagonalRatio": 1.847,
        "bodyToReadabilityDiagonalRatio": 0.849
      }
    },
    {
      "id": 36,
      "defId": "ship_mule",
      "scenarioActorId": null,
      "state": "authored",
      "requiredSlotMode": "modular",
      "slots": {
        "hull": [
          "assets/ships/release/parts/hulls/hull_freighter.glb"
        ],
        "cockpit": [
          "assets/ships/release/parts/cockpits/cockpit_dome.glb"
        ],
        "engine": [
          "assets/ships/release/parts/engines/engine_ion_small.glb"
        ],
        "fin": [
          "assets/ships/release/parts/fins/fin_stabilator.glb"
        ],
        "weapon": [
          "assets/ships/release/parts/weapons/weapon_pulse_cannon.glb"
        ],
        "pod": [
          "assets/ships/release/parts/pods/pod_cargo_container.glb",
          "assets/ships/release/parts/pods/pod_utility.glb"
        ],
        "gear": [
          "assets/ships/release/parts/gear/skid_quad.glb"
        ],
        "greeble": [
          "assets/ships/release/parts/greebles/greeble_pipes.glb",
          "assets/ships/release/parts/greebles/greeble_armor_plates.glb"
        ]
      },
      "wholeShipBodyUrls": [],
      "fallbackParts": [],
      "partObjectCount": 11,
      "instanceProxyCount": 0,
      "staticBatchCount": 4,
      "authoredBodyProof": {
        "ok": true,
        "failures": [],
        "thresholds": {
          "minSurfaceCount": 1,
          "minRadiusRatio": 0.2,
          "minDiagonalRatio": 0.5,
          "minBodyToReadabilityDiagonalRatio": 0.35
        },
        "entityRadius": 18,
        "bodySurfaceCount": 3,
        "visibleBodySurfaceCount": 1,
        "bodyTriangleCount": 19483,
        "bodyBounds": {
          "size": [
            25.522,
            16.276,
            17.144
          ],
          "diagonal": 34.788,
          "radius": 17.394,
          "maxAxis": 25.522
        },
        "readabilitySurfaceCount": 1,
        "visibleReadabilitySurfaceCount": 0,
        "readabilityBounds": {
          "size": [
            33.224,
            10.054,
            18.142
          ],
          "diagonal": 39.166,
          "radius": 19.583,
          "maxAxis": 33.224
        },
        "bodyRadiusRatio": 0.966,
        "bodyDiagonalRatio": 1.933,
        "bodyToReadabilityDiagonalRatio": 0.888
      }
    },
    {
      "id": 37,
      "defId": "ship_drifter",
      "scenarioActorId": null,
      "state": "authored",
      "requiredSlotMode": "modular",
      "slots": {
        "hull": [
          "assets/ships/release/parts/hulls/hull_multirole.glb"
        ],
        "cockpit": [
          "assets/ships/release/parts/cockpits/cockpit_recessed.glb"
        ],
        "engine": [
          "assets/ships/release/parts/engines/engine_industrial.glb"
        ],
        "fin": [
          "assets/ships/release/parts/fins/fin_stabilator.glb"
        ],
        "weapon": [
          "assets/ships/release/parts/weapons/weapon_pulse_cannon.glb"
        ],
        "pod": [
          "assets/ships/release/parts/pods/pod_cargo_container.glb",
          "assets/ships/release/parts/pods/pod_utility.glb",
          "assets/ships/release/parts/pods/pod_repair_patch.glb"
        ],
        "gear": [
          "assets/ships/release/parts/gear/skid_quad.glb"
        ],
        "greeble": [
          "assets/ships/release/parts/greebles/greeble_hatches.glb",
          "assets/ships/release/parts/greebles/greeble_antennas.glb"
        ]
      },
      "wholeShipBodyUrls": [],
      "fallbackParts": [],
      "partObjectCount": 11,
      "instanceProxyCount": 0,
      "staticBatchCount": 4,
      "authoredBodyProof": {
        "ok": true,
        "failures": [],
        "thresholds": {
          "minSurfaceCount": 1,
          "minRadiusRatio": 0.2,
          "minDiagonalRatio": 0.5,
          "minBodyToReadabilityDiagonalRatio": 0.35
        },
        "entityRadius": 18,
        "bodySurfaceCount": 3,
        "visibleBodySurfaceCount": 1,
        "bodyTriangleCount": 23579,
        "bodyBounds": {
          "size": [
            31.254,
            16.982,
            22.908
          ],
          "diagonal": 42.308,
          "radius": 21.154,
          "maxAxis": 31.254
        },
        "readabilitySurfaceCount": 1,
        "visibleReadabilitySurfaceCount": 0,
        "readabilityBounds": {
          "size": [
            34.914,
            10.778,
            23.67
          ],
          "diagonal": 43.536,
          "radius": 21.768,
          "maxAxis": 34.914
        },
        "bodyRadiusRatio": 1.175,
        "bodyDiagonalRatio": 2.35,
        "bodyToReadabilityDiagonalRatio": 0.972
      }
    },
    {
      "id": 38,
      "defId": "ship_drifter",
      "scenarioActorId": null,
      "state": "authored",
      "requiredSlotMode": "modular",
      "slots": {
        "hull": [
          "assets/ships/release/parts/hulls/hull_multirole.glb"
        ],
        "cockpit": [
          "assets/ships/release/parts/cockpits/cockpit_dome.glb"
        ],
        "engine": [
          "assets/ships/release/parts/engines/engine_ion_twin.glb"
        ],
        "fin": [
          "assets/ships/release/parts/fins/fin_delta.glb"
        ],
        "weapon": [
          "assets/ships/release/parts/weapons/weapon_pulse_cannon.glb"
        ],
        "pod": [
          "assets/ships/release/parts/pods/pod_cargo_container.glb",
          "assets/ships/release/parts/pods/pod_utility.glb",
          "assets/ships/release/parts/pods/pod_repair_patch.glb"
        ],
        "gear": [
          "assets/ships/release/parts/gear/skid_quad.glb"
        ],
        "greeble": [
          "assets/ships/release/parts/greebles/greeble_hatches.glb",
          "assets/ships/release/parts/greebles/greeble_antennas.glb"
        ]
      },
      "wholeShipBodyUrls": [],
      "fallbackParts": [],
      "partObjectCount": 17,
      "instanceProxyCount": 0,
      "staticBatchCount": 4,
      "authoredBodyProof": {
        "ok": true,
        "failures": [],
        "thresholds": {
          "minSurfaceCount": 1,
          "minRadiusRatio": 0.2,
          "minDiagonalRatio": 0.5,
          "minBodyToReadabilityDiagonalRatio": 0.35
        },
        "entityRadius": 18,
        "bodySurfaceCount": 3,
        "visibleBodySurfaceCount": 1,
        "bodyTriangleCount": 19263,
        "bodyBounds": {
          "size": [
            30.496,
            16.966,
            22.516
          ],
          "diagonal": 41.531,
          "radius": 20.765,
          "maxAxis": 30.496
        },
        "readabilitySurfaceCount": 1,
        "visibleReadabilitySurfaceCount": 0,
        "readabilityBounds": {
          "size": [
            34.861,
            10.762,
            23.446
          ],
          "diagonal": 43.368,
          "radius": 21.684,
          "maxAxis": 34.861
        },
        "bodyRadiusRatio": 1.154,
        "bodyDiagonalRatio": 2.307,
        "bodyToReadabilityDiagonalRatio": 0.958
      }
    },
    {
      "id": 41,
      "defId": "ship_wasp",
      "scenarioActorId": "scavenger_harasser",
      "state": "authored",
      "requiredSlotMode": "modular",
      "slots": {
        "hull": [
          "assets/ships/release/parts/hulls/hull_fighter.glb"
        ],
        "cockpit": [
          "assets/ships/release/parts/cockpits/cockpit_recessed.glb"
        ],
        "engine": [
          "assets/ships/release/parts/engines/engine_industrial.glb"
        ],
        "fin": [
          "assets/ships/release/parts/fins/fin_crystalline.glb"
        ],
        "weapon": [
          "assets/ships/release/parts/weapons/weapon_pulse_cannon.glb"
        ],
        "pod": [
          "assets/ships/release/parts/pods/pod_utility.glb"
        ],
        "gear": [
          "assets/ships/release/parts/gear/skid_trio.glb"
        ],
        "greeble": [
          "assets/ships/release/parts/greebles/greeble_nav_lights.glb",
          "assets/ships/release/parts/greebles/greeble_rcs.glb"
        ]
      },
      "wholeShipBodyUrls": [],
      "fallbackParts": [],
      "partObjectCount": 11,
      "instanceProxyCount": 0,
      "staticBatchCount": 4,
      "authoredBodyProof": {
        "ok": true,
        "failures": [],
        "thresholds": {
          "minSurfaceCount": 1,
          "minRadiusRatio": 0.2,
          "minDiagonalRatio": 0.5,
          "minBodyToReadabilityDiagonalRatio": 0.35
        },
        "entityRadius": 14,
        "bodySurfaceCount": 3,
        "visibleBodySurfaceCount": 1,
        "bodyTriangleCount": 20310,
        "bodyBounds": {
          "size": [
            22.816,
            11.936,
            15.972
          ],
          "diagonal": 30.301,
          "radius": 15.15,
          "maxAxis": 22.816
        },
        "readabilitySurfaceCount": 1,
        "visibleReadabilitySurfaceCount": 0,
        "readabilityBounds": {
          "size": [
            24.797,
            7.509,
            11.491
          ],
          "diagonal": 28.343,
          "radius": 14.171,
          "maxAxis": 24.797
        },
        "bodyRadiusRatio": 1.082,
        "bodyDiagonalRatio": 2.164,
        "bodyToReadabilityDiagonalRatio": 1.069
      }
    },
    {
      "id": 42,
      "defId": "ship_mule",
      "scenarioActorId": "scavenger_thief",
      "state": "authored",
      "requiredSlotMode": "modular",
      "slots": {
        "hull": [
          "assets/ships/release/parts/hulls/hull_freighter.glb"
        ],
        "cockpit": [
          "assets/ships/release/parts/cockpits/cockpit_dome.glb"
        ],
        "engine": [
          "assets/ships/release/parts/engines/engine_plasma_ring.glb"
        ],
        "fin": [
          "assets/ships/release/parts/fins/fin_wedge.glb"
        ],
        "weapon": [
          "assets/ships/release/parts/weapons/weapon_pulse_cannon.glb"
        ],
        "pod": [
          "assets/ships/release/parts/pods/pod_cargo_container.glb",
          "assets/ships/release/parts/pods/pod_utility.glb"
        ],
        "gear": [
          "assets/ships/release/parts/gear/skid_quad.glb"
        ],
        "greeble": [
          "assets/ships/release/parts/greebles/greeble_pipes.glb",
          "assets/ships/release/parts/greebles/greeble_armor_plates.glb"
        ]
      },
      "wholeShipBodyUrls": [],
      "fallbackParts": [],
      "partObjectCount": 11,
      "instanceProxyCount": 0,
      "staticBatchCount": 4,
      "authoredBodyProof": {
        "ok": true,
        "failures": [],
        "thresholds": {
          "minSurfaceCount": 1,
          "minRadiusRatio": 0.2,
          "minDiagonalRatio": 0.5,
          "minBodyToReadabilityDiagonalRatio": 0.35
        },
        "entityRadius": 18,
        "bodySurfaceCount": 3,
        "visibleBodySurfaceCount": 1,
        "bodyTriangleCount": 17195,
        "bodyBounds": {
          "size": [
            21.668,
            15.889,
            15.458
          ],
          "diagonal": 30.999,
          "radius": 15.499,
          "maxAxis": 21.668
        },
        "readabilitySurfaceCount": 1,
        "visibleReadabilitySurfaceCount": 0,
        "readabilityBounds": {
          "size": [
            31.882,
            9.654,
            14.774
          ],
          "diagonal": 36.441,
          "radius": 18.22,
          "maxAxis": 31.882
        },
        "bodyRadiusRatio": 0.861,
        "bodyDiagonalRatio": 1.722,
        "bodyToReadabilityDiagonalRatio": 0.851
      }
    },
    {
      "id": 43,
      "defId": "ship_mule",
      "scenarioActorId": "official_recovery_tug",
      "state": "authored",
      "requiredSlotMode": "modular",
      "slots": {
        "hull": [
          "assets/ships/release/parts/hulls/hull_freighter.glb"
        ],
        "cockpit": [
          "assets/ships/release/parts/cockpits/cockpit_recessed.glb"
        ],
        "engine": [
          "assets/ships/release/parts/engines/engine_industrial.glb"
        ],
        "fin": [
          "assets/ships/release/parts/fins/fin_stabilator.glb"
        ],
        "weapon": [
          "assets/ships/release/parts/weapons/weapon_pulse_cannon.glb"
        ],
        "pod": [
          "assets/ships/release/parts/pods/pod_cargo_container.glb",
          "assets/ships/release/parts/pods/pod_utility.glb"
        ],
        "gear": [
          "assets/ships/release/parts/gear/skid_quad.glb"
        ],
        "greeble": [
          "assets/ships/release/parts/greebles/greeble_pipes.glb",
          "assets/ships/release/parts/greebles/greeble_armor_plates.glb"
        ]
      },
      "wholeShipBodyUrls": [],
      "fallbackParts": [],
      "partObjectCount": 11,
      "instanceProxyCount": 0,
      "staticBatchCount": 4,
      "authoredBodyProof": {
        "ok": true,
        "failures": [],
        "thresholds": {
          "minSurfaceCount": 1,
          "minRadiusRatio": 0.2,
          "minDiagonalRatio": 0.5,
          "minBodyToReadabilityDiagonalRatio": 0.35
        },
        "entityRadius": 18,
        "bodySurfaceCount": 3,
        "visibleBodySurfaceCount": 1,
        "bodyTriangleCount": 20519,
        "bodyBounds": {
          "size": [
            26.778,
            15.889,
            21.48
          ],
          "diagonal": 37.827,
          "radius": 18.914,
          "maxAxis": 26.778
        },
        "readabilitySurfaceCount": 1,
        "visibleReadabilitySurfaceCount": 0,
        "readabilityBounds": {
          "size": [
            35.015,
            9.654,
            24.811
          ],
          "diagonal": 43.986,
          "radius": 21.993,
          "maxAxis": 35.015
        },
        "bodyRadiusRatio": 1.051,
        "bodyDiagonalRatio": 2.101,
        "bodyToReadabilityDiagonalRatio": 0.86
      }
    }
  ],
  "startupTrace": [
    {
      "label": "installed",
      "mode": "menu",
      "tick": 5,
      "shipCount": 0,
      "authored": 0,
      "states": {},
      "nonAuthored": 0
    },
    {
      "label": "mode:changed",
      "mode": "loading",
      "tick": 0,
      "shipCount": 0,
      "authored": 0,
      "states": {},
      "nonAuthored": 0
    },
    {
      "label": "mode:changed",
      "mode": "flight",
      "tick": 0,
      "shipCount": 10,
      "authored": 10,
      "states": {
        "authored": 10
      },
      "nonAuthored": 0
    },
    {
      "label": "game:started",
      "mode": "flight",
      "tick": 0,
      "shipCount": 10,
      "authored": 10,
      "states": {
        "authored": 10
      },
      "nonAuthored": 0
    }
  ],
  "screenshot": ".devshots/authored-assets-live.jpg"
}
