Extensions: writing cache failed ([Errno 30] Read-only file system: '/home/agent/.config/blender').
ERROR Draco mesh compression is not available because library could not be found at /usr/bin/4.3/python/lib/python3.13/site-packages/libextern_draco.so
22:09:18 | INFO: Starting glTF 2.0 export
22:09:18 | INFO: Extracting primitive: COLLISION_HULL
22:09:18 | INFO: Primitives created: 1
22:09:18 | INFO: Extracting primitive: LOD0_Armor
22:09:18 | WARNING: More than one shader node tex image used for a texture. The resulting glTF sampler will behave like the first shader node tex image.
22:09:18 | INFO: Primitives created: 1
22:09:18 | INFO: Extracting primitive: LOD0_HOOK_DRIVE_CORE
22:09:18 | INFO: Primitives created: 1
22:09:18 | INFO: Extracting primitive: LOD0_HOOK_NAV_PORT
22:09:18 | INFO: Primitives created: 1
22:09:18 | INFO: Extracting primitive: LOD0_HOOK_NAV_STARBOARD
22:09:18 | INFO: Primitives created: 1
22:09:18 | INFO: Extracting primitive: LOD0_Hull
22:09:18 | WARNING: More than one shader node tex image used for a texture. The resulting glTF sampler will behave like the first shader node tex image.
22:09:18 | INFO: Primitives created: 1
22:09:18 | INFO: Extracting primitive: LOD0_Livery
22:09:18 | WARNING: More than one shader node tex image used for a texture. The resulting glTF sampler will behave like the first shader node tex image.
22:09:18 | INFO: Primitives created: 1
22:09:18 | INFO: Extracting primitive: LOD0_Mechanical
22:09:18 | WARNING: More than one shader node tex image used for a texture. The resulting glTF sampler will behave like the first shader node tex image.
22:09:18 | INFO: Primitives created: 1
22:09:18 | INFO: Extracting primitive: LOD0_MechanicalDark
22:09:18 | WARNING: More than one shader node tex image used for a texture. The resulting glTF sampler will behave like the first shader node tex image.
22:09:18 | INFO: Primitives created: 1
22:09:18 | INFO: Extracting primitive: LOD1_Armor
22:09:18 | INFO: Primitives created: 1
22:09:18 | INFO: Extracting primitive: LOD1_HOOK_DRIVE_CORE
22:09:18 | INFO: Primitives created: 1
22:09:18 | INFO: Extracting primitive: LOD1_HOOK_NAV_PORT
22:09:18 | INFO: Primitives created: 1
22:09:18 | INFO: Extracting primitive: LOD1_HOOK_NAV_STARBOARD
22:09:18 | INFO: Primitives created: 1
22:09:18 | INFO: Extracting primitive: LOD1_Hull
22:09:18 | INFO: Primitives created: 1
22:09:18 | INFO: Extracting primitive: LOD1_Livery
22:09:18 | INFO: Primitives created: 1
22:09:18 | INFO: Extracting primitive: LOD1_Mechanical
22:09:18 | INFO: Primitives created: 1
22:09:18 | INFO: Extracting primitive: LOD1_MechanicalDark
22:09:18 | INFO: Primitives created: 1
22:09:18 | INFO: Extracting primitive: LOD2_Armor
22:09:18 | INFO: Primitives created: 1
22:09:18 | INFO: Extracting primitive: LOD2_HOOK_DRIVE_CORE
22:09:18 | INFO: Primitives created: 1
22:09:18 | WARNING: Mesh LOD2_HOOK_NAV_PORT is not valid, and may be exported wrongly
22:09:18 | INFO: Extracting primitive: LOD2_HOOK_NAV_PORT
22:09:18 | INFO: Primitives created: 1
22:09:18 | WARNING: Mesh LOD2_HOOK_NAV_STARBOARD is not valid, and may be exported wrongly
22:09:18 | INFO: Extracting primitive: LOD2_HOOK_NAV_STARBOARD
22:09:18 | INFO: Primitives created: 1
22:09:18 | INFO: Extracting primitive: LOD2_Hull
22:09:18 | INFO: Primitives created: 1
22:09:18 | INFO: Extracting primitive: LOD2_Livery
22:09:18 | INFO: Primitives created: 1
22:09:18 | INFO: Extracting primitive: LOD2_Mechanical
22:09:18 | INFO: Primitives created: 1
22:09:18 | INFO: Extracting primitive: LOD2_MechanicalDark
22:09:18 | INFO: Primitives created: 1
22:09:18 | INFO: Extracting primitive: LOD0_MOTION_TALLY_ARM_LEFT_Livery
22:09:18 | INFO: Primitives created: 1
22:09:18 | INFO: Extracting primitive: LOD0_MOTION_TALLY_ARM_LEFT_Mechanical
22:09:18 | INFO: Primitives created: 1
22:09:18 | INFO: Extracting primitive: LOD1_MOTION_TALLY_ARM_LEFT_Livery
22:09:18 | INFO: Primitives created: 1
22:09:18 | INFO: Extracting primitive: LOD1_MOTION_TALLY_ARM_LEFT_Mechanical
22:09:18 | INFO: Primitives created: 1
22:09:18 | INFO: Extracting primitive: LOD2_MOTION_TALLY_ARM_LEFT_Livery
22:09:18 | INFO: Primitives created: 1
22:09:18 | WARNING: Mesh LOD2_MOTION_TALLY_ARM_LEFT_Mechanical is not valid, and may be exported wrongly
22:09:18 | INFO: Extracting primitive: LOD2_MOTION_TALLY_ARM_LEFT_Mechanical
22:09:18 | INFO: Primitives created: 1
22:09:18 | INFO: Extracting primitive: LOD0_MOTION_TALLY_ARM_RIGHT_Livery
22:09:18 | INFO: Primitives created: 1
22:09:18 | INFO: Extracting primitive: LOD0_MOTION_TALLY_ARM_RIGHT_Mechanical
22:09:18 | INFO: Primitives created: 1
22:09:18 | INFO: Extracting primitive: LOD1_MOTION_TALLY_ARM_RIGHT_Livery
22:09:18 | INFO: Primitives created: 1
22:09:18 | INFO: Extracting primitive: LOD1_MOTION_TALLY_ARM_RIGHT_Mechanical
22:09:18 | INFO: Primitives created: 1
22:09:18 | INFO: Extracting primitive: LOD2_MOTION_TALLY_ARM_RIGHT_Livery
22:09:18 | INFO: Primitives created: 1
22:09:18 | WARNING: Mesh LOD2_MOTION_TALLY_ARM_RIGHT_Mechanical is not valid, and may be exported wrongly
22:09:18 | INFO: Extracting primitive: LOD2_MOTION_TALLY_ARM_RIGHT_Mechanical
22:09:18 | INFO: Primitives created: 1
22:09:18 | INFO: Extracting primitive: LOD0_MOTION_TALLY_SCAN_Lights_Cyan
22:09:18 | INFO: Primitives created: 1
22:09:18 | INFO: Extracting primitive: LOD0_MOTION_TALLY_SCAN_Mechanical
22:09:18 | INFO: Primitives created: 1
22:09:18 | INFO: Extracting primitive: LOD1_MOTION_TALLY_SCAN_Lights_Cyan
22:09:18 | INFO: Primitives created: 1
22:09:18 | INFO: Extracting primitive: LOD1_MOTION_TALLY_SCAN_Mechanical
22:09:18 | INFO: Primitives created: 1
22:09:18 | INFO: Extracting primitive: LOD2_MOTION_TALLY_SCAN_Lights_Cyan
22:09:18 | INFO: Primitives created: 1
22:09:18 | INFO: Extracting primitive: LOD2_MOTION_TALLY_SCAN_Mechanical
22:09:18 | INFO: Primitives created: 1
22:09:18 | INFO: Extracting primitive: LOD0_MOTION_TALLY_STAMP_Livery
22:09:18 | INFO: Primitives created: 1
22:09:18 | INFO: Extracting primitive: LOD0_MOTION_TALLY_STAMP_Mechanical
22:09:18 | INFO: Primitives created: 1
22:09:18 | INFO: Extracting primitive: LOD1_MOTION_TALLY_STAMP_Livery
22:09:18 | INFO: Primitives created: 1
22:09:18 | INFO: Extracting primitive: LOD1_MOTION_TALLY_STAMP_Mechanical
22:09:18 | INFO: Primitives created: 1
22:09:18 | INFO: Extracting primitive: LOD2_MOTION_TALLY_STAMP_Livery
22:09:18 | INFO: Primitives created: 1
22:09:18 | INFO: Extracting primitive: LOD2_MOTION_TALLY_STAMP_Mechanical
22:09:18 | INFO: Primitives created: 1
22:09:18 | INFO: Finished glTF 2.0 export in 0.1898667812347412 s
Blender 4.3.2
Fra:1 Mem:41.41M (Peak 41.41M) | Time:00:00.00 | Mem:0.00M, Peak:0.00M | Scene, ViewLayer | Synchronizing object | ROOT_TALLY__CollisionSpine
Fra:1 Mem:41.41M (Peak 41.41M) | Time:00:00.00 | Mem:0.00M, Peak:0.00M | Scene, ViewLayer | Synchronizing object | PortRaisedShoulder1
Fra:1 Mem:43.44M (Peak 43.44M) | Time:00:00.00 | Mem:0.00M, Peak:0.00M | Scene, ViewLayer | Synchronizing object | StarboardNavigation
Fra:1 Mem:43.55M (Peak 43.55M) | Time:00:00.00 | Mem:0.00M, Peak:0.00M | Scene, ViewLayer | Synchronizing object | PortNavigation
Fra:1 Mem:43.60M (Peak 43.60M) | Time:00:00.00 | Mem:0.00M, Peak:0.00M | Scene, ViewLayer | Synchronizing object | ScanOpticSlit
Fra:1 Mem:43.62M (Peak 43.62M) | Time:00:00.00 | Mem:0.00M, Peak:0.00M | Scene, ViewLayer | Synchronizing object | ScanOpticCarrier
Fra:1 Mem:43.63M (Peak 43.63M) | Time:00:00.00 | Mem:0.00M, Peak:0.00M | Scene, ViewLayer | Synchronizing object | PortRaisedShoulder2
Fra:1 Mem:43.63M (Peak 43.63M) | Time:00:00.00 | Mem:0.00M, Peak:0.00M | Scene, ViewLayer | Synchronizing object | PortRaisedShoulder3
Fra:1 Mem:43.69M (Peak 43.69M) | Time:00:00.00 | Mem:0.00M, Peak:0.00M | Scene, ViewLayer | Synchronizing object | ScanProtectiveBrow
Fra:1 Mem:43.71M (Peak 43.71M) | Time:00:00.00 | Mem:0.00M, Peak:0.00M | Scene, ViewLayer | Synchronizing object | PortForeCheek
Fra:1 Mem:43.71M (Peak 43.71M) | Time:00:00.00 | Mem:0.00M, Peak:0.00M | Scene, ViewLayer | Synchronizing object | PortLongitudinalRail
Fra:1 Mem:43.71M (Peak 43.71M) | Time:00:00.00 | Mem:0.00M, Peak:0.00M | Scene, ViewLayer | Synchronizing object | SCAN_SOCKET__RecessedAperture
Fra:1 Mem:43.69M (Peak 43.71M) | Time:00:00.00 | Mem:0.00M, Peak:0.00M | Scene, ViewLayer | Synchronizing object | PortHingeFoundation
Fra:1 Mem:43.71M (Peak 43.71M) | Time:00:00.00 | Mem:0.00M, Peak:0.00M | Scene, ViewLayer | Synchronizing object | PortFixedHingeAxle
Fra:1 Mem:43.72M (Peak 43.72M) | Time:00:00.00 | Mem:0.00M, Peak:0.00M | Scene, ViewLayer | Synchronizing object | StarboardCradleMountPin
Fra:1 Mem:43.73M (Peak 43.73M) | Time:00:00.00 | Mem:0.00M, Peak:0.00M | Scene, ViewLayer | Synchronizing object | PortBearingLowerRace
Fra:1 Mem:43.76M (Peak 43.76M) | Time:00:00.00 | Mem:0.00M, Peak:0.00M | Scene, ViewLayer | Synchronizing object | PortBearingUpperRace
Fra:1 Mem:43.78M (Peak 43.78M) | Time:00:00.00 | Mem:0.00M, Peak:0.00M | Scene, ViewLayer | Synchronizing object | PortBearingCap
Fra:1 Mem:43.78M (Peak 43.78M) | Time:00:00.00 | Mem:0.00M, Peak:0.00M | Scene, ViewLayer | Synchronizing object | StarboardCradleInnerBumper
Fra:1 Mem:43.84M (Peak 43.84M) | Time:00:00.00 | Mem:0.00M, Peak:0.00M | Scene, ViewLayer | Synchronizing object | StarboardRaisedShoulder0
Fra:1 Mem:43.86M (Peak 43.86M) | Time:00:00.00 | Mem:0.00M, Peak:0.00M | Scene, ViewLayer | Synchronizing object | StarboardRaisedShoulder1
Fra:1 Mem:43.85M (Peak 43.86M) | Time:00:00.00 | Mem:0.00M, Peak:0.00M | Scene, ViewLayer | Synchronizing object | StarboardGoldTriangularPad
Fra:1 Mem:43.86M (Peak 43.86M) | Time:00:00.00 | Mem:0.00M, Peak:0.00M | Scene, ViewLayer | Synchronizing object | StarboardRaisedShoulder2
Fra:1 Mem:43.95M (Peak 43.95M) | Time:00:00.00 | Mem:0.00M, Peak:0.00M | Scene, ViewLayer | Synchronizing object | StarboardRaisedShoulder3
Fra:1 Mem:43.93M (Peak 43.95M) | Time:00:00.00 | Mem:0.00M, Peak:0.00M | Scene, ViewLayer | Synchronizing object | StarboardCradleRoot
Fra:1 Mem:43.91M (Peak 43.95M) | Time:00:00.00 | Mem:0.00M, Peak:0.00M | Scene, ViewLayer | Synchronizing object | StarboardLongitudinalRail
Fra:1 Mem:44.01M (Peak 44.01M) | Time:00:00.00 | Mem:0.00M, Peak:0.00M | Scene, ViewLayer | Synchronizing object | StarboardHingeFoundation
Fra:1 Mem:43.98M (Peak 44.01M) | Time:00:00.00 | Mem:0.00M, Peak:0.00M | Scene, ViewLayer | Synchronizing object | PortCradleMountPin
Fra:1 Mem:43.97M (Peak 44.01M) | Time:00:00.00 | Mem:0.00M, Peak:0.00M | Scene, ViewLayer | Synchronizing object | StarboardBearingLowerRace
Fra:1 Mem:44.07M (Peak 44.07M) | Time:00:00.00 | Mem:0.00M, Peak:0.00M | Scene, ViewLayer | Synchronizing object | StarboardBearingUpperRace
Fra:1 Mem:44.07M (Peak 44.07M) | Time:00:00.00 | Mem:0.00M, Peak:0.00M | Scene, ViewLayer | Synchronizing object | PortCradleInnerBumper
Fra:1 Mem:44.09M (Peak 44.09M) | Time:00:00.00 | Mem:0.00M, Peak:0.00M | Scene, ViewLayer | Synchronizing object | StarboardBearingCap
Fra:1 Mem:44.10M (Peak 44.10M) | Time:00:00.00 | Mem:0.00M, Peak:0.00M | Scene, ViewLayer | Synchronizing object | DorsalLedgerCover
Fra:1 Mem:44.16M (Peak 44.16M) | Time:00:00.00 | Mem:0.00M, Peak:0.00M | Scene, ViewLayer | Synchronizing object | PortGoldTriangularPad
Fra:1 Mem:44.17M (Peak 44.17M) | Time:00:00.00 | Mem:0.00M, Peak:0.00M | Scene, ViewLayer | Synchronizing object | ChannelCrossRibs
Fra:1 Mem:44.21M (Peak 44.20M) | Time:00:00.00 | Mem:0.00M, Peak:0.00M | Scene, ViewLayer | Synchronizing object | ShoulderFasteners
Fra:1 Mem:44.40M (Peak 44.40M) | Time:00:00.00 | Mem:0.00M, Peak:0.00M | Scene, ViewLayer | Synchronizing object | PortCradleRoot
Fra:1 Mem:44.40M (Peak 44.40M) | Time:00:00.00 | Mem:0.00M, Peak:0.00M | Scene, ViewLayer | Synchronizing object | SeatedCoolingLouvers-1-8.0
Fra:1 Mem:44.55M (Peak 44.55M) | Time:00:00.00 | Mem:0.00M, Peak:0.00M | Scene, ViewLayer | Synchronizing object | rightCalibrationCollar
Fra:1 Mem:44.63M (Peak 44.63M) | Time:00:00.00 | Mem:0.00M, Peak:0.00M | Scene, ViewLayer | Synchronizing object | rightLargeScanGrilles
Fra:1 Mem:44.73M (Peak 44.73M) | Time:00:00.00 | Mem:0.00M, Peak:0.00M | Scene, ViewLayer | Synchronizing object | SeatedCoolingLouvers-1-4.2
Fra:1 Mem:44.71M (Peak 44.73M) | Time:00:00.00 | Mem:0.00M, Peak:0.00M | Scene, ViewLayer | Synchronizing object | rightScanHeadOchreBezel
Fra:1 Mem:44.71M (Peak 44.73M) | Time:00:00.00 | Mem:0.00M, Peak:0.00M | Scene, ViewLayer | Synchronizing object | SeatedCoolingLouvers-12.2
Fra:1 Mem:45.08M (Peak 45.08M) | Time:00:00.00 | Mem:0.00M, Peak:0.00M | Scene, ViewLayer | Synchronizing object | rightScanHead
Fra:1 Mem:45.06M (Peak 45.08M) | Time:00:00.01 | Mem:0.00M, Peak:0.00M | Scene, ViewLayer | Synchronizing object | SeatedCoolingLouvers1-8.0
Fra:1 Mem:45.03M (Peak 45.08M) | Time:00:00.01 | Mem:0.00M, Peak:0.00M | Scene, ViewLayer | Synchronizing object | SeatedCoolingLouvers1-4.2
Fra:1 Mem:45.04M (Peak 45.08M) | Time:00:00.01 | Mem:0.00M, Peak:0.00M | Scene, ViewLayer | Synchronizing object | rightHeadNeck
Fra:1 Mem:45.17M (Peak 45.17M) | Time:00:00.01 | Mem:0.00M, Peak:0.00M | Scene, ViewLayer | Synchronizing object | rightMovingHub
Fra:1 Mem:45.29M (Peak 45.29M) | Time:00:00.01 | Mem:0.00M, Peak:0.00M | Scene, ViewLayer | Synchronizing object | rightArmRootClevis
Fra:1 Mem:45.30M (Peak 45.30M) | Time:00:00.01 | Mem:0.00M, Peak:0.00M | Scene, ViewLayer | Synchronizing object | ARM_RIGHT__OpenCage
Fra:1 Mem:45.23M (Peak 45.30M) | Time:00:00.01 | Mem:0.00M, Peak:0.00M | Scene, ViewLayer | Synchronizing object | SeatedCoolingLouvers12.2
Fra:1 Mem:45.22M (Peak 45.30M) | Time:00:00.01 | Mem:0.00M, Peak:0.00M | Scene, ViewLayer | Synchronizing object | DriveCrosshead
Fra:1 Mem:45.35M (Peak 45.35M) | Time:00:00.01 | Mem:0.00M, Peak:0.00M | Scene, ViewLayer | Synchronizing object | SupportedMainNozzle-0.9
Fra:1 Mem:45.24M (Peak 45.35M) | Time:00:00.01 | Mem:0.00M, Peak:0.00M | Scene, ViewLayer | Synchronizing object | leftCalibrationCollar
Fra:1 Mem:45.20M (Peak 45.35M) | Time:00:00.01 | Mem:0.00M, Peak:0.00M | Scene, ViewLayer | Synchronizing object | SupportedMainNozzle0.9
Fra:1 Mem:45.29M (Peak 45.35M) | Time:00:00.01 | Mem:0.00M, Peak:0.00M | Scene, ViewLayer | Synchronizing object | leftLargeScanGrilles
Fra:1 Mem:45.30M (Peak 45.35M) | Time:00:00.01 | Mem:0.00M, Peak:0.00M | Scene, ViewLayer | Synchronizing object | StampFoot-1
Fra:1 Mem:45.33M (Peak 45.35M) | Time:00:00.01 | Mem:0.00M, Peak:0.00M | Scene, ViewLayer | Synchronizing object | StampUpright-1
Fra:1 Mem:45.33M (Peak 45.35M) | Time:00:00.01 | Mem:0.00M, Peak:0.00M | Scene, ViewLayer | Synchronizing object | StampGuide-1
Fra:1 Mem:45.29M (Peak 45.35M) | Time:00:00.01 | Mem:0.00M, Peak:0.00M | Scene, ViewLayer | Synchronizing object | StampFoot1
Fra:1 Mem:45.29M (Peak 45.35M) | Time:00:00.01 | Mem:0.00M, Peak:0.00M | Scene, ViewLayer | Synchronizing object | leftScanHeadOchreBezel
Fra:1 Mem:45.34M (Peak 45.35M) | Time:00:00.01 | Mem:0.00M, Peak:0.00M | Scene, ViewLayer | Synchronizing object | StampUpright1
Fra:1 Mem:45.35M (Peak 45.35M) | Time:00:00.01 | Mem:0.00M, Peak:0.00M | Scene, ViewLayer | Synchronizing object | StampGuide1
Fra:1 Mem:45.37M (Peak 45.37M) | Time:00:00.01 | Mem:0.00M, Peak:0.00M | Scene, ViewLayer | Synchronizing object | SolidUYokeCrossbar
Fra:1 Mem:45.43M (Peak 45.43M) | Time:00:00.01 | Mem:0.00M, Peak:0.00M | Scene, ViewLayer | Synchronizing object | StampRamHousing
Fra:1 Mem:45.43M (Peak 45.43M) | Time:00:00.01 | Mem:0.00M, Peak:0.00M | Scene, ViewLayer | Synchronizing object | StampRamCollar
Fra:1 Mem:45.44M (Peak 45.44M) | Time:00:00.01 | Mem:0.00M, Peak:0.00M | Scene, ViewLayer | Synchronizing object | STAMP__OchrePressRing
Fra:1 Mem:45.52M (Peak 45.52M) | Time:00:00.01 | Mem:0.00M, Peak:0.00M | Scene, ViewLayer | Synchronizing object | StampRecessedRim
Fra:1 Mem:45.60M (Peak 45.60M) | Time:00:00.01 | Mem:0.00M, Peak:0.00M | Scene, ViewLayer | Synchronizing object | leftScanHead
Fra:1 Mem:45.62M (Peak 45.62M) | Time:00:00.01 | Mem:0.00M, Peak:0.00M | Scene, ViewLayer | Synchronizing object | StampThreeRaisedBars
Fra:1 Mem:45.79M (Peak 45.79M) | Time:00:00.01 | Mem:0.00M, Peak:0.00M | Scene, ViewLayer | Synchronizing object | leftHeadNeck
Fra:1 Mem:45.93M (Peak 45.93M) | Time:00:00.01 | Mem:0.00M, Peak:0.00M | Scene, ViewLayer | Synchronizing object | leftMovingHub
Fra:1 Mem:45.91M (Peak 45.93M) | Time:00:00.01 | Mem:0.00M, Peak:0.00M | Scene, ViewLayer | Synchronizing object | StampBridgeArms
Fra:1 Mem:45.97M (Peak 45.97M) | Time:00:00.01 | Mem:0.00M, Peak:0.00M | Scene, ViewLayer | Synchronizing object | leftArmRootClevis
Fra:1 Mem:45.98M (Peak 45.98M) | Time:00:00.01 | Mem:0.00M, Peak:0.00M | Scene, ViewLayer | Synchronizing object | StampMovingSpindle
Fra:1 Mem:45.98M (Peak 45.98M) | Time:00:00.01 | Mem:0.00M, Peak:0.00M | Scene, ViewLayer | Synchronizing object | ARM_LEFT__OpenCage
Fra:1 Mem:45.95M (Peak 45.98M) | Time:00:00.01 | Mem:0.00M, Peak:0.00M | Scene, ViewLayer | Synchronizing object | StampGuideSleeve-1
Fra:1 Mem:46.03M (Peak 46.03M) | Time:00:00.01 | Mem:0.00M, Peak:0.00M | Scene, ViewLayer | Synchronizing object | StampGuideSleeve1
Fra:1 Mem:45.98M (Peak 46.03M) | Time:00:00.01 | Mem:0.00M, Peak:0.00M | Scene, ViewLayer | Initializing
Fra:1 Mem:45.70M (Peak 46.03M) | Time:00:00.01 | Mem:0.00M, Peak:0.00M | Scene, ViewLayer | Updating Images | Loading forge_machinery_albedo.png
Fra:1 Mem:45.70M (Peak 46.03M) | Time:00:00.01 | Mem:0.00M, Peak:0.00M | Scene, ViewLayer | Updating Images | Loading forge_machinery_orm.png
Fra:1 Mem:45.70M (Peak 46.03M) | Time:00:00.01 | Mem:0.00M, Peak:0.00M | Scene, ViewLayer | Updating Images | Loading forge_panel_normal.png
Fra:1 Mem:58.71M (Peak 59.70M) | Time:00:00.01 | Mem:1.00M, Peak:1.00M | Scene, ViewLayer | Updating Images | Loading forge_panel_albedo.png
Fra:1 Mem:61.71M (Peak 61.71M) | Time:00:00.01 | Mem:2.00M, Peak:2.00M | Scene, ViewLayer | Updating Images | Loading forge_panel_orm.png
Fra:1 Mem:57.62M (Peak 73.71M) | Time:00:00.02 | Mem:15.00M, Peak:15.00M | Scene, ViewLayer | Waiting for render to start
Fra:1 Mem:57.62M (Peak 73.71M) | Time:00:00.02 | Mem:15.00M, Peak:15.00M | Scene, ViewLayer | Loading render kernels (may take a few minutes the first time)
Fra:1 Mem:57.62M (Peak 73.71M) | Time:00:00.02 | Mem:15.00M, Peak:15.00M | Scene, ViewLayer | Updating Scene
Fra:1 Mem:57.62M (Peak 73.71M) | Time:00:00.02 | Mem:15.00M, Peak:15.00M | Scene, ViewLayer | Updating Shaders
Fra:1 Mem:57.71M (Peak 73.71M) | Time:00:00.02 | Mem:15.01M, Peak:15.01M | Scene, ViewLayer | Updating Procedurals
Fra:1 Mem:57.71M (Peak 73.71M) | Time:00:00.02 | Mem:15.01M, Peak:15.01M | Scene, ViewLayer | Updating Background
Fra:1 Mem:57.71M (Peak 73.71M) | Time:00:00.02 | Mem:15.01M, Peak:15.01M | Scene, ViewLayer | Updating Camera
Fra:1 Mem:57.71M (Peak 73.71M) | Time:00:00.02 | Mem:15.01M, Peak:15.01M | Scene, ViewLayer | Updating Meshes Flags
Fra:1 Mem:57.71M (Peak 73.71M) | Time:00:00.02 | Mem:15.01M, Peak:15.01M | Scene, ViewLayer | Updating Objects
Fra:1 Mem:57.71M (Peak 73.71M) | Time:00:00.02 | Mem:15.01M, Peak:15.01M | Scene, ViewLayer | Updating Objects | Copying Transformations to device
Fra:1 Mem:57.73M (Peak 73.71M) | Time:00:00.02 | Mem:15.03M, Peak:15.03M | Scene, ViewLayer | Updating Objects | Applying Static Transformations
Fra:1 Mem:57.73M (Peak 73.71M) | Time:00:00.02 | Mem:15.03M, Peak:15.03M | Scene, ViewLayer | Updating Particle Systems
Fra:1 Mem:57.73M (Peak 73.71M) | Time:00:00.02 | Mem:15.03M, Peak:15.03M | Scene, ViewLayer | Updating Particle Systems | Copying Particles to device
Fra:1 Mem:57.73M (Peak 73.71M) | Time:00:00.02 | Mem:15.03M, Peak:15.03M | Scene, ViewLayer | Updating Meshes
Fra:1 Mem:57.97M (Peak 73.71M) | Time:00:00.02 | Mem:15.03M, Peak:15.03M | Scene, ViewLayer | Updating Mesh | Computing attributes
Fra:1 Mem:59.24M (Peak 73.71M) | Time:00:00.02 | Mem:15.04M, Peak:15.04M | Scene, ViewLayer | Updating Mesh | Copying Attributes to device
Fra:1 Mem:59.21M (Peak 73.71M) | Time:00:00.02 | Mem:16.26M, Peak:16.26M | Scene, ViewLayer | Updating Scene BVH | Building
Fra:1 Mem:59.21M (Peak 73.71M) | Time:00:00.02 | Mem:16.26M, Peak:16.26M | Scene, ViewLayer | Updating Scene BVH | Building BVH
Fra:1 Mem:59.21M (Peak 73.71M) | Time:00:00.02 | Mem:16.76M, Peak:16.76M | Scene, ViewLayer | Updating Scene BVH | Building BVH 0%
Fra:1 Mem:59.21M (Peak 73.71M) | Time:00:00.03 | Mem:17.35M, Peak:17.85M | Scene, ViewLayer | Updating Scene BVH | Copying BVH to device
Fra:1 Mem:59.21M (Peak 73.71M) | Time:00:00.03 | Mem:17.35M, Peak:17.85M | Scene, ViewLayer | Updating Mesh | Computing normals
Fra:1 Mem:59.83M (Peak 73.71M) | Time:00:00.03 | Mem:17.35M, Peak:17.85M | Scene, ViewLayer | Updating Mesh | Copying Mesh to device
Fra:1 Mem:59.83M (Peak 73.71M) | Time:00:00.03 | Mem:17.97M, Peak:17.97M | Scene, ViewLayer | Updating Objects Flags
Fra:1 Mem:59.83M (Peak 73.71M) | Time:00:00.03 | Mem:17.97M, Peak:17.97M | Scene, ViewLayer | Updating Primitive Offsets
Fra:1 Mem:59.83M (Peak 73.71M) | Time:00:00.03 | Mem:17.97M, Peak:17.97M | Scene, ViewLayer | Updating Images
Fra:1 Mem:59.83M (Peak 73.71M) | Time:00:00.03 | Mem:17.97M, Peak:17.97M | Scene, ViewLayer | Updating Camera Volume
Fra:1 Mem:59.83M (Peak 73.71M) | Time:00:00.03 | Mem:17.97M, Peak:17.97M | Scene, ViewLayer | Updating Lookup Tables
Fra:1 Mem:59.83M (Peak 73.71M) | Time:00:00.03 | Mem:18.05M, Peak:18.05M | Scene, ViewLayer | Updating Lights
Fra:1 Mem:59.83M (Peak 73.71M) | Time:00:00.03 | Mem:18.05M, Peak:18.05M | Scene, ViewLayer | Updating Lights | Computing tree
Fra:1 Mem:59.86M (Peak 73.71M) | Time:00:00.03 | Mem:18.08M, Peak:18.08M | Scene, ViewLayer | Updating Integrator
Fra:1 Mem:59.86M (Peak 73.71M) | Time:00:00.03 | Mem:18.08M, Peak:18.08M | Scene, ViewLayer | Updating Film
Fra:1 Mem:59.86M (Peak 73.71M) | Time:00:00.03 | Mem:18.00M, Peak:18.08M | Scene, ViewLayer | Updating Lookup Tables
Fra:1 Mem:59.86M (Peak 73.71M) | Time:00:00.03 | Mem:18.09M, Peak:18.09M | Scene, ViewLayer | Updating Baking
Fra:1 Mem:59.86M (Peak 73.71M) | Time:00:00.03 | Mem:18.09M, Peak:18.09M | Scene, ViewLayer | Updating Device | Writing constant memory
Fra:1 Mem:59.87M (Peak 73.71M) | Time:00:00.03 | Mem:18.09M, Peak:18.09M | Scene, ViewLayer | Sample 0/32
Fra:1 Mem:113.27M (Peak 113.27M) | Time:00:00.36 | Remaining:00:10.24 | Mem:71.49M, Peak:71.49M | Scene, ViewLayer | Sample 1/32
Fra:1 Mem:137.01M (Peak 184.47M) | Time:00:08.53 | Mem:71.49M, Peak:71.49M | Scene, ViewLayer | Sample 32/32
Fra:1 Mem:137.01M (Peak 184.47M) | Time:00:08.53 | Mem:71.49M, Peak:71.49M | Scene, ViewLayer | Finished
Saved: '/workspace/scratch/d2415e46e35b/tally-maker-v1/source-renders/tally-3-v1/top.png'
Time: 00:08.84 (Saving: 00:00.29)

Fra:1 Mem:43.95M (Peak 43.95M) | Time:00:00.00 | Mem:0.00M, Peak:0.00M | Scene, ViewLayer | Synchronizing object | ROOT_TALLY__CollisionSpine
Fra:1 Mem:43.96M (Peak 43.96M) | Time:00:00.00 | Mem:0.00M, Peak:0.00M | Scene, ViewLayer | Synchronizing object | PortRaisedShoulder1
Fra:1 Mem:44.10M (Peak 44.10M) | Time:00:00.00 | Mem:0.00M, Peak:0.00M | Scene, ViewLayer | Synchronizing object | PortRaisedShoulder2
Fra:1 Mem:44.12M (Peak 44.12M) | Time:00:00.00 | Mem:0.00M, Peak:0.00M | Scene, ViewLayer | Synchronizing object | StarboardNavigation
Fra:1 Mem:44.15M (Peak 44.15M) | Time:00:00.00 | Mem:0.00M, Peak:0.00M | Scene, ViewLayer | Synchronizing object | PortRaisedShoulder3
Fra:1 Mem:44.17M (Peak 44.17M) | Time:00:00.00 | Mem:0.00M, Peak:0.00M | Scene, ViewLayer | Synchronizing object | PortNavigation
Fra:1 Mem:44.19M (Peak 44.19M) | Time:00:00.00 | Mem:0.00M, Peak:0.00M | Scene, ViewLayer | Synchronizing object | ScanOpticSlit
Fra:1 Mem:44.18M (Peak 44.19M) | Time:00:00.00 | Mem:0.00M, Peak:0.00M | Scene, ViewLayer | Synchronizing object | PortForeCheek
Fra:1 Mem:44.19M (Peak 44.19M) | Time:00:00.00 | Mem:0.00M, Peak:0.00M | Scene, ViewLayer | Synchronizing object | ScanOpticCarrier
Fra:1 Mem:44.23M (Peak 44.23M) | Time:00:00.00 | Mem:0.00M, Peak:0.00M | Scene, ViewLayer | Synchronizing object | PortLongitudinalRail
Fra:1 Mem:44.21M (Peak 44.23M) | Time:00:00.00 | Mem:0.00M, Peak:0.00M | Scene, ViewLayer | Synchronizing object | ScanProtectiveBrow
Fra:1 Mem:44.22M (Peak 44.23M) | Time:00:00.00 | Mem:0.00M, Peak:0.00M | Scene, ViewLayer | Synchronizing object | PortHingeFoundation
Fra:1 Mem:44.25M (Peak 44.25M) | Time:00:00.00 | Mem:0.00M, Peak:0.00M | Scene, ViewLayer | Synchronizing object | PortFixedHingeAxle
Fra:1 Mem:44.24M (Peak 44.25M) | Time:00:00.00 | Mem:0.00M, Peak:0.00M | Scene, ViewLayer | Synchronizing object | SCAN_SOCKET__RecessedAperture
Fra:1 Mem:44.27M (Peak 44.27M) | Time:00:00.00 | Mem:0.00M, Peak:0.00M | Scene, ViewLayer | Synchronizing object | PortBearingLowerRace
Fra:1 Mem:44.25M (Peak 44.27M) | Time:00:00.00 | Mem:0.00M, Peak:0.00M | Scene, ViewLayer | Synchronizing object | PortBearingUpperRace
Fra:1 Mem:44.23M (Peak 44.27M) | Time:00:00.00 | Mem:0.00M, Peak:0.00M | Scene, ViewLayer | Synchronizing object | StarboardCradleMountPin
Fra:1 Mem:44.26M (Peak 44.27M) | Time:00:00.00 | Mem:0.00M, Peak:0.00M | Scene, ViewLayer | Synchronizing object | PortBearingCap
Fra:1 Mem:44.29M (Peak 44.29M) | Time:00:00.00 | Mem:0.00M, Peak:0.00M | Scene, ViewLayer | Synchronizing object | StarboardRaisedShoulder0
Fra:1 Mem:44.29M (Peak 44.29M) | Time:00:00.00 | Mem:0.00M, Peak:0.00M | Scene, ViewLayer | Synchronizing object | StarboardCradleInnerBumper
Fra:1 Mem:44.29M (Peak 44.29M) | Time:00:00.00 | Mem:0.00M, Peak:0.00M | Scene, ViewLayer | Synchronizing object | StarboardRaisedShoulder1
Fra:1 Mem:44.33M (Peak 44.33M) | Time:00:00.00 | Mem:0.00M, Peak:0.00M | Scene, ViewLayer | Synchronizing object | StarboardRaisedShoulder2
Fra:1 Mem:44.36M (Peak 44.36M) | Time:00:00.00 | Mem:0.00M, Peak:0.00M | Scene, ViewLayer | Synchronizing object | StarboardGoldTriangularPad
Fra:1 Mem:44.36M (Peak 44.36M) | Time:00:00.00 | Mem:0.00M, Peak:0.00M | Scene, ViewLayer | Synchronizing object | StarboardRaisedShoulder3
Fra:1 Mem:44.42M (Peak 44.42M) | Time:00:00.00 | Mem:0.00M, Peak:0.00M | Scene, ViewLayer | Synchronizing object | StarboardForeCheek
Fra:1 Mem:44.39M (Peak 44.42M) | Time:00:00.00 | Mem:0.00M, Peak:0.00M | Scene, ViewLayer | Synchronizing object | StarboardCradleRoot
Fra:1 Mem:44.39M (Peak 44.42M) | Time:00:00.00 | Mem:0.00M, Peak:0.00M | Scene, ViewLayer | Synchronizing object | StarboardLongitudinalRail
Fra:1 Mem:44.39M (Peak 44.42M) | Time:00:00.00 | Mem:0.00M, Peak:0.00M | Scene, ViewLayer | Synchronizing object | StarboardHingeFoundation
Fra:1 Mem:44.44M (Peak 44.44M) | Time:00:00.00 | Mem:0.00M, Peak:0.00M | Scene, ViewLayer | Synchronizing object | PortCradleMountPin
Fra:1 Mem:44.43M (Peak 44.44M) | Time:00:00.00 | Mem:0.00M, Peak:0.00M | Scene, ViewLayer | Synchronizing object | StarboardFixedHingeAxle
Fra:1 Mem:44.45M (Peak 44.45M) | Time:00:00.00 | Mem:0.00M, Peak:0.00M | Scene, ViewLayer | Synchronizing object | StarboardBearingLowerRace
Fra:1 Mem:44.47M (Peak 44.47M) | Time:00:00.00 | Mem:0.00M, Peak:0.00M | Scene, ViewLayer | Synchronizing object | StarboardBearingUpperRace
Fra:1 Mem:44.50M (Peak 44.50M) | Time:00:00.00 | Mem:0.00M, Peak:0.00M | Scene, ViewLayer | Synchronizing object | StarboardBearingCap
Fra:1 Mem:44.50M (Peak 44.50M) | Time:00:00.00 | Mem:0.00M, Peak:0.00M | Scene, ViewLayer | Synchronizing object | PortCradleInnerBumper
Fra:1 Mem:44.51M (Peak 44.51M) | Time:00:00.00 | Mem:0.00M, Peak:0.00M | Scene, ViewLayer | Synchronizing object | DorsalLedgerCover
Fra:1 Mem:44.52M (Peak 44.52M) | Time:00:00.00 | Mem:0.00M, Peak:0.00M | Scene, ViewLayer | Synchronizing object | ChannelCrossRibs
Fra:1 Mem:44.55M (Peak 44.55M) | Time:00:00.00 | Mem:0.00M, Peak:0.00M | Scene, ViewLayer | Synchronizing object | ShoulderFasteners
Fra:1 Mem:44.58M (Peak 44.58M) | Time:00:00.00 | Mem:0.00M, Peak:0.00M | Scene, ViewLayer | Synchronizing object | PortGoldTriangularPad
Fra:1 Mem:44.74M (Peak 44.74M) | Time:00:00.00 | Mem:0.00M, Peak:0.00M | Scene, ViewLayer | Synchronizing object | PortCradleRoot
Fra:1 Mem:44.83M (Peak 44.83M) | Time:00:00.00 | Mem:0.00M, Peak:0.00M | Scene, ViewLayer | Synchronizing object | rightCalibrationCollar
Fra:1 Mem:44.91M (Peak 44.91M) | Time:00:00.00 | Mem:0.00M, Peak:0.00M | Scene, ViewLayer | Synchronizing object | SeatedCoolingLouvers-1-8.0
Fra:1 Mem:44.89M (Peak 44.91M) | Time:00:00.00 | Mem:0.00M, Peak:0.00M | Scene, ViewLayer | Synchronizing object | rightLargeScanGrilles
Fra:1 Mem:44.93M (Peak 44.93M) | Time:00:00.00 | Mem:0.00M, Peak:0.00M | Scene, ViewLayer | Synchronizing object | SeatedCoolingLouvers-1-4.2
Fra:1 Mem:45.00M (Peak 45.00M) | Time:00:00.00 | Mem:0.00M, Peak:0.00M | Scene, ViewLayer | Synchronizing object | rightScanHeadOchreBezel
Fra:1 Mem:45.20M (Peak 45.20M) | Time:00:00.00 | Mem:0.00M, Peak:0.00M | Scene, ViewLayer | Synchronizing object | rightScanHead
Fra:1 Mem:45.16M (Peak 45.20M) | Time:00:00.00 | Mem:0.00M, Peak:0.00M | Scene, ViewLayer | Synchronizing object | SeatedCoolingLouvers-12.2
Fra:1 Mem:45.16M (Peak 45.20M) | Time:00:00.00 | Mem:0.00M, Peak:0.00M | Scene, ViewLayer | Synchronizing object | rightHeadNeck
Fra:1 Mem:45.15M (Peak 45.20M) | Time:00:00.00 | Mem:0.00M, Peak:0.00M | Scene, ViewLayer | Synchronizing object | SeatedCoolingLouvers1-8.0
Fra:1 Mem:45.32M (Peak 45.32M) | Time:00:00.00 | Mem:0.00M, Peak:0.00M | Scene, ViewLayer | Synchronizing object | rightMovingHub
Fra:1 Mem:45.39M (Peak 45.39M) | Time:00:00.00 | Mem:0.00M, Peak:0.00M | Scene, ViewLayer | Synchronizing object | rightArmRootClevis
Fra:1 Mem:45.44M (Peak 45.44M) | Time:00:00.00 | Mem:0.00M, Peak:0.00M | Scene, ViewLayer | Synchronizing object | ARM_RIGHT__OpenCage
Fra:1 Mem:45.48M (Peak 45.48M) | Time:00:00.00 | Mem:0.00M, Peak:0.00M | Scene, ViewLayer | Synchronizing object | SeatedCoolingLouvers1-4.2
Fra:1 Mem:45.53M (Peak 45.53M) | Time:00:00.00 | Mem:0.00M, Peak:0.00M | Scene, ViewLayer | Synchronizing object | leftCalibrationCollar
Fra:1 Mem:45.51M (Peak 45.53M) | Time:00:00.01 | Mem:0.00M, Peak:0.00M | Scene, ViewLayer | Synchronizing object | SeatedCoolingLouvers12.2
Fra:1 Mem:45.55M (Peak 45.55M) | Time:00:00.01 | Mem:0.00M, Peak:0.00M | Scene, ViewLayer | Synchronizing object | leftLargeScanGrilles
Fra:1 Mem:45.59M (Peak 45.59M) | Time:00:00.01 | Mem:0.00M, Peak:0.00M | Scene, ViewLayer | Synchronizing object | DriveCrosshead
Fra:1 Mem:45.60M (Peak 45.60M) | Time:00:00.01 | Mem:0.00M, Peak:0.00M | Scene, ViewLayer | Synchronizing object | leftScanHeadOchreBezel
Fra:1 Mem:45.64M (Peak 45.64M) | Time:00:00.01 | Mem:0.00M, Peak:0.00M | Scene, ViewLayer | Synchronizing object | SupportedMainNozzle-0.9
Fra:1 Mem:45.55M (Peak 45.64M) | Time:00:00.01 | Mem:0.00M, Peak:0.00M | Scene, ViewLayer | Synchronizing object | SupportedMainNozzle0.9
Fra:1 Mem:45.52M (Peak 45.64M) | Time:00:00.01 | Mem:0.00M, Peak:0.00M | Scene, ViewLayer | Synchronizing object | StampFoot-1
Fra:1 Mem:45.54M (Peak 45.64M) | Time:00:00.01 | Mem:0.00M, Peak:0.00M | Scene, ViewLayer | Synchronizing object | leftScanHead
Fra:1 Mem:45.54M (Peak 45.64M) | Time:00:00.01 | Mem:0.00M, Peak:0.00M | Scene, ViewLayer | Synchronizing object | StampUpright-1
Fra:1 Mem:45.53M (Peak 45.64M) | Time:00:00.01 | Mem:0.00M, Peak:0.00M | Scene, ViewLayer | Synchronizing object | StampGuide-1
Fra:1 Mem:45.56M (Peak 45.64M) | Time:00:00.01 | Mem:0.00M, Peak:0.00M | Scene, ViewLayer | Synchronizing object | leftHeadNeck
Fra:1 Mem:45.57M (Peak 45.64M) | Time:00:00.01 | Mem:0.00M, Peak:0.00M | Scene, ViewLayer | Synchronizing object | StampFoot1
Fra:1 Mem:45.60M (Peak 45.64M) | Time:00:00.01 | Mem:0.00M, Peak:0.00M | Scene, ViewLayer | Synchronizing object | StampUpright1
Fra:1 Mem:45.59M (Peak 45.64M) | Time:00:00.01 | Mem:0.00M, Peak:0.00M | Scene, ViewLayer | Synchronizing object | leftMovingHub
Fra:1 Mem:45.61M (Peak 45.64M) | Time:00:00.01 | Mem:0.00M, Peak:0.00M | Scene, ViewLayer | Synchronizing object | StampGuide1
Fra:1 Mem:45.61M (Peak 45.64M) | Time:00:00.01 | Mem:0.00M, Peak:0.00M | Scene, ViewLayer | Synchronizing object | SolidUYokeCrossbar
Fra:1 Mem:45.63M (Peak 45.64M) | Time:00:00.01 | Mem:0.00M, Peak:0.00M | Scene, ViewLayer | Synchronizing object | StampRamHousing
Fra:1 Mem:45.63M (Peak 45.64M) | Time:00:00.01 | Mem:0.00M, Peak:0.00M | Scene, ViewLayer | Synchronizing object | leftArmRootClevis
Fra:1 Mem:45.67M (Peak 45.67M) | Time:00:00.01 | Mem:0.00M, Peak:0.00M | Scene, ViewLayer | Synchronizing object | StampRamCollar
Fra:1 Mem:45.65M (Peak 45.67M) | Time:00:00.01 | Mem:0.00M, Peak:0.00M | Scene, ViewLayer | Synchronizing object | STAMP__OchrePressRing
Fra:1 Mem:45.66M (Peak 45.67M) | Time:00:00.01 | Mem:0.00M, Peak:0.00M | Scene, ViewLayer | Synchronizing object | ARM_LEFT__OpenCage
Fra:1 Mem:45.69M (Peak 45.69M) | Time:00:00.01 | Mem:0.00M, Peak:0.00M | Scene, ViewLayer | Synchronizing object | StampRecessedRim
Fra:1 Mem:45.76M (Peak 45.76M) | Time:00:00.01 | Mem:0.00M, Peak:0.00M | Scene, ViewLayer | Synchronizing object | StampThreeRaisedBars
Fra:1 Mem:45.98M (Peak 45.98M) | Time:00:00.01 | Mem:0.00M, Peak:0.00M | Scene, ViewLayer | Synchronizing object | StampGuideSleeve1
Fra:1 Mem:45.98M (Peak 45.98M) | Time:00:00.01 | Mem:0.00M, Peak:0.00M | Scene, ViewLayer | Synchronizing object | StampBridgeArms
Fra:1 Mem:46.01M (Peak 46.01M) | Time:00:00.01 | Mem:0.00M, Peak:0.00M | Scene, ViewLayer | Synchronizing object | StampGuideSleeve-1
Fra:1 Mem:46.07M (Peak 46.07M) | Time:00:00.01 | Mem:0.00M, Peak:0.00M | Scene, ViewLayer | Synchronizing object | StampMovingSpindle
Fra:1 Mem:45.98M (Peak 46.07M) | Time:00:00.01 | Mem:0.00M, Peak:0.00M | Scene, ViewLayer | Initializing
Fra:1 Mem:45.70M (Peak 46.07M) | Time:00:00.01 | Mem:0.00M, Peak:0.00M | Scene, ViewLayer | Updating Images | Loading forge_machinery_albedo.png
Fra:1 Mem:45.70M (Peak 46.07M) | Time:00:00.01 | Mem:0.00M, Peak:0.00M | Scene, ViewLayer | Updating Images | Loading forge_machinery_normal.png
Fra:1 Mem:58.71M (Peak 58.71M) | Time:00:00.01 | Mem:1.00M, Peak:1.00M | Scene, ViewLayer | Updating Images | Loading forge_panel_albedo.png
Fra:1 Mem:65.71M (Peak 66.71M) | Time:00:00.01 | Mem:2.00M, Peak:2.00M | Scene, ViewLayer | Updating Images | Loading forge_panel_orm.png
Fra:1 Mem:57.62M (Peak 73.71M) | Time:00:00.02 | Mem:15.00M, Peak:15.00M | Scene, ViewLayer | Waiting for render to start
Fra:1 Mem:57.62M (Peak 73.71M) | Time:00:00.02 | Mem:15.00M, Peak:15.00M | Scene, ViewLayer | Loading render kernels (may take a few minutes the first time)
Fra:1 Mem:57.62M (Peak 73.71M) | Time:00:00.02 | Mem:15.00M, Peak:15.00M | Scene, ViewLayer | Updating Scene
Fra:1 Mem:57.62M (Peak 73.71M) | Time:00:00.02 | Mem:15.00M, Peak:15.00M | Scene, ViewLayer | Updating Shaders
Fra:1 Mem:57.71M (Peak 73.71M) | Time:00:00.02 | Mem:15.01M, Peak:15.01M | Scene, ViewLayer | Updating Procedurals
Fra:1 Mem:57.71M (Peak 73.71M) | Time:00:00.02 | Mem:15.01M, Peak:15.01M | Scene, ViewLayer | Updating Background
Fra:1 Mem:57.71M (Peak 73.71M) | Time:00:00.02 | Mem:15.01M, Peak:15.01M | Scene, ViewLayer | Updating Camera
Fra:1 Mem:57.71M (Peak 73.71M) | Time:00:00.02 | Mem:15.01M, Peak:15.01M | Scene, ViewLayer | Updating Meshes Flags
Fra:1 Mem:57.71M (Peak 73.71M) | Time:00:00.02 | Mem:15.01M, Peak:15.01M | Scene, ViewLayer | Updating Objects
Fra:1 Mem:57.71M (Peak 73.71M) | Time:00:00.02 | Mem:15.01M, Peak:15.01M | Scene, ViewLayer | Updating Objects | Copying Transformations to device
Fra:1 Mem:57.73M (Peak 73.71M) | Time:00:00.02 | Mem:15.03M, Peak:15.03M | Scene, ViewLayer | Updating Objects | Applying Static Transformations
Fra:1 Mem:57.73M (Peak 73.71M) | Time:00:00.02 | Mem:15.03M, Peak:15.03M | Scene, ViewLayer | Updating Particle Systems
Fra:1 Mem:57.73M (Peak 73.71M) | Time:00:00.02 | Mem:15.03M, Peak:15.03M | Scene, ViewLayer | Updating Particle Systems | Copying Particles to device
Fra:1 Mem:57.73M (Peak 73.71M) | Time:00:00.02 | Mem:15.03M, Peak:15.03M | Scene, ViewLayer | Updating Meshes
Fra:1 Mem:57.97M (Peak 73.71M) | Time:00:00.02 | Mem:15.03M, Peak:15.03M | Scene, ViewLayer | Updating Mesh | Computing attributes
Fra:1 Mem:59.24M (Peak 73.71M) | Time:00:00.02 | Mem:15.04M, Peak:15.04M | Scene, ViewLayer | Updating Mesh | Copying Attributes to device
Fra:1 Mem:59.21M (Peak 73.71M) | Time:00:00.02 | Mem:16.26M, Peak:16.26M | Scene, ViewLayer | Updating Scene BVH | Building
Fra:1 Mem:59.21M (Peak 73.71M) | Time:00:00.02 | Mem:16.26M, Peak:16.26M | Scene, ViewLayer | Updating Scene BVH | Building BVH
Fra:1 Mem:59.21M (Peak 73.71M) | Time:00:00.02 | Mem:16.76M, Peak:16.76M | Scene, ViewLayer | Updating Scene BVH | Building BVH 0%
Fra:1 Mem:59.21M (Peak 73.71M) | Time:00:00.03 | Mem:17.35M, Peak:17.85M | Scene, ViewLayer | Updating Scene BVH | Copying BVH to device
Fra:1 Mem:59.21M (Peak 73.71M) | Time:00:00.03 | Mem:17.35M, Peak:17.85M | Scene, ViewLayer | Updating Mesh | Computing normals
Fra:1 Mem:59.83M (Peak 73.71M) | Time:00:00.03 | Mem:17.35M, Peak:17.85M | Scene, ViewLayer | Updating Mesh | Copying Mesh to device
Fra:1 Mem:59.83M (Peak 73.71M) | Time:00:00.03 | Mem:17.97M, Peak:17.97M | Scene, ViewLayer | Updating Objects Flags
Fra:1 Mem:59.83M (Peak 73.71M) | Time:00:00.03 | Mem:17.97M, Peak:17.97M | Scene, ViewLayer | Updating Primitive Offsets
Fra:1 Mem:59.83M (Peak 73.71M) | Time:00:00.03 | Mem:17.97M, Peak:17.97M | Scene, ViewLayer | Updating Images
Fra:1 Mem:59.83M (Peak 73.71M) | Time:00:00.03 | Mem:17.97M, Peak:17.97M | Scene, ViewLayer | Updating Camera Volume
Fra:1 Mem:59.83M (Peak 73.71M) | Time:00:00.03 | Mem:17.97M, Peak:17.97M | Scene, ViewLayer | Updating Lookup Tables
Fra:1 Mem:59.83M (Peak 73.71M) | Time:00:00.03 | Mem:18.05M, Peak:18.05M | Scene, ViewLayer | Updating Lights
Fra:1 Mem:59.83M (Peak 73.71M) | Time:00:00.03 | Mem:18.05M, Peak:18.05M | Scene, ViewLayer | Updating Lights | Computing tree
Fra:1 Mem:59.86M (Peak 73.71M) | Time:00:00.03 | Mem:18.08M, Peak:18.08M | Scene, ViewLayer | Updating Integrator
Fra:1 Mem:59.86M (Peak 73.71M) | Time:00:00.03 | Mem:18.08M, Peak:18.08M | Scene, ViewLayer | Updating Film
Fra:1 Mem:59.86M (Peak 73.71M) | Time:00:00.03 | Mem:18.00M, Peak:18.08M | Scene, ViewLayer | Updating Lookup Tables
Fra:1 Mem:59.86M (Peak 73.71M) | Time:00:00.03 | Mem:18.09M, Peak:18.09M | Scene, ViewLayer | Updating Baking
Fra:1 Mem:59.86M (Peak 73.71M) | Time:00:00.03 | Mem:18.09M, Peak:18.09M | Scene, ViewLayer | Updating Device | Writing constant memory
Fra:1 Mem:59.87M (Peak 73.71M) | Time:00:00.03 | Mem:18.09M, Peak:18.09M | Scene, ViewLayer | Sample 0/32
Fra:1 Mem:113.27M (Peak 113.27M) | Time:00:00.38 | Remaining:00:10.83 | Mem:71.49M, Peak:71.49M | Scene, ViewLayer | Sample 1/32
Fra:1 Mem:137.01M (Peak 184.47M) | Time:00:08.53 | Mem:71.49M, Peak:71.49M | Scene, ViewLayer | Sample 32/32
Fra:1 Mem:137.01M (Peak 184.47M) | Time:00:08.53 | Mem:71.49M, Peak:71.49M | Scene, ViewLayer | Finished
Saved: '/workspace/scratch/d2415e46e35b/tally-maker-v1/source-renders/tally-3-v1/chase.png'
Time: 00:08.70 (Saving: 00:00.16)

Fra:1 Mem:43.95M (Peak 43.95M) | Time:00:00.00 | Mem:0.00M, Peak:0.00M | Scene, ViewLayer | Synchronizing object | ROOT_TALLY__CollisionSpine
Fra:1 Mem:43.97M (Peak 43.97M) | Time:00:00.00 | Mem:0.00M, Peak:0.00M | Scene, ViewLayer | Synchronizing object | PortRaisedShoulder1
Fra:1 Mem:43.98M (Peak 43.98M) | Time:00:00.00 | Mem:0.00M, Peak:0.00M | Scene, ViewLayer | Synchronizing object | StarboardNavigation
Fra:1 Mem:44.07M (Peak 44.07M) | Time:00:00.00 | Mem:0.00M, Peak:0.00M | Scene, ViewLayer | Synchronizing object | PortNavigation
Fra:1 Mem:44.11M (Peak 44.11M) | Time:00:00.00 | Mem:0.00M, Peak:0.00M | Scene, ViewLayer | Synchronizing object | ScanOpticSlit
Fra:1 Mem:44.13M (Peak 44.13M) | Time:00:00.00 | Mem:0.00M, Peak:0.00M | Scene, ViewLayer | Synchronizing object | ScanOpticCarrier
Fra:1 Mem:44.11M (Peak 44.13M) | Time:00:00.00 | Mem:0.00M, Peak:0.00M | Scene, ViewLayer | Synchronizing object | PortRaisedShoulder2
Fra:1 Mem:44.13M (Peak 44.13M) | Time:00:00.00 | Mem:0.00M, Peak:0.00M | Scene, ViewLayer | Synchronizing object | PortRaisedShoulder3
Fra:1 Mem:44.14M (Peak 44.14M) | Time:00:00.00 | Mem:0.00M, Peak:0.00M | Scene, ViewLayer | Synchronizing object | ScanProtectiveBrow
Fra:1 Mem:44.18M (Peak 44.18M) | Time:00:00.00 | Mem:0.00M, Peak:0.00M | Scene, ViewLayer | Synchronizing object | PortForeCheek
Fra:1 Mem:44.17M (Peak 44.18M) | Time:00:00.00 | Mem:0.00M, Peak:0.00M | Scene, ViewLayer | Synchronizing object | SCAN_SOCKET__RecessedAperture
Fra:1 Mem:44.17M (Peak 44.18M) | Time:00:00.00 | Mem:0.00M, Peak:0.00M | Scene, ViewLayer | Synchronizing object | PortLongitudinalRail
Fra:1 Mem:44.19M (Peak 44.19M) | Time:00:00.00 | Mem:0.00M, Peak:0.00M | Scene, ViewLayer | Synchronizing object | StarboardCradleMountPin
Fra:1 Mem:44.20M (Peak 44.20M) | Time:00:00.00 | Mem:0.00M, Peak:0.00M | Scene, ViewLayer | Synchronizing object | PortHingeFoundation
Fra:1 Mem:44.27M (Peak 44.27M) | Time:00:00.00 | Mem:0.00M, Peak:0.00M | Scene, ViewLayer | Synchronizing object | PortFixedHingeAxle
Fra:1 Mem:44.29M (Peak 44.29M) | Time:00:00.00 | Mem:0.00M, Peak:0.00M | Scene, ViewLayer | Synchronizing object | StarboardCradleInnerBumper
Fra:1 Mem:44.28M (Peak 44.29M) | Time:00:00.00 | Mem:0.00M, Peak:0.00M | Scene, ViewLayer | Synchronizing object | PortBearingLowerRace
Fra:1 Mem:44.31M (Peak 44.31M) | Time:00:00.00 | Mem:0.00M, Peak:0.00M | Scene, ViewLayer | Synchronizing object | PortBearingUpperRace
Fra:1 Mem:44.34M (Peak 44.34M) | Time:00:00.00 | Mem:0.00M, Peak:0.00M | Scene, ViewLayer | Synchronizing object | PortBearingCap
Fra:1 Mem:44.33M (Peak 44.34M) | Time:00:00.00 | Mem:0.00M, Peak:0.00M | Scene, ViewLayer | Synchronizing object | StarboardGoldTriangularPad
Fra:1 Mem:44.35M (Peak 44.35M) | Time:00:00.00 | Mem:0.00M, Peak:0.00M | Scene, ViewLayer | Synchronizing object | StarboardRaisedShoulder0
Fra:1 Mem:44.37M (Peak 44.37M) | Time:00:00.00 | Mem:0.00M, Peak:0.00M | Scene, ViewLayer | Synchronizing object | StarboardRaisedShoulder1
Fra:1 Mem:44.41M (Peak 44.41M) | Time:00:00.00 | Mem:0.00M, Peak:0.00M | Scene, ViewLayer | Synchronizing object | StarboardCradleRoot
Fra:1 Mem:44.42M (Peak 44.42M) | Time:00:00.00 | Mem:0.00M, Peak:0.00M | Scene, ViewLayer | Synchronizing object | StarboardRaisedShoulder2
Fra:1 Mem:44.43M (Peak 44.43M) | Time:00:00.00 | Mem:0.00M, Peak:0.00M | Scene, ViewLayer | Synchronizing object | StarboardRaisedShoulder3
Fra:1 Mem:44.44M (Peak 44.44M) | Time:00:00.00 | Mem:0.00M, Peak:0.00M | Scene, ViewLayer | Synchronizing object | PortCradleMountPin
Fra:1 Mem:44.47M (Peak 44.47M) | Time:00:00.00 | Mem:0.00M, Peak:0.00M | Scene, ViewLayer | Synchronizing object | StarboardForeCheek
Fra:1 Mem:44.46M (Peak 44.47M) | Time:00:00.00 | Mem:0.00M, Peak:0.00M | Scene, ViewLayer | Synchronizing object | StarboardLongitudinalRail
Fra:1 Mem:44.47M (Peak 44.47M) | Time:00:00.00 | Mem:0.00M, Peak:0.00M | Scene, ViewLayer | Synchronizing object | PortCradleInnerBumper
Fra:1 Mem:44.51M (Peak 44.51M) | Time:00:00.00 | Mem:0.00M, Peak:0.00M | Scene, ViewLayer | Synchronizing object | StarboardHingeFoundation
Fra:1 Mem:44.50M (Peak 44.51M) | Time:00:00.00 | Mem:0.00M, Peak:0.00M | Scene, ViewLayer | Synchronizing object | PortGoldTriangularPad
Fra:1 Mem:44.50M (Peak 44.51M) | Time:00:00.00 | Mem:0.00M, Peak:0.00M | Scene, ViewLayer | Synchronizing object | StarboardFixedHingeAxle
Fra:1 Mem:44.54M (Peak 44.54M) | Time:00:00.00 | Mem:0.00M, Peak:0.00M | Scene, ViewLayer | Synchronizing object | StarboardBearingLowerRace
Fra:1 Mem:44.54M (Peak 44.54M) | Time:00:00.00 | Mem:0.00M, Peak:0.00M | Scene, ViewLayer | Synchronizing object | StarboardBearingUpperRace
Fra:1 Mem:44.57M (Peak 44.57M) | Time:00:00.00 | Mem:0.00M, Peak:0.00M | Scene, ViewLayer | Synchronizing object | PortCradleRoot
Fra:1 Mem:44.58M (Peak 44.58M) | Time:00:00.00 | Mem:0.00M, Peak:0.00M | Scene, ViewLayer | Synchronizing object | StarboardBearingCap
Fra:1 Mem:44.61M (Peak 44.61M) | Time:00:00.00 | Mem:0.00M, Peak:0.00M | Scene, ViewLayer | Synchronizing object | DorsalLedgerCover
Fra:1 Mem:44.62M (Peak 44.62M) | Time:00:00.00 | Mem:0.00M, Peak:0.00M | Scene, ViewLayer | Synchronizing object | rightCalibrationCollar
Fra:1 Mem:44.62M (Peak 44.62M) | Time:00:00.00 | Mem:0.00M, Peak:0.00M | Scene, ViewLayer | Synchronizing object | ChannelCrossRibs
Fra:1 Mem:44.69M (Peak 44.69M) | Time:00:00.00 | Mem:0.00M, Peak:0.00M | Scene, ViewLayer | Synchronizing object | rightLargeScanGrilles
Fra:1 Mem:44.74M (Peak 44.74M) | Time:00:00.00 | Mem:0.00M, Peak:0.00M | Scene, ViewLayer | Synchronizing object | ShoulderFasteners
Fra:1 Mem:44.90M (Peak 44.90M) | Time:00:00.00 | Mem:0.00M, Peak:0.00M | Scene, ViewLayer | Synchronizing object | rightScanHeadOchreBezel
Fra:1 Mem:44.90M (Peak 44.90M) | Time:00:00.00 | Mem:0.00M, Peak:0.00M | Scene, ViewLayer | Synchronizing object | SeatedCoolingLouvers-1-8.0
Fra:1 Mem:44.90M (Peak 44.90M) | Time:00:00.00 | Mem:0.00M, Peak:0.00M | Scene, ViewLayer | Synchronizing object | SeatedCoolingLouvers-1-4.2
Fra:1 Mem:44.94M (Peak 44.94M) | Time:00:00.00 | Mem:0.00M, Peak:0.00M | Scene, ViewLayer | Synchronizing object | rightScanHead
Fra:1 Mem:45.26M (Peak 45.26M) | Time:00:00.00 | Mem:0.00M, Peak:0.00M | Scene, ViewLayer | Synchronizing object | rightHeadNeck
Fra:1 Mem:45.23M (Peak 45.26M) | Time:00:00.00 | Mem:0.00M, Peak:0.00M | Scene, ViewLayer | Synchronizing object | SeatedCoolingLouvers-12.2
Fra:1 Mem:45.28M (Peak 45.28M) | Time:00:00.00 | Mem:0.00M, Peak:0.00M | Scene, ViewLayer | Synchronizing object | rightMovingHub
Fra:1 Mem:45.31M (Peak 45.31M) | Time:00:00.00 | Mem:0.00M, Peak:0.00M | Scene, ViewLayer | Synchronizing object | rightArmRootClevis
Fra:1 Mem:45.37M (Peak 45.37M) | Time:00:00.00 | Mem:0.00M, Peak:0.00M | Scene, ViewLayer | Synchronizing object | ARM_RIGHT__OpenCage
Fra:1 Mem:45.41M (Peak 45.41M) | Time:00:00.00 | Mem:0.00M, Peak:0.00M | Scene, ViewLayer | Synchronizing object | SeatedCoolingLouvers1-8.0
Fra:1 Mem:45.25M (Peak 45.41M) | Time:00:00.00 | Mem:0.00M, Peak:0.00M | Scene, ViewLayer | Synchronizing object | leftCalibrationCollar
Fra:1 Mem:45.36M (Peak 45.41M) | Time:00:00.00 | Mem:0.00M, Peak:0.00M | Scene, ViewLayer | Synchronizing object | leftLargeScanGrilles
Fra:1 Mem:45.41M (Peak 45.41M) | Time:00:00.01 | Mem:0.00M, Peak:0.00M | Scene, ViewLayer | Synchronizing object | SeatedCoolingLouvers12.2
Fra:1 Mem:45.36M (Peak 45.41M) | Time:00:00.01 | Mem:0.00M, Peak:0.00M | Scene, ViewLayer | Synchronizing object | DriveCrosshead
Fra:1 Mem:45.43M (Peak 45.43M) | Time:00:00.01 | Mem:0.00M, Peak:0.00M | Scene, ViewLayer | Synchronizing object | leftScanHeadOchreBezel
Fra:1 Mem:45.43M (Peak 45.43M) | Time:00:00.01 | Mem:0.00M, Peak:0.00M | Scene, ViewLayer | Synchronizing object | SupportedMainNozzle-0.9
Fra:1 Mem:45.56M (Peak 45.56M) | Time:00:00.01 | Mem:0.00M, Peak:0.00M | Scene, ViewLayer | Synchronizing object | leftScanHead
Fra:1 Mem:45.56M (Peak 45.56M) | Time:00:00.01 | Mem:0.00M, Peak:0.00M | Scene, ViewLayer | Synchronizing object | SupportedMainNozzle0.9
Fra:1 Mem:45.54M (Peak 45.56M) | Time:00:00.01 | Mem:0.00M, Peak:0.00M | Scene, ViewLayer | Synchronizing object | leftHeadNeck
Fra:1 Mem:45.55M (Peak 45.56M) | Time:00:00.01 | Mem:0.00M, Peak:0.00M | Scene, ViewLayer | Synchronizing object | StampFoot-1
Fra:1 Mem:45.56M (Peak 45.56M) | Time:00:00.01 | Mem:0.00M, Peak:0.00M | Scene, ViewLayer | Synchronizing object | StampUpright-1
Fra:1 Mem:45.55M (Peak 45.56M) | Time:00:00.01 | Mem:0.00M, Peak:0.00M | Scene, ViewLayer | Synchronizing object | StampGuide-1
Fra:1 Mem:45.60M (Peak 45.60M) | Time:00:00.01 | Mem:0.00M, Peak:0.00M | Scene, ViewLayer | Synchronizing object | StampFoot1
Fra:1 Mem:45.62M (Peak 45.62M) | Time:00:00.01 | Mem:0.00M, Peak:0.00M | Scene, ViewLayer | Synchronizing object | leftArmRootClevis
Fra:1 Mem:45.63M (Peak 45.63M) | Time:00:00.01 | Mem:0.00M, Peak:0.00M | Scene, ViewLayer | Synchronizing object | StampUpright1
Fra:1 Mem:45.64M (Peak 45.64M) | Time:00:00.01 | Mem:0.00M, Peak:0.00M | Scene, ViewLayer | Synchronizing object | StampGuide1
Fra:1 Mem:45.65M (Peak 45.65M) | Time:00:00.01 | Mem:0.00M, Peak:0.00M | Scene, ViewLayer | Synchronizing object | ARM_LEFT__OpenCage
Fra:1 Mem:45.67M (Peak 45.67M) | Time:00:00.01 | Mem:0.00M, Peak:0.00M | Scene, ViewLayer | Synchronizing object | SolidUYokeCrossbar
Fra:1 Mem:45.69M (Peak 45.69M) | Time:00:00.01 | Mem:0.00M, Peak:0.00M | Scene, ViewLayer | Synchronizing object | StampRamHousing
Fra:1 Mem:45.76M (Peak 45.76M) | Time:00:00.01 | Mem:0.00M, Peak:0.00M | Scene, ViewLayer | Synchronizing object | StampRamCollar
Fra:1 Mem:45.78M (Peak 45.78M) | Time:00:00.01 | Mem:0.00M, Peak:0.00M | Scene, ViewLayer | Synchronizing object | STAMP__OchrePressRing
Fra:1 Mem:45.77M (Peak 45.78M) | Time:00:00.01 | Mem:0.00M, Peak:0.00M | Scene, ViewLayer | Synchronizing object | StampGuideSleeve1
Fra:1 Mem:45.79M (Peak 45.79M) | Time:00:00.01 | Mem:0.00M, Peak:0.00M | Scene, ViewLayer | Synchronizing object | StampRecessedRim
Fra:1 Mem:45.93M (Peak 45.93M) | Time:00:00.01 | Mem:0.00M, Peak:0.00M | Scene, ViewLayer | Synchronizing object | StampGuideSleeve-1
Fra:1 Mem:45.95M (Peak 45.95M) | Time:00:00.01 | Mem:0.00M, Peak:0.00M | Scene, ViewLayer | Synchronizing object | StampMovingSpindle
Fra:1 Mem:46.00M (Peak 46.00M) | Time:00:00.01 | Mem:0.00M, Peak:0.00M | Scene, ViewLayer | Synchronizing object | StampBridgeArms
Fra:1 Mem:46.01M (Peak 46.01M) | Time:00:00.01 | Mem:0.00M, Peak:0.00M | Scene, ViewLayer | Synchronizing object | StampThreeRaisedBars
Fra:1 Mem:45.98M (Peak 46.01M) | Time:00:00.01 | Mem:0.00M, Peak:0.00M | Scene, ViewLayer | Initializing
Fra:1 Mem:45.70M (Peak 46.01M) | Time:00:00.01 | Mem:0.00M, Peak:0.00M | Scene, ViewLayer | Updating Images | Loading forge_panel_normal.png
Fra:1 Mem:45.70M (Peak 46.01M) | Time:00:00.01 | Mem:0.00M, Peak:0.00M | Scene, ViewLayer | Updating Images | Loading forge_machinery_orm.png
Fra:1 Mem:56.71M (Peak 56.71M) | Time:00:00.01 | Mem:1.00M, Peak:1.00M | Scene, ViewLayer | Updating Images | Loading forge_machinery_normal.png
Fra:1 Mem:57.71M (Peak 57.71M) | Time:00:00.01 | Mem:1.00M, Peak:1.00M | Scene, ViewLayer | Updating Images | Loading forge_panel_albedo.png
Fra:1 Mem:57.71M (Peak 57.71M) | Time:00:00.01 | Mem:2.00M, Peak:2.00M | Scene, ViewLayer | Updating Images | Loading forge_panel_orm.png
Fra:1 Mem:57.62M (Peak 72.71M) | Time:00:00.02 | Mem:15.00M, Peak:15.00M | Scene, ViewLayer | Waiting for render to start
Fra:1 Mem:57.62M (Peak 72.71M) | Time:00:00.02 | Mem:15.00M, Peak:15.00M | Scene, ViewLayer | Loading render kernels (may take a few minutes the first time)
Fra:1 Mem:57.62M (Peak 72.71M) | Time:00:00.02 | Mem:15.00M, Peak:15.00M | Scene, ViewLayer | Updating Scene
Fra:1 Mem:57.62M (Peak 72.71M) | Time:00:00.02 | Mem:15.00M, Peak:15.00M | Scene, ViewLayer | Updating Shaders
Fra:1 Mem:57.71M (Peak 72.71M) | Time:00:00.02 | Mem:15.01M, Peak:15.01M | Scene, ViewLayer | Updating Procedurals
Fra:1 Mem:57.71M (Peak 72.71M) | Time:00:00.02 | Mem:15.01M, Peak:15.01M | Scene, ViewLayer | Updating Background
Fra:1 Mem:57.71M (Peak 72.71M) | Time:00:00.02 | Mem:15.01M, Peak:15.01M | Scene, ViewLayer | Updating Camera
Fra:1 Mem:57.71M (Peak 72.71M) | Time:00:00.02 | Mem:15.01M, Peak:15.01M | Scene, ViewLayer | Updating Meshes Flags
Fra:1 Mem:57.71M (Peak 72.71M) | Time:00:00.02 | Mem:15.01M, Peak:15.01M | Scene, ViewLayer | Updating Objects
Fra:1 Mem:57.71M (Peak 72.71M) | Time:00:00.02 | Mem:15.01M, Peak:15.01M | Scene, ViewLayer | Updating Objects | Copying Transformations to device
Fra:1 Mem:57.73M (Peak 72.71M) | Time:00:00.02 | Mem:15.03M, Peak:15.03M | Scene, ViewLayer | Updating Objects | Applying Static Transformations
Fra:1 Mem:57.73M (Peak 72.71M) | Time:00:00.02 | Mem:15.03M, Peak:15.03M | Scene, ViewLayer | Updating Particle Systems
Fra:1 Mem:57.73M (Peak 72.71M) | Time:00:00.02 | Mem:15.03M, Peak:15.03M | Scene, ViewLayer | Updating Particle Systems | Copying Particles to device
Fra:1 Mem:57.73M (Peak 72.71M) | Time:00:00.02 | Mem:15.03M, Peak:15.03M | Scene, ViewLayer | Updating Meshes
Fra:1 Mem:57.97M (Peak 72.71M) | Time:00:00.02 | Mem:15.03M, Peak:15.03M | Scene, ViewLayer | Updating Mesh | Computing attributes
Fra:1 Mem:59.24M (Peak 72.71M) | Time:00:00.02 | Mem:15.04M, Peak:15.04M | Scene, ViewLayer | Updating Mesh | Copying Attributes to device
Fra:1 Mem:59.21M (Peak 72.71M) | Time:00:00.02 | Mem:16.26M, Peak:16.26M | Scene, ViewLayer | Updating Scene BVH | Building
Fra:1 Mem:59.21M (Peak 72.71M) | Time:00:00.02 | Mem:16.26M, Peak:16.26M | Scene, ViewLayer | Updating Scene BVH | Building BVH
Fra:1 Mem:59.21M (Peak 72.71M) | Time:00:00.02 | Mem:16.76M, Peak:16.76M | Scene, ViewLayer | Updating Scene BVH | Building BVH 0%
Fra:1 Mem:59.21M (Peak 72.71M) | Time:00:00.03 | Mem:17.35M, Peak:17.85M | Scene, ViewLayer | Updating Scene BVH | Copying BVH to device
Fra:1 Mem:59.21M (Peak 72.71M) | Time:00:00.03 | Mem:17.35M, Peak:17.85M | Scene, ViewLayer | Updating Mesh | Computing normals
Fra:1 Mem:59.83M (Peak 72.71M) | Time:00:00.03 | Mem:17.35M, Peak:17.85M | Scene, ViewLayer | Updating Mesh | Copying Mesh to device
Fra:1 Mem:59.83M (Peak 72.71M) | Time:00:00.03 | Mem:17.97M, Peak:17.97M | Scene, ViewLayer | Updating Objects Flags
Fra:1 Mem:59.83M (Peak 72.71M) | Time:00:00.03 | Mem:17.97M, Peak:17.97M | Scene, ViewLayer | Updating Primitive Offsets
Fra:1 Mem:59.83M (Peak 72.71M) | Time:00:00.03 | Mem:17.97M, Peak:17.97M | Scene, ViewLayer | Updating Images
Fra:1 Mem:59.83M (Peak 72.71M) | Time:00:00.03 | Mem:17.97M, Peak:17.97M | Scene, ViewLayer | Updating Camera Volume
Fra:1 Mem:59.83M (Peak 72.71M) | Time:00:00.03 | Mem:17.97M, Peak:17.97M | Scene, ViewLayer | Updating Lookup Tables
Fra:1 Mem:59.83M (Peak 72.71M) | Time:00:00.03 | Mem:18.05M, Peak:18.05M | Scene, ViewLayer | Updating Lights
Fra:1 Mem:59.83M (Peak 72.71M) | Time:00:00.03 | Mem:18.05M, Peak:18.05M | Scene, ViewLayer | Updating Lights | Computing tree
Fra:1 Mem:59.86M (Peak 72.71M) | Time:00:00.03 | Mem:18.08M, Peak:18.08M | Scene, ViewLayer | Updating Integrator
Fra:1 Mem:59.86M (Peak 72.71M) | Time:00:00.03 | Mem:18.08M, Peak:18.08M | Scene, ViewLayer | Updating Film
Fra:1 Mem:59.86M (Peak 72.71M) | Time:00:00.03 | Mem:18.00M, Peak:18.08M | Scene, ViewLayer | Updating Lookup Tables
Fra:1 Mem:59.86M (Peak 72.71M) | Time:00:00.03 | Mem:18.09M, Peak:18.09M | Scene, ViewLayer | Updating Baking
Fra:1 Mem:59.86M (Peak 72.71M) | Time:00:00.03 | Mem:18.09M, Peak:18.09M | Scene, ViewLayer | Updating Device | Writing constant memory
Fra:1 Mem:59.87M (Peak 72.71M) | Time:00:00.03 | Mem:18.09M, Peak:18.09M | Scene, ViewLayer | Sample 0/32
Fra:1 Mem:113.27M (Peak 113.27M) | Time:00:00.53 | Remaining:00:15.63 | Mem:71.49M, Peak:71.49M | Scene, ViewLayer | Sample 1/32
Fra:1 Mem:137.01M (Peak 184.47M) | Time:00:12.80 | Mem:71.49M, Peak:71.49M | Scene, ViewLayer | Sample 32/32
Fra:1 Mem:137.01M (Peak 184.47M) | Time:00:12.80 | Mem:71.49M, Peak:71.49M | Scene, ViewLayer | Finished
Saved: '/workspace/scratch/d2415e46e35b/tally-maker-v1/source-renders/tally-3-v1/close.png'
Time: 00:12.97 (Saving: 00:00.16)

Fra:1 Mem:43.95M (Peak 43.95M) | Time:00:00.00 | Mem:0.00M, Peak:0.00M | Scene, ViewLayer | Synchronizing object | ROOT_TALLY__CollisionSpine
Fra:1 Mem:43.95M (Peak 43.95M) | Time:00:00.00 | Mem:0.00M, Peak:0.00M | Scene, ViewLayer | Synchronizing object | PortRaisedShoulder1
Fra:1 Mem:44.10M (Peak 44.10M) | Time:00:00.00 | Mem:0.00M, Peak:0.00M | Scene, ViewLayer | Synchronizing object | PortRaisedShoulder2
Fra:1 Mem:44.10M (Peak 44.10M) | Time:00:00.00 | Mem:0.00M, Peak:0.00M | Scene, ViewLayer | Synchronizing object | PortRaisedShoulder3
Fra:1 Mem:44.11M (Peak 44.11M) | Time:00:00.00 | Mem:0.00M, Peak:0.00M | Scene, ViewLayer | Synchronizing object | StarboardNavigation
Fra:1 Mem:44.19M (Peak 44.19M) | Time:00:00.00 | Mem:0.00M, Peak:0.00M | Scene, ViewLayer | Synchronizing object | PortForeCheek
Fra:1 Mem:44.19M (Peak 44.19M) | Time:00:00.00 | Mem:0.00M, Peak:0.00M | Scene, ViewLayer | Synchronizing object | PortNavigation
Fra:1 Mem:44.18M (Peak 44.19M) | Time:00:00.00 | Mem:0.00M, Peak:0.00M | Scene, ViewLayer | Synchronizing object | ScanOpticSlit
Fra:1 Mem:44.19M (Peak 44.19M) | Time:00:00.00 | Mem:0.00M, Peak:0.00M | Scene, ViewLayer | Synchronizing object | PortLongitudinalRail
Fra:1 Mem:44.22M (Peak 44.22M) | Time:00:00.00 | Mem:0.00M, Peak:0.00M | Scene, ViewLayer | Synchronizing object | ScanOpticCarrier
Fra:1 Mem:44.21M (Peak 44.22M) | Time:00:00.00 | Mem:0.00M, Peak:0.00M | Scene, ViewLayer | Synchronizing object | PortHingeFoundation
Fra:1 Mem:44.18M (Peak 44.22M) | Time:00:00.00 | Mem:0.00M, Peak:0.00M | Scene, ViewLayer | Synchronizing object | PortFixedHingeAxle
Fra:1 Mem:44.20M (Peak 44.22M) | Time:00:00.00 | Mem:0.00M, Peak:0.00M | Scene, ViewLayer | Synchronizing object | PortBearingLowerRace
Fra:1 Mem:44.19M (Peak 44.22M) | Time:00:00.00 | Mem:0.00M, Peak:0.00M | Scene, ViewLayer | Synchronizing object | ScanProtectiveBrow
Fra:1 Mem:44.19M (Peak 44.22M) | Time:00:00.00 | Mem:0.00M, Peak:0.00M | Scene, ViewLayer | Synchronizing object | PortBearingUpperRace
Fra:1 Mem:44.24M (Peak 44.24M) | Time:00:00.00 | Mem:0.00M, Peak:0.00M | Scene, ViewLayer | Synchronizing object | PortBearingCap
Fra:1 Mem:44.26M (Peak 44.26M) | Time:00:00.00 | Mem:0.00M, Peak:0.00M | Scene, ViewLayer | Synchronizing object | StarboardRaisedShoulder0
Fra:1 Mem:44.26M (Peak 44.26M) | Time:00:00.00 | Mem:0.00M, Peak:0.00M | Scene, ViewLayer | Synchronizing object | StarboardRaisedShoulder1
Fra:1 Mem:44.26M (Peak 44.26M) | Time:00:00.00 | Mem:0.00M, Peak:0.00M | Scene, ViewLayer | Synchronizing object | StarboardRaisedShoulder2
Fra:1 Mem:44.29M (Peak 44.29M) | Time:00:00.00 | Mem:0.00M, Peak:0.00M | Scene, ViewLayer | Synchronizing object | SCAN_SOCKET__RecessedAperture
Fra:1 Mem:44.34M (Peak 44.34M) | Time:00:00.00 | Mem:0.00M, Peak:0.00M | Scene, ViewLayer | Synchronizing object | StarboardCradleMountPin
Fra:1 Mem:44.32M (Peak 44.34M) | Time:00:00.00 | Mem:0.00M, Peak:0.00M | Scene, ViewLayer | Synchronizing object | StarboardRaisedShoulder3
Fra:1 Mem:44.32M (Peak 44.34M) | Time:00:00.00 | Mem:0.00M, Peak:0.00M | Scene, ViewLayer | Synchronizing object | StarboardLongitudinalRail
Fra:1 Mem:44.39M (Peak 44.39M) | Time:00:00.00 | Mem:0.00M, Peak:0.00M | Scene, ViewLayer | Synchronizing object | StarboardCradleInnerBumper
Fra:1 Mem:44.38M (Peak 44.39M) | Time:00:00.00 | Mem:0.00M, Peak:0.00M | Scene, ViewLayer | Synchronizing object | StarboardHingeFoundation
Fra:1 Mem:44.39M (Peak 44.39M) | Time:00:00.00 | Mem:0.00M, Peak:0.00M | Scene, ViewLayer | Synchronizing object | StarboardBearingLowerRace
Fra:1 Mem:44.42M (Peak 44.42M) | Time:00:00.00 | Mem:0.00M, Peak:0.00M | Scene, ViewLayer | Synchronizing object | StarboardGoldTriangularPad
Fra:1 Mem:44.44M (Peak 44.44M) | Time:00:00.00 | Mem:0.00M, Peak:0.00M | Scene, ViewLayer | Synchronizing object | StarboardBearingUpperRace
Fra:1 Mem:44.44M (Peak 44.44M) | Time:00:00.00 | Mem:0.00M, Peak:0.00M | Scene, ViewLayer | Synchronizing object | DorsalLedgerCover
Fra:1 Mem:44.49M (Peak 44.49M) | Time:00:00.00 | Mem:0.00M, Peak:0.00M | Scene, ViewLayer | Synchronizing object | ChannelCrossRibs
Fra:1 Mem:44.48M (Peak 44.49M) | Time:00:00.00 | Mem:0.00M, Peak:0.00M | Scene, ViewLayer | Synchronizing object | StarboardCradleRoot
Fra:1 Mem:44.50M (Peak 44.50M) | Time:00:00.00 | Mem:0.00M, Peak:0.00M | Scene, ViewLayer | Synchronizing object | ShoulderFasteners
Fra:1 Mem:44.70M (Peak 44.70M) | Time:00:00.00 | Mem:0.00M, Peak:0.00M | Scene, ViewLayer | Synchronizing object | PortCradleMountPin
Fra:1 Mem:44.82M (Peak 44.82M) | Time:00:00.00 | Mem:0.00M, Peak:0.00M | Scene, ViewLayer | Synchronizing object | PortCradleInnerBumper
Fra:1 Mem:44.79M (Peak 44.82M) | Time:00:00.00 | Mem:0.00M, Peak:0.00M | Scene, ViewLayer | Synchronizing object | SeatedCoolingLouvers-1-8.0
Fra:1 Mem:44.89M (Peak 44.89M) | Time:00:00.00 | Mem:0.00M, Peak:0.00M | Scene, ViewLayer | Synchronizing object | PortGoldTriangularPad
Fra:1 Mem:44.97M (Peak 44.97M) | Time:00:00.00 | Mem:0.00M, Peak:0.00M | Scene, ViewLayer | Synchronizing object | PortCradleRoot
Fra:1 Mem:45.02M (Peak 45.02M) | Time:00:00.00 | Mem:0.00M, Peak:0.00M | Scene, ViewLayer | Synchronizing object | SeatedCoolingLouvers-1-4.2
Fra:1 Mem:45.04M (Peak 45.04M) | Time:00:00.00 | Mem:0.00M, Peak:0.00M | Scene, ViewLayer | Synchronizing object | rightCalibrationCollar
Fra:1 Mem:45.01M (Peak 45.04M) | Time:00:00.00 | Mem:0.00M, Peak:0.00M | Scene, ViewLayer | Synchronizing object | rightLargeScanGrilles
Fra:1 Mem:45.14M (Peak 45.14M) | Time:00:00.00 | Mem:0.00M, Peak:0.00M | Scene, ViewLayer | Synchronizing object | SeatedCoolingLouvers-12.2
Fra:1 Mem:45.21M (Peak 45.21M) | Time:00:00.00 | Mem:0.00M, Peak:0.00M | Scene, ViewLayer | Synchronizing object | rightScanHeadOchreBezel
Fra:1 Mem:45.20M (Peak 45.21M) | Time:00:00.00 | Mem:0.00M, Peak:0.00M | Scene, ViewLayer | Synchronizing object | SeatedCoolingLouvers1-8.0
Fra:1 Mem:45.26M (Peak 45.26M) | Time:00:00.00 | Mem:0.00M, Peak:0.00M | Scene, ViewLayer | Synchronizing object | rightScanHead
Fra:1 Mem:45.30M (Peak 45.30M) | Time:00:00.00 | Mem:0.00M, Peak:0.00M | Scene, ViewLayer | Synchronizing object | rightHeadNeck
Fra:1 Mem:45.17M (Peak 45.30M) | Time:00:00.00 | Mem:0.00M, Peak:0.00M | Scene, ViewLayer | Synchronizing object | SeatedCoolingLouvers1-4.2
Fra:1 Mem:45.20M (Peak 45.30M) | Time:00:00.00 | Mem:0.00M, Peak:0.00M | Scene, ViewLayer | Synchronizing object | rightMovingHub
Fra:1 Mem:45.25M (Peak 45.30M) | Time:00:00.00 | Mem:0.00M, Peak:0.00M | Scene, ViewLayer | Synchronizing object | rightArmRootClevis
Fra:1 Mem:45.23M (Peak 45.30M) | Time:00:00.00 | Mem:0.00M, Peak:0.00M | Scene, ViewLayer | Synchronizing object | SeatedCoolingLouvers12.2
Fra:1 Mem:45.31M (Peak 45.31M) | Time:00:00.00 | Mem:0.00M, Peak:0.00M | Scene, ViewLayer | Synchronizing object | ARM_RIGHT__OpenCage
Fra:1 Mem:45.36M (Peak 45.36M) | Time:00:00.00 | Mem:0.00M, Peak:0.00M | Scene, ViewLayer | Synchronizing object | DriveCrosshead
Fra:1 Mem:45.38M (Peak 45.38M) | Time:00:00.00 | Mem:0.00M, Peak:0.00M | Scene, ViewLayer | Synchronizing object | leftCalibrationCollar
Fra:1 Mem:45.37M (Peak 45.38M) | Time:00:00.00 | Mem:0.00M, Peak:0.00M | Scene, ViewLayer | Synchronizing object | leftLargeScanGrilles
Fra:1 Mem:45.36M (Peak 45.38M) | Time:00:00.00 | Mem:0.00M, Peak:0.00M | Scene, ViewLayer | Synchronizing object | SupportedMainNozzle-0.9
Fra:1 Mem:45.37M (Peak 45.38M) | Time:00:00.00 | Mem:0.00M, Peak:0.00M | Scene, ViewLayer | Synchronizing object | SupportedMainNozzle0.9
Fra:1 Mem:45.47M (Peak 45.47M) | Time:00:00.00 | Mem:0.00M, Peak:0.00M | Scene, ViewLayer | Synchronizing object | leftScanHeadOchreBezel
Fra:1 Mem:45.46M (Peak 45.47M) | Time:00:00.00 | Mem:0.00M, Peak:0.00M | Scene, ViewLayer | Synchronizing object | StampFoot-1
Fra:1 Mem:45.48M (Peak 45.48M) | Time:00:00.00 | Mem:0.00M, Peak:0.00M | Scene, ViewLayer | Synchronizing object | StampUpright-1
Fra:1 Mem:45.53M (Peak 45.53M) | Time:00:00.00 | Mem:0.00M, Peak:0.00M | Scene, ViewLayer | Synchronizing object | StampGuide-1
Fra:1 Mem:45.54M (Peak 45.54M) | Time:00:00.00 | Mem:0.00M, Peak:0.00M | Scene, ViewLayer | Synchronizing object | leftScanHead
Fra:1 Mem:45.54M (Peak 45.54M) | Time:00:00.00 | Mem:0.00M, Peak:0.00M | Scene, ViewLayer | Synchronizing object | StampFoot1
Fra:1 Mem:45.56M (Peak 45.56M) | Time:00:00.00 | Mem:0.00M, Peak:0.00M | Scene, ViewLayer | Synchronizing object | StampUpright1
Fra:1 Mem:45.61M (Peak 45.61M) | Time:00:00.00 | Mem:0.00M, Peak:0.00M | Scene, ViewLayer | Synchronizing object | leftHeadNeck
Fra:1 Mem:45.62M (Peak 45.62M) | Time:00:00.00 | Mem:0.00M, Peak:0.00M | Scene, ViewLayer | Synchronizing object | StampGuide1
Fra:1 Mem:45.68M (Peak 45.68M) | Time:00:00.01 | Mem:0.00M, Peak:0.00M | Scene, ViewLayer | Synchronizing object | SolidUYokeCrossbar
Fra:1 Mem:45.67M (Peak 45.68M) | Time:00:00.01 | Mem:0.00M, Peak:0.00M | Scene, ViewLayer | Synchronizing object | leftMovingHub
Fra:1 Mem:45.69M (Peak 45.69M) | Time:00:00.01 | Mem:0.00M, Peak:0.00M | Scene, ViewLayer | Synchronizing object | StampRamHousing
Fra:1 Mem:45.68M (Peak 45.69M) | Time:00:00.01 | Mem:0.00M, Peak:0.00M | Scene, ViewLayer | Synchronizing object | leftArmRootClevis
Fra:1 Mem:45.69M (Peak 45.69M) | Time:00:00.01 | Mem:0.00M, Peak:0.00M | Scene, ViewLayer | Synchronizing object | StampRamCollar
Fra:1 Mem:45.68M (Peak 45.69M) | Time:00:00.01 | Mem:0.00M, Peak:0.00M | Scene, ViewLayer | Synchronizing object | STAMP__OchrePressRing
Fra:1 Mem:45.69M (Peak 45.69M) | Time:00:00.01 | Mem:0.00M, Peak:0.00M | Scene, ViewLayer | Synchronizing object | StampRecessedRim
Fra:1 Mem:45.68M (Peak 45.69M) | Time:00:00.01 | Mem:0.00M, Peak:0.00M | Scene, ViewLayer | Synchronizing object | StampThreeRaisedBars
Fra:1 Mem:45.73M (Peak 45.73M) | Time:00:00.01 | Mem:0.00M, Peak:0.00M | Scene, ViewLayer | Synchronizing object | StampBridgeArms
Fra:1 Mem:45.96M (Peak 45.96M) | Time:00:00.01 | Mem:0.00M, Peak:0.00M | Scene, ViewLayer | Synchronizing object | StampMovingSpindle
Fra:1 Mem:45.93M (Peak 45.96M) | Time:00:00.01 | Mem:0.00M, Peak:0.00M | Scene, ViewLayer | Synchronizing object | StampGuideSleeve-1
Fra:1 Mem:45.93M (Peak 45.96M) | Time:00:00.01 | Mem:0.00M, Peak:0.00M | Scene, ViewLayer | Synchronizing object | StampGuideSleeve1
Fra:1 Mem:45.98M (Peak 45.98M) | Time:00:00.01 | Mem:0.00M, Peak:0.00M | Scene, ViewLayer | Initializing
Fra:1 Mem:45.70M (Peak 45.98M) | Time:00:00.01 | Mem:0.00M, Peak:0.00M | Scene, ViewLayer | Updating Images | Loading forge_panel_normal.png
Fra:1 Mem:45.70M (Peak 45.98M) | Time:00:00.01 | Mem:0.00M, Peak:0.00M | Scene, ViewLayer | Updating Images | Loading forge_machinery_albedo.png
Fra:1 Mem:45.70M (Peak 45.98M) | Time:00:00.01 | Mem:0.00M, Peak:0.00M | Scene, ViewLayer | Updating Images | Loading forge_machinery_orm.png
Fra:1 Mem:57.71M (Peak 59.70M) | Time:00:00.01 | Mem:1.00M, Peak:1.00M | Scene, ViewLayer | Updating Images | Loading forge_panel_albedo.png
Fra:1 Mem:57.71M (Peak 59.70M) | Time:00:00.01 | Mem:2.00M, Peak:2.00M | Scene, ViewLayer | Updating Images | Loading forge_panel_orm.png
Fra:1 Mem:57.62M (Peak 73.71M) | Time:00:00.01 | Mem:15.00M, Peak:15.00M | Scene, ViewLayer | Waiting for render to start
Fra:1 Mem:57.62M (Peak 73.71M) | Time:00:00.01 | Mem:15.00M, Peak:15.00M | Scene, ViewLayer | Loading render kernels (may take a few minutes the first time)
Fra:1 Mem:57.62M (Peak 73.71M) | Time:00:00.01 | Mem:15.00M, Peak:15.00M | Scene, ViewLayer | Updating Scene
Fra:1 Mem:57.62M (Peak 73.71M) | Time:00:00.01 | Mem:15.00M, Peak:15.00M | Scene, ViewLayer | Updating Shaders
Fra:1 Mem:57.71M (Peak 73.71M) | Time:00:00.01 | Mem:15.01M, Peak:15.01M | Scene, ViewLayer | Updating Procedurals
Fra:1 Mem:57.71M (Peak 73.71M) | Time:00:00.01 | Mem:15.01M, Peak:15.01M | Scene, ViewLayer | Updating Background
Fra:1 Mem:57.71M (Peak 73.71M) | Time:00:00.01 | Mem:15.01M, Peak:15.01M | Scene, ViewLayer | Updating Camera
Fra:1 Mem:57.71M (Peak 73.71M) | Time:00:00.01 | Mem:15.01M, Peak:15.01M | Scene, ViewLayer | Updating Meshes Flags
Fra:1 Mem:57.71M (Peak 73.71M) | Time:00:00.01 | Mem:15.01M, Peak:15.01M | Scene, ViewLayer | Updating Objects
Fra:1 Mem:57.71M (Peak 73.71M) | Time:00:00.01 | Mem:15.01M, Peak:15.01M | Scene, ViewLayer | Updating Objects | Copying Transformations to device
Fra:1 Mem:57.73M (Peak 73.71M) | Time:00:00.01 | Mem:15.03M, Peak:15.03M | Scene, ViewLayer | Updating Objects | Applying Static Transformations
Fra:1 Mem:57.73M (Peak 73.71M) | Time:00:00.01 | Mem:15.03M, Peak:15.03M | Scene, ViewLayer | Updating Particle Systems
Fra:1 Mem:57.73M (Peak 73.71M) | Time:00:00.01 | Mem:15.03M, Peak:15.03M | Scene, ViewLayer | Updating Particle Systems | Copying Particles to device
Fra:1 Mem:57.73M (Peak 73.71M) | Time:00:00.01 | Mem:15.03M, Peak:15.03M | Scene, ViewLayer | Updating Meshes
Fra:1 Mem:57.97M (Peak 73.71M) | Time:00:00.02 | Mem:15.03M, Peak:15.03M | Scene, ViewLayer | Updating Mesh | Computing attributes
Fra:1 Mem:59.24M (Peak 73.71M) | Time:00:00.02 | Mem:15.04M, Peak:15.04M | Scene, ViewLayer | Updating Mesh | Copying Attributes to device
Fra:1 Mem:59.21M (Peak 73.71M) | Time:00:00.02 | Mem:16.26M, Peak:16.26M | Scene, ViewLayer | Updating Scene BVH | Building
Fra:1 Mem:59.21M (Peak 73.71M) | Time:00:00.02 | Mem:16.26M, Peak:16.26M | Scene, ViewLayer | Updating Scene BVH | Building BVH
Fra:1 Mem:59.21M (Peak 73.71M) | Time:00:00.02 | Mem:16.76M, Peak:16.76M | Scene, ViewLayer | Updating Scene BVH | Building BVH 0%
Fra:1 Mem:59.21M (Peak 73.71M) | Time:00:00.02 | Mem:17.35M, Peak:17.85M | Scene, ViewLayer | Updating Scene BVH | Copying BVH to device
Fra:1 Mem:59.21M (Peak 73.71M) | Time:00:00.02 | Mem:17.35M, Peak:17.85M | Scene, ViewLayer | Updating Mesh | Computing normals
Fra:1 Mem:59.83M (Peak 73.71M) | Time:00:00.02 | Mem:17.35M, Peak:17.85M | Scene, ViewLayer | Updating Mesh | Copying Mesh to device
Fra:1 Mem:59.83M (Peak 73.71M) | Time:00:00.02 | Mem:17.97M, Peak:17.97M | Scene, ViewLayer | Updating Objects Flags
Fra:1 Mem:59.83M (Peak 73.71M) | Time:00:00.02 | Mem:17.97M, Peak:17.97M | Scene, ViewLayer | Updating Primitive Offsets
Fra:1 Mem:59.83M (Peak 73.71M) | Time:00:00.02 | Mem:17.97M, Peak:17.97M | Scene, ViewLayer | Updating Images
Fra:1 Mem:59.83M (Peak 73.71M) | Time:00:00.02 | Mem:17.97M, Peak:17.97M | Scene, ViewLayer | Updating Camera Volume
Fra:1 Mem:59.83M (Peak 73.71M) | Time:00:00.02 | Mem:17.97M, Peak:17.97M | Scene, ViewLayer | Updating Lookup Tables
Fra:1 Mem:59.83M (Peak 73.71M) | Time:00:00.02 | Mem:18.05M, Peak:18.05M | Scene, ViewLayer | Updating Lights
Fra:1 Mem:59.83M (Peak 73.71M) | Time:00:00.02 | Mem:18.05M, Peak:18.05M | Scene, ViewLayer | Updating Lights | Computing tree
Fra:1 Mem:59.86M (Peak 73.71M) | Time:00:00.02 | Mem:18.08M, Peak:18.08M | Scene, ViewLayer | Updating Integrator
Fra:1 Mem:59.86M (Peak 73.71M) | Time:00:00.02 | Mem:18.08M, Peak:18.08M | Scene, ViewLayer | Updating Film
Fra:1 Mem:59.86M (Peak 73.71M) | Time:00:00.02 | Mem:18.00M, Peak:18.08M | Scene, ViewLayer | Updating Lookup Tables
Fra:1 Mem:59.86M (Peak 73.71M) | Time:00:00.02 | Mem:18.09M, Peak:18.09M | Scene, ViewLayer | Updating Baking
Fra:1 Mem:59.86M (Peak 73.71M) | Time:00:00.02 | Mem:18.09M, Peak:18.09M | Scene, ViewLayer | Updating Device | Writing constant memory
Fra:1 Mem:59.87M (Peak 73.71M) | Time:00:00.02 | Mem:18.09M, Peak:18.09M | Scene, ViewLayer | Sample 0/32
Fra:1 Mem:113.27M (Peak 113.27M) | Time:00:00.35 | Remaining:00:10.11 | Mem:71.49M, Peak:71.49M | Scene, ViewLayer | Sample 1/32
Fra:1 Mem:137.01M (Peak 184.47M) | Time:00:07.81 | Mem:71.49M, Peak:71.49M | Scene, ViewLayer | Sample 32/32
Fra:1 Mem:137.01M (Peak 184.47M) | Time:00:07.81 | Mem:71.49M, Peak:71.49M | Scene, ViewLayer | Finished
Saved: '/workspace/scratch/d2415e46e35b/tally-maker-v1/source-renders/tally-3-v1/working.png'
Time: 00:07.98 (Saving: 00:00.16)

Fra:1 Mem:43.95M (Peak 43.95M) | Time:00:00.00 | Mem:0.00M, Peak:0.00M | Scene, ViewLayer | Synchronizing object | ROOT_TALLY__CollisionSpine
Fra:1 Mem:43.96M (Peak 43.96M) | Time:00:00.00 | Mem:0.00M, Peak:0.00M | Scene, ViewLayer | Synchronizing object | PortRaisedShoulder1
Fra:1 Mem:44.09M (Peak 44.09M) | Time:00:00.00 | Mem:0.00M, Peak:0.00M | Scene, ViewLayer | Synchronizing object | PortRaisedShoulder2
Fra:1 Mem:44.15M (Peak 44.15M) | Time:00:00.00 | Mem:0.00M, Peak:0.00M | Scene, ViewLayer | Synchronizing object | PortRaisedShoulder3
Fra:1 Mem:44.16M (Peak 44.16M) | Time:00:00.00 | Mem:0.00M, Peak:0.00M | Scene, ViewLayer | Synchronizing object | StarboardNavigation
Fra:1 Mem:44.18M (Peak 44.18M) | Time:00:00.00 | Mem:0.00M, Peak:0.00M | Scene, ViewLayer | Synchronizing object | PortNavigation
Fra:1 Mem:44.18M (Peak 44.18M) | Time:00:00.00 | Mem:0.00M, Peak:0.00M | Scene, ViewLayer | Synchronizing object | PortForeCheek
Fra:1 Mem:44.19M (Peak 44.19M) | Time:00:00.00 | Mem:0.00M, Peak:0.00M | Scene, ViewLayer | Synchronizing object | ScanOpticSlit
Fra:1 Mem:44.19M (Peak 44.19M) | Time:00:00.00 | Mem:0.00M, Peak:0.00M | Scene, ViewLayer | Synchronizing object | ScanOpticCarrier
Fra:1 Mem:44.20M (Peak 44.20M) | Time:00:00.00 | Mem:0.00M, Peak:0.00M | Scene, ViewLayer | Synchronizing object | PortLongitudinalRail
Fra:1 Mem:44.17M (Peak 44.20M) | Time:00:00.00 | Mem:0.00M, Peak:0.00M | Scene, ViewLayer | Synchronizing object | PortHingeFoundation
Fra:1 Mem:44.17M (Peak 44.20M) | Time:00:00.00 | Mem:0.00M, Peak:0.00M | Scene, ViewLayer | Synchronizing object | PortFixedHingeAxle
Fra:1 Mem:44.21M (Peak 44.21M) | Time:00:00.00 | Mem:0.00M, Peak:0.00M | Scene, ViewLayer | Synchronizing object | ScanProtectiveBrow
Fra:1 Mem:44.21M (Peak 44.21M) | Time:00:00.00 | Mem:0.00M, Peak:0.00M | Scene, ViewLayer | Synchronizing object | PortBearingLowerRace
Fra:1 Mem:44.20M (Peak 44.21M) | Time:00:00.00 | Mem:0.00M, Peak:0.00M | Scene, ViewLayer | Synchronizing object | PortBearingUpperRace
Fra:1 Mem:44.22M (Peak 44.22M) | Time:00:00.00 | Mem:0.00M, Peak:0.00M | Scene, ViewLayer | Synchronizing object | PortBearingCap
Fra:1 Mem:44.25M (Peak 44.25M) | Time:00:00.00 | Mem:0.00M, Peak:0.00M | Scene, ViewLayer | Synchronizing object | SCAN_SOCKET__RecessedAperture
Fra:1 Mem:44.25M (Peak 44.25M) | Time:00:00.00 | Mem:0.00M, Peak:0.00M | Scene, ViewLayer | Synchronizing object | StarboardRaisedShoulder0
Fra:1 Mem:44.28M (Peak 44.28M) | Time:00:00.00 | Mem:0.00M, Peak:0.00M | Scene, ViewLayer | Synchronizing object | StarboardRaisedShoulder1
Fra:1 Mem:44.28M (Peak 44.28M) | Time:00:00.00 | Mem:0.00M, Peak:0.00M | Scene, ViewLayer | Synchronizing object | StarboardRaisedShoulder2
Fra:1 Mem:44.34M (Peak 44.34M) | Time:00:00.00 | Mem:0.00M, Peak:0.00M | Scene, ViewLayer | Synchronizing object | StarboardCradleMountPin
Fra:1 Mem:44.36M (Peak 44.36M) | Time:00:00.00 | Mem:0.00M, Peak:0.00M | Scene, ViewLayer | Synchronizing object | StarboardRaisedShoulder3
Fra:1 Mem:44.34M (Peak 44.36M) | Time:00:00.00 | Mem:0.00M, Peak:0.00M | Scene, ViewLayer | Synchronizing object | StarboardForeCheek
Fra:1 Mem:44.34M (Peak 44.36M) | Time:00:00.00 | Mem:0.00M, Peak:0.00M | Scene, ViewLayer | Synchronizing object | StarboardLongitudinalRail
Fra:1 Mem:44.38M (Peak 44.38M) | Time:00:00.00 | Mem:0.00M, Peak:0.00M | Scene, ViewLayer | Synchronizing object | StarboardCradleInnerBumper
Fra:1 Mem:44.40M (Peak 44.40M) | Time:00:00.00 | Mem:0.00M, Peak:0.00M | Scene, ViewLayer | Synchronizing object | StarboardHingeFoundation
Fra:1 Mem:44.40M (Peak 44.40M) | Time:00:00.00 | Mem:0.00M, Peak:0.00M | Scene, ViewLayer | Synchronizing object | StarboardFixedHingeAxle
Fra:1 Mem:44.40M (Peak 44.40M) | Time:00:00.00 | Mem:0.00M, Peak:0.00M | Scene, ViewLayer | Synchronizing object | StarboardBearingLowerRace
Fra:1 Mem:44.43M (Peak 44.43M) | Time:00:00.00 | Mem:0.00M, Peak:0.00M | Scene, ViewLayer | Synchronizing object | StarboardGoldTriangularPad
Fra:1 Mem:44.45M (Peak 44.45M) | Time:00:00.00 | Mem:0.00M, Peak:0.00M | Scene, ViewLayer | Synchronizing object | StarboardBearingUpperRace
Fra:1 Mem:44.46M (Peak 44.46M) | Time:00:00.00 | Mem:0.00M, Peak:0.00M | Scene, ViewLayer | Synchronizing object | StarboardBearingCap
Fra:1 Mem:44.47M (Peak 44.47M) | Time:00:00.00 | Mem:0.00M, Peak:0.00M | Scene, ViewLayer | Synchronizing object | DorsalLedgerCover
Fra:1 Mem:44.50M (Peak 44.50M) | Time:00:00.00 | Mem:0.00M, Peak:0.00M | Scene, ViewLayer | Synchronizing object | ChannelCrossRibs
Fra:1 Mem:44.51M (Peak 44.51M) | Time:00:00.00 | Mem:0.00M, Peak:0.00M | Scene, ViewLayer | Synchronizing object | ShoulderFasteners
Fra:1 Mem:44.53M (Peak 44.53M) | Time:00:00.00 | Mem:0.00M, Peak:0.00M | Scene, ViewLayer | Synchronizing object | StarboardCradleRoot
Fra:1 Mem:44.72M (Peak 44.72M) | Time:00:00.00 | Mem:0.00M, Peak:0.00M | Scene, ViewLayer | Synchronizing object | PortCradleMountPin
Fra:1 Mem:44.80M (Peak 44.80M) | Time:00:00.00 | Mem:0.00M, Peak:0.00M | Scene, ViewLayer | Synchronizing object | SeatedCoolingLouvers-1-8.0
Fra:1 Mem:44.74M (Peak 44.80M) | Time:00:00.00 | Mem:0.00M, Peak:0.00M | Scene, ViewLayer | Synchronizing object | PortCradleInnerBumper
Fra:1 Mem:44.92M (Peak 44.92M) | Time:00:00.00 | Mem:0.00M, Peak:0.00M | Scene, ViewLayer | Synchronizing object | PortGoldTriangularPad
Fra:1 Mem:45.01M (Peak 45.01M) | Time:00:00.00 | Mem:0.00M, Peak:0.00M | Scene, ViewLayer | Synchronizing object | SeatedCoolingLouvers-1-4.2
Fra:1 Mem:45.02M (Peak 45.02M) | Time:00:00.00 | Mem:0.00M, Peak:0.00M | Scene, ViewLayer | Synchronizing object | PortCradleRoot
Fra:1 Mem:45.01M (Peak 45.02M) | Time:00:00.00 | Mem:0.00M, Peak:0.00M | Scene, ViewLayer | Synchronizing object | SeatedCoolingLouvers-12.2
Fra:1 Mem:45.07M (Peak 45.07M) | Time:00:00.00 | Mem:0.00M, Peak:0.00M | Scene, ViewLayer | Synchronizing object | rightCalibrationCollar
Fra:1 Mem:45.26M (Peak 45.26M) | Time:00:00.00 | Mem:0.00M, Peak:0.00M | Scene, ViewLayer | Synchronizing object | rightLargeScanGrilles
Fra:1 Mem:45.28M (Peak 45.28M) | Time:00:00.00 | Mem:0.00M, Peak:0.00M | Scene, ViewLayer | Synchronizing object | SeatedCoolingLouvers1-8.0
Fra:1 Mem:45.31M (Peak 45.31M) | Time:00:00.00 | Mem:0.00M, Peak:0.00M | Scene, ViewLayer | Synchronizing object | rightScanHeadOchreBezel
Fra:1 Mem:45.33M (Peak 45.33M) | Time:00:00.00 | Mem:0.00M, Peak:0.00M | Scene, ViewLayer | Synchronizing object | SeatedCoolingLouvers1-4.2
Fra:1 Mem:45.39M (Peak 45.39M) | Time:00:00.00 | Mem:0.00M, Peak:0.00M | Scene, ViewLayer | Synchronizing object | rightScanHead
Fra:1 Mem:45.30M (Peak 45.39M) | Time:00:00.00 | Mem:0.00M, Peak:0.00M | Scene, ViewLayer | Synchronizing object | rightHeadNeck
Fra:1 Mem:45.30M (Peak 45.39M) | Time:00:00.00 | Mem:0.00M, Peak:0.00M | Scene, ViewLayer | Synchronizing object | SeatedCoolingLouvers12.2
Fra:1 Mem:45.31M (Peak 45.39M) | Time:00:00.00 | Mem:0.00M, Peak:0.00M | Scene, ViewLayer | Synchronizing object | DriveCrosshead
Fra:1 Mem:45.32M (Peak 45.39M) | Time:00:00.00 | Mem:0.00M, Peak:0.00M | Scene, ViewLayer | Synchronizing object | rightMovingHub
Fra:1 Mem:45.37M (Peak 45.39M) | Time:00:00.00 | Mem:0.00M, Peak:0.00M | Scene, ViewLayer | Synchronizing object | rightArmRootClevis
Fra:1 Mem:45.38M (Peak 45.39M) | Time:00:00.00 | Mem:0.00M, Peak:0.00M | Scene, ViewLayer | Synchronizing object | SupportedMainNozzle-0.9
Fra:1 Mem:45.37M (Peak 45.39M) | Time:00:00.00 | Mem:0.00M, Peak:0.00M | Scene, ViewLayer | Synchronizing object | SupportedMainNozzle0.9
Fra:1 Mem:45.41M (Peak 45.41M) | Time:00:00.00 | Mem:0.00M, Peak:0.00M | Scene, ViewLayer | Synchronizing object | ARM_RIGHT__OpenCage
Fra:1 Mem:45.50M (Peak 45.50M) | Time:00:00.00 | Mem:0.00M, Peak:0.00M | Scene, ViewLayer | Synchronizing object | StampFoot-1
Fra:1 Mem:45.47M (Peak 45.50M) | Time:00:00.00 | Mem:0.00M, Peak:0.00M | Scene, ViewLayer | Synchronizing object | StampUpright-1
Fra:1 Mem:45.45M (Peak 45.50M) | Time:00:00.00 | Mem:0.00M, Peak:0.00M | Scene, ViewLayer | Synchronizing object | StampGuide-1
Fra:1 Mem:45.44M (Peak 45.50M) | Time:00:00.00 | Mem:0.00M, Peak:0.00M | Scene, ViewLayer | Synchronizing object | StampFoot1
Fra:1 Mem:45.43M (Peak 45.50M) | Time:00:00.00 | Mem:0.00M, Peak:0.00M | Scene, ViewLayer | Synchronizing object | leftCalibrationCollar
Fra:1 Mem:45.49M (Peak 45.50M) | Time:00:00.00 | Mem:0.00M, Peak:0.00M | Scene, ViewLayer | Synchronizing object | StampUpright1
Fra:1 Mem:45.48M (Peak 45.50M) | Time:00:00.00 | Mem:0.00M, Peak:0.00M | Scene, ViewLayer | Synchronizing object | SolidUYokeCrossbar
Fra:1 Mem:45.48M (Peak 45.50M) | Time:00:00.00 | Mem:0.00M, Peak:0.00M | Scene, ViewLayer | Synchronizing object | leftLargeScanGrilles
Fra:1 Mem:45.53M (Peak 45.53M) | Time:00:00.00 | Mem:0.00M, Peak:0.00M | Scene, ViewLayer | Synchronizing object | StampRamHousing
Fra:1 Mem:45.54M (Peak 45.54M) | Time:00:00.00 | Mem:0.00M, Peak:0.00M | Scene, ViewLayer | Synchronizing object | StampRamCollar
Fra:1 Mem:45.58M (Peak 45.58M) | Time:00:00.00 | Mem:0.00M, Peak:0.00M | Scene, ViewLayer | Synchronizing object | STAMP__OchrePressRing
Fra:1 Mem:45.62M (Peak 45.62M) | Time:00:00.00 | Mem:0.00M, Peak:0.00M | Scene, ViewLayer | Synchronizing object | StampRecessedRim
Fra:1 Mem:45.64M (Peak 45.64M) | Time:00:00.00 | Mem:0.00M, Peak:0.00M | Scene, ViewLayer | Synchronizing object | StampThreeRaisedBars
Fra:1 Mem:45.75M (Peak 45.75M) | Time:00:00.00 | Mem:0.00M, Peak:0.00M | Scene, ViewLayer | Synchronizing object | leftScanHeadOchreBezel
Fra:1 Mem:45.85M (Peak 45.85M) | Time:00:00.00 | Mem:0.00M, Peak:0.00M | Scene, ViewLayer | Synchronizing object | leftScanHead
Fra:1 Mem:45.96M (Peak 45.96M) | Time:00:00.01 | Mem:0.00M, Peak:0.00M | Scene, ViewLayer | Synchronizing object | leftHeadNeck
Fra:1 Mem:45.95M (Peak 45.96M) | Time:00:00.01 | Mem:0.00M, Peak:0.00M | Scene, ViewLayer | Synchronizing object | StampBridgeArms
Fra:1 Mem:45.95M (Peak 45.96M) | Time:00:00.01 | Mem:0.00M, Peak:0.00M | Scene, ViewLayer | Synchronizing object | leftMovingHub
Fra:1 Mem:45.91M (Peak 45.96M) | Time:00:00.01 | Mem:0.00M, Peak:0.00M | Scene, ViewLayer | Synchronizing object | leftArmRootClevis
Fra:1 Mem:45.93M (Peak 45.96M) | Time:00:00.01 | Mem:0.00M, Peak:0.00M | Scene, ViewLayer | Synchronizing object | StampMovingSpindle
Fra:1 Mem:45.94M (Peak 45.96M) | Time:00:00.01 | Mem:0.00M, Peak:0.00M | Scene, ViewLayer | Synchronizing object | StampGuideSleeve-1
Fra:1 Mem:45.93M (Peak 45.96M) | Time:00:00.01 | Mem:0.00M, Peak:0.00M | Scene, ViewLayer | Synchronizing object | StampGuideSleeve1
Fra:1 Mem:45.94M (Peak 45.96M) | Time:00:00.01 | Mem:0.00M, Peak:0.00M | Scene, ViewLayer | Synchronizing object | ARM_LEFT__OpenCage
Fra:1 Mem:45.98M (Peak 45.98M) | Time:00:00.01 | Mem:0.00M, Peak:0.00M | Scene, ViewLayer | Initializing
Fra:1 Mem:45.70M (Peak 45.98M) | Time:00:00.01 | Mem:0.00M, Peak:0.00M | Scene, ViewLayer | Updating Images | Loading forge_panel_normal.png
Fra:1 Mem:45.70M (Peak 45.98M) | Time:00:00.01 | Mem:0.00M, Peak:0.00M | Scene, ViewLayer | Updating Images | Loading forge_machinery_normal.png
Fra:1 Mem:58.71M (Peak 58.71M) | Time:00:00.01 | Mem:1.00M, Peak:1.00M | Scene, ViewLayer | Updating Images | Loading forge_panel_albedo.png
Fra:1 Mem:65.71M (Peak 66.71M) | Time:00:00.01 | Mem:2.00M, Peak:2.00M | Scene, ViewLayer | Updating Images | Loading forge_panel_orm.png
Fra:1 Mem:57.62M (Peak 73.71M) | Time:00:00.01 | Mem:15.00M, Peak:15.00M | Scene, ViewLayer | Waiting for render to start
Fra:1 Mem:57.62M (Peak 73.71M) | Time:00:00.01 | Mem:15.00M, Peak:15.00M | Scene, ViewLayer | Loading render kernels (may take a few minutes the first time)
Fra:1 Mem:57.62M (Peak 73.71M) | Time:00:00.01 | Mem:15.00M, Peak:15.00M | Scene, ViewLayer | Updating Scene
Fra:1 Mem:57.62M (Peak 73.71M) | Time:00:00.01 | Mem:15.00M, Peak:15.00M | Scene, ViewLayer | Updating Shaders
Fra:1 Mem:57.71M (Peak 73.71M) | Time:00:00.01 | Mem:15.01M, Peak:15.01M | Scene, ViewLayer | Updating Procedurals
Fra:1 Mem:57.71M (Peak 73.71M) | Time:00:00.01 | Mem:15.01M, Peak:15.01M | Scene, ViewLayer | Updating Background
Fra:1 Mem:57.71M (Peak 73.71M) | Time:00:00.01 | Mem:15.01M, Peak:15.01M | Scene, ViewLayer | Updating Camera
Fra:1 Mem:57.71M (Peak 73.71M) | Time:00:00.01 | Mem:15.01M, Peak:15.01M | Scene, ViewLayer | Updating Meshes Flags
Fra:1 Mem:57.71M (Peak 73.71M) | Time:00:00.01 | Mem:15.01M, Peak:15.01M | Scene, ViewLayer | Updating Objects
Fra:1 Mem:57.71M (Peak 73.71M) | Time:00:00.01 | Mem:15.01M, Peak:15.01M | Scene, ViewLayer | Updating Objects | Copying Transformations to device
Fra:1 Mem:57.73M (Peak 73.71M) | Time:00:00.01 | Mem:15.03M, Peak:15.03M | Scene, ViewLayer | Updating Objects | Applying Static Transformations
Fra:1 Mem:57.73M (Peak 73.71M) | Time:00:00.01 | Mem:15.03M, Peak:15.03M | Scene, ViewLayer | Updating Particle Systems
Fra:1 Mem:57.73M (Peak 73.71M) | Time:00:00.01 | Mem:15.03M, Peak:15.03M | Scene, ViewLayer | Updating Particle Systems | Copying Particles to device
Fra:1 Mem:57.73M (Peak 73.71M) | Time:00:00.01 | Mem:15.03M, Peak:15.03M | Scene, ViewLayer | Updating Meshes
Fra:1 Mem:57.97M (Peak 73.71M) | Time:00:00.01 | Mem:15.03M, Peak:15.03M | Scene, ViewLayer | Updating Mesh | Computing attributes
Fra:1 Mem:59.24M (Peak 73.71M) | Time:00:00.01 | Mem:15.04M, Peak:15.04M | Scene, ViewLayer | Updating Mesh | Copying Attributes to device
Fra:1 Mem:59.21M (Peak 73.71M) | Time:00:00.01 | Mem:16.26M, Peak:16.26M | Scene, ViewLayer | Updating Scene BVH | Building
Fra:1 Mem:59.21M (Peak 73.71M) | Time:00:00.01 | Mem:16.26M, Peak:16.26M | Scene, ViewLayer | Updating Scene BVH | Building BVH
Fra:1 Mem:59.21M (Peak 73.71M) | Time:00:00.01 | Mem:16.76M, Peak:16.76M | Scene, ViewLayer | Updating Scene BVH | Building BVH 0%
Fra:1 Mem:59.21M (Peak 73.71M) | Time:00:00.02 | Mem:17.35M, Peak:17.85M | Scene, ViewLayer | Updating Scene BVH | Copying BVH to device
Fra:1 Mem:59.21M (Peak 73.71M) | Time:00:00.02 | Mem:17.35M, Peak:17.85M | Scene, ViewLayer | Updating Mesh | Computing normals
Fra:1 Mem:59.83M (Peak 73.71M) | Time:00:00.02 | Mem:17.35M, Peak:17.85M | Scene, ViewLayer | Updating Mesh | Copying Mesh to device
Fra:1 Mem:59.83M (Peak 73.71M) | Time:00:00.02 | Mem:17.97M, Peak:17.97M | Scene, ViewLayer | Updating Objects Flags
Fra:1 Mem:59.83M (Peak 73.71M) | Time:00:00.02 | Mem:17.97M, Peak:17.97M | Scene, ViewLayer | Updating Primitive Offsets
Fra:1 Mem:59.83M (Peak 73.71M) | Time:00:00.02 | Mem:17.97M, Peak:17.97M | Scene, ViewLayer | Updating Images
Fra:1 Mem:59.83M (Peak 73.71M) | Time:00:00.02 | Mem:17.97M, Peak:17.97M | Scene, ViewLayer | Updating Camera Volume
Fra:1 Mem:59.83M (Peak 73.71M) | Time:00:00.02 | Mem:17.97M, Peak:17.97M | Scene, ViewLayer | Updating Lookup Tables
Fra:1 Mem:59.83M (Peak 73.71M) | Time:00:00.02 | Mem:18.05M, Peak:18.05M | Scene, ViewLayer | Updating Lights
Fra:1 Mem:59.83M (Peak 73.71M) | Time:00:00.02 | Mem:18.05M, Peak:18.05M | Scene, ViewLayer | Updating Lights | Computing tree
Fra:1 Mem:59.86M (Peak 73.71M) | Time:00:00.02 | Mem:18.08M, Peak:18.08M | Scene, ViewLayer | Updating Integrator
Fra:1 Mem:59.86M (Peak 73.71M) | Time:00:00.02 | Mem:18.08M, Peak:18.08M | Scene, ViewLayer | Updating Film
Fra:1 Mem:59.86M (Peak 73.71M) | Time:00:00.02 | Mem:18.00M, Peak:18.08M | Scene, ViewLayer | Updating Lookup Tables
Fra:1 Mem:59.86M (Peak 73.71M) | Time:00:00.02 | Mem:18.09M, Peak:18.09M | Scene, ViewLayer | Updating Baking
Fra:1 Mem:59.86M (Peak 73.71M) | Time:00:00.02 | Mem:18.09M, Peak:18.09M | Scene, ViewLayer | Updating Device | Writing constant memory
Fra:1 Mem:59.87M (Peak 73.71M) | Time:00:00.02 | Mem:18.09M, Peak:18.09M | Scene, ViewLayer | Sample 0/32
Fra:1 Mem:113.27M (Peak 113.27M) | Time:00:00.35 | Remaining:00:10.20 | Mem:71.49M, Peak:71.49M | Scene, ViewLayer | Sample 1/32
Fra:1 Mem:137.01M (Peak 184.47M) | Time:00:08.15 | Mem:71.49M, Peak:71.49M | Scene, ViewLayer | Sample 32/32
Fra:1 Mem:137.01M (Peak 184.47M) | Time:00:08.15 | Mem:71.49M, Peak:71.49M | Scene, ViewLayer | Finished
Saved: '/workspace/scratch/d2415e46e35b/tally-maker-v1/source-renders/tally-3-v1/folded.png'
Time: 00:08.31 (Saving: 00:00.15)


Info: Packed 6 file(s)
Info: Saved "tally_3.blend"
TALLY_EXPORT_STATS {"0": {"triangles": 16242, "drawPrimitives": 16}, "1": {"triangles": 6492, "drawPrimitives": 16}, "2": {"triangles": 2156, "drawPrimitives": 16}}
TALLY_BOUNDS {"folded": {"min": [-10.681609153747559, -5.117123126983643, -1.409999966621399], "max": [11.175683975219727, 5.6300554275512695, 4.211710453033447], "size": [21.857293128967285, 10.747178554534912, 5.621710419654846]}, "deployed": {"min": [-10.681609153747559, -8.551218032836914, -1.409999966621399], "max": [11.175683975219727, 10.00014877319336, 4.211710453033447], "size": [21.857293128967285, 18.551366806030273, 5.621710419654846]}, "disputed": {"min": [-10.681609153747559, -7.952997207641602, -1.409999966621399], "max": [11.175683975219727, 10.165203094482422, 4.211710453033447], "size": [21.857293128967285, 18.118200302124023, 5.621710419654846]}}
TALLY_3_COMPLETE /workspace/scratch/d2415e46e35b/tally-maker-v1/candidate/assets/ships/parts/places/place_tally_3.glb

Blender quit
