{"run":0,"medians":2.976,"min":2.731,"speeds":[2.731,2.817,2.887,2.902,2.953,2.976,3.098,3.134,3.225,3.665,4.096]}
{"run":1,"medians":2.858,"min":2.732,"speeds":[2.732,2.746,2.787,2.806,2.837,2.858,2.947,3.023,3.255,4.304,4.512]}
{"run":2,"medians":3.138,"min":2.579,"speeds":[2.579,2.723,2.977,3.05,3.111,3.138,3.217,3.768,4.134,4.484,5.329]}
{"run":3,"medians":3.889,"min":2.694,"speeds":[2.694,3.198,3.26,3.614,3.821,3.889,4.045,4.313,4.79,4.889,5.08]}
{"run":4,"medians":2.813,"min":2.425,"speeds":[2.425,2.591,2.6,2.785,2.791,2.813,2.998,3.038,3.687,3.827,4.078]}
SUMMARY {
  "RUNS": 5,
  "PAIRS": 11,
  "medians": [
    2.813,
    2.858,
    2.976,
    3.138,
    3.889
  ],
  "mins": [
    2.425,
    2.579,
    2.694,
    2.731,
    2.732
  ],
  "medianOfMedians": 2.976,
  "floorMin": 2.425
}
