TAP version 13
# Subtest: broken attachment history stays bounded during a long tether session
ok 1 - broken attachment history stays bounded during a long tether session
  ---
  duration_ms: 12.767306
  ...
# Subtest: chain candidates use live hostility rather than treating every team mismatch as an enemy
ok 2 - chain candidates use live hostility rather than treating every team mismatch as an enemy
  ---
  duration_ms: 2.589754
  ...
# Subtest: inertial shunt ignores a tangential impact with zero radial closure
ok 3 - inertial shunt ignores a tangential impact with zero radial closure
  ---
  duration_ms: 2.612216
  ...
# Subtest: inertial shunt uses the impact normal and radial closure, not tangent speed
ok 4 - inertial shunt uses the impact normal and radial closure, not tangent speed
  ---
  duration_ms: 0.489277
  ...
# Subtest: quiet latch engages on idle combat roster
ok 5 - quiet latch engages on idle combat roster
  ---
  duration_ms: 12.002181
  ...
# Subtest: membership bump wakes quiet latch then re-arms
ok 6 - membership bump wakes quiet latch then re-arms
  ---
  duration_ms: 3.07977
  ...
# Subtest: combat action request wakes quiet latch
ok 7 - combat action request wakes quiet latch
  ---
  duration_ms: 5.490009
  ...
# Subtest: routeDamage wakes quiet latch
ok 8 - routeDamage wakes quiet latch
  ---
  duration_ms: 6.616486
  ...
# Subtest: bench toggle disables latch
ok 9 - bench toggle disables latch
  ---
  duration_ms: 1.174457
  ...
# Subtest: §1 CANONICAL VECTORS
    # Subtest: pins stableStringify encodings and cumulative digests for a fixed 4-event sequence
    ok 1 - pins stableStringify encodings and cumulative digests for a fixed 4-event sequence
      ---
      duration_ms: 1.447638
      ...
    1..1
ok 10 - §1 CANONICAL VECTORS
  ---
  duration_ms: 2.597927
  type: 'suite'
  ...
# Subtest: §2 EVENT ORDER
    # Subtest: starts seq at 1 and increments monotonically; read order equals append order
    ok 1 - starts seq at 1 and increments monotonically; read order equals append order
      ---
      duration_ms: 1.436976
      ...
    # Subtest: interleaved kinds preserve global append order
    ok 2 - interleaved kinds preserve global append order
      ---
      duration_ms: 0.356814
      ...
    1..2
ok 11 - §2 EVENT ORDER
  ---
  duration_ms: 1.949866
  type: 'suite'
  ...
# Subtest: §3 FILTERS
    # Subtest: filters by sinceSeq (boundary sinceSeq == seq pinned from both sides)
    ok 1 - filters by sinceSeq (boundary sinceSeq == seq pinned from both sides)
      ---
      duration_ms: 0.506942
      ...
    # Subtest: filters by kinds
    ok 2 - filters by kinds
      ---
      duration_ms: 0.693975
      ...
    # Subtest: filters by actorId
    ok 3 - filters by actorId
      ---
      duration_ms: 0.247934
      ...
    # Subtest: filters by targetId
    ok 4 - filters by targetId
      ---
      duration_ms: 0.282357
      ...
    # Subtest: filters by limit
    ok 5 - filters by limit
      ---
      duration_ms: 0.297113
      ...
    # Subtest: applies combined sinceSeq + kinds + actorId + targetId + limit
    ok 6 - applies combined sinceSeq + kinds + actorId + targetId + limit
      ---
      duration_ms: 0.334011
      ...
    # Subtest: returns schema envelope with nextSeq, dropped, digest
    ok 7 - returns schema envelope with nextSeq, dropped, digest
      ---
      duration_ms: 0.280421
      ...
    1..7
ok 12 - §3 FILTERS
  ---
  duration_ms: 3.026672
  type: 'suite'
  ...
# Subtest: §4 RING/DROP
    # Subtest: capacity 4 + 6 appends drops oldest 2; digest still reflects all 6
    ok 1 - capacity 4 + 6 appends drops oldest 2; digest still reflects all 6
      ---
      duration_ms: 0.418681
      ...
    1..1
ok 13 - §4 RING/DROP
  ---
  duration_ms: 0.596311
  type: 'suite'
  ...
# Subtest: §5 RESET/RESUME REALITY: save/load starts a fresh trace (current intentional semantics)
    # Subtest: serializeCombatState omits trace; restoreCombatState yields a fresh empty trace
    ok 1 - serializeCombatState omits trace; restoreCombatState yields a fresh empty trace
      ---
      duration_ms: 1.173854
      ...
    1..1
ok 14 - §5 RESET/RESUME REALITY: save/load starts a fresh trace (current intentional semantics)
  ---
  duration_ms: 1.373226
  type: 'suite'
  ...
# Subtest: §6 REPEATED-RUN EQUALITY
    # Subtest: same append sequence on two fresh bags yields byte-equal readCombatTrace and equal digests
    ok 1 - same append sequence on two fresh bags yields byte-equal readCombatTrace and equal digests
      ---
      duration_ms: 0.359961
      ...
    # Subtest: field insertion order is irrelevant for event encoding and digest
    ok 2 - field insertion order is irrelevant for event encoding and digest
      ---
      duration_ms: 0.352798
      ...
    # Subtest: float rounding: deltas <= 1e-7 collapse equal; 1e-5 stays distinct (hard-coded)
    ok 3 - float rounding: deltas <= 1e-7 collapse equal; 1e-5 stays distinct (hard-coded)
      ---
      duration_ms: 0.257738
      ...
    # Subtest: float rounding half-step: hard-coded probes around the real 5e-7 Math.round boundary
    ok 4 - float rounding half-step: hard-coded probes around the real 5e-7 Math.round boundary
      ---
      duration_ms: 0.200603
      ...
    # Subtest: finite extreme magnitudes: 1e308 and Number.MAX_VALUE stay deterministic across two runs
    ok 5 - finite extreme magnitudes: 1e308 and Number.MAX_VALUE stay deterministic across two runs
      ---
      duration_ms: 0.377383
      ...
    1..5
ok 15 - §6 REPEATED-RUN EQUALITY
  ---
  duration_ms: 1.783931
  type: 'suite'
  ...
# Subtest: §7 CANONICALIZE EDGES
    # Subtest: non-finite numbers become string form (pinned literals)
    ok 1 - non-finite numbers become string form (pinned literals)
      ---
      duration_ms: 0.269329
      ...
    # Subtest: Map and Set produce sorted canonical output (pinned)
    ok 2 - Map and Set produce sorted canonical output (pinned)
      ---
      duration_ms: 0.151799
      ...
    # Subtest: undefined fields are dropped; nested object keys are sorted (pinned)
    ok 3 - undefined fields are dropped; nested object keys are sorted (pinned)
      ---
      duration_ms: 1.123662
      ...
    # Subtest: integerTick clamps tick -3 and 2.7 to 0; tick 3 stays 3 (both sides)
    ok 4 - integerTick clamps tick -3 and 2.7 to 0; tick 3 stays 3 (both sides)
      ---
      duration_ms: 0.277751
      ...
    1..4
ok 16 - §7 CANONICALIZE EDGES
  ---
  duration_ms: 1.981761
  type: 'suite'
  ...
# Subtest: §8 PURITY (static)
    # Subtest: trace module has no ambient time/random/DOM, no three import, no NUL bytes
    ok 1 - trace module has no ambient time/random/DOM, no three import, no NUL bytes
      ---
      duration_ms: 0.998459
      ...
    1..1
ok 17 - §8 PURITY (static)
  ---
  duration_ms: 1.186101
  type: 'suite'
  ...
# Subtest: §9 API SURFACE HONESTY
    # Subtest: exports exactly the known public set and has NO reset export
    ok 1 - exports exactly the known public set and has NO reset export
      ---
      duration_ms: 0.163524
      ...
    1..1
ok 18 - §9 API SURFACE HONESTY
  ---
  duration_ms: 0.271552
  type: 'suite'
  ...
1..18
# tests 32
# suites 9
# pass 32
# fail 0
# cancelled 0
# skipped 0
# todo 0
# duration_ms 249.040179
