run 0: before=33.5429 after=1.2706 x=26.399 latched=true skips=60000
run 1: before=33.1072 after=1.3238 x=25.009 latched=true skips=60000
run 2: before=34.0477 after=1.9906 x=17.104 latched=true skips=60000
run 3: before=31.6021 after=1.2984 x=24.339 latched=true skips=60000
run 4: before=32.7622 after=1.2289 x=26.660 latched=true skips=60000
run 5: before=32.7823 after=1.339 x=24.483 latched=true skips=60000
run 6: before=34.3287 after=1.2703 x=27.024 latched=true skips=60000
run 7: before=33.5916 after=1.2317 x=27.273 latched=true skips=60000
run 8: before=33.2845 after=1.2497 x=26.634 latched=true skips=60000
run 9: before=31.7979 after=1.3304 x=23.901 latched=true skips=60000
run 10: before=39.4054 after=1.276 x=30.882 latched=true skips=60000
{
  "name": "combat-prephysics-quiet-latch",
  "iters": 60000,
  "runs": 11,
  "shipN": 48,
  "medianSpeedup": 26.399,
  "minSpeedup": 17.104,
  "maxSpeedup": 30.882,
  "absBeforeUs": 33.285,
  "absAfterUs": 1.276,
  "pairs": [
    26.399260192035264,
    25.00921589363952,
    17.104239927660004,
    24.33926370918053,
    26.659777036373992,
    24.48267363704257,
    27.02408879792175,
    27.27255013396119,
    26.633992158117948,
    23.901007215874923,
    30.881974921630093
  ],
  "befores": [
    33.5429,
    33.1072,
    34.0477,
    31.6021,
    32.7622,
    32.7823,
    34.3287,
    33.5916,
    33.2845,
    31.7979,
    39.4054
  ],
  "afters": [
    1.2706,
    1.3238,
    1.9906,
    1.2984,
    1.2289,
    1.339,
    1.2703,
    1.2317,
    1.2497,
    1.3304,
    1.276
  ],
  "dirtyWake": {
    "dirtyWakeOk": true,
    "latchedBefore": true,
    "latchedAfterDamage": false,
    "latchedAfterStep": false,
    "heat": 8.7
  }
}
